     VMA      LMA     Size Align Out     In      Symbol
       0        0        0     1 PROVIDE(__stack = 0xA000)
       0        0        0     1 PROVIDE(__f256_start = 0x300)
       0        0        0     1 PROVIDE(__BLOCK_SIZE = 0x2000)
       0        0        0     1 PROVIDE(__SLOT_ADDR = 0xA000)
       0        0        0     1 __rc0 = 0x10
       0        0        0     1 __rc1 = __rc0 + 1
       0        0        0     1 PROVIDE(__rc2 = __rc1 + 1)
       0        0        0     1 __rc3 = __rc2 + 1
       0        0        0     1 PROVIDE(__rc4 = __rc3 + 1)
       0        0        0     1 __rc5 = __rc4 + 1
       0        0        0     1 PROVIDE(__rc6 = __rc5 + 1)
       0        0        0     1 __rc7 = __rc6 + 1
       0        0        0     1 PROVIDE(__rc8 = __rc7 + 1)
       0        0        0     1 __rc9 = __rc8 + 1
       0        0        0     1 PROVIDE(__rc10 = __rc9 + 1)
       0        0        0     1 __rc11 = __rc10 + 1
       0        0        0     1 PROVIDE(__rc12 = __rc11 + 1)
       0        0        0     1 __rc13 = __rc12 + 1
       0        0        0     1 PROVIDE(__rc14 = __rc13 + 1)
       0        0        0     1 __rc15 = __rc14 + 1
       0        0        0     1 PROVIDE(__rc16 = __rc15 + 1)
       0        0        0     1 __rc17 = __rc16 + 1
       0        0        0     1 PROVIDE(__rc18 = __rc17 + 1)
       0        0        0     1 __rc19 = __rc18 + 1
       0        0        0     1 PROVIDE(__rc20 = __rc19 + 1)
       0        0        0     1 __rc21 = __rc20 + 1
       0        0        0     1 PROVIDE(__rc22 = __rc21 + 1)
       0        0        0     1 __rc23 = __rc22 + 1
       0        0        0     1 PROVIDE(__rc24 = __rc23 + 1)
       0        0        0     1 __rc25 = __rc24 + 1
       0        0        0     1 PROVIDE(__rc26 = __rc25 + 1)
       0        0        0     1 __rc27 = __rc26 + 1
       0        0        0     1 PROVIDE(__rc28 = __rc27 + 1)
       0        0        0     1 __rc29 = __rc28 + 1
       0        0        0     1 PROVIDE(__rc30 = __rc29 + 1)
       0        0        0     1 __rc31 = __rc30 + 1
       0        0        0     1 
       0        0        0     1 
       0        0        0     1 __block8_lma = ( 8<<24)|__SLOT_ADDR
       0        0        0     1 __block9_lma = ( 9<<24)|__SLOT_ADDR
       0        0        0     1 __block10_lma = (10<<24)|__SLOT_ADDR
       0        0        0     1 __block11_lma = (11<<24)|__SLOT_ADDR
       0        0        0     1 __block12_lma = (12<<24)|__SLOT_ADDR
       0        0        0     1 __block13_lma = (13<<24)|__SLOT_ADDR
       0        0        0     1 __block14_lma = (14<<24)|__SLOT_ADDR
       0        0        0     1 __block15_lma = (15<<24)|__SLOT_ADDR
       0        0        0     1 __block16_lma = (16<<24)|__SLOT_ADDR
       0        0        0     1 __block17_lma = (17<<24)|__SLOT_ADDR
       0        0        0     1 __block18_lma = (18<<24)|__SLOT_ADDR
       0        0        0     1 __block19_lma = (19<<24)|__SLOT_ADDR
       0        0        0     1 __block20_lma = (20<<24)|__SLOT_ADDR
       0        0        0     1 __block21_lma = (21<<24)|__SLOT_ADDR
       0        0        0     1 __block22_lma = (22<<24)|__SLOT_ADDR
       0        0        0     1 __block23_lma = (23<<24)|__SLOT_ADDR
       0        0        0     1 __pal_lma = 0x10000
       0        0        0     1 __pal_size = 0x400
       0        0        0     1 __bmmenu_lma = 0x10400
       0        0        0     1 __bmmenu_size = 0x12c00
       0        0        0     1 __canyon_lma = 0x30000
       0        0        0     1 __canyon_size = 0x9c8b
      30      300        1     1 .zp.data
      30      300        0     1         __zp_data_start = .
      30      300        1     1         gjmenuoct25.lto.o:(.zp.data)
      30      300        1     1                 _ccolor
      31      301        0     1 __zp_data_load_start = LOADADDR(.zp.data)
      31      301        0     1 __zp_data_size = SIZEOF(.zp.data)
      31       31       3b     1 .zp.bss
      31       31        0     1         __zp_bss_start = .
      31       31       3b     1         gjmenuoct25.lto.o:(.zp.bss)
      31       31        1     1                 _col
      32       32        1     1                 _row
      33       33        4     1                 _BITMAP_BASE.0
      37       37        4     1                 _BITMAP_BASE.1
      3b       3b        4     1                 _BITMAP_BASE.2
      3f       3f        2     1                 __putchar.s
      41       41        1     1                 selected
      42       42        1     1                 catSelected
      43       43        1     1                 readyForPads
      44       44        1     1                 isJingleActive
      45       45        1     1                 padDelayTimer.1
      46       46        1     1                 padDelayTimer.2
      47       47        1     1                 menuSoundTimer.1
      48       48        1     1                 menuSoundTimer.2
      49       49        1     1                 doneWithFudge
      4a       4a        1     1                 fudge
      4b       4b        2     1                 theOne.0
      4d       4d        2     1                 theOne.1
      4f       4f        4     1                 theOne.2
      53       53        1     1                 theOne.4
      54       54        4     1                 theOne.5
      58       58        2     1                 theOne.6
      5a       5a        2     1                 theOne.7
      5c       5c        2     1                 theOne.8
      5e       5e        7     1                 kernelEventData
      65       65        1     1                 kernelError
      66       66        1     1                 (anonymous namespace)::initialized
      67       67        1     1                 (anonymous namespace)::last_free
      68       68        2     1                 (anonymous namespace)::free_size
      6a       6a        2     1                 (anonymous namespace)::free_list
      6c       6c        0     1 __zp_bss_size = SIZEOF(.zp.bss)
      6c       6c       6c     1 .zp
      6c       6c       6c     1         gjmenuoct25.lto.o:(.zp.noinit)
     302      302     6896     2 .text
     302      302        0     1         _init = .
     302      302        0     1         _start = .
     302      302        8     1         D:\F256\llvm-mos\f256dev\llvm-mos\bin/../mos-platform/f256/lib\libcrt0.a(init-stack.S.obj):(.init.100)
     302      302        0     1                 __do_init_stack
     30a      30a        3     1         D:\F256\llvm-mos\f256dev\llvm-mos\bin/../mos-platform/f256/lib\libcrt0.a(zero-bss.c.obj):(.init.200)
     30a      30a        0     1                 __do_zero_bss
     30d      30d        3     1         D:\F256\llvm-mos\f256dev\llvm-mos\bin/../mos-platform/f256/lib\libcrt0.a(zero-zp-bss.c.obj):(.init.200)
     30d      30d        0     1                 __do_zero_zp_bss
     310      310        3     1         D:\F256\llvm-mos\f256dev\llvm-mos\bin/../mos-platform/f256/lib\libcrt0.a(copy-zp-data.c.obj):(.init.200)
     310      310        0     1                 __do_copy_zp_data
     313      313        3     1         D:\F256\llvm-mos\f256dev\llvm-mos\bin/../mos-platform/common/lib\crt0.o:(.call_main)
     316      316        3     1         D:\F256\llvm-mos\f256dev\llvm-mos\bin/../mos-platform/f256/lib\libcrt0.a(exit-custom.S.obj):(.after_main)
     316      316        0     1                 __after_main
     319      319        0     1         _fini = .
     319      319        1     1         D:\F256\llvm-mos\f256dev\llvm-mos\bin/../mos-platform/common/lib\crt0.o:(.fini_rts)
     31a      31a      14b     2         gjmenuoct25.lto.o:(.text._ZN12_GLOBAL__N_19FreeChunk6insertEPvj)
     31a      31a      14b     1                 (anonymous namespace)::FreeChunk::insert(void*, unsigned int)
     466      466       e8     2         gjmenuoct25.lto.o:(.text._ZN12_GLOBAL__N_19FreeChunk6removeEv)
     466      466       e8     1                 (anonymous namespace)::FreeChunk::remove()
     54e      54e       13     1         D:\F256\llvm-mos\f256dev\llvm-mos\bin/../mos-platform/f256/lib\libcrt0.a(zero-bss.c.obj):(.text.__zero_bss)
     54e      54e       13     1                 __zero_bss
     561      561       13     1         D:\F256\llvm-mos\f256dev\llvm-mos\bin/../mos-platform/f256/lib\libcrt0.a(zero-zp-bss.c.obj):(.text.__zero_zp_bss)
     561      561       13     1                 __zero_zp_bss
     574      574       17     1         D:\F256\llvm-mos\f256dev\llvm-mos\bin/../mos-platform/f256/lib\libcrt0.a(copy-zp-data.c.obj):(.text.__copy_zp_data)
     574      574       17     1                 __copy_zp_data
     58b      58b     277b     1         gjmenuoct25.lto.o:(.text.main)
     58b      58b     277b     1                 main
    2d06     2d06       4d     1         gjmenuoct25.lto.o:(.text.resetPadReadiness)
    2d06     2d06       4d     1                 resetPadReadiness
    2d53     2d53       da     1         gjmenuoct25.lto.o:(.text.fileRead)
    2d53     2d53       da     1                 fileRead
    2e2d     2e2d      41f     1         gjmenuoct25.lto.o:(.text.goLeftOrRight)
    2e2d     2e2d      41f     1                 goLeftOrRight
    324c     324c      213     1         gjmenuoct25.lto.o:(.text.goUpOrDown)
    324c     324c      213     1                 goUpOrDown
    345f     345f      780     1         gjmenuoct25.lto.o:(.text.readLine)
    345f     345f      780     1                 readLine
    3bdf     3bdf      4c1     1         gjmenuoct25.lto.o:(.text.readDelta)
    3bdf     3bdf      4c1     1                 readDelta
    40a0     40a0      5c5     1         gjmenuoct25.lto.o:(.text.readMIDICmd)
    40a0     40a0      5c5     1                 readMIDICmd
    4665     4665      216     1         gjmenuoct25.lto.o:(.text.skipWhenFFCmd)
    4665     4665      216     1                 skipWhenFFCmd
    487b     487b      32e     1         gjmenuoct25.lto.o:(.text.exhaustZeroes)
    487b     487b      32e     1                 exhaustZeroes
    4ba9     4ba9      536     1         gjmenuoct25.lto.o:(.text.initTrack)
    4ba9     4ba9      536     1                 initTrack
    50df     50df      487     1         gjmenuoct25.lto.o:(.text.destroyTrack)
    50df     50df      487     1                 destroyTrack
    5566     5566        5     1         gjmenuoct25.lto.o:(.text.exit)
    5566     5566        5     1                 exit
    556b     556b       d7     1         gjmenuoct25.lto.o:(.text._ZN12_GLOBAL__N_13putEcP6Status)
    556b     556b       d7     1                 (anonymous namespace)::put(char, Status*)
    5642     5642      10f     1         gjmenuoct25.lto.o:(.text._ZN12_GLOBAL__N_112print_stringEPKcP6Status)
    5642     5642      10f     1                 (anonymous namespace)::print_string(char const*, Status*)
    5751     5751      d3a     1         gjmenuoct25.lto.o:(.text.printf)
    5751     5751      d3a     1                 printf
    648b     648b      1f7     1         gjmenuoct25.lto.o:(.text.putchar)
    648b     648b      1f7     1                 putchar
    6682     6682       e7     1         gjmenuoct25.lto.o:(.text.atoi)
    6682     6682       e7     1                 atoi
    6769     6769      1e2     1         gjmenuoct25.lto.o:(.text.malloc)
    6769     6769      1e2     1                 malloc
    694b     694b       2c     1         gjmenuoct25.lto.o:(.text.memcpy)
    694b     694b       2c     1                 memcpy
    6977     6977       20     1         gjmenuoct25.lto.o:(.text.__memset)
    6977     6977       20     1                 __memset
    6997     6997      15f     1         gjmenuoct25.lto.o:(.text.__udivsi3)
    6997     6997      15f     1                 __udivsi3
    6af6     6af6       32     1         gjmenuoct25.lto.o:(.text.__mulhi3)
    6af6     6af6       32     1                 __mulhi3
    6b28     6b28       70     1         gjmenuoct25.lto.o:(.text.__mulsi3)
    6b28     6b28       70     1                 __mulsi3
    6b98     6b98        0     1         __init_array_start = .
    6b98     6b98        0     1         __init_array_end = .
    6b98     6b98        0     1         __fini_array_start = .
    6b98     6b98        0     1         __fini_array_end = .
    6b98     6b98      163     1 .rodata
    6b98     6b98        8     1         gjmenuoct25.lto.o:(.rodata.readLine)
    6ba0     6ba0       b4     1         gjmenuoct25.lto.o:(.rodata.skipWhenFFCmd)
    6c54     6c54       3a     1         gjmenuoct25.lto.o:(.rodata.printf)
    6c8e     6c8e       30     1         gjmenuoct25.lto.o:(.rodata.textColors)
    6c8e     6c8e       30     1                 textColors
    6cbe     6cbe       25     1         <internal>:(.rodata.str1.1)
    6ce3     6ce3       18     1         gjmenuoct25.lto.o:(.rodata.catNames)
    6ce3     6ce3       18     1                 catNames
    6cfb     6cfb        0     1 .data
    6cfb     6cfb        0     1         __data_start = .
    6cfb     6cfb        0     1         __data_end = .
    6cfb     6cfb        0     1 __data_load_start = LOADADDR(.data)
    6cfb     6cfb        0     1 __data_size = SIZEOF(.data)
    6cfb     6cfb     1594     1 .bss
    6cfb     6cfb        0     1         __bss_start = .
    6cfb     6cfb     1594     1         gjmenuoct25.lto.o:(.bss.cats)
    6cfb     6cfb     1594     1                 cats
    828f     828f        0     1         __bss_end = .
    828f     828f        0     1 __bss_size = SIZEOF(.bss)
    828f     828f        0     1 .noinit
    828f     828f        0     1         __heap_start = ALIGN(., 2)
    828f     828f        0     1 end_block8 = .
    828f     828f        0     1 end_block9 = .
    828f     828f        0     1 end_block10 = .
    828f     828f        0     1 end_block11 = .
    828f     828f        0     1 end_block12 = .
    828f     828f        0     1 end_block13 = .
    828f     828f        0     1 end_block14 = .
    828f     828f        0     1 end_block15 = .
    828f     828f        0     1 end_block16 = .
    828f     828f        0     1 end_block17 = .
    828f     828f        0     1 end_block18 = .
    828f     828f        0     1 end_block19 = .
    828f     828f        0     1 end_block20 = .
    828f     828f        0     1 end_block21 = .
    828f     828f        0     1 end_block22 = .
    828f     828f        0     1 end_block23 = .
   10000    10000      400    16 .pal
   10000    10000      400    16         gjmenuoct25.lto.o:(.pal)
   10000    10000        0     1                 pal_start
   10400    10400        0     1                 pal_end
   10400    10400        0     1 end_pal = .
   10400    10400    12c00    16 .bmmenu
   10400    10400    12c00    16         gjmenuoct25.lto.o:(.bmmenu)
   10400    10400        0     1                 bmmenu_start
   23000    23000        0     1                 bmmenu_end
   23000    23000        0     1 end_bmmenu = .
   30000    30000     9c8b    16 .canyon
   30000    30000     9c8b    16         gjmenuoct25.lto.o:(.canyon)
   30000    30000        0     1                 canyon_start
   39c8b    39c8b        0     1                 canyon_end
   39c8b    39c8b        0     1 end_canyon = .
       0        0      138     1 .comment
       0        0      138     1         <internal>:(.comment)
       0        0      b10     4 .symtab
       0        0      b10     4         <internal>:(.symtab)
       0        0       6f     1 .shstrtab
       0        0       6f     1         <internal>:(.shstrtab)
       0        0      84e     1 .strtab
       0        0      84e     1         <internal>:(.strtab)
