     VMA      LMA     Size Align Out     In      Symbol
       0        0        0     1 PROVIDE(__stack = 0xA000)
       0        0        0     1 PROVIDE(__f256_start = 0x300)
       0        0        0     1 PROVIDE(__BLOCK_SIZE = 0x2000)
       0        0        0     1 PROVIDE(__SLOT_ADDR = 0xA000)
       0        0        0     1 __rc0 = 0x10
       0        0        0     1 __rc1 = __rc0 + 1
       0        0        0     1 PROVIDE(__rc2 = __rc1 + 1)
       0        0        0     1 __rc3 = __rc2 + 1
       0        0        0     1 PROVIDE(__rc4 = __rc3 + 1)
       0        0        0     1 __rc5 = __rc4 + 1
       0        0        0     1 PROVIDE(__rc6 = __rc5 + 1)
       0        0        0     1 __rc7 = __rc6 + 1
       0        0        0     1 PROVIDE(__rc8 = __rc7 + 1)
       0        0        0     1 __rc9 = __rc8 + 1
       0        0        0     1 PROVIDE(__rc10 = __rc9 + 1)
       0        0        0     1 __rc11 = __rc10 + 1
       0        0        0     1 PROVIDE(__rc12 = __rc11 + 1)
       0        0        0     1 __rc13 = __rc12 + 1
       0        0        0     1 PROVIDE(__rc14 = __rc13 + 1)
       0        0        0     1 __rc15 = __rc14 + 1
       0        0        0     1 PROVIDE(__rc16 = __rc15 + 1)
       0        0        0     1 __rc17 = __rc16 + 1
       0        0        0     1 PROVIDE(__rc18 = __rc17 + 1)
       0        0        0     1 __rc19 = __rc18 + 1
       0        0        0     1 PROVIDE(__rc20 = __rc19 + 1)
       0        0        0     1 __rc21 = __rc20 + 1
       0        0        0     1 PROVIDE(__rc22 = __rc21 + 1)
       0        0        0     1 __rc23 = __rc22 + 1
       0        0        0     1 PROVIDE(__rc24 = __rc23 + 1)
       0        0        0     1 __rc25 = __rc24 + 1
       0        0        0     1 PROVIDE(__rc26 = __rc25 + 1)
       0        0        0     1 __rc27 = __rc26 + 1
       0        0        0     1 PROVIDE(__rc28 = __rc27 + 1)
       0        0        0     1 __rc29 = __rc28 + 1
       0        0        0     1 PROVIDE(__rc30 = __rc29 + 1)
       0        0        0     1 __rc31 = __rc30 + 1
       0        0        0     1 
       0        0        0     1 
       0        0        0     1 __block8_lma = ( 8<<24)|__SLOT_ADDR
       0        0        0     1 __block9_lma = ( 9<<24)|__SLOT_ADDR
       0        0        0     1 __block10_lma = (10<<24)|__SLOT_ADDR
       0        0        0     1 __block11_lma = (11<<24)|__SLOT_ADDR
       0        0        0     1 __block12_lma = (12<<24)|__SLOT_ADDR
       0        0        0     1 __block13_lma = (13<<24)|__SLOT_ADDR
       0        0        0     1 __block14_lma = (14<<24)|__SLOT_ADDR
       0        0        0     1 __block15_lma = (15<<24)|__SLOT_ADDR
       0        0        0     1 __block16_lma = (16<<24)|__SLOT_ADDR
       0        0        0     1 __block17_lma = (17<<24)|__SLOT_ADDR
       0        0        0     1 __block18_lma = (18<<24)|__SLOT_ADDR
       0        0        0     1 __block19_lma = (19<<24)|__SLOT_ADDR
       0        0        0     1 __block20_lma = (20<<24)|__SLOT_ADDR
       0        0        0     1 __block21_lma = (21<<24)|__SLOT_ADDR
       0        0        0     1 __block22_lma = (22<<24)|__SLOT_ADDR
       0        0        0     1 __block23_lma = (23<<24)|__SLOT_ADDR
      30      300       18     1 .zp.data
      30      300        0     1         __zp_data_start = .
      30      300       18     1         opl3.lto.o:(.zp.data)
      30      300       18     1                 opl3_fnums
      48      318        0     1 __zp_data_load_start = LOADADDR(.zp.data)
      48      318        0     1 __zp_data_size = SIZEOF(.zp.data)
      48       48        b     1 .zp.bss
      48       48        0     1         __zp_bss_start = .
      48       48        b     1         opl3.lto.o:(.zp.bss)
      48       48        7     1                 kernelEventData
      4f       4f        1     1                 _col
      50       50        1     1                 _row
      51       51        2     1                 __putchar.s
      53       53        0     1 __zp_bss_size = SIZEOF(.zp.bss)
      53       53       10     1 .zp
      53       53       10     1         opl3.lto.o:(.zp.noinit)
     318      318      841     1 .text
     318      318        0     1         _init = .
     318      318        0     1         _start = .
     318      318        8     1         D:\F256\llvm-mos\f256dev\llvm-mos\bin/../mos-platform/f256/lib\libcrt0.a(init-stack.S.obj):(.init.100)
     318      318        0     1                 __do_init_stack
     320      320        3     1         D:\F256\llvm-mos\f256dev\llvm-mos\bin/../mos-platform/f256/lib\libcrt0.a(zero-bss.c.obj):(.init.200)
     320      320        0     1                 __do_zero_bss
     323      323        3     1         D:\F256\llvm-mos\f256dev\llvm-mos\bin/../mos-platform/f256/lib\libcrt0.a(zero-zp-bss.c.obj):(.init.200)
     323      323        0     1                 __do_zero_zp_bss
     326      326        3     1         D:\F256\llvm-mos\f256dev\llvm-mos\bin/../mos-platform/f256/lib\libcrt0.a(copy-zp-data.c.obj):(.init.200)
     326      326        0     1                 __do_copy_zp_data
     329      329        3     1         D:\F256\llvm-mos\f256dev\llvm-mos\bin/../mos-platform/common/lib\crt0.o:(.call_main)
     32c      32c        3     1         D:\F256\llvm-mos\f256dev\llvm-mos\bin/../mos-platform/f256/lib\libcrt0.a(exit-custom.S.obj):(.after_main)
     32c      32c        0     1                 __after_main
     32f      32f        0     1         _fini = .
     32f      32f        1     1         D:\F256\llvm-mos\f256dev\llvm-mos\bin/../mos-platform/common/lib\crt0.o:(.fini_rts)
     330      330       13     1         D:\F256\llvm-mos\f256dev\llvm-mos\bin/../mos-platform/f256/lib\libcrt0.a(zero-bss.c.obj):(.text.__zero_bss)
     330      330       13     1                 __zero_bss
     343      343       13     1         D:\F256\llvm-mos\f256dev\llvm-mos\bin/../mos-platform/f256/lib\libcrt0.a(zero-zp-bss.c.obj):(.text.__zero_zp_bss)
     343      343       13     1                 __zero_zp_bss
     356      356       17     1         D:\F256\llvm-mos\f256dev\llvm-mos\bin/../mos-platform/f256/lib\libcrt0.a(copy-zp-data.c.obj):(.text.__copy_zp_data)
     356      356       17     1                 __copy_zp_data
     36d      36d      598     1         opl3.lto.o:(.text.main)
     36d      36d      598     1                 main
     905      905        5     1         opl3.lto.o:(.text.exit)
     905      905        5     1                 exit
     90a      90a      203     1         opl3.lto.o:(.text.putchar)
     90a      90a      203     1                 putchar
     b0d      b0d       2c     1         opl3.lto.o:(.text.memcpy)
     b0d      b0d       2c     1                 memcpy
     b39      b39       20     1         opl3.lto.o:(.text.__memset)
     b39      b39       20     1                 __memset
     b59      b59        0     1         __init_array_start = .
     b59      b59        0     1         __init_array_end = .
     b59      b59        0     1         __fini_array_start = .
     b59      b59        0     1         __fini_array_end = .
     b59      b59       30     1 .rodata
     b59      b59       30     1         opl3.lto.o:(.rodata.textColors)
     b59      b59       30     1                 textColors
     b89      b89        0     1 .data
     b89      b89        0     1         __data_start = .
     b89      b89        0     1         __data_end = .
     b89      b89        0     1 __data_load_start = LOADADDR(.data)
     b89      b89        0     1 __data_size = SIZEOF(.data)
     b89      b89        1     1 .bss
     b89      b89        0     1         __bss_start = .
     b89      b89        1     1         opl3.lto.o:(.bss.kernelError)
     b89      b89        1     1                 kernelError
     b8a      b8a        0     1         __bss_end = .
     b8a      b8a        0     1 __bss_size = SIZEOF(.bss)
     b8a      b8a        0     1 .noinit
     b8a      b8a        0     1         __heap_start = ALIGN(., 2)
     b8a      b8a        0     1 end_block8 = .
     b8a      b8a        0     1 end_block9 = .
     b8a      b8a        0     1 end_block10 = .
     b8a      b8a        0     1 end_block11 = .
     b8a      b8a        0     1 end_block12 = .
     b8a      b8a        0     1 end_block13 = .
     b8a      b8a        0     1 end_block14 = .
     b8a      b8a        0     1 end_block15 = .
     b8a      b8a        0     1 end_block16 = .
     b8a      b8a        0     1 end_block17 = .
     b8a      b8a        0     1 end_block18 = .
     b8a      b8a        0     1 end_block19 = .
     b8a      b8a        0     1 end_block20 = .
     b8a      b8a        0     1 end_block21 = .
     b8a      b8a        0     1 end_block22 = .
     b8a      b8a        0     1 end_block23 = .
       0        0      138     1 .comment
       0        0      138     1         <internal>:(.comment)
       0        0      720     4 .symtab
       0        0      720     4         <internal>:(.symtab)
       0        0       5a     1 .shstrtab
       0        0       5a     1         <internal>:(.shstrtab)
       0        0      4d8     1 .strtab
       0        0      4d8     1         <internal>:(.strtab)
