     VMA      LMA     Size Align Out     In      Symbol
       0        0        0     1 PROVIDE(__stack = 0xC000)
       0        0        0     1 PROVIDE(__f256_start = 0x300)
       0        0        0     1 PROVIDE(__BLOCK_SIZE = 0x2000)
       0        0        0     1 PROVIDE(__SLOT_ADDR = 0xC000)
       0        0        0     1 __rc0 = 0x10
       0        0        0     1 __rc1 = __rc0 + 1
       0        0        0     1 PROVIDE(__rc2 = __rc1 + 1)
       0        0        0     1 __rc3 = __rc2 + 1
       0        0        0     1 PROVIDE(__rc4 = __rc3 + 1)
       0        0        0     1 __rc5 = __rc4 + 1
       0        0        0     1 PROVIDE(__rc6 = __rc5 + 1)
       0        0        0     1 __rc7 = __rc6 + 1
       0        0        0     1 PROVIDE(__rc8 = __rc7 + 1)
       0        0        0     1 __rc9 = __rc8 + 1
       0        0        0     1 PROVIDE(__rc10 = __rc9 + 1)
       0        0        0     1 __rc11 = __rc10 + 1
       0        0        0     1 PROVIDE(__rc12 = __rc11 + 1)
       0        0        0     1 __rc13 = __rc12 + 1
       0        0        0     1 PROVIDE(__rc14 = __rc13 + 1)
       0        0        0     1 __rc15 = __rc14 + 1
       0        0        0     1 PROVIDE(__rc16 = __rc15 + 1)
       0        0        0     1 __rc17 = __rc16 + 1
       0        0        0     1 PROVIDE(__rc18 = __rc17 + 1)
       0        0        0     1 __rc19 = __rc18 + 1
       0        0        0     1 PROVIDE(__rc20 = __rc19 + 1)
       0        0        0     1 __rc21 = __rc20 + 1
       0        0        0     1 PROVIDE(__rc22 = __rc21 + 1)
       0        0        0     1 __rc23 = __rc22 + 1
       0        0        0     1 PROVIDE(__rc24 = __rc23 + 1)
       0        0        0     1 __rc25 = __rc24 + 1
       0        0        0     1 PROVIDE(__rc26 = __rc25 + 1)
       0        0        0     1 __rc27 = __rc26 + 1
       0        0        0     1 PROVIDE(__rc28 = __rc27 + 1)
       0        0        0     1 __rc29 = __rc28 + 1
       0        0        0     1 PROVIDE(__rc30 = __rc29 + 1)
       0        0        0     1 __rc31 = __rc30 + 1
       0        0        0     1 
       0        0        0     1 
       0        0        0     1 __block8_lma = ( 8<<24)|__SLOT_ADDR
       0        0        0     1 __block9_lma = ( 9<<24)|__SLOT_ADDR
       0        0        0     1 __block10_lma = (10<<24)|__SLOT_ADDR
       0        0        0     1 __block11_lma = (11<<24)|__SLOT_ADDR
       0        0        0     1 __block12_lma = (12<<24)|__SLOT_ADDR
       0        0        0     1 __block13_lma = (13<<24)|__SLOT_ADDR
       0        0        0     1 __block14_lma = (14<<24)|__SLOT_ADDR
       0        0        0     1 __block15_lma = (15<<24)|__SLOT_ADDR
       0        0        0     1 __block16_lma = (16<<24)|__SLOT_ADDR
       0        0        0     1 __block17_lma = (17<<24)|__SLOT_ADDR
       0        0        0     1 __block18_lma = (18<<24)|__SLOT_ADDR
       0        0        0     1 __block19_lma = (19<<24)|__SLOT_ADDR
       0        0        0     1 __block20_lma = (20<<24)|__SLOT_ADDR
       0        0        0     1 __block21_lma = (21<<24)|__SLOT_ADDR
       0        0        0     1 __block22_lma = (22<<24)|__SLOT_ADDR
       0        0        0     1 __block23_lma = (23<<24)|__SLOT_ADDR
      30      300        8     1 .zp.data
      30      300        0     1         __zp_data_start = .
      30      300        8     1         midisam3.lto.o:(.zp.data)
      30      300        1     1                 _MAX_COL
      31      301        1     1                 _MAX_ROW
      32      302        1     1                 _ccolor
      36      306        2     1                 (anonymous namespace)::heap_limit
      38      308        0     1 __zp_data_load_start = LOADADDR(.zp.data)
      38      308        0     1 __zp_data_size = SIZEOF(.zp.data)
      38       38       71     1 .zp.bss
      38       38        0     1         __zp_bss_start = .
      38       38       71     1         midisam3.lto.o:(.zp.bss)
      38       38        2     1                 kernelArgs
      3a       3a        1     1                 _col
      3b       3b        1     1                 _row
      3c       3c        c     1                 _BITMAP_BASE
      48       48        3     1                 _tileSize
      4b       4b        1     1                 isPaused
      4c       4c        1     1                 isTrulyDone
      4d       4d        1     1                 repeatFlag
      4e       4e       34     1                 myRecord
      82       82       17     1                 theOne
      99       99        1     1                 midiChip
      9a       9a        1     1                 presentIndex
      9b       9b        1     1                 kernelError
      9c       9c        7     1                 kernelEventData
      a3       a3        1     1                 (anonymous namespace)::initialized
      a4       a4        1     1                 (anonymous namespace)::last_free
      a5       a5        2     1                 (anonymous namespace)::free_size
      a7       a7        2     1                 (anonymous namespace)::free_list
      a9       a9        0     1 __zp_bss_size = SIZEOF(.zp.bss)
      a9       a9       47     1 .zp
      a9       a9       47     1         midisam3.lto.o:(.zp.noinit)
     308      308     a240     2 .text
     308      308        0     1         _init = .
     308      308        0     1         _start = .
     308      308        8     1         D:\F256\llvm-mos\f256dev\llvm-mos\bin/../mos-platform/f256/lib\libcrt0.a(init-stack.S.obj):(.init.100)
     308      308        0     1                 __do_init_stack
     310      310        3     1         D:\F256\llvm-mos\f256dev\llvm-mos\bin/../mos-platform/f256/lib\libcrt0.a(zero-bss.c.obj):(.init.200)
     310      310        0     1                 __do_zero_bss
     313      313        3     1         D:\F256\llvm-mos\f256dev\llvm-mos\bin/../mos-platform/f256/lib\libcrt0.a(zero-zp-bss.c.obj):(.init.200)
     313      313        0     1                 __do_zero_zp_bss
     316      316        3     1         D:\F256\llvm-mos\f256dev\llvm-mos\bin/../mos-platform/f256/lib\libcrt0.a(copy-zp-data.c.obj):(.init.200)
     316      316        0     1                 __do_copy_zp_data
     319      319        3     1         D:\F256\llvm-mos\f256dev\llvm-mos\bin/../mos-platform/common/lib\crt0.o:(.call_main)
     31c      31c        3     1         D:\F256\llvm-mos\f256dev\llvm-mos\bin/../mos-platform/f256/lib\libcrt0.a(exit-custom.S.obj):(.after_main)
     31c      31c        0     1                 __after_main
     31f      31f        0     1         _fini = .
     31f      31f        1     1         D:\F256\llvm-mos\f256dev\llvm-mos\bin/../mos-platform/common/lib\crt0.o:(.fini_rts)
     320      320      135     2         midisam3.lto.o:(.text._ZN12_GLOBAL__N_19FreeChunk6insertEPvj)
     320      320      135     1                 (anonymous namespace)::FreeChunk::insert(void*, unsigned int)
     456      456       d7     2         midisam3.lto.o:(.text._ZN12_GLOBAL__N_19FreeChunk6removeEv)
     456      456       d7     1                 (anonymous namespace)::FreeChunk::remove()
     52e      52e        3     2         midisam3.lto.o:(.text._ZN6__impl6VarInt4makeEPvc)
     52e      52e        3     1                 __impl::VarInt::make(void*, char)
     532      532        d     2         midisam3.lto.o:(.text._ZNK6__impl6VarInt8high_bitEv)
     532      532        d     1                 __impl::VarInt::high_bit() const
     540      540        d     2         midisam3.lto.o:(.text._ZNK6__impl6VarInt8negativeEv)
     540      540        d     1                 __impl::VarInt::negative() const
     54e      54e       47     2         midisam3.lto.o:(.text._ZN6__impl6VarInt6negateEv)
     54e      54e       47     1                 __impl::VarInt::negate()
     596      596       3b     2         midisam3.lto.o:(.text._ZN6__impl6VarInt3shlEv)
     596      596       3b     1                 __impl::VarInt::shl()
     5d1      5d1        3     1         D:\F256\llvm-mos\f256dev\llvm-mos\bin/../mos-platform/common/lib\libcrt.a(call-indir.S.obj):(.text)
     5d1      5d1        0     1                 __call_indir
     5d4      5d4       13     1         D:\F256\llvm-mos\f256dev\llvm-mos\bin/../mos-platform/f256/lib\libcrt0.a(zero-bss.c.obj):(.text.__zero_bss)
     5d4      5d4       13     1                 __zero_bss
     5e7      5e7       13     1         D:\F256\llvm-mos\f256dev\llvm-mos\bin/../mos-platform/f256/lib\libcrt0.a(zero-zp-bss.c.obj):(.text.__zero_zp_bss)
     5e7      5e7       13     1                 __zero_zp_bss
     5fa      5fa       17     1         D:\F256\llvm-mos\f256dev\llvm-mos\bin/../mos-platform/f256/lib\libcrt0.a(copy-zp-data.c.obj):(.text.__copy_zp_data)
     5fa      5fa       17     1                 __copy_zp_data
     611      611      186     1         midisam3.lto.o:(.text.f256Init)
     611      611      186     1                 f256Init
     797      797      176     1         midisam3.lto.o:(.text.textReset)
     797      797      176     1                 textReset
     90d      90d      15d     1         midisam3.lto.o:(.text.bitmapReset)
     90d      90d      15d     1                 bitmapReset
     a6a      a6a       21     1         midisam3.lto.o:(.text.FAR_PEEK)
     a6a      a6a       21     1                 FAR_PEEK
     a8b      a8b       23     1         midisam3.lto.o:(.text.FAR_POKE)
     a8b      a8b       23     1                 FAR_POKE
     aae      aae       24     1         midisam3.lto.o:(.text.main)
     aae      aae       24     1                 main
     ad2      ad2      651     1         midisam3.lto.o:(.text.f256main)
     ad2      ad2      651     1                 f256main
    1123     1123      107     1         midisam3.lto.o:(.text.fileOpenDir)
    1123     1123      107     1                 fileOpenDir
    122a     122a      47b     1         midisam3.lto.o:(.text.optimizedMIDIShimmering)
    122a     122a      47b     1                 optimizedMIDIShimmering
    16a5     16a5      25a     1         midisam3.lto.o:(.text.textPrint)
    16a5     16a5      25a     1                 textPrint
    18ff     18ff       11     1         midisam3.lto.o:(.text.textGotoXY)
    18ff     18ff       11     1                 textGotoXY
    1910     1910        c     1         midisam3.lto.o:(.text.textSetColor)
    1910     1910        c     1                 textSetColor
    191c     191c       4c     1         midisam3.lto.o:(.text.fileClose)
    191c     191c       4c     1                 fileClose
    1968     1968       66     1         midisam3.lto.o:(.text.fileCloseDir)
    1968     1968       66     1                 fileCloseDir
    19ce     19ce      103     1         midisam3.lto.o:(.text.fileOpen)
    19ce     19ce      103     1                 fileOpen
    1ad1     1ad1      1bf     1         midisam3.lto.o:(.text.fileRead)
    1ad1     1ad1      1bf     1                 fileRead
    1c90     1c90      13d     1         midisam3.lto.o:(.text.fileReadDir)
    1c90     1c90      13d     1                 fileReadDir
    1dcd     1dcd        e     1         midisam3.lto.o:(.text.__putchar)
    1dcd     1dcd        e     1                 __putchar
    1ddb     1ddb       b5     1         midisam3.lto.o:(.text.dispatchNote)
    1ddb     1ddb       b5     1                 dispatchNote
    1e90     1e90      10a     1         midisam3.lto.o:(.text.isExtensionAllowed)
    1e90     1e90      10a     1                 isExtensionAllowed
    1f9a     1f9a      326     1         midisam3.lto.o:(.text.sortFileList)
    1f9a     1f9a      326     1                 sortFileList
    22c0     22c0      c4e     1         midisam3.lto.o:(.text.pickFile)
    22c0     22c0      c4e     1                 pickFile
    2f0e     2f0e      3ea     1         midisam3.lto.o:(.text.displayFileList)
    2f0e     2f0e      3ea     1                 displayFileList
    32f8     32f8      1d5     1         midisam3.lto.o:(.text.readDirectory)
    32f8     32f8      1d5     1                 readDirectory
    34cd     34cd      4ac     1         midisam3.lto.o:(.text.filePickModal)
    34cd     34cd      4ac     1                 filePickModal
    3979     3979       23     1         midisam3.lto.o:(.text.midiShutAllChannels)
    3979     3979       23     1                 midiShutAllChannels
    399c     399c       14     1         midisam3.lto.o:(.text.midiShutUp)
    399c     399c       14     1                 midiShutUp
    39b0     39b0       52     1         midisam3.lto.o:(.text.resetInstruments)
    39b0     39b0       52     1                 resetInstruments
    3a02     3a02       20     1         midisam3.lto.o:(.text.midiNoteOff)
    3a02     3a02       20     1                 midiNoteOff
    3a22     3a22       20     1         midisam3.lto.o:(.text.midiNoteOn)
    3a22     3a22       20     1                 midiNoteOn
    3a42     3a42      1aa     1         midisam3.lto.o:(.text.initMidiRecord)
    3a42     3a42      1aa     1                 initMidiRecord
    3bec     3bec      499     1         midisam3.lto.o:(.text.detectStructure)
    3bec     3bec      499     1                 detectStructure
    4085     4085      1fd     1         midisam3.lto.o:(.text.loadSMFile)
    4085     4085      1fd     1                 loadSMFile
    4282     4282      422     1         midisam3.lto.o:(.text.readDelta)
    4282     4282      422     1                 readDelta
    46a4     46a4      683     1         midisam3.lto.o:(.text.readMIDICmd)
    46a4     46a4      683     1                 readMIDICmd
    4d27     4d27      209     1         midisam3.lto.o:(.text.skipWhenFFCmd)
    4d27     4d27      209     1                 skipWhenFFCmd
    4f30     4f30      215     1         midisam3.lto.o:(.text.performMIDICmd)
    4f30     4f30      215     1                 performMIDICmd
    5145     5145      22c     1         midisam3.lto.o:(.text.exhaustZeroes)
    5145     5145      22c     1                 exhaustZeroes
    5371     5371      743     1         midisam3.lto.o:(.text.playMidi)
    5371     5371      743     1                 playMidi
    5ab4     5ab4      643     1         midisam3.lto.o:(.text.initTrack)
    5ab4     5ab4      643     1                 initTrack
    60f7     60f7       1c     1         midisam3.lto.o:(.text.destroyTrack)
    60f7     60f7       1c     1                 destroyTrack
    6113     6113      11b     1         midisam3.lto.o:(.text.sniffNextMIDI)
    6113     6113      11b     1                 sniffNextMIDI
    622e     622e       2c     1         midisam3.lto.o:(.text.clearSIDRegisters)
    622e     622e       2c     1                 clearSIDRegisters
    625a     625a       31     1         midisam3.lto.o:(.text.shutAllSIDVoices)
    625a     625a       31     1                 shutAllSIDVoices
    628b     628b       14     1         midisam3.lto.o:(.text.sidNoteOnOrOff)
    628b     628b       14     1                 sidNoteOnOrOff
    629f     629f       2e     1         midisam3.lto.o:(.text.copySidInstrument)
    629f     629f       2e     1                 copySidInstrument
    62cd     62cd       a2     1         midisam3.lto.o:(.text.sid_setInstrument)
    62cd     62cd       a2     1                 sid_setInstrument
    636f     636f       56     1         midisam3.lto.o:(.text.sid_setSIDWide)
    636f     636f       56     1                 sid_setSIDWide
    63c5     63c5        9     1         midisam3.lto.o:(.text.setMonoSID)
    63c5     63c5        9     1                 setMonoSID
    63ce     63ce      1d1     1         midisam3.lto.o:(.text.displayInfo)
    63ce     63ce      1d1     1                 displayInfo
    659f     659f      1ab     1         midisam3.lto.o:(.text.superExtraInfo)
    659f     659f      1ab     1                 superExtraInfo
    674a     674a       2f     1         midisam3.lto.o:(.text.updateMuteDisplay)
    674a     674a       2f     1                 updateMuteDisplay
    6779     6779      154     1         midisam3.lto.o:(.text.updateInstrumentDisplay)
    6779     6779      154     1                 updateInstrumentDisplay
    68cd     68cd      11e     1         midisam3.lto.o:(.text.cycleMuteSelection)
    68cd     68cd      11e     1                 cycleMuteSelection
    69eb     69eb        e     1         midisam3.lto.o:(.text.resetTimer0)
    69eb     69eb        e     1                 resetTimer0
    69f9     69f9       1c     1         midisam3.lto.o:(.text.setTimer0)
    69f9     69f9       1c     1                 setTimer0
    6a15     6a15       39     1         midisam3.lto.o:(.text.wipeText)
    6a15     6a15       39     1                 wipeText
    6a4e     6a4e       12     1         midisam3.lto.o:(.text.wipeStatus)
    6a4e     6a4e       12     1                 wipeStatus
    6a60     6a60      116     1         midisam3.lto.o:(.text.setColors)
    6a60     6a60      116     1                 setColors
    6b76     6b76        e     1         midisam3.lto.o:(.text.exit)
    6b76     6b76        e     1                 exit
    6b84     6b84        2     1         midisam3.lto.o:(.text._Exit)
    6b84     6b84        2     1                 _Exit
    6b86     6b86        d     1         midisam3.lto.o:(.text.tolower)
    6b86     6b86        d     1                 tolower
    6b93     6b93      218     1         midisam3.lto.o:(.text.vfprintf)
    6b93     6b93      218     1                 vfprintf
    6dab     6dab      b44     1         midisam3.lto.o:(.text._ZN12_GLOBAL__N_15printEPKcP6Status)
    6dab     6dab      b44     1                 (anonymous namespace)::print(char const*, Status*)
    78ef     78ef       e1     1         midisam3.lto.o:(.text._ZN12_GLOBAL__N_13putEcP6Status)
    78ef     78ef       e1     1                 (anonymous namespace)::put(char, Status*)
    79d0     79d0      174     1         midisam3.lto.o:(.text._ZN12_GLOBAL__N_112print_stringEPKcP6Status)
    79d0     79d0      174     1                 (anonymous namespace)::print_string(char const*, Status*)
    7b44     7b44       59     1         midisam3.lto.o:(.text.printf)
    7b44     7b44       59     1                 printf
    7b9d     7b9d      29c     1         midisam3.lto.o:(.text.vsnprintf)
    7b9d     7b9d      29c     1                 vsnprintf
    7e39     7e39       4a     1         midisam3.lto.o:(.text.sprintf)
    7e39     7e39       4a     1                 sprintf
    7e83     7e83        3     1         midisam3.lto.o:(.text.fputc)
    7e83     7e83        3     1                 fputc
    7e86     7e86       28     1         midisam3.lto.o:(.text.putchar)
    7e86     7e86       28     1                 putchar
    7eae     7eae        7     1         midisam3.lto.o:(.text.putchar_wrapper)
    7eae     7eae        7     1                 putchar_wrapper
    7eb5     7eb5        3     1         midisam3.lto.o:(.text.putc)
    7eb5     7eb5        3     1                 putc
    7eb8     7eb8        b     1         midisam3.lto.o:(.text.__from_ascii)
    7eb8     7eb8        b     1                 __from_ascii
    7ec3     7ec3      100     1         midisam3.lto.o:(.text.malloc)
    7ec3     7ec3      100     1                 malloc
    7fc3     7fc3       b6     1         midisam3.lto.o:(.text._ZN12_GLOBAL__N_119allocate_free_chunkEPNS_9FreeChunkEj)
    7fc3     7fc3       b6     1                 (anonymous namespace)::allocate_free_chunk((anonymous namespace)::FreeChunk*, unsigned int)
    8079     8079      186     1         midisam3.lto.o:(.text.free)
    8079     8079      186     1                 free
    81ff     81ff       2c     1         midisam3.lto.o:(.text.memcpy)
    81ff     81ff       2c     1                 memcpy
    822b     822b       20     1         midisam3.lto.o:(.text.__memset)
    822b     822b       20     1                 __memset
    824b     824b       3b     1         midisam3.lto.o:(.text.strcpy)
    824b     824b       3b     1                 strcpy
    8286     8286       84     1         midisam3.lto.o:(.text.strncpy)
    8286     8286       84     1                 strncpy
    830a     830a       39     1         midisam3.lto.o:(.text.strlen)
    830a     830a       39     1                 strlen
    8343     8343       28     1         midisam3.lto.o:(.text.strcmp)
    8343     8343       28     1                 strcmp
    836b     836b       3a     1         midisam3.lto.o:(.text.strrchr)
    836b     836b       3a     1                 strrchr
    83a5     83a5       6e     1         midisam3.lto.o:(.text.__simple_strtoui)
    83a5     83a5       6e     1                 __simple_strtoui
    8413     8413       1f     1         midisam3.lto.o:(.text.__ashldi3)
    8413     8413       1f     1                 __ashldi3
    8432     8432       1f     1         midisam3.lto.o:(.text.__lshrdi3)
    8432     8432       1f     1                 __lshrdi3
    8451     8451       32     1         midisam3.lto.o:(.text.__mulhi3)
    8451     8451       32     1                 __mulhi3
    8483     8483       70     1         midisam3.lto.o:(.text.__mulsi3)
    8483     8483       70     1                 __mulsi3
    84f3     84f3       f8     1         midisam3.lto.o:(.text.__muldi3)
    84f3     84f3       f8     1                 __muldi3
    85eb     85eb       c0     1         midisam3.lto.o:(.text.__udivhi3)
    85eb     85eb       c0     1                 __udivhi3
    86ab     86ab      16f     1         midisam3.lto.o:(.text.__udivsi3)
    86ab     86ab      16f     1                 __udivsi3
    881a     881a     1a27     1         midisam3.lto.o:(.text.__divdf3)
    881a     881a     1a27     1                 __divdf3
    a241     a241       83     1         midisam3.lto.o:(.text.__fixunsdfsi)
    a241     a241       83     1                 __fixunsdfsi
    a2c4     a2c4      284     1         midisam3.lto.o:(.text.__floatunsidf)
    a2c4     a2c4      284     1                 __floatunsidf
    a548     a548        0     1         __init_array_start = .
    a548     a548        0     1         __init_array_end = .
    a548     a548        0     1         __fini_array_start = .
    a548     a548        0     1         __fini_array_end = .
    a548     a548      a84     1 .rodata
    a548     a548        1     1         D:\F256\llvm-mos\f256dev\llvm-mos\bin/../mos-platform/common/lib\libcrt.a(const.S.obj):(.rodata)
    a548     a548        0     1                 __set_v
    a549     a549       16     1         midisam3.lto.o:(.rodata.fileReadDir)
    a55f     a55f       50     1         midisam3.lto.o:(.rodata.pickFile)
    a5af     a5af        8     1         midisam3.lto.o:(.rodata.filePickModal)
    a5b7     a5b7       b4     1         midisam3.lto.o:(.rodata.skipWhenFFCmd)
    a66b     a66b       3a     1         midisam3.lto.o:(.rodata._ZN12_GLOBAL__N_15printEPKcP6Status)
    a6a5     a6a5      7fb     1         <internal>:(.rodata.str1.1)
    aea0     aea0       40     1         <internal>:(.rodata.cst32)
    aee0     aee0       2c     1         midisam3.lto.o:(.rodata..Lstr.14)
    af0c     af0c       60     1         midisam3.lto.o:(.rodata.sidHigh)
    af0c     af0c       60     1                 sidHigh
    af6c     af6c       60     1         midisam3.lto.o:(.rodata.sidLow)
    af6c     af6c       60     1                 sidLow
    afcc     afcc      1b2     1 .data
    afcc     afcc        0     1         __data_start = .
    afcc     afcc       30     1         midisam3.lto.o:(.data.textColors)
    afcc     afcc       30     1                 textColors
    affc     affc        6     1         midisam3.lto.o:(.data.sidChoiceToVoice)
    affc     affc        6     1                 sidChoiceToVoice
    b002     b002       2d     1         midisam3.lto.o:(.data.sid_instrument_defs)
    b002     b002       2d     1                 sid_instrument_defs
    b02f     b02f       4d     1         midisam3.lto.o:(.data.nameVersion)
    b02f     b02f       4d     1                 nameVersion
    b07c     b07c      100     1         midisam3.lto.o:(.data.midi_instruments)
    b07c     b07c      100     1                 midi_instruments
    b17c     b17c        2     1         midisam3.lto.o:(.data.stdout)
    b17c     b17c        2     1                 stdout
    b17e     b17e        0     1         __data_end = .
    b17e     b17e        0     1 __data_load_start = LOADADDR(.data)
    b17e     b17e        0     1 __data_size = SIZEOF(.data)
    b17e     b17e     13d2     1 .bss
    b17e     b17e        0     1         __bss_start = .
    b17e     b17e        1     1         midisam3.lto.o:(.bss._active)
    b17e     b17e        1     1                 _active
    b17f     b17f        1     1         midisam3.lto.o:(.bss._color)
    b17f     b17f        1     1                 _color
    b180     b180        1     1         midisam3.lto.o:(.bss._MAX_X)
    b180     b180        1     1                 _MAX_X
    b181     b181        1     1         midisam3.lto.o:(.bss._MAX_Y)
    b181     b181        1     1                 _MAX_Y
    b182     b182        3     1         midisam3.lto.o:(.bss._BITMAP_CLUT)
    b182     b182        3     1                 _BITMAP_CLUT
    b185     b185       40     1         midisam3.lto.o:(.bss._spriteCtl)
    b185     b185       40     1                 _spriteCtl
    b1c5     b1c5        8     1         midisam3.lto.o:(.bss._dirStream)
    b1c5     b1c5        8     1                 _dirStream
    b1cd     b1cd      102     1         midisam3.lto.o:(.bss.fileReadDir.fileDirEntS)
    b1cd     b1cd      102     1                 fileReadDir.fileDirEntS
    b2cf     b2cf        2     1         midisam3.lto.o:(.bss.__putchar.s)
    b2cf     b2cf        2     1                 __putchar.s
    b2d1     b2d1     11f6     1         midisam3.lto.o:(.bss.fpr)
    b2d1     b2d1     11f6     1                 fpr
    c4c7     c4c7       20     1         midisam3.lto.o:(.bss.currentFilePicked)
    c4c7     c4c7       20     1                 currentFilePicked
    c4e7     c4e7        3     1         midisam3.lto.o:(.bss.playbackTimer)
    c4e7     c4e7        3     1                 playbackTimer
    c4ea     c4ea       36     1         midisam3.lto.o:(.bss.sidInstruments)
    c4ea     c4ea       36     1                 sidInstruments
    c520     c520       10     1         midisam3.lto.o:(.bss.muteArray)
    c520     c520       10     1                 muteArray
    c530     c530       10     1         midisam3.lto.o:(.bss.chipXChannel)
    c530     c530       10     1                 chipXChannel
    c540     c540       10     1         midisam3.lto.o:(.bss.presentArray)
    c540     c540       10     1                 presentArray
    c550     c550        0     1         __bss_end = .
    c550     c550        0     1 __bss_size = SIZEOF(.bss)
    c550     c550        8     1 .noinit
    c550     c550        8     1         midisam3.lto.o:(.noinit..Lstatic_stack)
    c558     c558        0     1         __heap_start = ALIGN(., 2)
    c558     c558        0     1 end_block8 = .
    c558     c558        0     1 end_block9 = .
    c558     c558        0     1 end_block10 = .
    c558     c558        0     1 end_block11 = .
    c558     c558        0     1 end_block12 = .
    c558     c558        0     1 end_block13 = .
    c558     c558        0     1 end_block14 = .
    c558     c558        0     1 end_block15 = .
    c558     c558        0     1 end_block16 = .
    c558     c558        0     1 end_block17 = .
    c558     c558        0     1 end_block18 = .
    c558     c558        0     1 end_block19 = .
    c558     c558        0     1 end_block20 = .
    c558     c558        0     1 end_block21 = .
    c558     c558        0     1 end_block22 = .
    c558     c558        0     1 end_block23 = .
       0        0      138     1 .comment
       0        0      138     1         <internal>:(.comment)
       0        0      fc0     4 .symtab
       0        0      fc0     4         <internal>:(.symtab)
       0        0       5a     1 .shstrtab
       0        0       5a     1         <internal>:(.shstrtab)
       0        0      c7d     1 .strtab
       0        0      c7d     1         <internal>:(.strtab)
