     VMA      LMA     Size Align Out     In      Symbol
       0        0        0     1 PROVIDE(__stack = 0xA000)
       0        0        0     1 PROVIDE(__f256_start = 0x300)
       0        0        0     1 PROVIDE(__BLOCK_SIZE = 0x2000)
       0        0        0     1 PROVIDE(__SLOT_ADDR = 0xA000)
       0        0        0     1 __rc0 = 0x10
       0        0        0     1 __rc1 = __rc0 + 1
       0        0        0     1 PROVIDE(__rc2 = __rc1 + 1)
       0        0        0     1 __rc3 = __rc2 + 1
       0        0        0     1 PROVIDE(__rc4 = __rc3 + 1)
       0        0        0     1 __rc5 = __rc4 + 1
       0        0        0     1 PROVIDE(__rc6 = __rc5 + 1)
       0        0        0     1 __rc7 = __rc6 + 1
       0        0        0     1 PROVIDE(__rc8 = __rc7 + 1)
       0        0        0     1 __rc9 = __rc8 + 1
       0        0        0     1 PROVIDE(__rc10 = __rc9 + 1)
       0        0        0     1 __rc11 = __rc10 + 1
       0        0        0     1 PROVIDE(__rc12 = __rc11 + 1)
       0        0        0     1 __rc13 = __rc12 + 1
       0        0        0     1 PROVIDE(__rc14 = __rc13 + 1)
       0        0        0     1 __rc15 = __rc14 + 1
       0        0        0     1 PROVIDE(__rc16 = __rc15 + 1)
       0        0        0     1 __rc17 = __rc16 + 1
       0        0        0     1 PROVIDE(__rc18 = __rc17 + 1)
       0        0        0     1 __rc19 = __rc18 + 1
       0        0        0     1 PROVIDE(__rc20 = __rc19 + 1)
       0        0        0     1 __rc21 = __rc20 + 1
       0        0        0     1 PROVIDE(__rc22 = __rc21 + 1)
       0        0        0     1 __rc23 = __rc22 + 1
       0        0        0     1 PROVIDE(__rc24 = __rc23 + 1)
       0        0        0     1 __rc25 = __rc24 + 1
       0        0        0     1 PROVIDE(__rc26 = __rc25 + 1)
       0        0        0     1 __rc27 = __rc26 + 1
       0        0        0     1 PROVIDE(__rc28 = __rc27 + 1)
       0        0        0     1 __rc29 = __rc28 + 1
       0        0        0     1 PROVIDE(__rc30 = __rc29 + 1)
       0        0        0     1 __rc31 = __rc30 + 1
       0        0        0     1 
       0        0        0     1 
       0        0        0     1 __block8_lma = ( 8<<24)|__SLOT_ADDR
       0        0        0     1 __block9_lma = ( 9<<24)|__SLOT_ADDR
       0        0        0     1 __block10_lma = (10<<24)|__SLOT_ADDR
       0        0        0     1 __block11_lma = (11<<24)|__SLOT_ADDR
       0        0        0     1 __block12_lma = (12<<24)|__SLOT_ADDR
       0        0        0     1 __block13_lma = (13<<24)|__SLOT_ADDR
       0        0        0     1 __block14_lma = (14<<24)|__SLOT_ADDR
       0        0        0     1 __block15_lma = (15<<24)|__SLOT_ADDR
       0        0        0     1 __block16_lma = (16<<24)|__SLOT_ADDR
       0        0        0     1 __block17_lma = (17<<24)|__SLOT_ADDR
       0        0        0     1 __block18_lma = (18<<24)|__SLOT_ADDR
       0        0        0     1 __block19_lma = (19<<24)|__SLOT_ADDR
       0        0        0     1 __block20_lma = (20<<24)|__SLOT_ADDR
       0        0        0     1 __block21_lma = (21<<24)|__SLOT_ADDR
       0        0        0     1 __block22_lma = (22<<24)|__SLOT_ADDR
       0        0        0     1 __block23_lma = (23<<24)|__SLOT_ADDR
       0        0        0     1 __palback_lma = 0x10000
       0        0        0     1 __palback_size = 0x400
      30       30        0     1 .zp.data
      30       30        0     1         __zp_data_start = .
      30       30        0     1 __zp_data_load_start = LOADADDR(.zp.data)
      30       30        0     1 __zp_data_size = SIZEOF(.zp.data)
      30       30        6     1 .zp.bss
      30       30        0     1         __zp_bss_start = .
      30       30        6     1         mandel.lto.o:(.zp.bss)
      30       30        4     1                 _BITMAP_BASE.0
      34       34        1     1                 _color
      35       35        1     1                 _MAX_X
      36       36        0     1 __zp_bss_size = SIZEOF(.zp.bss)
      36       36       21     1 .zp
      36       36       21     1         mandel.lto.o:(.zp.noinit)
     300      300     2d93     1 .text
     300      300        0     1         _init = .
     300      300        0     1         _start = .
     300      300        8     1         D:\F256\llvm-mos\f256dev\llvm-mos\bin/../mos-platform/f256/lib\libcrt0.a(init-stack.S.obj):(.init.100)
     300      300        0     1                 __do_init_stack
     308      308        3     1         D:\F256\llvm-mos\f256dev\llvm-mos\bin/../mos-platform/f256/lib\libcrt0.a(zero-bss.c.obj):(.init.200)
     308      308        0     1                 __do_zero_bss
     30b      30b        3     1         D:\F256\llvm-mos\f256dev\llvm-mos\bin/../mos-platform/f256/lib\libcrt0.a(zero-zp-bss.c.obj):(.init.200)
     30b      30b        0     1                 __do_zero_zp_bss
     30e      30e        3     1         D:\F256\llvm-mos\f256dev\llvm-mos\bin/../mos-platform/common/lib\crt0.o:(.call_main)
     311      311        3     1         D:\F256\llvm-mos\f256dev\llvm-mos\bin/../mos-platform/f256/lib\libcrt0.a(exit-custom.S.obj):(.after_main)
     311      311        0     1                 __after_main
     314      314        0     1         _fini = .
     314      314        1     1         D:\F256\llvm-mos\f256dev\llvm-mos\bin/../mos-platform/common/lib\crt0.o:(.fini_rts)
     315      315       13     1         D:\F256\llvm-mos\f256dev\llvm-mos\bin/../mos-platform/f256/lib\libcrt0.a(zero-bss.c.obj):(.text.__zero_bss)
     315      315       13     1                 __zero_bss
     328      328       13     1         D:\F256\llvm-mos\f256dev\llvm-mos\bin/../mos-platform/f256/lib\libcrt0.a(zero-zp-bss.c.obj):(.text.__zero_zp_bss)
     328      328       13     1                 __zero_zp_bss
     33b      33b      399     1         mandel.lto.o:(.text.f256Init)
     33b      33b      399     1                 f256Init
     6d4      6d4        6     1         mandel.lto.o:(.text.main)
     6d4      6d4        6     1                 main
     6da      6da      36d     1         mandel.lto.o:(.text.f256main)
     6da      6da      36d     1                 f256main
     a47      a47        5     1         mandel.lto.o:(.text.exit)
     a47      a47        5     1                 exit
     a4c      a4c       20     1         mandel.lto.o:(.text.__memset)
     a4c      a4c       20     1                 __memset
     a6c      a6c       17     1         mandel.lto.o:(.text.__ashlsi3)
     a6c      a6c       17     1                 __ashlsi3
     a83      a83       17     1         mandel.lto.o:(.text.__lshrsi3)
     a83      a83       17     1                 __lshrsi3
     a9a      a9a       70     1         mandel.lto.o:(.text.__mulsi3)
     a9a      a9a       70     1                 __mulsi3
     b0a      b0a       f8     1         mandel.lto.o:(.text.__muldi3)
     b0a      b0a       f8     1                 __muldi3
     c02      c02      bc1     1         mandel.lto.o:(.text.__addsf3)
     c02      c02      bc1     1                 __addsf3
    17c3     17c3        b     1         mandel.lto.o:(.text.__subsf3)
    17c3     17c3        b     1                 __subsf3
    17ce     17ce      8b8     1         mandel.lto.o:(.text.__mulsf3)
    17ce     17ce      8b8     1                 __mulsf3
    2086     2086      b80     1         mandel.lto.o:(.text.__divsf3)
    2086     2086      b80     1                 __divsf3
    2c06     2c06      353     1         mandel.lto.o:(.text.__floatunsisf)
    2c06     2c06      353     1                 __floatunsisf
    2f59     2f59      13a     1         mandel.lto.o:(.text.__gesf2)
    2f59     2f59      13a     1                 __gtsf2
    2f59     2f59      13a     1                 __gesf2
    3093     3093        0     1         __init_array_start = .
    3093     3093        0     1         __init_array_end = .
    3093     3093        0     1         __fini_array_start = .
    3093     3093        0     1         __fini_array_end = .
    3093     3093       30     1 .rodata
    3093     3093       30     1         mandel.lto.o:(.rodata.textColors)
    3093     3093       30     1                 textColors
    30c3     30c3        0     1 .data
    30c3     30c3        0     1         __data_start = .
    30c3     30c3        0     1         __data_end = .
    30c3     30c3        0     1 __data_load_start = LOADADDR(.data)
    30c3     30c3        0     1 __data_size = SIZEOF(.data)
    30c3     30c3        a     1 .bss
    30c3     30c3        0     1         __bss_start = .
    30c3     30c3        1     1         mandel.lto.o:(.bss._col)
    30c3     30c3        1     1                 _col
    30c4     30c4        1     1         mandel.lto.o:(.bss._row)
    30c4     30c4        1     1                 _row
    30c5     30c5        1     1         mandel.lto.o:(.bss.kernelError)
    30c5     30c5        1     1                 kernelError
    30c6     30c6        7     1         mandel.lto.o:(.bss.kernelEventData)
    30c6     30c6        7     1                 kernelEventData
    30cd     30cd        0     1         __bss_end = .
    30cd     30cd        0     1 __bss_size = SIZEOF(.bss)
    30cd     30cd        0     1 .noinit
    30cd     30cd        0     1         __heap_start = ALIGN(., 2)
    30cd     30cd        0     1 end_block8 = .
    30cd     30cd        0     1 end_block9 = .
    30cd     30cd        0     1 end_block10 = .
    30cd     30cd        0     1 end_block11 = .
    30cd     30cd        0     1 end_block12 = .
    30cd     30cd        0     1 end_block13 = .
    30cd     30cd        0     1 end_block14 = .
    30cd     30cd        0     1 end_block15 = .
    30cd     30cd        0     1 end_block16 = .
    30cd     30cd        0     1 end_block17 = .
    30cd     30cd        0     1 end_block18 = .
    30cd     30cd        0     1 end_block19 = .
    30cd     30cd        0     1 end_block20 = .
    30cd     30cd        0     1 end_block21 = .
    30cd     30cd        0     1 end_block22 = .
    30cd     30cd        0     1 end_block23 = .
   10000    10000      400    16 .palback
   10000    10000      400    16         mandel.lto.o:(.palback)
   10000    10000        0     1                 palback_start
   10400    10400        0     1                 palback_end
   10400    10400        0     1 end_palback = .
       0        0      138     1 .comment
       0        0      138     1         <internal>:(.comment)
       0        0      800     4 .symtab
       0        0      800     4         <internal>:(.symtab)
       0        0       63     1 .shstrtab
       0        0       63     1         <internal>:(.shstrtab)
       0        0      55c     1 .strtab
       0        0      55c     1         <internal>:(.strtab)
