     VMA      LMA     Size Align Out     In      Symbol
       0        0        0     1 PROVIDE(__stack = 0xA000)
       0        0        0     1 PROVIDE(__f256_start = 0x300)
       0        0        0     1 PROVIDE(__BLOCK_SIZE = 0x2000)
       0        0        0     1 PROVIDE(__SLOT_ADDR = 0xA000)
       0        0        0     1 __rc0 = 0x10
       0        0        0     1 __rc1 = __rc0 + 1
       0        0        0     1 PROVIDE(__rc2 = __rc1 + 1)
       0        0        0     1 __rc3 = __rc2 + 1
       0        0        0     1 PROVIDE(__rc4 = __rc3 + 1)
       0        0        0     1 __rc5 = __rc4 + 1
       0        0        0     1 PROVIDE(__rc6 = __rc5 + 1)
       0        0        0     1 __rc7 = __rc6 + 1
       0        0        0     1 PROVIDE(__rc8 = __rc7 + 1)
       0        0        0     1 __rc9 = __rc8 + 1
       0        0        0     1 PROVIDE(__rc10 = __rc9 + 1)
       0        0        0     1 __rc11 = __rc10 + 1
       0        0        0     1 PROVIDE(__rc12 = __rc11 + 1)
       0        0        0     1 __rc13 = __rc12 + 1
       0        0        0     1 PROVIDE(__rc14 = __rc13 + 1)
       0        0        0     1 __rc15 = __rc14 + 1
       0        0        0     1 PROVIDE(__rc16 = __rc15 + 1)
       0        0        0     1 __rc17 = __rc16 + 1
       0        0        0     1 PROVIDE(__rc18 = __rc17 + 1)
       0        0        0     1 __rc19 = __rc18 + 1
       0        0        0     1 PROVIDE(__rc20 = __rc19 + 1)
       0        0        0     1 __rc21 = __rc20 + 1
       0        0        0     1 PROVIDE(__rc22 = __rc21 + 1)
       0        0        0     1 __rc23 = __rc22 + 1
       0        0        0     1 PROVIDE(__rc24 = __rc23 + 1)
       0        0        0     1 __rc25 = __rc24 + 1
       0        0        0     1 PROVIDE(__rc26 = __rc25 + 1)
       0        0        0     1 __rc27 = __rc26 + 1
       0        0        0     1 PROVIDE(__rc28 = __rc27 + 1)
       0        0        0     1 __rc29 = __rc28 + 1
       0        0        0     1 PROVIDE(__rc30 = __rc29 + 1)
       0        0        0     1 __rc31 = __rc30 + 1
       0        0        0     1 
       0        0        0     1 
       0        0        0     1 __block8_lma = ( 8<<24)|__SLOT_ADDR
       0        0        0     1 __block9_lma = ( 9<<24)|__SLOT_ADDR
       0        0        0     1 __block10_lma = (10<<24)|__SLOT_ADDR
       0        0        0     1 __block11_lma = (11<<24)|__SLOT_ADDR
       0        0        0     1 __block12_lma = (12<<24)|__SLOT_ADDR
       0        0        0     1 __block13_lma = (13<<24)|__SLOT_ADDR
       0        0        0     1 __block14_lma = (14<<24)|__SLOT_ADDR
       0        0        0     1 __block15_lma = (15<<24)|__SLOT_ADDR
       0        0        0     1 __block16_lma = (16<<24)|__SLOT_ADDR
       0        0        0     1 __block17_lma = (17<<24)|__SLOT_ADDR
       0        0        0     1 __block18_lma = (18<<24)|__SLOT_ADDR
       0        0        0     1 __block19_lma = (19<<24)|__SLOT_ADDR
       0        0        0     1 __block20_lma = (20<<24)|__SLOT_ADDR
       0        0        0     1 __block21_lma = (21<<24)|__SLOT_ADDR
       0        0        0     1 __block22_lma = (22<<24)|__SLOT_ADDR
       0        0        0     1 __block23_lma = (23<<24)|__SLOT_ADDR
       0        0        0     1 __palpiano_lma = 0x20000
       0        0        0     1 __palpiano_size = 0x3fc
       0        0        0     1 __pia1_lma = 0x28000
       0        0        0     1 __pia1_size = 0x8000
       0        0        0     1 __pia2_lma = 0x30000
       0        0        0     1 __pia2_size = 0x8000
       0        0        0     1 __pia3_lma = 0x38000
       0        0        0     1 __pia3_size = 0x2c00
      30      300       21     1 .zp.data
      30      300        0     1         __zp_data_start = .
      30      300       21     1         midiTest.lto.o:(.zp.data)
      30      300        1     1                 _ccolor
      31      301        2     1                 note
      33      303       12     1                 tempoLUTRef
      45      315        6     1                 polyPSGChanBits
      4b      31b        6     1                 sidChoiceToVoice
      51      321        0     1 __zp_data_load_start = LOADADDR(.zp.data)
      51      321        0     1 __zp_data_size = SIZEOF(.zp.data)
      51       51       3d     1 .zp.bss
      51       51        0     1         __zp_bss_start = .
      51       51       3d     1         midiTest.lto.o:(.zp.bss)
      51       51        1     1                 _col
      52       52        1     1                 _row
      53       53        2     1                 __putchar.s
      55       55        6     1                 polyPSGBuffer
      5b       5b        6     1                 polySIDBuffer
      61       61        9     1                 polyOPL3Buffer
      6a       6a        1     1                 instSelectMode
      6b       6b        1     1                 needsToWaitExpiration
      6c       6c        1     1                 altHit
      6d       6d        1     1                 shiftHit
      6e       6e        2     1                 gPtr
      70       70       12     1                 mainTempoLUT
      82       82        2     1                 theBeats
      84       84        1     1                 refTimer.1
      85       85        2     1                 oldCursorNote
      87       87        7     1                 kernelEventData
      8e       8e        0     1 __zp_bss_size = SIZEOF(.zp.bss)
      8e       8e       62     1 .zp
      8e       8e       62     1         midiTest.lto.o:(.zp.noinit)
     322      322     8c12     2 .text
     322      322        0     1         _init = .
     322      322        0     1         _start = .
     322      322        8     1         D:\F256\llvm-mos\f256dev\llvm-mos\bin/../mos-platform/f256/lib\libcrt0.a(init-stack.S.obj):(.init.100)
     322      322        0     1                 __do_init_stack
     32a      32a        3     1         D:\F256\llvm-mos\f256dev\llvm-mos\bin/../mos-platform/f256/lib\libcrt0.a(zero-bss.c.obj):(.init.200)
     32a      32a        0     1                 __do_zero_bss
     32d      32d        3     1         D:\F256\llvm-mos\f256dev\llvm-mos\bin/../mos-platform/f256/lib\libcrt0.a(zero-zp-bss.c.obj):(.init.200)
     32d      32d        0     1                 __do_zero_zp_bss
     330      330        3     1         D:\F256\llvm-mos\f256dev\llvm-mos\bin/../mos-platform/f256/lib\libcrt0.a(copy-zp-data.c.obj):(.init.200)
     330      330        0     1                 __do_copy_zp_data
     333      333        3     1         D:\F256\llvm-mos\f256dev\llvm-mos\bin/../mos-platform/common/lib\crt0.o:(.call_main)
     336      336        3     1         D:\F256\llvm-mos\f256dev\llvm-mos\bin/../mos-platform/f256/lib\libcrt0.a(exit-custom.S.obj):(.after_main)
     336      336        0     1                 __after_main
     339      339        0     1         _fini = .
     339      339        1     1         D:\F256\llvm-mos\f256dev\llvm-mos\bin/../mos-platform/common/lib\crt0.o:(.fini_rts)
     33a      33a      139     2         midiTest.lto.o:(.text._ZN12_GLOBAL__N_19FreeChunk6insertEPvj)
     33a      33a      139     1                 (anonymous namespace)::FreeChunk::insert(void*, unsigned int)
     473      473       13     1         D:\F256\llvm-mos\f256dev\llvm-mos\bin/../mos-platform/f256/lib\libcrt0.a(zero-bss.c.obj):(.text.__zero_bss)
     473      473       13     1                 __zero_bss
     486      486       13     1         D:\F256\llvm-mos\f256dev\llvm-mos\bin/../mos-platform/f256/lib\libcrt0.a(zero-zp-bss.c.obj):(.text.__zero_zp_bss)
     486      486       13     1                 __zero_zp_bss
     499      499       17     1         D:\F256\llvm-mos\f256dev\llvm-mos\bin/../mos-platform/f256/lib\libcrt0.a(copy-zp-data.c.obj):(.text.__copy_zp_data)
     499      499       17     1                 __copy_zp_data
     4b0      4b0       8e     1         midiTest.lto.o:(.text.resetGlobals)
     4b0      4b0       8e     1                 resetGlobals
     53e      53e      3a0     1         midiTest.lto.o:(.text.f256Init)
     53e      53e      3a0     1                 f256Init
     8de      8de        6     1         midiTest.lto.o:(.text.main)
     8de      8de        6     1                 main
     8e4      8e4     4382     1         midiTest.lto.o:(.text.f256main)
     8e4      8e4     4382     1                 f256main
    4c66     4c66      1b8     1         midiTest.lto.o:(.text.textPrint)
    4c66     4c66      1b8     1                 textPrint
    4e1e     4e1e      519     1         midiTest.lto.o:(.text.dispatchNote)
    4e1e     4e1e      519     1                 dispatchNote
    5337     5337       6e     1         midiTest.lto.o:(.text.prepTempoLUT)
    5337     5337       6e     1                 prepTempoLUT
    53a5     53a5       83     1         midiTest.lto.o:(.text.shutAllMIDIchans)
    53a5     53a5       83     1                 shutAllMIDIchans
    5428     5428       bb     1         midiTest.lto.o:(.text.textPrintUInt)
    5428     5428       bb     1                 textPrintUInt
    54e3     54e3        d     1         midiTest.lto.o:(.text.__putchar)
    54e3     54e3        d     1                 __putchar
    54f0     54f0       95     1         midiTest.lto.o:(.text.prepSIDinstruments)
    54f0     54f0       95     1                 prepSIDinstruments
    5585     5585      36a     1         midiTest.lto.o:(.text.refreshInstrumentText)
    5585     5585      36a     1                 refreshInstrumentText
    58ef     58ef       ea     1         midiTest.lto.o:(.text.channelTextMenu)
    58ef     58ef       ea     1                 channelTextMenu
    59d9     59d9       ed     1         midiTest.lto.o:(.text.refreshBeatTextChoice)
    59d9     59d9       ed     1                 refreshBeatTextChoice
    5ac6     5ac6       5a     1         midiTest.lto.o:(.text.updateTempoText)
    5ac6     5ac6       5a     1                 updateTempoText
    5b20     5b20       f8     1         midiTest.lto.o:(.text.showChipChoiceText)
    5b20     5b20       f8     1                 showChipChoiceText
    5c18     5c18       82     1         midiTest.lto.o:(.text.showMIDIChoiceText)
    5c18     5c18       82     1                 showMIDIChoiceText
    5c9a     5c9a      32a     1         midiTest.lto.o:(.text.textTitle)
    5c9a     5c9a      32a     1                 textTitle
    5fc4     5fc4      18e     1         midiTest.lto.o:(.text.highLightInstChoice)
    5fc4     5fc4      18e     1                 highLightInstChoice
    6152     6152       63     1         midiTest.lto.o:(.text.modalMoveUp)
    6152     6152       63     1                 modalMoveUp
    61b5     61b5       63     1         midiTest.lto.o:(.text.modalMoveDown)
    61b5     61b5       63     1                 modalMoveDown
    6218     6218        5     1         midiTest.lto.o:(.text.exit)
    6218     6218        5     1                 exit
    621d     621d       d1     1         midiTest.lto.o:(.text._ZN12_GLOBAL__N_13putEcP6Status)
    621d     621d       d1     1                 (anonymous namespace)::put(char, Status*)
    62ee     62ee      10d     1         midiTest.lto.o:(.text._ZN12_GLOBAL__N_112print_stringEPKcP6Status)
    62ee     62ee      10d     1                 (anonymous namespace)::print_string(char const*, Status*)
    63fb     63fb      bb0     1         midiTest.lto.o:(.text.printf)
    63fb     63fb      bb0     1                 printf
    6fab     6fab        c     1         midiTest.lto.o:(.text.putchar)
    6fab     6fab        c     1                 putchar
    6fb7     6fb7      2b7     1         midiTest.lto.o:(.text.malloc)
    6fb7     6fb7      2b7     1                 malloc
    726e     726e       2c     1         midiTest.lto.o:(.text.memcpy)
    726e     726e       2c     1                 memcpy
    729a     729a       20     1         midiTest.lto.o:(.text.__memset)
    729a     729a       20     1                 __memset
    72ba     72ba       17     1         midiTest.lto.o:(.text.__ashlsi3)
    72ba     72ba       17     1                 __ashlsi3
    72d1     72d1       17     1         midiTest.lto.o:(.text.__lshrsi3)
    72d1     72d1       17     1                 __lshrsi3
    72e8     72e8       1b     1         midiTest.lto.o:(.text.__mulqi3)
    72e8     72e8       1b     1                 __mulqi3
    7303     7303       32     1         midiTest.lto.o:(.text.__mulhi3)
    7303     7303       32     1                 __mulhi3
    7335     7335       70     1         midiTest.lto.o:(.text.__mulsi3)
    7335     7335       70     1                 __mulsi3
    73a5     73a5       f8     1         midiTest.lto.o:(.text.__muldi3)
    73a5     73a5       f8     1                 __muldi3
    749d     749d      147     1         midiTest.lto.o:(.text.__umodsi3)
    749d     749d      147     1                 __umodsi3
    75e4     75e4       6e     1         midiTest.lto.o:(.text.__udivmodqi4)
    75e4     75e4       6e     1                 __udivmodqi4
    7652     7652       db     1         midiTest.lto.o:(.text.__udivmodhi4)
    7652     7652       db     1                 __udivmodhi4
    772d     772d      8b8     1         midiTest.lto.o:(.text.__mulsf3)
    772d     772d      8b8     1                 __mulsf3
    7fe5     7fe5      b80     1         midiTest.lto.o:(.text.__divsf3)
    7fe5     7fe5      b80     1                 __divsf3
    8b65     8b65       7c     1         midiTest.lto.o:(.text.__fixunssfsi)
    8b65     8b65       7c     1                 __fixunssfsi
    8be1     8be1      353     1         midiTest.lto.o:(.text.__floatunsisf)
    8be1     8be1      353     1                 __floatunsisf
    8f34     8f34        0     1         __init_array_start = .
    8f34     8f34        0     1         __init_array_end = .
    8f34     8f34        0     1         __fini_array_start = .
    8f34     8f34        0     1         __fini_array_end = .
    8f34     8f34      fa4     1 .rodata
    8f34     8f34        1     1         D:\F256\llvm-mos\f256dev\llvm-mos\bin/../mos-platform/common/lib\libcrt.a(const.S.obj):(.rodata)
    8f34     8f34        0     1                 __set_v
    8f35     8f35       2c     1         midiTest.lto.o:(.rodata.f256main)
    8f61     8f61        8     1         midiTest.lto.o:(.rodata.dispatchNote)
    8f69     8f69        8     1         midiTest.lto.o:(.rodata.refreshBeatTextChoice)
    8f71     8f71        8     1         midiTest.lto.o:(.rodata.showChipChoiceText)
    8f79     8f79       3a     1         midiTest.lto.o:(.rodata.printf)
    8fb3     8fb3      c5f     1         <internal>:(.rodata.str1.1)
    9c12     9c12       30     1         midiTest.lto.o:(.rodata.textColors)
    9c12     9c12       30     1                 textColors
    9c42     9c42       58     1         midiTest.lto.o:(.rodata.noteColors)
    9c42     9c42       58     1                 noteColors
    9c9a     9c9a        6     1         midiTest.lto.o:(.rodata..Lswitch.table.f256main)
    9ca0     9ca0       38     1         midiTest.lto.o:(.rodata.plugin)
    9ca0     9ca0       38     1                 plugin
    9cd8     9cd8       18     1         midiTest.lto.o:(.rodata.opl3_fnums)
    9cd8     9cd8       18     1                 opl3_fnums
    9cf0     9cf0       40     1         midiTest.lto.o:(.rodata.psgLow)
    9cf0     9cf0       40     1                 psgLow
    9d30     9d30       40     1         midiTest.lto.o:(.rodata.psgHigh)
    9d30     9d30       40     1                 psgHigh
    9d70     9d70       60     1         midiTest.lto.o:(.rodata.sidLow)
    9d70     9d70       60     1                 sidLow
    9dd0     9dd0      100     1         midiTest.lto.o:(.rodata.midi_instruments)
    9dd0     9dd0      100     1                 midi_instruments
    9ed0     9ed0        8     1         midiTest.lto.o:(.rodata.sid_instruments)
    9ed0     9ed0        8     1                 sid_instruments
    9ed8     9ed8        0     1 .data
    9ed8     9ed8        0     1         __data_start = .
    9ed8     9ed8        0     1         __data_end = .
    9ed8     9ed8        0     1 __data_load_start = LOADADDR(.data)
    9ed8     9ed8        0     1 __data_size = SIZEOF(.data)
    9ed8     9ed8      109     1 .bss
    9ed8     9ed8        0     1         __bss_start = .
    9ed8     9ed8        4     1         midiTest.lto.o:(.bss._BITMAP_BASE.0)
    9ed8     9ed8        4     1                 _BITMAP_BASE.0
    9edc     9edc       ff     1         midiTest.lto.o:(.bss.diagBuffer)
    9edc     9edc       ff     1                 diagBuffer
    9fdb     9fdb        1     1         midiTest.lto.o:(.bss.kernelError)
    9fdb     9fdb        1     1                 kernelError
    9fdc     9fdc        1     1         midiTest.lto.o:(.bss._ZN12_GLOBAL__N_111initializedE)
    9fdc     9fdc        1     1                 (anonymous namespace)::initialized
    9fdd     9fdd        2     1         midiTest.lto.o:(.bss._ZN12_GLOBAL__N_19free_sizeE)
    9fdd     9fdd        2     1                 (anonymous namespace)::free_size
    9fdf     9fdf        2     1         midiTest.lto.o:(.bss._ZN12_GLOBAL__N_19free_listE)
    9fdf     9fdf        2     1                 (anonymous namespace)::free_list
    9fe1     9fe1        0     1         __bss_end = .
    9fe1     9fe1        0     1 __bss_size = SIZEOF(.bss)
    9fe1     9fe1        0     1 .noinit
    9fe1     9fe1        0     1         __heap_start = ALIGN(., 2)
    9fe1     9fe1        0     1 end_block8 = .
    9fe1     9fe1        0     1 end_block9 = .
    9fe1     9fe1        0     1 end_block10 = .
    9fe1     9fe1        0     1 end_block11 = .
    9fe1     9fe1        0     1 end_block12 = .
    9fe1     9fe1        0     1 end_block13 = .
    9fe1     9fe1        0     1 end_block14 = .
    9fe1     9fe1        0     1 end_block15 = .
    9fe1     9fe1        0     1 end_block16 = .
    9fe1     9fe1        0     1 end_block17 = .
    9fe1     9fe1        0     1 end_block18 = .
    9fe1     9fe1        0     1 end_block19 = .
    9fe1     9fe1        0     1 end_block20 = .
    9fe1     9fe1        0     1 end_block21 = .
    9fe1     9fe1        0     1 end_block22 = .
    9fe1     9fe1        0     1 end_block23 = .
   20000    20000      3fc    16 .palpiano
   20000    20000      3fc    16         midiTest.lto.o:(.palpiano)
   20000    20000        0     1                 palpiano_start
   203fc    203fc        0     1                 palpiano_end
   203fc    203fc        0     1 end_palpiano = .
   28000    28000     8000    16 .pia1
   28000    28000     8000    16         midiTest.lto.o:(.pia1)
   28000    28000        0     1                 pia1_start
   30000    30000        0     1                 pia1_end
   30000    30000        0     1 end_pia1 = .
   30000    30000     8000    16 .pia2
   30000    30000     8000    16         midiTest.lto.o:(.pia2)
   30000    30000        0     1                 pia2_start
   38000    38000        0     1                 pia2_end
   38000    38000        0     1 end_pia2 = .
   38000    38000     2c00    16 .pia3
   38000    38000     2c00    16         midiTest.lto.o:(.pia3)
   38000    38000        0     1                 pia3_start
   3ac00    3ac00        0     1                 pia3_end
   3ac00    3ac00        0     1 end_pia3 = .
       0        0      138     1 .comment
       0        0      138     1         <internal>:(.comment)
       0        0      cb0     4 .symtab
       0        0      cb0     4         <internal>:(.symtab)
       0        0       76     1 .shstrtab
       0        0       76     1         <internal>:(.shstrtab)
       0        0      98a     1 .strtab
       0        0      98a     1         <internal>:(.strtab)
