     VMA      LMA     Size Align Out     In      Symbol
       0        0        0     1 PROVIDE(__stack = 0xC000)
       0        0        0     1 PROVIDE(__f256_start = 0x300)
       0        0        0     1 PROVIDE(__BLOCK_SIZE = 0x2000)
       0        0        0     1 PROVIDE(__SLOT_ADDR = 0xC000)
       0        0        0     1 __rc0 = 0x10
       0        0        0     1 __rc1 = __rc0 + 1
       0        0        0     1 PROVIDE(__rc2 = __rc1 + 1)
       0        0        0     1 __rc3 = __rc2 + 1
       0        0        0     1 PROVIDE(__rc4 = __rc3 + 1)
       0        0        0     1 __rc5 = __rc4 + 1
       0        0        0     1 PROVIDE(__rc6 = __rc5 + 1)
       0        0        0     1 __rc7 = __rc6 + 1
       0        0        0     1 PROVIDE(__rc8 = __rc7 + 1)
       0        0        0     1 __rc9 = __rc8 + 1
       0        0        0     1 PROVIDE(__rc10 = __rc9 + 1)
       0        0        0     1 __rc11 = __rc10 + 1
       0        0        0     1 PROVIDE(__rc12 = __rc11 + 1)
       0        0        0     1 __rc13 = __rc12 + 1
       0        0        0     1 PROVIDE(__rc14 = __rc13 + 1)
       0        0        0     1 __rc15 = __rc14 + 1
       0        0        0     1 PROVIDE(__rc16 = __rc15 + 1)
       0        0        0     1 __rc17 = __rc16 + 1
       0        0        0     1 PROVIDE(__rc18 = __rc17 + 1)
       0        0        0     1 __rc19 = __rc18 + 1
       0        0        0     1 PROVIDE(__rc20 = __rc19 + 1)
       0        0        0     1 __rc21 = __rc20 + 1
       0        0        0     1 PROVIDE(__rc22 = __rc21 + 1)
       0        0        0     1 __rc23 = __rc22 + 1
       0        0        0     1 PROVIDE(__rc24 = __rc23 + 1)
       0        0        0     1 __rc25 = __rc24 + 1
       0        0        0     1 PROVIDE(__rc26 = __rc25 + 1)
       0        0        0     1 __rc27 = __rc26 + 1
       0        0        0     1 PROVIDE(__rc28 = __rc27 + 1)
       0        0        0     1 __rc29 = __rc28 + 1
       0        0        0     1 PROVIDE(__rc30 = __rc29 + 1)
       0        0        0     1 __rc31 = __rc30 + 1
       0        0        0     1 
       0        0        0     1 
       0        0        0     1 __block8_lma = ( 8<<24)|__SLOT_ADDR
       0        0        0     1 __block9_lma = ( 9<<24)|__SLOT_ADDR
       0        0        0     1 __block10_lma = (10<<24)|__SLOT_ADDR
       0        0        0     1 __block11_lma = (11<<24)|__SLOT_ADDR
       0        0        0     1 __block12_lma = (12<<24)|__SLOT_ADDR
       0        0        0     1 __block13_lma = (13<<24)|__SLOT_ADDR
       0        0        0     1 __block14_lma = (14<<24)|__SLOT_ADDR
       0        0        0     1 __block15_lma = (15<<24)|__SLOT_ADDR
       0        0        0     1 __block16_lma = (16<<24)|__SLOT_ADDR
       0        0        0     1 __block17_lma = (17<<24)|__SLOT_ADDR
       0        0        0     1 __block18_lma = (18<<24)|__SLOT_ADDR
       0        0        0     1 __block19_lma = (19<<24)|__SLOT_ADDR
       0        0        0     1 __block20_lma = (20<<24)|__SLOT_ADDR
       0        0        0     1 __block21_lma = (21<<24)|__SLOT_ADDR
       0        0        0     1 __block22_lma = (22<<24)|__SLOT_ADDR
       0        0        0     1 __block23_lma = (23<<24)|__SLOT_ADDR
       0        0        0     1 __palpiano_lma = 0x30000
       0        0        0     1 __palpiano_size = 0x3fc
       0        0        0     1 __pia1_lma = 0x38000
       0        0        0     1 __pia1_size = 0x12c00
      30      300        3     1 .zp.data
      30      300        0     1         __zp_data_start = .
      30      300        3     1         midiTest.lto.o:(.zp.data)
      30      300        1     1                 _ccolor
      31      301        2     1                 note
      33      303        0     1 __zp_data_load_start = LOADADDR(.zp.data)
      33      303        0     1 __zp_data_size = SIZEOF(.zp.data)
      33       33       5a     1 .zp.bss
      33       33        0     1         __zp_bss_start = .
      33       33       5a     1         midiTest.lto.o:(.zp.bss)
      33       33        1     1                 _col
      34       34        1     1                 _row
      35       35        2     1                 __putchar.s
      37       37        6     1                 polyPSGBuffer
      3d       3d        6     1                 reservedPSG
      43       43        6     1                 polySIDBuffer
      49       49        6     1                 reservedSID
      4f       4f        9     1                 polyOPL3Buffer
      58       58        9     1                 reservedOPL3
      61       61        1     1                 instSelectMode
      62       62        1     1                 needsToWaitExpiration
      63       63        1     1                 altHit
      64       64        1     1                 shiftHit
      65       65        1     1                 chipAct.0
      66       66        1     1                 chipAct.1
      67       67        1     1                 chipAct.2
      68       68        1     1                 chipAct.3
      69       69        1     1                 chipAct.4
      6a       6a        2     1                 gPtr
      6c       6c       12     1                 mainTempoLUT
      7e       7e        2     1                 theBeats
      80       80        1     1                 refTimer.1
      81       81        2     1                 oldCursorNote
      83       83        7     1                 kernelEventData
      8a       8a        1     1                 (anonymous namespace)::initialized
      8b       8b        2     1                 (anonymous namespace)::free_size
      8d       8d        0     1 __zp_bss_size = SIZEOF(.zp.bss)
      8d       8d       63     1 .zp
      8d       8d       63     1         midiTest.lto.o:(.zp.noinit)
     304      304     729c     2 .text
     304      304        0     1         _init = .
     304      304        0     1         _start = .
     304      304        8     1         D:\F256\llvm-mos\f256dev\llvm-mos\bin/../mos-platform/f256/lib\libcrt0.a(init-stack.S.obj):(.init.100)
     304      304        0     1                 __do_init_stack
     30c      30c        3     1         D:\F256\llvm-mos\f256dev\llvm-mos\bin/../mos-platform/f256/lib\libcrt0.a(zero-bss.c.obj):(.init.200)
     30c      30c        0     1                 __do_zero_bss
     30f      30f        3     1         D:\F256\llvm-mos\f256dev\llvm-mos\bin/../mos-platform/f256/lib\libcrt0.a(zero-zp-bss.c.obj):(.init.200)
     30f      30f        0     1                 __do_zero_zp_bss
     312      312        3     1         D:\F256\llvm-mos\f256dev\llvm-mos\bin/../mos-platform/f256/lib\libcrt0.a(copy-zp-data.c.obj):(.init.200)
     312      312        0     1                 __do_copy_zp_data
     315      315        3     1         D:\F256\llvm-mos\f256dev\llvm-mos\bin/../mos-platform/common/lib\crt0.o:(.call_main)
     318      318        3     1         D:\F256\llvm-mos\f256dev\llvm-mos\bin/../mos-platform/f256/lib\libcrt0.a(exit-custom.S.obj):(.after_main)
     318      318        0     1                 __after_main
     31b      31b        0     1         _fini = .
     31b      31b        1     1         D:\F256\llvm-mos\f256dev\llvm-mos\bin/../mos-platform/common/lib\crt0.o:(.fini_rts)
     31c      31c      139     2         midiTest.lto.o:(.text._ZN12_GLOBAL__N_19FreeChunk6insertEPvj)
     31c      31c      139     1                 (anonymous namespace)::FreeChunk::insert(void*, unsigned int)
     456      456       db     2         midiTest.lto.o:(.text._ZN12_GLOBAL__N_19FreeChunk6removeEv)
     456      456       db     1                 (anonymous namespace)::FreeChunk::remove()
     531      531       13     1         D:\F256\llvm-mos\f256dev\llvm-mos\bin/../mos-platform/f256/lib\libcrt0.a(zero-bss.c.obj):(.text.__zero_bss)
     531      531       13     1                 __zero_bss
     544      544       13     1         D:\F256\llvm-mos\f256dev\llvm-mos\bin/../mos-platform/f256/lib\libcrt0.a(zero-zp-bss.c.obj):(.text.__zero_zp_bss)
     544      544       13     1                 __zero_zp_bss
     557      557       17     1         D:\F256\llvm-mos\f256dev\llvm-mos\bin/../mos-platform/f256/lib\libcrt0.a(copy-zp-data.c.obj):(.text.__copy_zp_data)
     557      557       17     1                 __copy_zp_data
     56e      56e      3a0     1         midiTest.lto.o:(.text.f256Init)
     56e      56e      3a0     1                 f256Init
     90e      90e        6     1         midiTest.lto.o:(.text.main)
     90e      90e        6     1                 main
     914      914     269a     1         midiTest.lto.o:(.text.f256main)
     914      914     269a     1                 f256main
    2fae     2fae      1b8     1         midiTest.lto.o:(.text.textPrint)
    2fae     2fae      1b8     1                 textPrint
    3166     3166      5a6     1         midiTest.lto.o:(.text.dispatchNote)
    3166     3166      5a6     1                 dispatchNote
    370c     370c      6c7     1         midiTest.lto.o:(.text.launchBeat)
    370c     370c      6c7     1                 launchBeat
    3dd3     3dd3      1c0     1         midiTest.lto.o:(.text.escReset)
    3dd3     3dd3      1c0     1                 escReset
    3f93     3f93      103     1         midiTest.lto.o:(.text.prepTempoLUT)
    3f93     3f93      103     1                 prepTempoLUT
    4096     4096       bb     1         midiTest.lto.o:(.text.textPrintUInt)
    4096     4096       bb     1                 textPrintUInt
    4151     4151       d4     1         midiTest.lto.o:(.text.opl3_setInstrument)
    4151     4151       d4     1                 opl3_setInstrument
    4225     4225       88     1         midiTest.lto.o:(.text.sid_setInstrument)
    4225     4225       88     1                 sid_setInstrument
    42ad     42ad       67     1         midiTest.lto.o:(.text.sid_setInstrumentAllChannels)
    42ad     42ad       67     1                 sid_setInstrumentAllChannels
    4314     4314      292     1         midiTest.lto.o:(.text.getBeatTrackNoteInfo)
    4314     4314      292     1                 getBeatTrackNoteInfo
    45a6     45a6      246     1         midiTest.lto.o:(.text.setupMem4Track)
    45a6     45a6      246     1                 setupMem4Track
    47ec     47ec       d7     1         midiTest.lto.o:(.text.channelTextMenu)
    47ec     47ec       d7     1                 channelTextMenu
    48c3     48c3       67     1         midiTest.lto.o:(.text.refreshBeatTextChoice)
    48c3     48c3       67     1                 refreshBeatTextChoice
    492a     492a       5a     1         midiTest.lto.o:(.text.updateTempoText)
    492a     492a       5a     1                 updateTempoText
    4984     4984       f8     1         midiTest.lto.o:(.text.showChipChoiceText)
    4984     4984       f8     1                 showChipChoiceText
    4a7c     4a7c       82     1         midiTest.lto.o:(.text.showMIDIChoiceText)
    4a7c     4a7c       82     1                 showMIDIChoiceText
    4afe     4afe      2d4     1         midiTest.lto.o:(.text.textTitle)
    4afe     4afe      2d4     1                 textTitle
    4dd2     4dd2      1d1     1         midiTest.lto.o:(.text.highLightInstChoice)
    4dd2     4dd2      1d1     1                 highLightInstChoice
    4fa3     4fa3       6b     1         midiTest.lto.o:(.text.modalMoveUp)
    4fa3     4fa3       6b     1                 modalMoveUp
    500e     500e       6b     1         midiTest.lto.o:(.text.modalMoveDown)
    500e     500e       6b     1                 modalMoveDown
    5079     5079        5     1         midiTest.lto.o:(.text.exit)
    5079     5079        5     1                 exit
    507e     507e       db     1         midiTest.lto.o:(.text._ZN12_GLOBAL__N_13putEcP6Status)
    507e     507e       db     1                 (anonymous namespace)::put(char, Status*)
    5159     5159      10c     1         midiTest.lto.o:(.text._ZN12_GLOBAL__N_112print_stringEPKcP6Status)
    5159     5159      10c     1                 (anonymous namespace)::print_string(char const*, Status*)
    5265     5265      c2c     1         midiTest.lto.o:(.text.printf)
    5265     5265      c2c     1                 printf
    5e91     5e91      1d3     1         midiTest.lto.o:(.text.malloc)
    5e91     5e91      1d3     1                 malloc
    6064     6064       2c     1         midiTest.lto.o:(.text.memcpy)
    6064     6064       2c     1                 memcpy
    6090     6090       20     1         midiTest.lto.o:(.text.__memset)
    6090     6090       20     1                 __memset
    60b0     60b0       17     1         midiTest.lto.o:(.text.__ashlsi3)
    60b0     60b0       17     1                 __ashlsi3
    60c7     60c7       17     1         midiTest.lto.o:(.text.__lshrsi3)
    60c7     60c7       17     1                 __lshrsi3
    60de     60de       1b     1         midiTest.lto.o:(.text.__mulqi3)
    60de     60de       1b     1                 __mulqi3
    60f9     60f9       32     1         midiTest.lto.o:(.text.__mulhi3)
    60f9     60f9       32     1                 __mulhi3
    612b     612b       70     1         midiTest.lto.o:(.text.__mulsi3)
    612b     612b       70     1                 __mulsi3
    619b     619b       f8     1         midiTest.lto.o:(.text.__muldi3)
    619b     619b       f8     1                 __muldi3
    6293     6293       5c     1         midiTest.lto.o:(.text.__udivqi3)
    6293     6293       5c     1                 __udivqi3
    62ef     62ef       c0     1         midiTest.lto.o:(.text.__udivhi3)
    62ef     62ef       c0     1                 __udivhi3
    63af     63af      147     1         midiTest.lto.o:(.text.__umodsi3)
    63af     63af      147     1                 __umodsi3
    64f6     64f6       6e     1         midiTest.lto.o:(.text.__udivmodqi4)
    64f6     64f6       6e     1                 __udivmodqi4
    6564     6564       db     1         midiTest.lto.o:(.text.__udivmodhi4)
    6564     6564       db     1                 __udivmodhi4
    663f     663f      b92     1         midiTest.lto.o:(.text.__divsf3)
    663f     663f      b92     1                 __divsf3
    71d1     71d1       7c     1         midiTest.lto.o:(.text.__fixunssfsi)
    71d1     71d1       7c     1                 __fixunssfsi
    724d     724d      353     1         midiTest.lto.o:(.text.__floatunsisf)
    724d     724d      353     1                 __floatunsisf
    75a0     75a0        0     1         __init_array_start = .
    75a0     75a0        0     1         __init_array_end = .
    75a0     75a0        0     1         __fini_array_start = .
    75a0     75a0        0     1         __fini_array_end = .
    75a0     75a0     10af     1 .rodata
    75a0     75a0        1     1         D:\F256\llvm-mos\f256dev\llvm-mos\bin/../mos-platform/common/lib\libcrt.a(const.S.obj):(.rodata)
    75a0     75a0        0     1                 __set_v
    75a1     75a1       16     1         midiTest.lto.o:(.rodata.f256main)
    75b7     75b7        a     1         midiTest.lto.o:(.rodata.dispatchNote)
    75c1     75c1        8     1         midiTest.lto.o:(.rodata.showChipChoiceText)
    75c9     75c9       3a     1         midiTest.lto.o:(.rodata.printf)
    7603     7603      c6a     1         <internal>:(.rodata.str1.1)
    826d     826d       30     1         midiTest.lto.o:(.rodata.textColors)
    826d     826d       30     1                 textColors
    829d     829d        6     1         midiTest.lto.o:(.rodata.polyPSGChanBits)
    829d     829d        6     1                 polyPSGChanBits
    82a3     82a3        6     1         midiTest.lto.o:(.rodata.sidChoiceToVoice)
    82a3     82a3        6     1                 sidChoiceToVoice
    82a9     82a9       58     1         midiTest.lto.o:(.rodata.noteColors)
    82a9     82a9       58     1                 noteColors
    8301     8301       18     1         midiTest.lto.o:(.rodata.opl3_fnums)
    8301     8301       18     1                 opl3_fnums
    8319     8319       40     1         midiTest.lto.o:(.rodata.psgLow)
    8319     8319       40     1                 psgLow
    8359     8359       40     1         midiTest.lto.o:(.rodata.psgHigh)
    8359     8359       40     1                 psgHigh
    8399     8399       60     1         midiTest.lto.o:(.rodata.sidLow)
    8399     8399       60     1                 sidLow
    83f9     83f9       38     1         midiTest.lto.o:(.rodata.rtmplugin)
    83f9     83f9       38     1                 rtmplugin
    8431     8431        c     1         midiTest.lto.o:(.rodata.beat60_notes)
    8431     8431        c     1                 beat60_notes
    843d     843d        c     1         midiTest.lto.o:(.rodata.beat60_delays)
    843d     843d        c     1                 beat60_delays
    8449     8449        8     1         midiTest.lto.o:(.rodata.beat61_notes)
    8449     8449        8     1                 beat61_notes
    8451     8451        8     1         midiTest.lto.o:(.rodata.beat61_delays)
    8451     8451        8     1                 beat61_delays
    8459     8459        c     1         midiTest.lto.o:(.rodata.beat62_notes)
    8459     8459        c     1                 beat62_notes
    8465     8465        c     1         midiTest.lto.o:(.rodata.beat62_delays)
    8465     8465        c     1                 beat62_delays
    8471     8471        c     1         midiTest.lto.o:(.rodata.beat63_notes)
    8471     8471        c     1                 beat63_notes
    847d     847d        c     1         midiTest.lto.o:(.rodata.beat63_delays)
    847d     847d        c     1                 beat63_delays
    8489     8489        c     1         midiTest.lto.o:(.rodata.beat64_notes)
    8489     8489        c     1                 beat64_notes
    8495     8495        c     1         midiTest.lto.o:(.rodata.beat64_delays)
    8495     8495        c     1                 beat64_delays
    84a1     84a1       20     1         midiTest.lto.o:(.rodata.beat65_notes)
    84a1     84a1       20     1                 beat65_notes
    84c1     84c1       20     1         midiTest.lto.o:(.rodata.beat65_delays)
    84c1     84c1       20     1                 beat65_delays
    84e1     84e1       2d     1         midiTest.lto.o:(.rodata.sid_instrument_defs)
    84e1     84e1       2d     1                 sid_instrument_defs
    850e     850e        b     1         midiTest.lto.o:(.rodata.opl3_instrument_defs)
    850e     850e        b     1                 opl3_instrument_defs
    8519     8519      100     1         midiTest.lto.o:(.rodata.midi_instruments)
    8519     8519      100     1                 midi_instruments
    8619     8619        a     1         midiTest.lto.o:(.rodata.sid_instruments_names)
    8619     8619        a     1                 sid_instruments_names
    8623     8623       2c     1         midiTest.lto.o:(.rodata.opl3_instrument_names)
    8623     8623       2c     1                 opl3_instrument_names
    864f     864f        0     1 .data
    864f     864f        0     1         __data_start = .
    864f     864f        0     1         __data_end = .
    864f     864f        0     1 __data_load_start = LOADADDR(.data)
    864f     864f        0     1 __data_size = SIZEOF(.data)
    864f     864f        8     1 .bss
    864f     864f        0     1         __bss_start = .
    864f     864f        4     1         midiTest.lto.o:(.bss._BITMAP_BASE.0)
    864f     864f        4     1                 _BITMAP_BASE.0
    8653     8653        1     1         midiTest.lto.o:(.bss.kernelError)
    8653     8653        1     1                 kernelError
    8654     8654        1     1         midiTest.lto.o:(.bss._ZN12_GLOBAL__N_19last_freeE)
    8654     8654        1     1                 (anonymous namespace)::last_free
    8655     8655        2     1         midiTest.lto.o:(.bss._ZN12_GLOBAL__N_19free_listE)
    8655     8655        2     1                 (anonymous namespace)::free_list
    8657     8657        0     1         __bss_end = .
    8657     8657        0     1 __bss_size = SIZEOF(.bss)
    8657     8657        0     1 .noinit
    8657     8657        0     1         __heap_start = ALIGN(., 2)
    8657     8657        0     1 end_block8 = .
    8657     8657        0     1 end_block9 = .
    8657     8657        0     1 end_block10 = .
    8657     8657        0     1 end_block11 = .
    8657     8657        0     1 end_block12 = .
    8657     8657        0     1 end_block13 = .
    8657     8657        0     1 end_block14 = .
    8657     8657        0     1 end_block15 = .
    8657     8657        0     1 end_block16 = .
    8657     8657        0     1 end_block17 = .
    8657     8657        0     1 end_block18 = .
    8657     8657        0     1 end_block19 = .
    8657     8657        0     1 end_block20 = .
    8657     8657        0     1 end_block21 = .
    8657     8657        0     1 end_block22 = .
    8657     8657        0     1 end_block23 = .
   30000    30000      3fc    16 .palpiano
   30000    30000      3fc    16         midiTest.lto.o:(.palpiano)
   30000    30000        0     1                 palpiano_start
   303fc    303fc        0     1                 palpiano_end
   303fc    303fc        0     1 end_palpiano = .
   38000    38000    12c00    16 .pia1
   38000    38000    12c00    16         midiTest.lto.o:(.pia1)
   38000    38000        0     1                 pia1_start
   4ac00    4ac00        0     1                 pia1_end
   4ac00    4ac00        0     1 end_pia1 = .
       0        0      138     1 .comment
       0        0      138     1         <internal>:(.comment)
       0        0      da0     4 .symtab
       0        0      da0     4         <internal>:(.symtab)
       0        0       6a     1 .shstrtab
       0        0       6a     1         <internal>:(.shstrtab)
       0        0      aba     1 .strtab
       0        0      aba     1         <internal>:(.strtab)
