     VMA      LMA     Size Align Out     In      Symbol
       0        0        0     1 PROVIDE(__stack = 0xC000)
       0        0        0     1 PROVIDE(__f256_start = 0x300)
       0        0        0     1 PROVIDE(__BLOCK_SIZE = 0x2000)
       0        0        0     1 PROVIDE(__SLOT_ADDR = 0xC000)
       0        0        0     1 __rc0 = 0x10
       0        0        0     1 __rc1 = __rc0 + 1
       0        0        0     1 PROVIDE(__rc2 = __rc1 + 1)
       0        0        0     1 __rc3 = __rc2 + 1
       0        0        0     1 PROVIDE(__rc4 = __rc3 + 1)
       0        0        0     1 __rc5 = __rc4 + 1
       0        0        0     1 PROVIDE(__rc6 = __rc5 + 1)
       0        0        0     1 __rc7 = __rc6 + 1
       0        0        0     1 PROVIDE(__rc8 = __rc7 + 1)
       0        0        0     1 __rc9 = __rc8 + 1
       0        0        0     1 PROVIDE(__rc10 = __rc9 + 1)
       0        0        0     1 __rc11 = __rc10 + 1
       0        0        0     1 PROVIDE(__rc12 = __rc11 + 1)
       0        0        0     1 __rc13 = __rc12 + 1
       0        0        0     1 PROVIDE(__rc14 = __rc13 + 1)
       0        0        0     1 __rc15 = __rc14 + 1
       0        0        0     1 PROVIDE(__rc16 = __rc15 + 1)
       0        0        0     1 __rc17 = __rc16 + 1
       0        0        0     1 PROVIDE(__rc18 = __rc17 + 1)
       0        0        0     1 __rc19 = __rc18 + 1
       0        0        0     1 PROVIDE(__rc20 = __rc19 + 1)
       0        0        0     1 __rc21 = __rc20 + 1
       0        0        0     1 PROVIDE(__rc22 = __rc21 + 1)
       0        0        0     1 __rc23 = __rc22 + 1
       0        0        0     1 PROVIDE(__rc24 = __rc23 + 1)
       0        0        0     1 __rc25 = __rc24 + 1
       0        0        0     1 PROVIDE(__rc26 = __rc25 + 1)
       0        0        0     1 __rc27 = __rc26 + 1
       0        0        0     1 PROVIDE(__rc28 = __rc27 + 1)
       0        0        0     1 __rc29 = __rc28 + 1
       0        0        0     1 PROVIDE(__rc30 = __rc29 + 1)
       0        0        0     1 __rc31 = __rc30 + 1
       0        0        0     1 
       0        0        0     1 
       0        0        0     1 __block8_lma = ( 8<<24)|__SLOT_ADDR
       0        0        0     1 __block9_lma = ( 9<<24)|__SLOT_ADDR
       0        0        0     1 __block10_lma = (10<<24)|__SLOT_ADDR
       0        0        0     1 __block11_lma = (11<<24)|__SLOT_ADDR
       0        0        0     1 __block12_lma = (12<<24)|__SLOT_ADDR
       0        0        0     1 __block13_lma = (13<<24)|__SLOT_ADDR
       0        0        0     1 __block14_lma = (14<<24)|__SLOT_ADDR
       0        0        0     1 __block15_lma = (15<<24)|__SLOT_ADDR
       0        0        0     1 __block16_lma = (16<<24)|__SLOT_ADDR
       0        0        0     1 __block17_lma = (17<<24)|__SLOT_ADDR
       0        0        0     1 __block18_lma = (18<<24)|__SLOT_ADDR
       0        0        0     1 __block19_lma = (19<<24)|__SLOT_ADDR
       0        0        0     1 __block20_lma = (20<<24)|__SLOT_ADDR
       0        0        0     1 __block21_lma = (21<<24)|__SLOT_ADDR
       0        0        0     1 __block22_lma = (22<<24)|__SLOT_ADDR
       0        0        0     1 __block23_lma = (23<<24)|__SLOT_ADDR
       0        0        0     1 __palpiano_lma = 0x30000
       0        0        0     1 __palpiano_size = 0x3fc
       0        0        0     1 __pia1_lma = 0x38000
       0        0        0     1 __pia1_size = 0x12c00
      30      300       1b     1 .zp.data
      30      300        0     1         __zp_data_start = .
      30      300       1b     1         midiTest.lto.o:(.zp.data)
      30      300        1     1                 _ccolor
      31      301        2     1                 note
      33      303       12     1                 tempoLUTRef
      45      315        6     1                 polyPSGChanBits
      4b      31b        0     1 __zp_data_load_start = LOADADDR(.zp.data)
      4b      31b        0     1 __zp_data_size = SIZEOF(.zp.data)
      4b       4b       3e     1 .zp.bss
      4b       4b        0     1         __zp_bss_start = .
      4b       4b       3e     1         midiTest.lto.o:(.zp.bss)
      4b       4b        1     1                 _col
      4c       4c        1     1                 _row
      4d       4d        2     1                 __putchar.s
      4f       4f        6     1                 polyPSGBuffer
      55       55        6     1                 polySIDBuffer
      5b       5b        9     1                 polyOPL3Buffer
      64       64        1     1                 instSelectMode
      65       65        1     1                 needsToWaitExpiration
      66       66        1     1                 altHit
      67       67        1     1                 shiftHit
      68       68        2     1                 gPtr
      6a       6a       12     1                 mainTempoLUT
      7c       7c        2     1                 theBeats
      7e       7e        1     1                 refTimer.1
      7f       7f        2     1                 oldCursorNote
      81       81        7     1                 kernelEventData
      88       88        1     1                 (anonymous namespace)::initialized
      89       89        0     1 __zp_bss_size = SIZEOF(.zp.bss)
      89       89       67     1 .zp
      89       89       67     1         midiTest.lto.o:(.zp.noinit)
     31c      31c     8f8b     2 .text
     31c      31c        0     1         _init = .
     31c      31c        0     1         _start = .
     31c      31c        8     1         D:\F256\llvm-mos\f256dev\llvm-mos\bin/../mos-platform/f256/lib\libcrt0.a(init-stack.S.obj):(.init.100)
     31c      31c        0     1                 __do_init_stack
     324      324        3     1         D:\F256\llvm-mos\f256dev\llvm-mos\bin/../mos-platform/f256/lib\libcrt0.a(zero-bss.c.obj):(.init.200)
     324      324        0     1                 __do_zero_bss
     327      327        3     1         D:\F256\llvm-mos\f256dev\llvm-mos\bin/../mos-platform/f256/lib\libcrt0.a(zero-zp-bss.c.obj):(.init.200)
     327      327        0     1                 __do_zero_zp_bss
     32a      32a        3     1         D:\F256\llvm-mos\f256dev\llvm-mos\bin/../mos-platform/f256/lib\libcrt0.a(copy-zp-data.c.obj):(.init.200)
     32a      32a        0     1                 __do_copy_zp_data
     32d      32d        3     1         D:\F256\llvm-mos\f256dev\llvm-mos\bin/../mos-platform/common/lib\crt0.o:(.call_main)
     330      330        3     1         D:\F256\llvm-mos\f256dev\llvm-mos\bin/../mos-platform/f256/lib\libcrt0.a(exit-custom.S.obj):(.after_main)
     330      330        0     1                 __after_main
     333      333        0     1         _fini = .
     333      333        1     1         D:\F256\llvm-mos\f256dev\llvm-mos\bin/../mos-platform/common/lib\crt0.o:(.fini_rts)
     334      334      13d     2         midiTest.lto.o:(.text._ZN12_GLOBAL__N_19FreeChunk6insertEPvj)
     334      334      13d     1                 (anonymous namespace)::FreeChunk::insert(void*, unsigned int)
     471      471       13     1         D:\F256\llvm-mos\f256dev\llvm-mos\bin/../mos-platform/f256/lib\libcrt0.a(zero-bss.c.obj):(.text.__zero_bss)
     471      471       13     1                 __zero_bss
     484      484       13     1         D:\F256\llvm-mos\f256dev\llvm-mos\bin/../mos-platform/f256/lib\libcrt0.a(zero-zp-bss.c.obj):(.text.__zero_zp_bss)
     484      484       13     1                 __zero_zp_bss
     497      497       17     1         D:\F256\llvm-mos\f256dev\llvm-mos\bin/../mos-platform/f256/lib\libcrt0.a(copy-zp-data.c.obj):(.text.__copy_zp_data)
     497      497       17     1                 __copy_zp_data
     4ae      4ae      3a0     1         midiTest.lto.o:(.text.f256Init)
     4ae      4ae      3a0     1                 f256Init
     84e      84e        6     1         midiTest.lto.o:(.text.main)
     84e      84e        6     1                 main
     854      854     4508     1         midiTest.lto.o:(.text.f256main)
     854      854     4508     1                 f256main
    4d5c     4d5c      1b8     1         midiTest.lto.o:(.text.textPrint)
    4d5c     4d5c      1b8     1                 textPrint
    4f14     4f14      3b8     1         midiTest.lto.o:(.text.dispatchNote)
    4f14     4f14      3b8     1                 dispatchNote
    52cc     52cc       6e     1         midiTest.lto.o:(.text.prepTempoLUT)
    52cc     52cc       6e     1                 prepTempoLUT
    533a     533a      1c3     1         midiTest.lto.o:(.text.escReset)
    533a     533a      1c3     1                 escReset
    54fd     54fd       83     1         midiTest.lto.o:(.text.shutAllMIDIchans)
    54fd     54fd       83     1                 shutAllMIDIchans
    5580     5580       bb     1         midiTest.lto.o:(.text.textPrintUInt)
    5580     5580       bb     1                 textPrintUInt
    563b     563b      11f     1         midiTest.lto.o:(.text.opl3_setInstrumentAllChannels)
    563b     563b      11f     1                 opl3_setInstrumentAllChannels
    575a     575a       88     1         midiTest.lto.o:(.text.sid_setInstrument)
    575a     575a       88     1                 sid_setInstrument
    57e2     57e2       79     1         midiTest.lto.o:(.text.sid_setInstrumentAllChannels)
    57e2     57e2       79     1                 sid_setInstrumentAllChannels
    585b     585b      386     1         midiTest.lto.o:(.text.refreshInstrumentText)
    585b     585b      386     1                 refreshInstrumentText
    5be1     5be1       ea     1         midiTest.lto.o:(.text.channelTextMenu)
    5be1     5be1       ea     1                 channelTextMenu
    5ccb     5ccb       ed     1         midiTest.lto.o:(.text.refreshBeatTextChoice)
    5ccb     5ccb       ed     1                 refreshBeatTextChoice
    5db8     5db8       5a     1         midiTest.lto.o:(.text.updateTempoText)
    5db8     5db8       5a     1                 updateTempoText
    5e12     5e12       f8     1         midiTest.lto.o:(.text.showChipChoiceText)
    5e12     5e12       f8     1                 showChipChoiceText
    5f0a     5f0a       82     1         midiTest.lto.o:(.text.showMIDIChoiceText)
    5f0a     5f0a       82     1                 showMIDIChoiceText
    5f8c     5f8c      2d0     1         midiTest.lto.o:(.text.textTitle)
    5f8c     5f8c      2d0     1                 textTitle
    625c     625c      1d1     1         midiTest.lto.o:(.text.highLightInstChoice)
    625c     625c      1d1     1                 highLightInstChoice
    642d     642d       6b     1         midiTest.lto.o:(.text.modalMoveUp)
    642d     642d       6b     1                 modalMoveUp
    6498     6498       6b     1         midiTest.lto.o:(.text.modalMoveDown)
    6498     6498       6b     1                 modalMoveDown
    6503     6503        5     1         midiTest.lto.o:(.text.exit)
    6503     6503        5     1                 exit
    6508     6508       db     1         midiTest.lto.o:(.text._ZN12_GLOBAL__N_13putEcP6Status)
    6508     6508       db     1                 (anonymous namespace)::put(char, Status*)
    65e3     65e3      10c     1         midiTest.lto.o:(.text._ZN12_GLOBAL__N_112print_stringEPKcP6Status)
    65e3     65e3      10c     1                 (anonymous namespace)::print_string(char const*, Status*)
    66ef     66ef      c2c     1         midiTest.lto.o:(.text.printf)
    66ef     66ef      c2c     1                 printf
    731b     731b      2b4     1         midiTest.lto.o:(.text.malloc)
    731b     731b      2b4     1                 malloc
    75cf     75cf       2c     1         midiTest.lto.o:(.text.memcpy)
    75cf     75cf       2c     1                 memcpy
    75fb     75fb       20     1         midiTest.lto.o:(.text.__memset)
    75fb     75fb       20     1                 __memset
    761b     761b       17     1         midiTest.lto.o:(.text.__ashlsi3)
    761b     761b       17     1                 __ashlsi3
    7632     7632       17     1         midiTest.lto.o:(.text.__lshrsi3)
    7632     7632       17     1                 __lshrsi3
    7649     7649       1b     1         midiTest.lto.o:(.text.__mulqi3)
    7649     7649       1b     1                 __mulqi3
    7664     7664       32     1         midiTest.lto.o:(.text.__mulhi3)
    7664     7664       32     1                 __mulhi3
    7696     7696       70     1         midiTest.lto.o:(.text.__mulsi3)
    7696     7696       70     1                 __mulsi3
    7706     7706       f8     1         midiTest.lto.o:(.text.__muldi3)
    7706     7706       f8     1                 __muldi3
    77fe     77fe      147     1         midiTest.lto.o:(.text.__umodsi3)
    77fe     77fe      147     1                 __umodsi3
    7945     7945       6e     1         midiTest.lto.o:(.text.__udivmodqi4)
    7945     7945       6e     1                 __udivmodqi4
    79b3     79b3       db     1         midiTest.lto.o:(.text.__udivmodhi4)
    79b3     79b3       db     1                 __udivmodhi4
    7a8e     7a8e      8b8     1         midiTest.lto.o:(.text.__mulsf3)
    7a8e     7a8e      8b8     1                 __mulsf3
    8346     8346      b92     1         midiTest.lto.o:(.text.__divsf3)
    8346     8346      b92     1                 __divsf3
    8ed8     8ed8       7c     1         midiTest.lto.o:(.text.__fixunssfsi)
    8ed8     8ed8       7c     1                 __fixunssfsi
    8f54     8f54      353     1         midiTest.lto.o:(.text.__floatunsisf)
    8f54     8f54      353     1                 __floatunsisf
    92a7     92a7        0     1         __init_array_start = .
    92a7     92a7        0     1         __init_array_end = .
    92a7     92a7        0     1         __fini_array_start = .
    92a7     92a7        0     1         __fini_array_end = .
    92a7     92a7     10a6     1 .rodata
    92a7     92a7        1     1         D:\F256\llvm-mos\f256dev\llvm-mos\bin/../mos-platform/common/lib\libcrt.a(const.S.obj):(.rodata)
    92a7     92a7        0     1                 __set_v
    92a8     92a8       2c     1         midiTest.lto.o:(.rodata.f256main)
    92d4     92d4        8     1         midiTest.lto.o:(.rodata.dispatchNote)
    92dc     92dc        8     1         midiTest.lto.o:(.rodata.refreshBeatTextChoice)
    92e4     92e4        8     1         midiTest.lto.o:(.rodata.showChipChoiceText)
    92ec     92ec       3a     1         midiTest.lto.o:(.rodata.printf)
    9326     9326      cc0     1         <internal>:(.rodata.str1.1)
    9fe6     9fe6       30     1         midiTest.lto.o:(.rodata.textColors)
    9fe6     9fe6       30     1                 textColors
    a016     a016        6     1         midiTest.lto.o:(.rodata.sidChoiceToVoice)
    a016     a016        6     1                 sidChoiceToVoice
    a01c     a01c       58     1         midiTest.lto.o:(.rodata.noteColors)
    a01c     a01c       58     1                 noteColors
    a074     a074        6     1         midiTest.lto.o:(.rodata..Lswitch.table.f256main)
    a07a     a07a       5a     1         midiTest.lto.o:(.rodata.opl3_instrument_defs)
    a07a     a07a       5a     1                 opl3_instrument_defs
    a0d4     a0d4       18     1         midiTest.lto.o:(.rodata.opl3_fnums)
    a0d4     a0d4       18     1                 opl3_fnums
    a0ec     a0ec       40     1         midiTest.lto.o:(.rodata.psgLow)
    a0ec     a0ec       40     1                 psgLow
    a12c     a12c       40     1         midiTest.lto.o:(.rodata.psgHigh)
    a12c     a12c       40     1                 psgHigh
    a16c     a16c       2d     1         midiTest.lto.o:(.rodata.sid_instrument_defs)
    a16c     a16c       2d     1                 sid_instrument_defs
    a199     a199       60     1         midiTest.lto.o:(.rodata.sidLow)
    a199     a199       60     1                 sidLow
    a1f9     a1f9       38     1         midiTest.lto.o:(.rodata.rtmplugin)
    a1f9     a1f9       38     1                 rtmplugin
    a231     a231      100     1         midiTest.lto.o:(.rodata.midi_instruments)
    a231     a231      100     1                 midi_instruments
    a331     a331        a     1         midiTest.lto.o:(.rodata.sid_instruments_names)
    a331     a331        a     1                 sid_instruments_names
    a33b     a33b       12     1         midiTest.lto.o:(.rodata.opl3_instrument_names)
    a33b     a33b       12     1                 opl3_instrument_names
    a34d     a34d        0     1 .data
    a34d     a34d        0     1         __data_start = .
    a34d     a34d        0     1         __data_end = .
    a34d     a34d        0     1 __data_load_start = LOADADDR(.data)
    a34d     a34d        0     1 __data_size = SIZEOF(.data)
    a34d     a34d      108     1 .bss
    a34d     a34d        0     1         __bss_start = .
    a34d     a34d        4     1         midiTest.lto.o:(.bss._BITMAP_BASE.0)
    a34d     a34d        4     1                 _BITMAP_BASE.0
    a351     a351       ff     1         midiTest.lto.o:(.bss.diagBuffer)
    a351     a351       ff     1                 diagBuffer
    a450     a450        1     1         midiTest.lto.o:(.bss.kernelError)
    a450     a450        1     1                 kernelError
    a451     a451        2     1         midiTest.lto.o:(.bss._ZN12_GLOBAL__N_19free_sizeE)
    a451     a451        2     1                 (anonymous namespace)::free_size
    a453     a453        2     1         midiTest.lto.o:(.bss._ZN12_GLOBAL__N_19free_listE)
    a453     a453        2     1                 (anonymous namespace)::free_list
    a455     a455        0     1         __bss_end = .
    a455     a455        0     1 __bss_size = SIZEOF(.bss)
    a455     a455        0     1 .noinit
    a455     a455        0     1         __heap_start = ALIGN(., 2)
    a455     a455        0     1 end_block8 = .
    a455     a455        0     1 end_block9 = .
    a455     a455        0     1 end_block10 = .
    a455     a455        0     1 end_block11 = .
    a455     a455        0     1 end_block12 = .
    a455     a455        0     1 end_block13 = .
    a455     a455        0     1 end_block14 = .
    a455     a455        0     1 end_block15 = .
    a455     a455        0     1 end_block16 = .
    a455     a455        0     1 end_block17 = .
    a455     a455        0     1 end_block18 = .
    a455     a455        0     1 end_block19 = .
    a455     a455        0     1 end_block20 = .
    a455     a455        0     1 end_block21 = .
    a455     a455        0     1 end_block22 = .
    a455     a455        0     1 end_block23 = .
   30000    30000      3fc    16 .palpiano
   30000    30000      3fc    16         midiTest.lto.o:(.palpiano)
   30000    30000        0     1                 palpiano_start
   303fc    303fc        0     1                 palpiano_end
   303fc    303fc        0     1 end_palpiano = .
   38000    38000    12c00    16 .pia1
   38000    38000    12c00    16         midiTest.lto.o:(.pia1)
   38000    38000        0     1                 pia1_start
   4ac00    4ac00        0     1                 pia1_end
   4ac00    4ac00        0     1 end_pia1 = .
       0        0      138     1 .comment
       0        0      138     1         <internal>:(.comment)
       0        0      c40     4 .symtab
       0        0      c40     4         <internal>:(.symtab)
       0        0       6a     1 .shstrtab
       0        0       6a     1         <internal>:(.shstrtab)
       0        0      98e     1 .strtab
       0        0      98e     1         <internal>:(.strtab)
