     VMA      LMA     Size Align Out     In      Symbol
       0        0        0     1 PROVIDE(__stack = 0xA000)
       0        0        0     1 PROVIDE(__f256_start = 0x300)
       0        0        0     1 PROVIDE(__BLOCK_SIZE = 0x2000)
       0        0        0     1 PROVIDE(__SLOT_ADDR = 0xA000)
       0        0        0     1 __rc0 = 0x10
       0        0        0     1 __rc1 = __rc0 + 1
       0        0        0     1 PROVIDE(__rc2 = __rc1 + 1)
       0        0        0     1 __rc3 = __rc2 + 1
       0        0        0     1 PROVIDE(__rc4 = __rc3 + 1)
       0        0        0     1 __rc5 = __rc4 + 1
       0        0        0     1 PROVIDE(__rc6 = __rc5 + 1)
       0        0        0     1 __rc7 = __rc6 + 1
       0        0        0     1 PROVIDE(__rc8 = __rc7 + 1)
       0        0        0     1 __rc9 = __rc8 + 1
       0        0        0     1 PROVIDE(__rc10 = __rc9 + 1)
       0        0        0     1 __rc11 = __rc10 + 1
       0        0        0     1 PROVIDE(__rc12 = __rc11 + 1)
       0        0        0     1 __rc13 = __rc12 + 1
       0        0        0     1 PROVIDE(__rc14 = __rc13 + 1)
       0        0        0     1 __rc15 = __rc14 + 1
       0        0        0     1 PROVIDE(__rc16 = __rc15 + 1)
       0        0        0     1 __rc17 = __rc16 + 1
       0        0        0     1 PROVIDE(__rc18 = __rc17 + 1)
       0        0        0     1 __rc19 = __rc18 + 1
       0        0        0     1 PROVIDE(__rc20 = __rc19 + 1)
       0        0        0     1 __rc21 = __rc20 + 1
       0        0        0     1 PROVIDE(__rc22 = __rc21 + 1)
       0        0        0     1 __rc23 = __rc22 + 1
       0        0        0     1 PROVIDE(__rc24 = __rc23 + 1)
       0        0        0     1 __rc25 = __rc24 + 1
       0        0        0     1 PROVIDE(__rc26 = __rc25 + 1)
       0        0        0     1 __rc27 = __rc26 + 1
       0        0        0     1 PROVIDE(__rc28 = __rc27 + 1)
       0        0        0     1 __rc29 = __rc28 + 1
       0        0        0     1 PROVIDE(__rc30 = __rc29 + 1)
       0        0        0     1 __rc31 = __rc30 + 1
       0        0        0     1 
       0        0        0     1 
       0        0        0     1 __block8_lma = ( 8<<24)|__SLOT_ADDR
       0        0        0     1 __block9_lma = ( 9<<24)|__SLOT_ADDR
       0        0        0     1 __block10_lma = (10<<24)|__SLOT_ADDR
       0        0        0     1 __block11_lma = (11<<24)|__SLOT_ADDR
       0        0        0     1 __block12_lma = (12<<24)|__SLOT_ADDR
       0        0        0     1 __block13_lma = (13<<24)|__SLOT_ADDR
       0        0        0     1 __block14_lma = (14<<24)|__SLOT_ADDR
       0        0        0     1 __block15_lma = (15<<24)|__SLOT_ADDR
       0        0        0     1 __block16_lma = (16<<24)|__SLOT_ADDR
       0        0        0     1 __block17_lma = (17<<24)|__SLOT_ADDR
       0        0        0     1 __block18_lma = (18<<24)|__SLOT_ADDR
       0        0        0     1 __block19_lma = (19<<24)|__SLOT_ADDR
       0        0        0     1 __block20_lma = (20<<24)|__SLOT_ADDR
       0        0        0     1 __block21_lma = (21<<24)|__SLOT_ADDR
       0        0        0     1 __block22_lma = (22<<24)|__SLOT_ADDR
       0        0        0     1 __block23_lma = (23<<24)|__SLOT_ADDR
       0        0        0     1 __palpiano_lma = 0x20000
       0        0        0     1 __palpiano_size = 0x3fc
       0        0        0     1 __pia1_lma = 0x28000
       0        0        0     1 __pia1_size = 0x8000
       0        0        0     1 __pia2_lma = 0x30000
       0        0        0     1 __pia2_size = 0x8000
       0        0        0     1 __pia3_lma = 0x38000
       0        0        0     1 __pia3_size = 0x2c00
      30      300       22     1 .zp.data
      30      300        0     1         __zp_data_start = .
      30      300       22     1         midiTest.lto.o:(.zp.data)
      30      300        1     1                 _ccolor
      31      301        2     1                 note
      33      303       12     1                 tempoLUTRef
      45      315        1     1                 mainTempo
      46      316        6     1                 sidChoiceToVoice
      4c      31c        6     1                 sidInstPerVoice
      52      322        0     1 __zp_data_load_start = LOADADDR(.zp.data)
      52      322        0     1 __zp_data_size = SIZEOF(.zp.data)
      52       52       41     1 .zp.bss
      52       52        0     1         __zp_bss_start = .
      52       52       41     1         midiTest.lto.o:(.zp.bss)
      52       52        7     1                 kernelEventData
      59       59        1     1                 _col
      5a       5a        1     1                 _row
      5b       5b        2     1                 __putchar.s
      5d       5d        1     1                 selectBeat
      5e       5e       14     1                 prgInst
      72       72        1     1                 sidInstChoice
      73       73        1     1                 chSelect
      74       74        1     1                 isTwinLinked
      75       75        1     1                 wantVS1053
      76       76        1     1                 chipChoice
      77       77        1     1                 sidPolyCount
      78       78        1     1                 polyPSGcount
      79       79       12     1                 mainTempoLUT
      8b       8b        1     1                 refTimer.1
      8c       8c        2     1                 oldCursorNote
      8e       8e        1     1                 (anonymous namespace)::initialized
      8f       8f        2     1                 (anonymous namespace)::free_size
      91       91        2     1                 (anonymous namespace)::free_list
      93       93        0     1 __zp_bss_size = SIZEOF(.zp.bss)
      93       93       5d     1 .zp
      93       93       5d     1         midiTest.lto.o:(.zp.noinit)
     322      322     73b9     2 .text
     322      322        0     1         _init = .
     322      322        0     1         _start = .
     322      322        8     1         D:\F256\llvm-mos\f256dev\llvm-mos\bin/../mos-platform/f256/lib\libcrt0.a(init-stack.S.obj):(.init.100)
     322      322        0     1                 __do_init_stack
     32a      32a        3     1         D:\F256\llvm-mos\f256dev\llvm-mos\bin/../mos-platform/f256/lib\libcrt0.a(zero-bss.c.obj):(.init.200)
     32a      32a        0     1                 __do_zero_bss
     32d      32d        3     1         D:\F256\llvm-mos\f256dev\llvm-mos\bin/../mos-platform/f256/lib\libcrt0.a(zero-zp-bss.c.obj):(.init.200)
     32d      32d        0     1                 __do_zero_zp_bss
     330      330        3     1         D:\F256\llvm-mos\f256dev\llvm-mos\bin/../mos-platform/f256/lib\libcrt0.a(copy-zp-data.c.obj):(.init.200)
     330      330        0     1                 __do_copy_zp_data
     333      333        3     1         D:\F256\llvm-mos\f256dev\llvm-mos\bin/../mos-platform/common/lib\crt0.o:(.call_main)
     336      336        3     1         D:\F256\llvm-mos\f256dev\llvm-mos\bin/../mos-platform/f256/lib\libcrt0.a(exit-custom.S.obj):(.after_main)
     336      336        0     1                 __after_main
     339      339        0     1         _fini = .
     339      339        1     1         D:\F256\llvm-mos\f256dev\llvm-mos\bin/../mos-platform/common/lib\crt0.o:(.fini_rts)
     33a      33a      133     2         midiTest.lto.o:(.text._ZN12_GLOBAL__N_19FreeChunk6insertEPvj)
     33a      33a      133     1                 (anonymous namespace)::FreeChunk::insert(void*, unsigned int)
     46d      46d       13     1         D:\F256\llvm-mos\f256dev\llvm-mos\bin/../mos-platform/f256/lib\libcrt0.a(zero-bss.c.obj):(.text.__zero_bss)
     46d      46d       13     1                 __zero_bss
     480      480       13     1         D:\F256\llvm-mos\f256dev\llvm-mos\bin/../mos-platform/f256/lib\libcrt0.a(zero-zp-bss.c.obj):(.text.__zero_zp_bss)
     480      480       13     1                 __zero_zp_bss
     493      493       17     1         D:\F256\llvm-mos\f256dev\llvm-mos\bin/../mos-platform/f256/lib\libcrt0.a(copy-zp-data.c.obj):(.text.__copy_zp_data)
     493      493       17     1                 __copy_zp_data
     4aa      4aa      3a0     1         midiTest.lto.o:(.text.f256Init)
     4aa      4aa      3a0     1                 f256Init
     84a      84a        6     1         midiTest.lto.o:(.text.main)
     84a      84a        6     1                 main
     850      850     319e     1         midiTest.lto.o:(.text.f256main)
     850      850     319e     1                 f256main
    39ee     39ee      1b8     1         midiTest.lto.o:(.text.textPrint)
    39ee     39ee      1b8     1                 textPrint
    3ba6     3ba6      11e     1         midiTest.lto.o:(.text.dispatchNote)
    3ba6     3ba6      11e     1                 dispatchNote
    3cc4     3cc4       64     1         midiTest.lto.o:(.text.prepTempoLUT)
    3cc4     3cc4       64     1                 prepTempoLUT
    3d28     3d28       58     1         midiTest.lto.o:(.text.updateTempoText)
    3d28     3d28       58     1                 updateTempoText
    3d80     3d80      2cf     1         midiTest.lto.o:(.text.textTitle)
    3d80     3d80      2cf     1                 textTitle
    404f     404f      31d     1         midiTest.lto.o:(.text.refreshInstrumentText)
    404f     404f      31d     1                 refreshInstrumentText
    436c     436c       da     1         midiTest.lto.o:(.text.channelTextMenu)
    436c     436c       da     1                 channelTextMenu
    4446     4446       ef     1         midiTest.lto.o:(.text.refreshBeatTextChoice)
    4446     4446       ef     1                 refreshBeatTextChoice
    4535     4535       5d     1         midiTest.lto.o:(.text.modalMoveUp)
    4535     4535       5d     1                 modalMoveUp
    4592     4592       5b     1         midiTest.lto.o:(.text.modalMoveDown)
    4592     4592       5b     1                 modalMoveDown
    45ed     45ed       b1     1         midiTest.lto.o:(.text.prepSIDinstruments)
    45ed     45ed       b1     1                 prepSIDinstruments
    469e     469e       f6     1         midiTest.lto.o:(.text.showChipChoiceText)
    469e     469e       f6     1                 showChipChoiceText
    4794     4794       89     1         midiTest.lto.o:(.text.showMIDIChoiceText)
    4794     4794       89     1                 showMIDIChoiceText
    481d     481d      152     1         midiTest.lto.o:(.text.highLightInstChoice)
    481d     481d      152     1                 highLightInstChoice
    496f     496f       bb     1         midiTest.lto.o:(.text.textPrintUInt)
    496f     496f       bb     1                 textPrintUInt
    4a2a     4a2a        d     1         midiTest.lto.o:(.text.__putchar)
    4a2a     4a2a        d     1                 __putchar
    4a37     4a37        5     1         midiTest.lto.o:(.text.exit)
    4a37     4a37        5     1                 exit
    4a3c     4a3c       d1     1         midiTest.lto.o:(.text._ZN12_GLOBAL__N_13putEcP6Status)
    4a3c     4a3c       d1     1                 (anonymous namespace)::put(char, Status*)
    4b0d     4b0d      10d     1         midiTest.lto.o:(.text._ZN12_GLOBAL__N_112print_stringEPKcP6Status)
    4b0d     4b0d      10d     1                 (anonymous namespace)::print_string(char const*, Status*)
    4c1a     4c1a      bb0     1         midiTest.lto.o:(.text.printf)
    4c1a     4c1a      bb0     1                 printf
    57ca     57ca        c     1         midiTest.lto.o:(.text.putchar)
    57ca     57ca        c     1                 putchar
    57d6     57d6      2ad     1         midiTest.lto.o:(.text.malloc)
    57d6     57d6      2ad     1                 malloc
    5a83     5a83       2c     1         midiTest.lto.o:(.text.memcpy)
    5a83     5a83       2c     1                 memcpy
    5aaf     5aaf       20     1         midiTest.lto.o:(.text.__memset)
    5aaf     5aaf       20     1                 __memset
    5acf     5acf       17     1         midiTest.lto.o:(.text.__ashlsi3)
    5acf     5acf       17     1                 __ashlsi3
    5ae6     5ae6       17     1         midiTest.lto.o:(.text.__lshrsi3)
    5ae6     5ae6       17     1                 __lshrsi3
    5afd     5afd       1b     1         midiTest.lto.o:(.text.__mulqi3)
    5afd     5afd       1b     1                 __mulqi3
    5b18     5b18       32     1         midiTest.lto.o:(.text.__mulhi3)
    5b18     5b18       32     1                 __mulhi3
    5b4a     5b4a       70     1         midiTest.lto.o:(.text.__mulsi3)
    5b4a     5b4a       70     1                 __mulsi3
    5bba     5bba       f8     1         midiTest.lto.o:(.text.__muldi3)
    5bba     5bba       f8     1                 __muldi3
    5cb2     5cb2      147     1         midiTest.lto.o:(.text.__umodsi3)
    5cb2     5cb2      147     1                 __umodsi3
    5df9     5df9       db     1         midiTest.lto.o:(.text.__udivmodhi4)
    5df9     5df9       db     1                 __udivmodhi4
    5ed4     5ed4      8b8     1         midiTest.lto.o:(.text.__mulsf3)
    5ed4     5ed4      8b8     1                 __mulsf3
    678c     678c      b80     1         midiTest.lto.o:(.text.__divsf3)
    678c     678c      b80     1                 __divsf3
    730c     730c       7c     1         midiTest.lto.o:(.text.__fixunssfsi)
    730c     730c       7c     1                 __fixunssfsi
    7388     7388      353     1         midiTest.lto.o:(.text.__floatunsisf)
    7388     7388      353     1                 __floatunsisf
    76db     76db        0     1         __init_array_start = .
    76db     76db        0     1         __init_array_end = .
    76db     76db        0     1         __fini_array_start = .
    76db     76db        0     1         __fini_array_end = .
    76db     76db      ed1     1 .rodata
    76db     76db        1     1         D:\F256\llvm-mos\f256dev\llvm-mos\bin/../mos-platform/common/lib\libcrt.a(const.S.obj):(.rodata)
    76db     76db        0     1                 __set_v
    76dc     76dc       16     1         midiTest.lto.o:(.rodata.f256main)
    76f2     76f2        8     1         midiTest.lto.o:(.rodata.refreshBeatTextChoice)
    76fa     76fa        8     1         midiTest.lto.o:(.rodata.showChipChoiceText)
    7702     7702       3a     1         midiTest.lto.o:(.rodata.printf)
    773c     773c       30     1         midiTest.lto.o:(.rodata.textColors)
    773c     773c       30     1                 textColors
    776c     776c      bf6     1         <internal>:(.rodata.str1.1)
    8362     8362       60     1         midiTest.lto.o:(.rodata.sidLow)
    8362     8362       60     1                 sidLow
    83c2     83c2       40     1         midiTest.lto.o:(.rodata.psgLow)
    83c2     83c2       40     1                 psgLow
    8402     8402       40     1         midiTest.lto.o:(.rodata.psgHigh)
    8402     8402       40     1                 psgHigh
    8442     8442       58     1         midiTest.lto.o:(.rodata.noteColors)
    8442     8442       58     1                 noteColors
    849a     849a        c     1         midiTest.lto.o:(.rodata.sid_instruments)
    849a     849a        c     1                 sid_instruments
    84a6     84a6      100     1         midiTest.lto.o:(.rodata.midi_instruments)
    84a6     84a6      100     1                 midi_instruments
    85a6     85a6        6     1         midiTest.lto.o:(.rodata..Lswitch.table.f256main)
    85ac     85ac        0     1 .data
    85ac     85ac        0     1         __data_start = .
    85ac     85ac        0     1         __data_end = .
    85ac     85ac        0     1 __data_load_start = LOADADDR(.data)
    85ac     85ac        0     1 __data_size = SIZEOF(.data)
    85ac     85ac       51     1 .bss
    85ac     85ac        0     1         __bss_start = .
    85ac     85ac        4     1         midiTest.lto.o:(.bss._BITMAP_BASE.0)
    85ac     85ac        4     1                 _BITMAP_BASE.0
    85b0     85b0       4c     1         midiTest.lto.o:(.bss.theBeats)
    85b0     85b0       4c     1                 theBeats
    85fc     85fc        1     1         midiTest.lto.o:(.bss.kernelError)
    85fc     85fc        1     1                 kernelError
    85fd     85fd        0     1         __bss_end = .
    85fd     85fd        0     1 __bss_size = SIZEOF(.bss)
    85fd     85fd        0     1 .noinit
    85fd     85fd        0     1         __heap_start = ALIGN(., 2)
    85fd     85fd        0     1 end_block8 = .
    85fd     85fd        0     1 end_block9 = .
    85fd     85fd        0     1 end_block10 = .
    85fd     85fd        0     1 end_block11 = .
    85fd     85fd        0     1 end_block12 = .
    85fd     85fd        0     1 end_block13 = .
    85fd     85fd        0     1 end_block14 = .
    85fd     85fd        0     1 end_block15 = .
    85fd     85fd        0     1 end_block16 = .
    85fd     85fd        0     1 end_block17 = .
    85fd     85fd        0     1 end_block18 = .
    85fd     85fd        0     1 end_block19 = .
    85fd     85fd        0     1 end_block20 = .
    85fd     85fd        0     1 end_block21 = .
    85fd     85fd        0     1 end_block22 = .
    85fd     85fd        0     1 end_block23 = .
   20000    20000      3fc    16 .palpiano
   20000    20000      3fc    16         midiTest.lto.o:(.palpiano)
   20000    20000        0     1                 palpiano_start
   203fc    203fc        0     1                 palpiano_end
   203fc    203fc        0     1 end_palpiano = .
   28000    28000     8000    16 .pia1
   28000    28000     8000    16         midiTest.lto.o:(.pia1)
   28000    28000        0     1                 pia1_start
   30000    30000        0     1                 pia1_end
   30000    30000        0     1 end_pia1 = .
   30000    30000     8000    16 .pia2
   30000    30000     8000    16         midiTest.lto.o:(.pia2)
   30000    30000        0     1                 pia2_start
   38000    38000        0     1                 pia2_end
   38000    38000        0     1 end_pia2 = .
   38000    38000     2c00    16 .pia3
   38000    38000     2c00    16         midiTest.lto.o:(.pia3)
   38000    38000        0     1                 pia3_start
   3ac00    3ac00        0     1                 pia3_end
   3ac00    3ac00        0     1 end_pia3 = .
       0        0      138     1 .comment
       0        0      138     1         <internal>:(.comment)
       0        0      c70     4 .symtab
       0        0      c70     4         <internal>:(.symtab)
       0        0       76     1 .shstrtab
       0        0       76     1         <internal>:(.shstrtab)
       0        0      94e     1 .strtab
       0        0      94e     1         <internal>:(.strtab)
