     VMA      LMA     Size Align Out     In      Symbol
       0        0        0     1 PROVIDE(__stack = 0xC000)
       0        0        0     1 PROVIDE(__f256_start = 0x300)
       0        0        0     1 PROVIDE(__BLOCK_SIZE = 0x2000)
       0        0        0     1 PROVIDE(__SLOT_ADDR = 0xC000)
       0        0        0     1 __rc0 = 0x10
       0        0        0     1 __rc1 = __rc0 + 1
       0        0        0     1 PROVIDE(__rc2 = __rc1 + 1)
       0        0        0     1 __rc3 = __rc2 + 1
       0        0        0     1 PROVIDE(__rc4 = __rc3 + 1)
       0        0        0     1 __rc5 = __rc4 + 1
       0        0        0     1 PROVIDE(__rc6 = __rc5 + 1)
       0        0        0     1 __rc7 = __rc6 + 1
       0        0        0     1 PROVIDE(__rc8 = __rc7 + 1)
       0        0        0     1 __rc9 = __rc8 + 1
       0        0        0     1 PROVIDE(__rc10 = __rc9 + 1)
       0        0        0     1 __rc11 = __rc10 + 1
       0        0        0     1 PROVIDE(__rc12 = __rc11 + 1)
       0        0        0     1 __rc13 = __rc12 + 1
       0        0        0     1 PROVIDE(__rc14 = __rc13 + 1)
       0        0        0     1 __rc15 = __rc14 + 1
       0        0        0     1 PROVIDE(__rc16 = __rc15 + 1)
       0        0        0     1 __rc17 = __rc16 + 1
       0        0        0     1 PROVIDE(__rc18 = __rc17 + 1)
       0        0        0     1 __rc19 = __rc18 + 1
       0        0        0     1 PROVIDE(__rc20 = __rc19 + 1)
       0        0        0     1 __rc21 = __rc20 + 1
       0        0        0     1 PROVIDE(__rc22 = __rc21 + 1)
       0        0        0     1 __rc23 = __rc22 + 1
       0        0        0     1 PROVIDE(__rc24 = __rc23 + 1)
       0        0        0     1 __rc25 = __rc24 + 1
       0        0        0     1 PROVIDE(__rc26 = __rc25 + 1)
       0        0        0     1 __rc27 = __rc26 + 1
       0        0        0     1 PROVIDE(__rc28 = __rc27 + 1)
       0        0        0     1 __rc29 = __rc28 + 1
       0        0        0     1 PROVIDE(__rc30 = __rc29 + 1)
       0        0        0     1 __rc31 = __rc30 + 1
       0        0        0     1 
       0        0        0     1 
       0        0        0     1 __block8_lma = ( 8<<24)|__SLOT_ADDR
       0        0        0     1 __block9_lma = ( 9<<24)|__SLOT_ADDR
       0        0        0     1 __block10_lma = (10<<24)|__SLOT_ADDR
       0        0        0     1 __block11_lma = (11<<24)|__SLOT_ADDR
       0        0        0     1 __block12_lma = (12<<24)|__SLOT_ADDR
       0        0        0     1 __block13_lma = (13<<24)|__SLOT_ADDR
       0        0        0     1 __block14_lma = (14<<24)|__SLOT_ADDR
       0        0        0     1 __block15_lma = (15<<24)|__SLOT_ADDR
       0        0        0     1 __block16_lma = (16<<24)|__SLOT_ADDR
       0        0        0     1 __block17_lma = (17<<24)|__SLOT_ADDR
       0        0        0     1 __block18_lma = (18<<24)|__SLOT_ADDR
       0        0        0     1 __block19_lma = (19<<24)|__SLOT_ADDR
       0        0        0     1 __block20_lma = (20<<24)|__SLOT_ADDR
       0        0        0     1 __block21_lma = (21<<24)|__SLOT_ADDR
       0        0        0     1 __block22_lma = (22<<24)|__SLOT_ADDR
       0        0        0     1 __block23_lma = (23<<24)|__SLOT_ADDR
       0        0        0     1 __palpiano_lma = 0x30000
       0        0        0     1 __palpiano_size = 0x3fc
       0        0        0     1 __pia1_lma = 0x38000
       0        0        0     1 __pia1_size = 0x12c00
      30      300        9     1 .zp.data
      30      300        0     1         __zp_data_start = .
      30      300        9     1         midiTest.lto.o:(.zp.data)
      30      300        1     1                 _ccolor
      31      301        2     1                 note
      33      303        6     1                 polyPSGChanBits
      39      309        0     1 __zp_data_load_start = LOADADDR(.zp.data)
      39      309        0     1 __zp_data_size = SIZEOF(.zp.data)
      39       39       56     1 .zp.bss
      39       39        0     1         __zp_bss_start = .
      39       39       56     1         midiTest.lto.o:(.zp.bss)
      39       39        1     1                 _col
      3a       3a        1     1                 _row
      3b       3b        2     1                 __putchar.s
      3d       3d        1     1                 instSelectMode
      3e       3e        1     1                 needsToWaitExpiration
      3f       3f        1     1                 altHit
      40       40        1     1                 shiftHit
      41       41        2     1                 theBeats
      43       43        1     1                 refTimer.1
      44       44        2     1                 oldCursorNote
      46       46        1     1                 chipAct.0
      47       47        1     1                 chipAct.1
      48       48        1     1                 chipAct.2
      49       49        1     1                 chipAct.3
      4a       4a        1     1                 chipAct.4
      4b       4b        6     1                 polySIDBuffer
      51       51        6     1                 reservedSID
      57       57        6     1                 polyPSGBuffer
      5d       5d       12     1                 polyOPL3Buffer
      6f       6f       12     1                 reservedOPL3
      81       81        2     1                 gPtr
      83       83        7     1                 kernelEventData
      8a       8a        1     1                 (anonymous namespace)::initialized
      8b       8b        2     1                 (anonymous namespace)::free_size
      8d       8d        2     1                 (anonymous namespace)::free_list
      8f       8f        0     1 __zp_bss_size = SIZEOF(.zp.bss)
      8f       8f       61     1 .zp
      8f       8f       61     1         midiTest.lto.o:(.zp.noinit)
     30a      30a     9330     2 .text
     30a      30a        0     1         _init = .
     30a      30a        0     1         _start = .
     30a      30a        8     1         D:\F256\llvm-mos\f256dev\llvm-mos\bin/../mos-platform/f256/lib\libcrt0.a(init-stack.S.obj):(.init.100)
     30a      30a        0     1                 __do_init_stack
     312      312        3     1         D:\F256\llvm-mos\f256dev\llvm-mos\bin/../mos-platform/f256/lib\libcrt0.a(zero-bss.c.obj):(.init.200)
     312      312        0     1                 __do_zero_bss
     315      315        3     1         D:\F256\llvm-mos\f256dev\llvm-mos\bin/../mos-platform/f256/lib\libcrt0.a(zero-zp-bss.c.obj):(.init.200)
     315      315        0     1                 __do_zero_zp_bss
     318      318        3     1         D:\F256\llvm-mos\f256dev\llvm-mos\bin/../mos-platform/f256/lib\libcrt0.a(copy-zp-data.c.obj):(.init.200)
     318      318        0     1                 __do_copy_zp_data
     31b      31b        3     1         D:\F256\llvm-mos\f256dev\llvm-mos\bin/../mos-platform/common/lib\crt0.o:(.call_main)
     31e      31e        3     1         D:\F256\llvm-mos\f256dev\llvm-mos\bin/../mos-platform/f256/lib\libcrt0.a(exit-custom.S.obj):(.after_main)
     31e      31e        0     1                 __after_main
     321      321        0     1         _fini = .
     321      321        1     1         D:\F256\llvm-mos\f256dev\llvm-mos\bin/../mos-platform/common/lib\crt0.o:(.fini_rts)
     322      322      135     2         midiTest.lto.o:(.text._ZN12_GLOBAL__N_19FreeChunk6insertEPvj)
     322      322      135     1                 (anonymous namespace)::FreeChunk::insert(void*, unsigned int)
     458      458       d7     2         midiTest.lto.o:(.text._ZN12_GLOBAL__N_19FreeChunk6removeEv)
     458      458       d7     1                 (anonymous namespace)::FreeChunk::remove()
     52f      52f       13     1         D:\F256\llvm-mos\f256dev\llvm-mos\bin/../mos-platform/f256/lib\libcrt0.a(zero-bss.c.obj):(.text.__zero_bss)
     52f      52f       13     1                 __zero_bss
     542      542       13     1         D:\F256\llvm-mos\f256dev\llvm-mos\bin/../mos-platform/f256/lib\libcrt0.a(zero-zp-bss.c.obj):(.text.__zero_zp_bss)
     542      542       13     1                 __zero_zp_bss
     555      555       17     1         D:\F256\llvm-mos\f256dev\llvm-mos\bin/../mos-platform/f256/lib\libcrt0.a(copy-zp-data.c.obj):(.text.__copy_zp_data)
     555      555       17     1                 __copy_zp_data
     56c      56c      3f5     1         midiTest.lto.o:(.text.f256Init)
     56c      56c      3f5     1                 f256Init
     961      961        6     1         midiTest.lto.o:(.text.main)
     961      961        6     1                 main
     967      967     372e     1         midiTest.lto.o:(.text.f256main)
     967      967     372e     1                 f256main
    4095     4095      1e7     1         midiTest.lto.o:(.text.textPrint)
    4095     4095      1e7     1                 textPrint
    427c     427c       c2     1         midiTest.lto.o:(.text.textPrintUInt)
    427c     427c       c2     1                 textPrintUInt
    433e     433e      d36     1         midiTest.lto.o:(.text.launchBeat)
    433e     433e      d36     1                 launchBeat
    5074     5074      312     1         midiTest.lto.o:(.text.escReset)
    5074     5074      312     1                 escReset
    5386     5386      832     1         midiTest.lto.o:(.text.dispatchNote)
    5386     5386      832     1                 dispatchNote
    5bb8     5bb8      1b5     1         midiTest.lto.o:(.text.opl3_setInstrumentAllChannels)
    5bb8     5bb8      1b5     1                 opl3_setInstrumentAllChannels
    5d6d     5d6d      29c     1         midiTest.lto.o:(.text.getBeatTrackNoteInfo)
    5d6d     5d6d      29c     1                 getBeatTrackNoteInfo
    6009     6009      246     1         midiTest.lto.o:(.text.setupMem4Track)
    6009     6009      246     1                 setupMem4Track
    624f     624f      35b     1         midiTest.lto.o:(.text.refreshInstrumentText)
    624f     624f      35b     1                 refreshInstrumentText
    65aa     65aa      16f     1         midiTest.lto.o:(.text.channelTextMenu)
    65aa     65aa      16f     1                 channelTextMenu
    6719     6719      2b5     1         midiTest.lto.o:(.text.showChipChoiceText)
    6719     6719      2b5     1                 showChipChoiceText
    69ce     69ce      549     1         midiTest.lto.o:(.text.textTitle)
    69ce     69ce      549     1                 textTitle
    6f17     6f17      1bf     1         midiTest.lto.o:(.text.highLightInstChoice)
    6f17     6f17      1bf     1                 highLightInstChoice
    70d6     70d6        5     1         midiTest.lto.o:(.text.exit)
    70d6     70d6        5     1                 exit
    70db     70db       db     1         midiTest.lto.o:(.text._ZN12_GLOBAL__N_13putEcP6Status)
    70db     70db       db     1                 (anonymous namespace)::put(char, Status*)
    71b6     71b6      10c     1         midiTest.lto.o:(.text._ZN12_GLOBAL__N_112print_stringEPKcP6Status)
    71b6     71b6      10c     1                 (anonymous namespace)::print_string(char const*, Status*)
    72c2     72c2      c2c     1         midiTest.lto.o:(.text.printf)
    72c2     72c2      c2c     1                 printf
    7eee     7eee      1d1     1         midiTest.lto.o:(.text.malloc)
    7eee     7eee      1d1     1                 malloc
    80bf     80bf       2c     1         midiTest.lto.o:(.text.memcpy)
    80bf     80bf       2c     1                 memcpy
    80eb     80eb       20     1         midiTest.lto.o:(.text.__memset)
    80eb     80eb       20     1                 __memset
    810b     810b       17     1         midiTest.lto.o:(.text.__ashlsi3)
    810b     810b       17     1                 __ashlsi3
    8122     8122       17     1         midiTest.lto.o:(.text.__lshrsi3)
    8122     8122       17     1                 __lshrsi3
    8139     8139       1b     1         midiTest.lto.o:(.text.__mulqi3)
    8139     8139       1b     1                 __mulqi3
    8154     8154       32     1         midiTest.lto.o:(.text.__mulhi3)
    8154     8154       32     1                 __mulhi3
    8186     8186       70     1         midiTest.lto.o:(.text.__mulsi3)
    8186     8186       70     1                 __mulsi3
    81f6     81f6       f8     1         midiTest.lto.o:(.text.__muldi3)
    81f6     81f6       f8     1                 __muldi3
    82ee     82ee       5c     1         midiTest.lto.o:(.text.__udivqi3)
    82ee     82ee       5c     1                 __udivqi3
    834a     834a       c0     1         midiTest.lto.o:(.text.__udivhi3)
    834a     834a       c0     1                 __udivhi3
    840a     840a       3f     1         midiTest.lto.o:(.text.__umodqi3)
    840a     840a       3f     1                 __umodqi3
    8449     8449      147     1         midiTest.lto.o:(.text.__umodsi3)
    8449     8449      147     1                 __umodsi3
    8590     8590       6e     1         midiTest.lto.o:(.text.__udivmodqi4)
    8590     8590       6e     1                 __udivmodqi4
    85fe     85fe       db     1         midiTest.lto.o:(.text.__udivmodhi4)
    85fe     85fe       db     1                 __udivmodhi4
    86d9     86d9      b92     1         midiTest.lto.o:(.text.__divsf3)
    86d9     86d9      b92     1                 __divsf3
    926b     926b       7c     1         midiTest.lto.o:(.text.__fixunssfsi)
    926b     926b       7c     1                 __fixunssfsi
    92e7     92e7      353     1         midiTest.lto.o:(.text.__floatunsisf)
    92e7     92e7      353     1                 __floatunsisf
    963a     963a        0     1         __init_array_start = .
    963a     963a        0     1         __init_array_end = .
    963a     963a        0     1         __fini_array_start = .
    963a     963a        0     1         __fini_array_end = .
    963a     963a     13f5     1 .rodata
    963a     963a        1     1         D:\F256\llvm-mos\f256dev\llvm-mos\bin/../mos-platform/common/lib\libcrt.a(const.S.obj):(.rodata)
    963a     963a        0     1                 __set_v
    963b     963b       ae     1         midiTest.lto.o:(.rodata.f256main)
    96e9     96e9        a     1         midiTest.lto.o:(.rodata.dispatchNote)
    96f3     96f3        8     1         midiTest.lto.o:(.rodata.channelTextMenu)
    96fb     96fb        8     1         midiTest.lto.o:(.rodata.showChipChoiceText)
    9703     9703       3a     1         midiTest.lto.o:(.rodata.printf)
    973d     973d       30     1         midiTest.lto.o:(.rodata.textColors)
    973d     973d       30     1                 textColors
    976d     976d       58     1         midiTest.lto.o:(.rodata.noteColors)
    976d     976d       58     1                 noteColors
    97c5     97c5       7b     1         midiTest.lto.o:(.rodata.KeyCodesToMIDINotes)
    97c5     97c5       7b     1                 KeyCodesToMIDINotes
    9840     9840      db4     1         <internal>:(.rodata.str1.1)
    a5f4     a5f4        6     1         midiTest.lto.o:(.rodata.sidChoiceToVoice)
    a5f4     a5f4        6     1                 sidChoiceToVoice
    a5fa     a5fa       18     1         midiTest.lto.o:(.rodata.opl3_fnums)
    a5fa     a5fa       18     1                 opl3_fnums
    a612     a612       40     1         midiTest.lto.o:(.rodata.psgLow)
    a612     a612       40     1                 psgLow
    a652     a652       40     1         midiTest.lto.o:(.rodata.psgHigh)
    a652     a652       40     1                 psgHigh
    a692     a692       60     1         midiTest.lto.o:(.rodata.sidLow)
    a692     a692       60     1                 sidLow
    a6f2     a6f2       38     1         midiTest.lto.o:(.rodata.rtmplugin)
    a6f2     a6f2       38     1                 rtmplugin
    a72a     a72a        c     1         midiTest.lto.o:(.rodata.beat60_notes)
    a72a     a72a        c     1                 beat60_notes
    a736     a736        c     1         midiTest.lto.o:(.rodata.beat60_delays)
    a736     a736        c     1                 beat60_delays
    a742     a742        8     1         midiTest.lto.o:(.rodata.beat61_notes)
    a742     a742        8     1                 beat61_notes
    a74a     a74a        8     1         midiTest.lto.o:(.rodata.beat61_delays)
    a74a     a74a        8     1                 beat61_delays
    a752     a752        c     1         midiTest.lto.o:(.rodata.beat62_notes)
    a752     a752        c     1                 beat62_notes
    a75e     a75e        c     1         midiTest.lto.o:(.rodata.beat62_delays)
    a75e     a75e        c     1                 beat62_delays
    a76a     a76a        c     1         midiTest.lto.o:(.rodata.beat63_notes)
    a76a     a76a        c     1                 beat63_notes
    a776     a776        c     1         midiTest.lto.o:(.rodata.beat63_delays)
    a776     a776        c     1                 beat63_delays
    a782     a782        c     1         midiTest.lto.o:(.rodata.beat64_notes)
    a782     a782        c     1                 beat64_notes
    a78e     a78e        c     1         midiTest.lto.o:(.rodata.beat64_delays)
    a78e     a78e        c     1                 beat64_delays
    a79a     a79a       20     1         midiTest.lto.o:(.rodata.beat65_notes)
    a79a     a79a       20     1                 beat65_notes
    a7ba     a7ba       20     1         midiTest.lto.o:(.rodata.beat65_delays)
    a7ba     a7ba       20     1                 beat65_delays
    a7da     a7da       2d     1         midiTest.lto.o:(.rodata.sid_instrument_defs)
    a7da     a7da       2d     1                 sid_instrument_defs
    a807     a807       f2     1         midiTest.lto.o:(.rodata.opl3_instrument_defs)
    a807     a807       f2     1                 opl3_instrument_defs
    a8f9     a8f9      100     1         midiTest.lto.o:(.rodata.midi_instruments)
    a8f9     a8f9      100     1                 midi_instruments
    a9f9     a9f9        a     1         midiTest.lto.o:(.rodata.sid_instruments_names)
    a9f9     a9f9        a     1                 sid_instruments_names
    aa03     aa03       2c     1         midiTest.lto.o:(.rodata.opl3_instrument_names)
    aa03     aa03       2c     1                 opl3_instrument_names
    aa2f     aa2f        0     1 .data
    aa2f     aa2f        0     1         __data_start = .
    aa2f     aa2f        0     1         __data_end = .
    aa2f     aa2f        0     1 __data_load_start = LOADADDR(.data)
    aa2f     aa2f        0     1 __data_size = SIZEOF(.data)
    aa2f     aa2f       18     1 .bss
    aa2f     aa2f        0     1         __bss_start = .
    aa2f     aa2f        4     1         midiTest.lto.o:(.bss._BITMAP_BASE.0)
    aa2f     aa2f        4     1                 _BITMAP_BASE.0
    aa33     aa33       12     1         midiTest.lto.o:(.bss.mainTempoLUT)
    aa33     aa33       12     1                 mainTempoLUT
    aa45     aa45        1     1         midiTest.lto.o:(.bss.kernelError)
    aa45     aa45        1     1                 kernelError
    aa46     aa46        1     1         midiTest.lto.o:(.bss._ZN12_GLOBAL__N_19last_freeE)
    aa46     aa46        1     1                 (anonymous namespace)::last_free
    aa47     aa47        0     1         __bss_end = .
    aa47     aa47        0     1 __bss_size = SIZEOF(.bss)
    aa47     aa47        0     1 .noinit
    aa47     aa47        0     1         __heap_start = ALIGN(., 2)
    aa47     aa47        0     1 end_block8 = .
    aa47     aa47        0     1 end_block9 = .
    aa47     aa47        0     1 end_block10 = .
    aa47     aa47        0     1 end_block11 = .
    aa47     aa47        0     1 end_block12 = .
    aa47     aa47        0     1 end_block13 = .
    aa47     aa47        0     1 end_block14 = .
    aa47     aa47        0     1 end_block15 = .
    aa47     aa47        0     1 end_block16 = .
    aa47     aa47        0     1 end_block17 = .
    aa47     aa47        0     1 end_block18 = .
    aa47     aa47        0     1 end_block19 = .
    aa47     aa47        0     1 end_block20 = .
    aa47     aa47        0     1 end_block21 = .
    aa47     aa47        0     1 end_block22 = .
    aa47     aa47        0     1 end_block23 = .
   30000    30000      3fc    16 .palpiano
   30000    30000      3fc    16         midiTest.lto.o:(.palpiano)
   30000    30000        0     1                 palpiano_start
   303fc    303fc        0     1                 palpiano_end
   303fc    303fc        0     1 end_palpiano = .
   38000    38000    12c00    16 .pia1
   38000    38000    12c00    16         midiTest.lto.o:(.pia1)
   38000    38000        0     1                 pia1_start
   4ac00    4ac00        0     1                 pia1_end
   4ac00    4ac00        0     1 end_pia1 = .
       0        0      138     1 .comment
       0        0      138     1         <internal>:(.comment)
       0        0      d40     4 .symtab
       0        0      d40     4         <internal>:(.symtab)
       0        0       6a     1 .shstrtab
       0        0       6a     1         <internal>:(.shstrtab)
       0        0      a5e     1 .strtab
       0        0      a5e     1         <internal>:(.strtab)
