     VMA      LMA     Size Align Out     In      Symbol
       0        0        0     1 PROVIDE(__stack = 0xA000)
       0        0        0     1 PROVIDE(__f256_start = 0x300)
       0        0        0     1 PROVIDE(__BLOCK_SIZE = 0x2000)
       0        0        0     1 PROVIDE(__SLOT_ADDR = 0xA000)
       0        0        0     1 __rc0 = 0x10
       0        0        0     1 __rc1 = __rc0 + 1
       0        0        0     1 PROVIDE(__rc2 = __rc1 + 1)
       0        0        0     1 __rc3 = __rc2 + 1
       0        0        0     1 PROVIDE(__rc4 = __rc3 + 1)
       0        0        0     1 __rc5 = __rc4 + 1
       0        0        0     1 PROVIDE(__rc6 = __rc5 + 1)
       0        0        0     1 __rc7 = __rc6 + 1
       0        0        0     1 PROVIDE(__rc8 = __rc7 + 1)
       0        0        0     1 __rc9 = __rc8 + 1
       0        0        0     1 PROVIDE(__rc10 = __rc9 + 1)
       0        0        0     1 __rc11 = __rc10 + 1
       0        0        0     1 PROVIDE(__rc12 = __rc11 + 1)
       0        0        0     1 __rc13 = __rc12 + 1
       0        0        0     1 PROVIDE(__rc14 = __rc13 + 1)
       0        0        0     1 __rc15 = __rc14 + 1
       0        0        0     1 PROVIDE(__rc16 = __rc15 + 1)
       0        0        0     1 __rc17 = __rc16 + 1
       0        0        0     1 PROVIDE(__rc18 = __rc17 + 1)
       0        0        0     1 __rc19 = __rc18 + 1
       0        0        0     1 PROVIDE(__rc20 = __rc19 + 1)
       0        0        0     1 __rc21 = __rc20 + 1
       0        0        0     1 PROVIDE(__rc22 = __rc21 + 1)
       0        0        0     1 __rc23 = __rc22 + 1
       0        0        0     1 PROVIDE(__rc24 = __rc23 + 1)
       0        0        0     1 __rc25 = __rc24 + 1
       0        0        0     1 PROVIDE(__rc26 = __rc25 + 1)
       0        0        0     1 __rc27 = __rc26 + 1
       0        0        0     1 PROVIDE(__rc28 = __rc27 + 1)
       0        0        0     1 __rc29 = __rc28 + 1
       0        0        0     1 PROVIDE(__rc30 = __rc29 + 1)
       0        0        0     1 __rc31 = __rc30 + 1
       0        0        0     1 
       0        0        0     1 
       0        0        0     1 __block8_lma = ( 8<<24)|__SLOT_ADDR
       0        0        0     1 __block9_lma = ( 9<<24)|__SLOT_ADDR
       0        0        0     1 __block10_lma = (10<<24)|__SLOT_ADDR
       0        0        0     1 __block11_lma = (11<<24)|__SLOT_ADDR
       0        0        0     1 __block12_lma = (12<<24)|__SLOT_ADDR
       0        0        0     1 __block13_lma = (13<<24)|__SLOT_ADDR
       0        0        0     1 __block14_lma = (14<<24)|__SLOT_ADDR
       0        0        0     1 __block15_lma = (15<<24)|__SLOT_ADDR
       0        0        0     1 __block16_lma = (16<<24)|__SLOT_ADDR
       0        0        0     1 __block17_lma = (17<<24)|__SLOT_ADDR
       0        0        0     1 __block18_lma = (18<<24)|__SLOT_ADDR
       0        0        0     1 __block19_lma = (19<<24)|__SLOT_ADDR
       0        0        0     1 __block20_lma = (20<<24)|__SLOT_ADDR
       0        0        0     1 __block21_lma = (21<<24)|__SLOT_ADDR
       0        0        0     1 __block22_lma = (22<<24)|__SLOT_ADDR
       0        0        0     1 __block23_lma = (23<<24)|__SLOT_ADDR
       0        0        0     1 __palpiano_lma = 0x30000
       0        0        0     1 __palpiano_size = 0x3fc
       0        0        0     1 __pia1_lma = 0x38000
       0        0        0     1 __pia1_size = 0x12c00
      30      300       21     1 .zp.data
      30      300        0     1         __zp_data_start = .
      30      300       21     1         midiTest.lto.o:(.zp.data)
      30      300        1     1                 _ccolor
      31      301        2     1                 note
      33      303       12     1                 tempoLUTRef
      45      315        6     1                 polyPSGChanBits
      4b      31b        6     1                 sidChoiceToVoice
      51      321        0     1 __zp_data_load_start = LOADADDR(.zp.data)
      51      321        0     1 __zp_data_size = SIZEOF(.zp.data)
      51       51       3b     1 .zp.bss
      51       51        0     1         __zp_bss_start = .
      51       51       3b     1         midiTest.lto.o:(.zp.bss)
      51       51        1     1                 _col
      52       52        1     1                 _row
      53       53        2     1                 __putchar.s
      55       55        6     1                 polyPSGBuffer
      5b       5b        6     1                 polySIDBuffer
      61       61        9     1                 polyOPL3Buffer
      6a       6a        1     1                 instSelectMode
      6b       6b        1     1                 needsToWaitExpiration
      6c       6c        1     1                 altHit
      6d       6d        1     1                 shiftHit
      6e       6e        2     1                 gPtr
      70       70       12     1                 mainTempoLUT
      82       82        2     1                 theBeats
      84       84        1     1                 refTimer.1
      85       85        7     1                 kernelEventData
      8c       8c        0     1 __zp_bss_size = SIZEOF(.zp.bss)
      8c       8c       64     1 .zp
      8c       8c       64     1         midiTest.lto.o:(.zp.noinit)
     322      322     8bd8     2 .text
     322      322        0     1         _init = .
     322      322        0     1         _start = .
     322      322        8     1         D:\F256\llvm-mos\f256dev\llvm-mos\bin/../mos-platform/f256/lib\libcrt0.a(init-stack.S.obj):(.init.100)
     322      322        0     1                 __do_init_stack
     32a      32a        3     1         D:\F256\llvm-mos\f256dev\llvm-mos\bin/../mos-platform/f256/lib\libcrt0.a(zero-bss.c.obj):(.init.200)
     32a      32a        0     1                 __do_zero_bss
     32d      32d        3     1         D:\F256\llvm-mos\f256dev\llvm-mos\bin/../mos-platform/f256/lib\libcrt0.a(zero-zp-bss.c.obj):(.init.200)
     32d      32d        0     1                 __do_zero_zp_bss
     330      330        3     1         D:\F256\llvm-mos\f256dev\llvm-mos\bin/../mos-platform/f256/lib\libcrt0.a(copy-zp-data.c.obj):(.init.200)
     330      330        0     1                 __do_copy_zp_data
     333      333        3     1         D:\F256\llvm-mos\f256dev\llvm-mos\bin/../mos-platform/common/lib\crt0.o:(.call_main)
     336      336        3     1         D:\F256\llvm-mos\f256dev\llvm-mos\bin/../mos-platform/f256/lib\libcrt0.a(exit-custom.S.obj):(.after_main)
     336      336        0     1                 __after_main
     339      339        0     1         _fini = .
     339      339        1     1         D:\F256\llvm-mos\f256dev\llvm-mos\bin/../mos-platform/common/lib\crt0.o:(.fini_rts)
     33a      33a      139     2         midiTest.lto.o:(.text._ZN12_GLOBAL__N_19FreeChunk6insertEPvj)
     33a      33a      139     1                 (anonymous namespace)::FreeChunk::insert(void*, unsigned int)
     473      473       13     1         D:\F256\llvm-mos\f256dev\llvm-mos\bin/../mos-platform/f256/lib\libcrt0.a(zero-bss.c.obj):(.text.__zero_bss)
     473      473       13     1                 __zero_bss
     486      486       13     1         D:\F256\llvm-mos\f256dev\llvm-mos\bin/../mos-platform/f256/lib\libcrt0.a(zero-zp-bss.c.obj):(.text.__zero_zp_bss)
     486      486       13     1                 __zero_zp_bss
     499      499       17     1         D:\F256\llvm-mos\f256dev\llvm-mos\bin/../mos-platform/f256/lib\libcrt0.a(copy-zp-data.c.obj):(.text.__copy_zp_data)
     499      499       17     1                 __copy_zp_data
     4b0      4b0      3a0     1         midiTest.lto.o:(.text.f256Init)
     4b0      4b0      3a0     1                 f256Init
     850      850        6     1         midiTest.lto.o:(.text.main)
     850      850        6     1                 main
     856      856     43e1     1         midiTest.lto.o:(.text.f256main)
     856      856     43e1     1                 f256main
    4c37     4c37      1b8     1         midiTest.lto.o:(.text.textPrint)
    4c37     4c37      1b8     1                 textPrint
    4def     4def      34b     1         midiTest.lto.o:(.text.dispatchNote)
    4def     4def      34b     1                 dispatchNote
    513a     513a       6e     1         midiTest.lto.o:(.text.prepTempoLUT)
    513a     513a       6e     1                 prepTempoLUT
    51a8     51a8      1c3     1         midiTest.lto.o:(.text.escReset)
    51a8     51a8      1c3     1                 escReset
    536b     536b       83     1         midiTest.lto.o:(.text.shutAllMIDIchans)
    536b     536b       83     1                 shutAllMIDIchans
    53ee     53ee       bb     1         midiTest.lto.o:(.text.textPrintUInt)
    53ee     53ee       bb     1                 textPrintUInt
    54a9     54a9        d     1         midiTest.lto.o:(.text.__putchar)
    54a9     54a9        d     1                 __putchar
    54b6     54b6       95     1         midiTest.lto.o:(.text.prepSIDinstruments)
    54b6     54b6       95     1                 prepSIDinstruments
    554b     554b      36a     1         midiTest.lto.o:(.text.refreshInstrumentText)
    554b     554b      36a     1                 refreshInstrumentText
    58b5     58b5       ea     1         midiTest.lto.o:(.text.channelTextMenu)
    58b5     58b5       ea     1                 channelTextMenu
    599f     599f       ed     1         midiTest.lto.o:(.text.refreshBeatTextChoice)
    599f     599f       ed     1                 refreshBeatTextChoice
    5a8c     5a8c       5a     1         midiTest.lto.o:(.text.updateTempoText)
    5a8c     5a8c       5a     1                 updateTempoText
    5ae6     5ae6       f8     1         midiTest.lto.o:(.text.showChipChoiceText)
    5ae6     5ae6       f8     1                 showChipChoiceText
    5bde     5bde       82     1         midiTest.lto.o:(.text.showMIDIChoiceText)
    5bde     5bde       82     1                 showMIDIChoiceText
    5c60     5c60      32a     1         midiTest.lto.o:(.text.textTitle)
    5c60     5c60      32a     1                 textTitle
    5f8a     5f8a      18e     1         midiTest.lto.o:(.text.highLightInstChoice)
    5f8a     5f8a      18e     1                 highLightInstChoice
    6118     6118       63     1         midiTest.lto.o:(.text.modalMoveUp)
    6118     6118       63     1                 modalMoveUp
    617b     617b       63     1         midiTest.lto.o:(.text.modalMoveDown)
    617b     617b       63     1                 modalMoveDown
    61de     61de        5     1         midiTest.lto.o:(.text.exit)
    61de     61de        5     1                 exit
    61e3     61e3       d1     1         midiTest.lto.o:(.text._ZN12_GLOBAL__N_13putEcP6Status)
    61e3     61e3       d1     1                 (anonymous namespace)::put(char, Status*)
    62b4     62b4      10d     1         midiTest.lto.o:(.text._ZN12_GLOBAL__N_112print_stringEPKcP6Status)
    62b4     62b4      10d     1                 (anonymous namespace)::print_string(char const*, Status*)
    63c1     63c1      bb0     1         midiTest.lto.o:(.text.printf)
    63c1     63c1      bb0     1                 printf
    6f71     6f71        c     1         midiTest.lto.o:(.text.putchar)
    6f71     6f71        c     1                 putchar
    6f7d     6f7d      2b7     1         midiTest.lto.o:(.text.malloc)
    6f7d     6f7d      2b7     1                 malloc
    7234     7234       2c     1         midiTest.lto.o:(.text.memcpy)
    7234     7234       2c     1                 memcpy
    7260     7260       20     1         midiTest.lto.o:(.text.__memset)
    7260     7260       20     1                 __memset
    7280     7280       17     1         midiTest.lto.o:(.text.__ashlsi3)
    7280     7280       17     1                 __ashlsi3
    7297     7297       17     1         midiTest.lto.o:(.text.__lshrsi3)
    7297     7297       17     1                 __lshrsi3
    72ae     72ae       1b     1         midiTest.lto.o:(.text.__mulqi3)
    72ae     72ae       1b     1                 __mulqi3
    72c9     72c9       32     1         midiTest.lto.o:(.text.__mulhi3)
    72c9     72c9       32     1                 __mulhi3
    72fb     72fb       70     1         midiTest.lto.o:(.text.__mulsi3)
    72fb     72fb       70     1                 __mulsi3
    736b     736b       f8     1         midiTest.lto.o:(.text.__muldi3)
    736b     736b       f8     1                 __muldi3
    7463     7463      147     1         midiTest.lto.o:(.text.__umodsi3)
    7463     7463      147     1                 __umodsi3
    75aa     75aa       6e     1         midiTest.lto.o:(.text.__udivmodqi4)
    75aa     75aa       6e     1                 __udivmodqi4
    7618     7618       db     1         midiTest.lto.o:(.text.__udivmodhi4)
    7618     7618       db     1                 __udivmodhi4
    76f3     76f3      8b8     1         midiTest.lto.o:(.text.__mulsf3)
    76f3     76f3      8b8     1                 __mulsf3
    7fab     7fab      b80     1         midiTest.lto.o:(.text.__divsf3)
    7fab     7fab      b80     1                 __divsf3
    8b2b     8b2b       7c     1         midiTest.lto.o:(.text.__fixunssfsi)
    8b2b     8b2b       7c     1                 __fixunssfsi
    8ba7     8ba7      353     1         midiTest.lto.o:(.text.__floatunsisf)
    8ba7     8ba7      353     1                 __floatunsisf
    8efa     8efa        0     1         __init_array_start = .
    8efa     8efa        0     1         __init_array_end = .
    8efa     8efa        0     1         __fini_array_start = .
    8efa     8efa        0     1         __fini_array_end = .
    8efa     8efa      f59     1 .rodata
    8efa     8efa        1     1         D:\F256\llvm-mos\f256dev\llvm-mos\bin/../mos-platform/common/lib\libcrt.a(const.S.obj):(.rodata)
    8efa     8efa        0     1                 __set_v
    8efb     8efb       2c     1         midiTest.lto.o:(.rodata.f256main)
    8f27     8f27        8     1         midiTest.lto.o:(.rodata.dispatchNote)
    8f2f     8f2f        8     1         midiTest.lto.o:(.rodata.refreshBeatTextChoice)
    8f37     8f37        8     1         midiTest.lto.o:(.rodata.showChipChoiceText)
    8f3f     8f3f       3a     1         midiTest.lto.o:(.rodata.printf)
    8f79     8f79      c14     1         <internal>:(.rodata.str1.1)
    9b8d     9b8d       30     1         midiTest.lto.o:(.rodata.textColors)
    9b8d     9b8d       30     1                 textColors
    9bbd     9bbd       58     1         midiTest.lto.o:(.rodata.noteColors)
    9bbd     9bbd       58     1                 noteColors
    9c15     9c15        6     1         midiTest.lto.o:(.rodata..Lswitch.table.f256main)
    9c1b     9c1b       18     1         midiTest.lto.o:(.rodata.opl3_fnums)
    9c1b     9c1b       18     1                 opl3_fnums
    9c33     9c33       40     1         midiTest.lto.o:(.rodata.psgLow)
    9c33     9c33       40     1                 psgLow
    9c73     9c73       40     1         midiTest.lto.o:(.rodata.psgHigh)
    9c73     9c73       40     1                 psgHigh
    9cb3     9cb3       60     1         midiTest.lto.o:(.rodata.sidLow)
    9cb3     9cb3       60     1                 sidLow
    9d13     9d13       38     1         midiTest.lto.o:(.rodata.rtmplugin)
    9d13     9d13       38     1                 rtmplugin
    9d4b     9d4b      100     1         midiTest.lto.o:(.rodata.midi_instruments)
    9d4b     9d4b      100     1                 midi_instruments
    9e4b     9e4b        8     1         midiTest.lto.o:(.rodata.sid_instruments)
    9e4b     9e4b        8     1                 sid_instruments
    9e53     9e53        0     1 .data
    9e53     9e53        0     1         __data_start = .
    9e53     9e53        0     1         __data_end = .
    9e53     9e53        0     1 __data_load_start = LOADADDR(.data)
    9e53     9e53        0     1 __data_size = SIZEOF(.data)
    9e53     9e53      10b     1 .bss
    9e53     9e53        0     1         __bss_start = .
    9e53     9e53        4     1         midiTest.lto.o:(.bss._BITMAP_BASE.0)
    9e53     9e53        4     1                 _BITMAP_BASE.0
    9e57     9e57       ff     1         midiTest.lto.o:(.bss.diagBuffer)
    9e57     9e57       ff     1                 diagBuffer
    9f56     9f56        2     1         midiTest.lto.o:(.bss.oldCursorNote)
    9f56     9f56        2     1                 oldCursorNote
    9f58     9f58        1     1         midiTest.lto.o:(.bss.kernelError)
    9f58     9f58        1     1                 kernelError
    9f59     9f59        1     1         midiTest.lto.o:(.bss._ZN12_GLOBAL__N_111initializedE)
    9f59     9f59        1     1                 (anonymous namespace)::initialized
    9f5a     9f5a        2     1         midiTest.lto.o:(.bss._ZN12_GLOBAL__N_19free_sizeE)
    9f5a     9f5a        2     1                 (anonymous namespace)::free_size
    9f5c     9f5c        2     1         midiTest.lto.o:(.bss._ZN12_GLOBAL__N_19free_listE)
    9f5c     9f5c        2     1                 (anonymous namespace)::free_list
    9f5e     9f5e        0     1         __bss_end = .
    9f5e     9f5e        0     1 __bss_size = SIZEOF(.bss)
    9f5e     9f5e        0     1 .noinit
    9f5e     9f5e        0     1         __heap_start = ALIGN(., 2)
    9f5e     9f5e        0     1 end_block8 = .
    9f5e     9f5e        0     1 end_block9 = .
    9f5e     9f5e        0     1 end_block10 = .
    9f5e     9f5e        0     1 end_block11 = .
    9f5e     9f5e        0     1 end_block12 = .
    9f5e     9f5e        0     1 end_block13 = .
    9f5e     9f5e        0     1 end_block14 = .
    9f5e     9f5e        0     1 end_block15 = .
    9f5e     9f5e        0     1 end_block16 = .
    9f5e     9f5e        0     1 end_block17 = .
    9f5e     9f5e        0     1 end_block18 = .
    9f5e     9f5e        0     1 end_block19 = .
    9f5e     9f5e        0     1 end_block20 = .
    9f5e     9f5e        0     1 end_block21 = .
    9f5e     9f5e        0     1 end_block22 = .
    9f5e     9f5e        0     1 end_block23 = .
   30000    30000      3fc    16 .palpiano
   30000    30000      3fc    16         midiTest.lto.o:(.palpiano)
   30000    30000        0     1                 palpiano_start
   303fc    303fc        0     1                 palpiano_end
   303fc    303fc        0     1 end_palpiano = .
   38000    38000    12c00    16 .pia1
   38000    38000    12c00    16         midiTest.lto.o:(.pia1)
   38000    38000        0     1                 pia1_start
   4ac00    4ac00        0     1                 pia1_end
   4ac00    4ac00        0     1 end_pia1 = .
       0        0      138     1 .comment
       0        0      138     1         <internal>:(.comment)
       0        0      c10     4 .symtab
       0        0      c10     4         <internal>:(.symtab)
       0        0       6a     1 .shstrtab
       0        0       6a     1         <internal>:(.shstrtab)
       0        0      921     1 .strtab
       0        0      921     1         <internal>:(.strtab)
