     VMA      LMA     Size Align Out     In      Symbol
       0        0        0     1 PROVIDE(__stack = 0xC000)
       0        0        0     1 PROVIDE(__f256_start = 0x300)
       0        0        0     1 PROVIDE(__BLOCK_SIZE = 0x2000)
       0        0        0     1 PROVIDE(__SLOT_ADDR = 0xC000)
       0        0        0     1 __rc0 = 0x10
       0        0        0     1 __rc1 = __rc0 + 1
       0        0        0     1 PROVIDE(__rc2 = __rc1 + 1)
       0        0        0     1 __rc3 = __rc2 + 1
       0        0        0     1 PROVIDE(__rc4 = __rc3 + 1)
       0        0        0     1 __rc5 = __rc4 + 1
       0        0        0     1 PROVIDE(__rc6 = __rc5 + 1)
       0        0        0     1 __rc7 = __rc6 + 1
       0        0        0     1 PROVIDE(__rc8 = __rc7 + 1)
       0        0        0     1 __rc9 = __rc8 + 1
       0        0        0     1 PROVIDE(__rc10 = __rc9 + 1)
       0        0        0     1 __rc11 = __rc10 + 1
       0        0        0     1 PROVIDE(__rc12 = __rc11 + 1)
       0        0        0     1 __rc13 = __rc12 + 1
       0        0        0     1 PROVIDE(__rc14 = __rc13 + 1)
       0        0        0     1 __rc15 = __rc14 + 1
       0        0        0     1 PROVIDE(__rc16 = __rc15 + 1)
       0        0        0     1 __rc17 = __rc16 + 1
       0        0        0     1 PROVIDE(__rc18 = __rc17 + 1)
       0        0        0     1 __rc19 = __rc18 + 1
       0        0        0     1 PROVIDE(__rc20 = __rc19 + 1)
       0        0        0     1 __rc21 = __rc20 + 1
       0        0        0     1 PROVIDE(__rc22 = __rc21 + 1)
       0        0        0     1 __rc23 = __rc22 + 1
       0        0        0     1 PROVIDE(__rc24 = __rc23 + 1)
       0        0        0     1 __rc25 = __rc24 + 1
       0        0        0     1 PROVIDE(__rc26 = __rc25 + 1)
       0        0        0     1 __rc27 = __rc26 + 1
       0        0        0     1 PROVIDE(__rc28 = __rc27 + 1)
       0        0        0     1 __rc29 = __rc28 + 1
       0        0        0     1 PROVIDE(__rc30 = __rc29 + 1)
       0        0        0     1 __rc31 = __rc30 + 1
       0        0        0     1 
       0        0        0     1 
       0        0        0     1 __block8_lma = ( 8<<24)|__SLOT_ADDR
       0        0        0     1 __block9_lma = ( 9<<24)|__SLOT_ADDR
       0        0        0     1 __block10_lma = (10<<24)|__SLOT_ADDR
       0        0        0     1 __block11_lma = (11<<24)|__SLOT_ADDR
       0        0        0     1 __block12_lma = (12<<24)|__SLOT_ADDR
       0        0        0     1 __block13_lma = (13<<24)|__SLOT_ADDR
       0        0        0     1 __block14_lma = (14<<24)|__SLOT_ADDR
       0        0        0     1 __block15_lma = (15<<24)|__SLOT_ADDR
       0        0        0     1 __block16_lma = (16<<24)|__SLOT_ADDR
       0        0        0     1 __block17_lma = (17<<24)|__SLOT_ADDR
       0        0        0     1 __block18_lma = (18<<24)|__SLOT_ADDR
       0        0        0     1 __block19_lma = (19<<24)|__SLOT_ADDR
       0        0        0     1 __block20_lma = (20<<24)|__SLOT_ADDR
       0        0        0     1 __block21_lma = (21<<24)|__SLOT_ADDR
       0        0        0     1 __block22_lma = (22<<24)|__SLOT_ADDR
       0        0        0     1 __block23_lma = (23<<24)|__SLOT_ADDR
       0        0        0     1 __palpiano_lma = 0x30000
       0        0        0     1 __palpiano_size = 0x3fc
       0        0        0     1 __pia1_lma = 0x38000
       0        0        0     1 __pia1_size = 0x12c00
      30      300       5d     1 .zp.data
      30      300        0     1         __zp_data_start = .
      30      300       5d     1         midiTest.lto.o:(.zp.data)
      30      300        1     1                 _MAX_COL
      31      301        1     1                 _MAX_ROW
      32      302        1     1                 _ccolor
      33      303        2     1                 note
      35      305       58     1                 noteColors
      8d      35d        0     1 __zp_data_load_start = LOADADDR(.zp.data)
      8d      35d        0     1 __zp_data_size = SIZEOF(.zp.data)
      8d       8d       49     1 .zp.bss
      8d       8d        0     1         __zp_bss_start = .
      8d       8d       49     1         midiTest.lto.o:(.zp.bss)
      8d       8d        1     1                 _col
      8e       8e        1     1                 _row
      8f       8f        1     1                 instSelectMode
      90       90        1     1                 needsToWaitExpiration
      91       91        1     1                 altHit
      92       92        1     1                 shiftHit
      93       93        2     1                 theBeats
      95       95        3     1                 refTimer
      98       98        5     1                 chipAct
      9d       9d        6     1                 polySIDBuffer
      a3       a3        6     1                 reservedSID
      a9       a9        6     1                 polyPSGBuffer
      af       af        6     1                 reservedPSG
      b5       b5        9     1                 polyOPL3Buffer
      be       be        9     1                 reservedOPL3
      c7       c7        2     1                 gPtr
      c9       c9        1     1                 kernelError
      ca       ca        7     1                 kernelEventData
      d1       d1        1     1                 (anonymous namespace)::initialized
      d2       d2        2     1                 (anonymous namespace)::free_size
      d4       d4        2     1                 (anonymous namespace)::free_list
      d6       d6        0     1 __zp_bss_size = SIZEOF(.zp.bss)
      d6       d6       1a     1 .zp
      d6       d6       1a     1         midiTest.lto.o:(.zp.noinit)
     35e      35e     8906     2 .text
     35e      35e        0     1         _init = .
     35e      35e        0     1         _start = .
     35e      35e        8     1         D:\F256\llvm-mos\f256dev\llvm-mos\bin/../mos-platform/f256/lib\libcrt0.a(init-stack.S.obj):(.init.100)
     35e      35e        0     1                 __do_init_stack
     366      366        3     1         D:\F256\llvm-mos\f256dev\llvm-mos\bin/../mos-platform/f256/lib\libcrt0.a(zero-bss.c.obj):(.init.200)
     366      366        0     1                 __do_zero_bss
     369      369        3     1         D:\F256\llvm-mos\f256dev\llvm-mos\bin/../mos-platform/f256/lib\libcrt0.a(zero-zp-bss.c.obj):(.init.200)
     369      369        0     1                 __do_zero_zp_bss
     36c      36c        3     1         D:\F256\llvm-mos\f256dev\llvm-mos\bin/../mos-platform/f256/lib\libcrt0.a(copy-zp-data.c.obj):(.init.200)
     36c      36c        0     1                 __do_copy_zp_data
     36f      36f        3     1         D:\F256\llvm-mos\f256dev\llvm-mos\bin/../mos-platform/common/lib\crt0.o:(.call_main)
     372      372        3     1         D:\F256\llvm-mos\f256dev\llvm-mos\bin/../mos-platform/f256/lib\libcrt0.a(exit-custom.S.obj):(.after_main)
     372      372        0     1                 __after_main
     375      375        0     1         _fini = .
     375      375        1     1         D:\F256\llvm-mos\f256dev\llvm-mos\bin/../mos-platform/common/lib\crt0.o:(.fini_rts)
     376      376      135     2         midiTest.lto.o:(.text._ZN12_GLOBAL__N_19FreeChunk6insertEPvj)
     376      376      135     1                 (anonymous namespace)::FreeChunk::insert(void*, unsigned int)
     4ac      4ac       d7     2         midiTest.lto.o:(.text._ZN12_GLOBAL__N_19FreeChunk6removeEv)
     4ac      4ac       d7     1                 (anonymous namespace)::FreeChunk::remove()
     584      584        3     2         midiTest.lto.o:(.text._ZN6__impl6VarInt4makeEPvc)
     584      584        3     1                 __impl::VarInt::make(void*, char)
     588      588        d     2         midiTest.lto.o:(.text._ZNK6__impl6VarInt8high_bitEv)
     588      588        d     1                 __impl::VarInt::high_bit() const
     596      596        d     2         midiTest.lto.o:(.text._ZNK6__impl6VarInt8negativeEv)
     596      596        d     1                 __impl::VarInt::negative() const
     5a4      5a4       47     2         midiTest.lto.o:(.text._ZN6__impl6VarInt6negateEv)
     5a4      5a4       47     1                 __impl::VarInt::negate()
     5ec      5ec       3b     2         midiTest.lto.o:(.text._ZN6__impl6VarInt3shlEv)
     5ec      5ec       3b     1                 __impl::VarInt::shl()
     627      627        3     1         D:\F256\llvm-mos\f256dev\llvm-mos\bin/../mos-platform/common/lib\libcrt.a(call-indir.S.obj):(.text)
     627      627        0     1                 __call_indir
     62a      62a       13     1         D:\F256\llvm-mos\f256dev\llvm-mos\bin/../mos-platform/f256/lib\libcrt0.a(zero-bss.c.obj):(.text.__zero_bss)
     62a      62a       13     1                 __zero_bss
     63d      63d       13     1         D:\F256\llvm-mos\f256dev\llvm-mos\bin/../mos-platform/f256/lib\libcrt0.a(zero-zp-bss.c.obj):(.text.__zero_zp_bss)
     63d      63d       13     1                 __zero_zp_bss
     650      650       17     1         D:\F256\llvm-mos\f256dev\llvm-mos\bin/../mos-platform/f256/lib\libcrt0.a(copy-zp-data.c.obj):(.text.__copy_zp_data)
     650      650       17     1                 __copy_zp_data
     667      667      18d     1         midiTest.lto.o:(.text.f256Init)
     667      667      18d     1                 f256Init
     7f4      7f4      176     1         midiTest.lto.o:(.text.textReset)
     7f4      7f4      176     1                 textReset
     96a      96a      171     1         midiTest.lto.o:(.text.bitmapReset)
     96a      96a      171     1                 bitmapReset
     adb      adb       21     1         midiTest.lto.o:(.text.FAR_PEEK)
     adb      adb       21     1                 FAR_PEEK
     afc      afc       23     1         midiTest.lto.o:(.text.FAR_POKE)
     afc      afc       23     1                 FAR_POKE
     b1f      b1f        6     1         midiTest.lto.o:(.text.main)
     b1f      b1f        6     1                 main
     b25      b25      996     1         midiTest.lto.o:(.text.f256main)
     b25      b25      996     1                 f256main
    14bb     14bb      139     1         midiTest.lto.o:(.text.setup)
    14bb     14bb      139     1                 setup
    15f4     15f4      25a     1         midiTest.lto.o:(.text.textPrint)
    15f4     15f4      25a     1                 textPrint
    184e     184e      10a     1         midiTest.lto.o:(.text.textPrintUInt)
    184e     184e      10a     1                 textPrintUInt
    1958     1958      409     1         midiTest.lto.o:(.text.launchBeat)
    1958     1958      409     1                 launchBeat
    1d61     1d61      f29     1         midiTest.lto.o:(.text.dealKeyPressed)
    1d61     1d61      f29     1                 dealKeyPressed
    2c8a     2c8a       a0     1         midiTest.lto.o:(.text.escReset)
    2c8a     2c8a       a0     1                 escReset
    2d2a     2d2a       28     1         midiTest.lto.o:(.text.shutAllMIDIchans)
    2d2a     2d2a       28     1                 shutAllMIDIchans
    2d52     2d52       bb     1         midiTest.lto.o:(.text.prepTempoLUT)
    2d52     2d52       bb     1                 prepTempoLUT
    2e0d     2e0d       11     1         midiTest.lto.o:(.text.textGotoXY)
    2e0d     2e0d       11     1                 textGotoXY
    2e1e     2e1e       41     1         midiTest.lto.o:(.text.textDefineForegroundColor)
    2e1e     2e1e       41     1                 textDefineForegroundColor
    2e5f     2e5f       56     1         midiTest.lto.o:(.text.textPrintInt)
    2e5f     2e5f       56     1                 textPrintInt
    2eb5     2eb5        c     1         midiTest.lto.o:(.text.textSetColor)
    2eb5     2eb5        c     1                 textSetColor
    2ec1     2ec1        e     1         midiTest.lto.o:(.text.__putchar)
    2ec1     2ec1        e     1                 __putchar
    2ecf     2ecf       85     1         midiTest.lto.o:(.text.resetGlobals)
    2ecf     2ecf       85     1                 resetGlobals
    2f54     2f54      523     1         midiTest.lto.o:(.text.dispatchNote)
    2f54     2f54      523     1                 dispatchNote
    3477     3477       1d     1         midiTest.lto.o:(.text.midiShutAChannel)
    3477     3477       1d     1                 midiShutAChannel
    3494     3494       43     1         midiTest.lto.o:(.text.resetInstruments)
    3494     3494       43     1                 resetInstruments
    34d7     34d7       1a     1         midiTest.lto.o:(.text.prgChange)
    34d7     34d7       1a     1                 prgChange
    34f1     34f1       20     1         midiTest.lto.o:(.text.midiNoteOff)
    34f1     34f1       20     1                 midiNoteOff
    3511     3511       20     1         midiTest.lto.o:(.text.midiNoteOn)
    3511     3511       20     1                 midiNoteOn
    3531     3531       2a     1         midiTest.lto.o:(.text.emptyMIDIINBuffer)
    3531     3531       2a     1                 emptyMIDIINBuffer
    355b     355b       4c     1         midiTest.lto.o:(.text.opl3_initialize)
    355b     355b       4c     1                 opl3_initialize
    35a7     35a7       1c     1         midiTest.lto.o:(.text.opl3_write)
    35a7     35a7       1c     1                 opl3_write
    35c3     35c3        e     1         midiTest.lto.o:(.text.opl3_quietAll)
    35c3     35c3        e     1                 opl3_quietAll
    35d1     35d1       fe     1         midiTest.lto.o:(.text.opl3_setInstrument)
    35d1     35d1       fe     1                 opl3_setInstrument
    36cf     36cf      13c     1         midiTest.lto.o:(.text.opl3_setInstrumentAllChannels)
    36cf     36cf      13c     1                 opl3_setInstrumentAllChannels
    380b     380b       2f     1         midiTest.lto.o:(.text.opl3_note)
    380b     380b       2f     1                 opl3_note
    383a     383a       1c     1         midiTest.lto.o:(.text.shutPSG)
    383a     383a       1c     1                 shutPSG
    3856     3856       20     1         midiTest.lto.o:(.text.psgNoteOn)
    3856     3856       20     1                 psgNoteOn
    3876     3876        b     1         midiTest.lto.o:(.text.psgNoteOff)
    3876     3876        b     1                 psgNoteOff
    3881     3881        9     1         midiTest.lto.o:(.text.setMonoPSG)
    3881     3881        9     1                 setMonoPSG
    388a     388a       2a     1         midiTest.lto.o:(.text.fetchCtrl)
    388a     388a       2a     1                 fetchCtrl
    38b4     38b4       2c     1         midiTest.lto.o:(.text.clearSIDRegisters)
    38b4     38b4       2c     1                 clearSIDRegisters
    38e0     38e0       31     1         midiTest.lto.o:(.text.shutAllSIDVoices)
    38e0     38e0       31     1                 shutAllSIDVoices
    3911     3911       14     1         midiTest.lto.o:(.text.sidNoteOnOrOff)
    3911     3911       14     1                 sidNoteOnOrOff
    3925     3925       a2     1         midiTest.lto.o:(.text.sid_setInstrument)
    3925     3925       a2     1                 sid_setInstrument
    39c7     39c7       56     1         midiTest.lto.o:(.text.sid_setSIDWide)
    39c7     39c7       56     1                 sid_setSIDWide
    3a1d     3a1d      1da     1         midiTest.lto.o:(.text.sid_setInstrumentAllChannels)
    3a1d     3a1d      1da     1                 sid_setInstrumentAllChannels
    3bf7     3bf7        5     1         midiTest.lto.o:(.text.prepSIDinstruments)
    3bf7     3bf7        5     1                 prepSIDinstruments
    3bfc     3bfc        9     1         midiTest.lto.o:(.text.setMonoSID)
    3bfc     3bfc        9     1                 setMonoSID
    3c05     3c05       13     1         midiTest.lto.o:(.text.isWave2)
    3c05     3c05       13     1                 isWave2
    3c18     3c18       25     1         midiTest.lto.o:(.text.realTextClear)
    3c18     3c18       25     1                 realTextClear
    3c3d     3c3d       33     1         midiTest.lto.o:(.text.setTimer)
    3c3d     3c3d       33     1                 setTimer
    3c70     3c70       21     1         midiTest.lto.o:(.text.getTimerAbsolute)
    3c70     3c70       21     1                 getTimerAbsolute
    3c91     3c91       1e     1         midiTest.lto.o:(.text.boostVSClock)
    3c91     3c91       1e     1                 boostVSClock
    3caf     3caf       fa     1         midiTest.lto.o:(.text.initRTMIDI)
    3caf     3caf       fa     1                 initRTMIDI
    3da9     3da9      17c     1         midiTest.lto.o:(.text.beatSetInstruments)
    3da9     3da9      17c     1                 beatSetInstruments
    3f25     3f25      31f     1         midiTest.lto.o:(.text.getBeatTrackNoteInfo)
    3f25     3f25      31f     1                 getBeatTrackNoteInfo
    4244     4244      278     1         midiTest.lto.o:(.text.setupMem4Track)
    4244     4244      278     1                 setupMem4Track
    44bc     44bc      2a1     1         midiTest.lto.o:(.text.setupBeats)
    44bc     44bc      2a1     1                 setupBeats
    475d     475d       e5     1         midiTest.lto.o:(.text.layoutChipAct)
    475d     475d       e5     1                 layoutChipAct
    4842     4842      130     1         midiTest.lto.o:(.text.refreshChipAct)
    4842     4842      130     1                 refreshChipAct
    4972     4972      296     1         midiTest.lto.o:(.text.refreshInstrumentText)
    4972     4972      296     1                 refreshInstrumentText
    4c08     4c08      104     1         midiTest.lto.o:(.text.channelTextMenu)
    4c08     4c08      104     1                 channelTextMenu
    4d0c     4d0c       8a     1         midiTest.lto.o:(.text.refreshBeatTextChoice)
    4d0c     4d0c       8a     1                 refreshBeatTextChoice
    4d96     4d96      102     1         midiTest.lto.o:(.text.beatsTextMenu)
    4d96     4d96      102     1                 beatsTextMenu
    4e98     4e98       43     1         midiTest.lto.o:(.text.updateTempoText)
    4e98     4e98       43     1                 updateTempoText
    4edb     4edb       d7     1         midiTest.lto.o:(.text.showChipChoiceText)
    4edb     4edb       d7     1                 showChipChoiceText
    4fb2     4fb2       76     1         midiTest.lto.o:(.text.showMIDIChoiceText)
    4fb2     4fb2       76     1                 showMIDIChoiceText
    5028     5028      215     1         midiTest.lto.o:(.text.textTitle)
    5028     5028      215     1                 textTitle
    523d     523d      34c     1         midiTest.lto.o:(.text.instListShow)
    523d     523d      34c     1                 instListShow
    5589     5589      1be     1         midiTest.lto.o:(.text.highLightInstChoice)
    5589     5589      1be     1                 highLightInstChoice
    5747     5747       6c     1         midiTest.lto.o:(.text.modalMoveUp)
    5747     5747       6c     1                 modalMoveUp
    57b3     57b3       6c     1         midiTest.lto.o:(.text.modalMoveDown)
    57b3     57b3       6c     1                 modalMoveDown
    581f     581f       41     1         midiTest.lto.o:(.text.modalMoveLeft)
    581f     581f       41     1                 modalMoveLeft
    5860     5860       41     1         midiTest.lto.o:(.text.modalMoveRight)
    5860     5860       41     1                 modalMoveRight
    58a1     58a1        e     1         midiTest.lto.o:(.text.exit)
    58a1     58a1        e     1                 exit
    58af     58af        2     1         midiTest.lto.o:(.text._Exit)
    58af     58af        2     1                 _Exit
    58b1     58b1      218     1         midiTest.lto.o:(.text.vfprintf)
    58b1     58b1      218     1                 vfprintf
    5ac9     5ac9      b44     1         midiTest.lto.o:(.text._ZN12_GLOBAL__N_15printEPKcP6Status)
    5ac9     5ac9      b44     1                 (anonymous namespace)::print(char const*, Status*)
    660d     660d       e1     1         midiTest.lto.o:(.text._ZN12_GLOBAL__N_13putEcP6Status)
    660d     660d       e1     1                 (anonymous namespace)::put(char, Status*)
    66ee     66ee      174     1         midiTest.lto.o:(.text._ZN12_GLOBAL__N_112print_stringEPKcP6Status)
    66ee     66ee      174     1                 (anonymous namespace)::print_string(char const*, Status*)
    6862     6862       59     1         midiTest.lto.o:(.text.printf)
    6862     6862       59     1                 printf
    68bb     68bb        3     1         midiTest.lto.o:(.text.fputc)
    68bb     68bb        3     1                 fputc
    68be     68be       28     1         midiTest.lto.o:(.text.putchar)
    68be     68be       28     1                 putchar
    68e6     68e6        7     1         midiTest.lto.o:(.text.putchar_wrapper)
    68e6     68e6        7     1                 putchar_wrapper
    68ed     68ed        3     1         midiTest.lto.o:(.text.putc)
    68ed     68ed        3     1                 putc
    68f0     68f0        b     1         midiTest.lto.o:(.text.__from_ascii)
    68f0     68f0        b     1                 __from_ascii
    68fb     68fb      103     1         midiTest.lto.o:(.text.malloc)
    68fb     68fb      103     1                 malloc
    69fe     69fe       b9     1         midiTest.lto.o:(.text._ZN12_GLOBAL__N_119allocate_free_chunkEPNS_9FreeChunkEj)
    69fe     69fe       b9     1                 (anonymous namespace)::allocate_free_chunk((anonymous namespace)::FreeChunk*, unsigned int)
    6ab7     6ab7      18a     1         midiTest.lto.o:(.text.free)
    6ab7     6ab7      18a     1                 free
    6c41     6c41       2c     1         midiTest.lto.o:(.text.memcpy)
    6c41     6c41       2c     1                 memcpy
    6c6d     6c6d       20     1         midiTest.lto.o:(.text.__memset)
    6c6d     6c6d       20     1                 __memset
    6c8d     6c8d       6e     1         midiTest.lto.o:(.text.__simple_strtoui)
    6c8d     6c8d       6e     1                 __simple_strtoui
    6cfb     6cfb       17     1         midiTest.lto.o:(.text.__ashlsi3)
    6cfb     6cfb       17     1                 __ashlsi3
    6d12     6d12       17     1         midiTest.lto.o:(.text.__lshrsi3)
    6d12     6d12       17     1                 __lshrsi3
    6d29     6d29       1b     1         midiTest.lto.o:(.text.__mulqi3)
    6d29     6d29       1b     1                 __mulqi3
    6d44     6d44       32     1         midiTest.lto.o:(.text.__mulhi3)
    6d44     6d44       32     1                 __mulhi3
    6d76     6d76       70     1         midiTest.lto.o:(.text.__mulsi3)
    6d76     6d76       70     1                 __mulsi3
    6de6     6de6       f8     1         midiTest.lto.o:(.text.__muldi3)
    6de6     6de6       f8     1                 __muldi3
    6ede     6ede       5c     1         midiTest.lto.o:(.text.__udivqi3)
    6ede     6ede       5c     1                 __udivqi3
    6f3a     6f3a       c0     1         midiTest.lto.o:(.text.__udivhi3)
    6f3a     6f3a       c0     1                 __udivhi3
    6ffa     6ffa      16f     1         midiTest.lto.o:(.text.__udivsi3)
    6ffa     6ffa      16f     1                 __udivsi3
    7169     7169      147     1         midiTest.lto.o:(.text.__umodsi3)
    7169     7169      147     1                 __umodsi3
    72b0     72b0       6e     1         midiTest.lto.o:(.text.__udivmodqi4)
    72b0     72b0       6e     1                 __udivmodqi4
    731e     731e       db     1         midiTest.lto.o:(.text.__udivmodhi4)
    731e     731e       db     1                 __udivmodhi4
    73f9     73f9      8dd     1         midiTest.lto.o:(.text.__mulsf3)
    73f9     73f9      8dd     1                 __mulsf3
    7cd6     7cd6      bbf     1         midiTest.lto.o:(.text.__divsf3)
    7cd6     7cd6      bbf     1                 __divsf3
    8895     8895       7c     1         midiTest.lto.o:(.text.__fixunssfsi)
    8895     8895       7c     1                 __fixunssfsi
    8911     8911      353     1         midiTest.lto.o:(.text.__floatunsisf)
    8911     8911      353     1                 __floatunsisf
    8c64     8c64        0     1         __init_array_start = .
    8c64     8c64        0     1         __init_array_end = .
    8c64     8c64        0     1         __fini_array_start = .
    8c64     8c64        0     1         __fini_array_end = .
    8c64     8c64     1099     1 .rodata
    8c64     8c64        1     1         D:\F256\llvm-mos\f256dev\llvm-mos\bin/../mos-platform/common/lib\libcrt.a(const.S.obj):(.rodata)
    8c64     8c64        0     1                 __set_v
    8c65     8c65       ae     1         midiTest.lto.o:(.rodata.dealKeyPressed)
    8d13     8d13        a     1         midiTest.lto.o:(.rodata.dispatchNote)
    8d1d     8d1d        8     1         midiTest.lto.o:(.rodata.channelTextMenu)
    8d25     8d25        8     1         midiTest.lto.o:(.rodata.showChipChoiceText)
    8d2d     8d2d       3a     1         midiTest.lto.o:(.rodata._ZN12_GLOBAL__N_15printEPKcP6Status)
    8d67     8d67      d56     1         <internal>:(.rodata.str1.1)
    9abd     9abd       18     1         midiTest.lto.o:(.rodata.opl3_fnums)
    9abd     9abd       18     1                 opl3_fnums
    9ad5     9ad5       40     1         midiTest.lto.o:(.rodata.psgLow)
    9ad5     9ad5       40     1                 psgLow
    9b15     9b15       40     1         midiTest.lto.o:(.rodata.psgHigh)
    9b15     9b15       40     1                 psgHigh
    9b55     9b55       60     1         midiTest.lto.o:(.rodata.sidHigh)
    9b55     9b55       60     1                 sidHigh
    9bb5     9bb5       60     1         midiTest.lto.o:(.rodata.sidLow)
    9bb5     9bb5       60     1                 sidLow
    9c15     9c15       38     1         midiTest.lto.o:(.rodata.rtmplugin)
    9c15     9c15       38     1                 rtmplugin
    9c4d     9c4d        c     1         midiTest.lto.o:(.rodata.beat60_notes)
    9c4d     9c4d        c     1                 beat60_notes
    9c59     9c59        c     1         midiTest.lto.o:(.rodata.beat60_delays)
    9c59     9c59        c     1                 beat60_delays
    9c65     9c65        8     1         midiTest.lto.o:(.rodata.beat61_notes)
    9c65     9c65        8     1                 beat61_notes
    9c6d     9c6d        8     1         midiTest.lto.o:(.rodata.beat61_delays)
    9c6d     9c6d        8     1                 beat61_delays
    9c75     9c75        c     1         midiTest.lto.o:(.rodata.beat62_notes)
    9c75     9c75        c     1                 beat62_notes
    9c81     9c81        c     1         midiTest.lto.o:(.rodata.beat62_delays)
    9c81     9c81        c     1                 beat62_delays
    9c8d     9c8d        c     1         midiTest.lto.o:(.rodata.beat63_notes)
    9c8d     9c8d        c     1                 beat63_notes
    9c99     9c99        c     1         midiTest.lto.o:(.rodata.beat63_delays)
    9c99     9c99        c     1                 beat63_delays
    9ca5     9ca5        c     1         midiTest.lto.o:(.rodata.beat64_notes)
    9ca5     9ca5        c     1                 beat64_notes
    9cb1     9cb1        c     1         midiTest.lto.o:(.rodata.beat64_delays)
    9cb1     9cb1        c     1                 beat64_delays
    9cbd     9cbd       20     1         midiTest.lto.o:(.rodata.beat65_notes)
    9cbd     9cbd       20     1                 beat65_notes
    9cdd     9cdd       20     1         midiTest.lto.o:(.rodata.beat65_delays)
    9cdd     9cdd       20     1                 beat65_delays
    9cfd     9cfd      324     1 .data
    9cfd     9cfd        0     1         __data_start = .
    9cfd     9cfd       30     1         midiTest.lto.o:(.data.textColors)
    9cfd     9cfd       30     1                 textColors
    9d2d     9d2d       12     1         midiTest.lto.o:(.data.tempoLUTRef)
    9d2d     9d2d       12     1                 tempoLUTRef
    9d3f     9d3f       7b     1         midiTest.lto.o:(.data.KeyCodesToMIDINotes)
    9d3f     9d3f       7b     1                 KeyCodesToMIDINotes
    9dba     9dba        6     1         midiTest.lto.o:(.data.sidChoiceToVoice)
    9dba     9dba        6     1                 sidChoiceToVoice
    9dc0     9dc0        6     1         midiTest.lto.o:(.data.polyPSGChanBits)
    9dc0     9dc0        6     1                 polyPSGChanBits
    9dc6     9dc6       2d     1         midiTest.lto.o:(.data.sid_instrument_defs)
    9dc6     9dc6       2d     1                 sid_instrument_defs
    9df3     9df3       f2     1         midiTest.lto.o:(.data.opl3_instrument_defs)
    9df3     9df3       f2     1                 opl3_instrument_defs
    9ee5     9ee5      100     1         midiTest.lto.o:(.data.midi_instruments)
    9ee5     9ee5      100     1                 midi_instruments
    9fe5     9fe5        2     1         midiTest.lto.o:(.data.presetBeatCount_names)
    9fe5     9fe5        2     1                 presetBeatCount_names
    9fe7     9fe7        a     1         midiTest.lto.o:(.data.sid_instruments_names)
    9fe7     9fe7        a     1                 sid_instruments_names
    9ff1     9ff1       2c     1         midiTest.lto.o:(.data.opl3_instrument_names)
    9ff1     9ff1       2c     1                 opl3_instrument_names
    a01d     a01d        2     1         midiTest.lto.o:(.data.stdout)
    a01d     a01d        2     1                 stdout
    a01f     a01f        2     1         midiTest.lto.o:(.data._ZN12_GLOBAL__N_110heap_limitE)
    a01f     a01f        2     1                 (anonymous namespace)::heap_limit
    a021     a021        0     1         __data_end = .
    a021     a021        0     1 __data_load_start = LOADADDR(.data)
    a021     a021        0     1 __data_size = SIZEOF(.data)
    a021     a021      178     1 .bss
    a021     a021        0     1         __bss_start = .
    a021     a021        2     1         midiTest.lto.o:(.bss.kernelArgs)
    a021     a021        2     1                 kernelArgs
    a023     a023        c     1         midiTest.lto.o:(.bss._BITMAP_BASE)
    a023     a023        c     1                 _BITMAP_BASE
    a02f     a02f        1     1         midiTest.lto.o:(.bss._active)
    a02f     a02f        1     1                 _active
    a030     a030        1     1         midiTest.lto.o:(.bss._color)
    a030     a030        1     1                 _color
    a031     a031        1     1         midiTest.lto.o:(.bss._MAX_X)
    a031     a031        1     1                 _MAX_X
    a032     a032        1     1         midiTest.lto.o:(.bss._MAX_Y)
    a032     a032        1     1                 _MAX_Y
    a033     a033        3     1         midiTest.lto.o:(.bss._BITMAP_CLUT)
    a033     a033        3     1                 _BITMAP_CLUT
    a036     a036        3     1         midiTest.lto.o:(.bss._tileSize)
    a036     a036        3     1                 _tileSize
    a039     a039       40     1         midiTest.lto.o:(.bss._spriteCtl)
    a039     a039       40     1                 _spriteCtl
    a079     a079        8     1         midiTest.lto.o:(.bss._dirStream)
    a079     a079        8     1                 _dirStream
    a081     a081        2     1         midiTest.lto.o:(.bss.__putchar.s)
    a081     a081        2     1                 __putchar.s
    a083     a083       12     1         midiTest.lto.o:(.bss.mainTempoLUT)
    a083     a083       12     1                 mainTempoLUT
    a095     a095       ff     1         midiTest.lto.o:(.bss.diagBuffer)
    a095     a095       ff     1                 diagBuffer
    a194     a194        2     1         midiTest.lto.o:(.bss.oldCursorNote)
    a194     a194        2     1                 oldCursorNote
    a196     a196        2     1         midiTest.lto.o:(.bss.oldNote)
    a196     a196        2     1                 oldNote
    a198     a198        1     1         midiTest.lto.o:(.bss._ZN12_GLOBAL__N_19last_freeE)
    a198     a198        1     1                 (anonymous namespace)::last_free
    a199     a199        0     1         __bss_end = .
    a199     a199        0     1 __bss_size = SIZEOF(.bss)
    a199     a199        e     1 .noinit
    a199     a199        e     1         midiTest.lto.o:(.noinit..Lstatic_stack)
    a1a7     a1a7        0     1         __heap_start = ALIGN(., 2)
    a1a7     a1a7        0     1 end_block8 = .
    a1a7     a1a7        0     1 end_block9 = .
    a1a7     a1a7        0     1 end_block10 = .
    a1a7     a1a7        0     1 end_block11 = .
    a1a7     a1a7        0     1 end_block12 = .
    a1a7     a1a7        0     1 end_block13 = .
    a1a7     a1a7        0     1 end_block14 = .
    a1a7     a1a7        0     1 end_block15 = .
    a1a7     a1a7        0     1 end_block16 = .
    a1a7     a1a7        0     1 end_block17 = .
    a1a7     a1a7        0     1 end_block18 = .
    a1a7     a1a7        0     1 end_block19 = .
    a1a7     a1a7        0     1 end_block20 = .
    a1a7     a1a7        0     1 end_block21 = .
    a1a7     a1a7        0     1 end_block22 = .
    a1a7     a1a7        0     1 end_block23 = .
   30000    30000      3fc    16 .palpiano
   30000    30000      3fc    16         midiTest.lto.o:(.palpiano)
   30000    30000        0     1                 palpiano_start
   303fc    303fc        0     1                 palpiano_end
   303fc    303fc        0     1 end_palpiano = .
   38000    38000    12c00    16 .pia1
   38000    38000    12c00    16         midiTest.lto.o:(.pia1)
   38000    38000        0     1                 pia1_start
   4ac00    4ac00        0     1                 pia1_end
   4ac00    4ac00        0     1 end_pia1 = .
       0        0      138     1 .comment
       0        0      138     1         <internal>:(.comment)
       0        0     12d0     4 .symtab
       0        0     12d0     4         <internal>:(.symtab)
       0        0       6a     1 .shstrtab
       0        0       6a     1         <internal>:(.shstrtab)
       0        0      f69     1 .strtab
       0        0      f69     1         <internal>:(.strtab)
