     VMA      LMA     Size Align Out     In      Symbol
       0        0        0     1 PROVIDE(__stack = 0xC000)
       0        0        0     1 PROVIDE(__f256_start = 0x300)
       0        0        0     1 PROVIDE(__BLOCK_SIZE = 0x2000)
       0        0        0     1 PROVIDE(__SLOT_ADDR = 0xC000)
       0        0        0     1 __rc0 = 0x10
       0        0        0     1 __rc1 = __rc0 + 1
       0        0        0     1 PROVIDE(__rc2 = __rc1 + 1)
       0        0        0     1 __rc3 = __rc2 + 1
       0        0        0     1 PROVIDE(__rc4 = __rc3 + 1)
       0        0        0     1 __rc5 = __rc4 + 1
       0        0        0     1 PROVIDE(__rc6 = __rc5 + 1)
       0        0        0     1 __rc7 = __rc6 + 1
       0        0        0     1 PROVIDE(__rc8 = __rc7 + 1)
       0        0        0     1 __rc9 = __rc8 + 1
       0        0        0     1 PROVIDE(__rc10 = __rc9 + 1)
       0        0        0     1 __rc11 = __rc10 + 1
       0        0        0     1 PROVIDE(__rc12 = __rc11 + 1)
       0        0        0     1 __rc13 = __rc12 + 1
       0        0        0     1 PROVIDE(__rc14 = __rc13 + 1)
       0        0        0     1 __rc15 = __rc14 + 1
       0        0        0     1 PROVIDE(__rc16 = __rc15 + 1)
       0        0        0     1 __rc17 = __rc16 + 1
       0        0        0     1 PROVIDE(__rc18 = __rc17 + 1)
       0        0        0     1 __rc19 = __rc18 + 1
       0        0        0     1 PROVIDE(__rc20 = __rc19 + 1)
       0        0        0     1 __rc21 = __rc20 + 1
       0        0        0     1 PROVIDE(__rc22 = __rc21 + 1)
       0        0        0     1 __rc23 = __rc22 + 1
       0        0        0     1 PROVIDE(__rc24 = __rc23 + 1)
       0        0        0     1 __rc25 = __rc24 + 1
       0        0        0     1 PROVIDE(__rc26 = __rc25 + 1)
       0        0        0     1 __rc27 = __rc26 + 1
       0        0        0     1 PROVIDE(__rc28 = __rc27 + 1)
       0        0        0     1 __rc29 = __rc28 + 1
       0        0        0     1 PROVIDE(__rc30 = __rc29 + 1)
       0        0        0     1 __rc31 = __rc30 + 1
       0        0        0     1 
       0        0        0     1 
       0        0        0     1 __block8_lma = ( 8<<24)|__SLOT_ADDR
       0        0        0     1 __block9_lma = ( 9<<24)|__SLOT_ADDR
       0        0        0     1 __block10_lma = (10<<24)|__SLOT_ADDR
       0        0        0     1 __block11_lma = (11<<24)|__SLOT_ADDR
       0        0        0     1 __block12_lma = (12<<24)|__SLOT_ADDR
       0        0        0     1 __block13_lma = (13<<24)|__SLOT_ADDR
       0        0        0     1 __block14_lma = (14<<24)|__SLOT_ADDR
       0        0        0     1 __block15_lma = (15<<24)|__SLOT_ADDR
       0        0        0     1 __block16_lma = (16<<24)|__SLOT_ADDR
       0        0        0     1 __block17_lma = (17<<24)|__SLOT_ADDR
       0        0        0     1 __block18_lma = (18<<24)|__SLOT_ADDR
       0        0        0     1 __block19_lma = (19<<24)|__SLOT_ADDR
       0        0        0     1 __block20_lma = (20<<24)|__SLOT_ADDR
       0        0        0     1 __block21_lma = (21<<24)|__SLOT_ADDR
       0        0        0     1 __block22_lma = (22<<24)|__SLOT_ADDR
       0        0        0     1 __block23_lma = (23<<24)|__SLOT_ADDR
       0        0        0     1 __palpiano_lma = 0x30000
       0        0        0     1 __palpiano_size = 0x3fc
       0        0        0     1 __pia1_lma = 0x38000
       0        0        0     1 __pia1_size = 0x12c00
      30      300        3     1 .zp.data
      30      300        0     1         __zp_data_start = .
      30      300        3     1         midiTest.lto.o:(.zp.data)
      30      300        1     1                 _ccolor
      31      301        2     1                 note
      33      303        0     1 __zp_data_load_start = LOADADDR(.zp.data)
      33      303        0     1 __zp_data_size = SIZEOF(.zp.data)
      33       33       5a     1 .zp.bss
      33       33        0     1         __zp_bss_start = .
      33       33       5a     1         midiTest.lto.o:(.zp.bss)
      33       33        1     1                 _col
      34       34        1     1                 _row
      35       35        2     1                 __putchar.s
      37       37        6     1                 polyPSGBuffer
      3d       3d        6     1                 reservedPSG
      43       43        6     1                 polySIDBuffer
      49       49        6     1                 reservedSID
      4f       4f        9     1                 polyOPL3Buffer
      58       58        9     1                 reservedOPL3
      61       61        1     1                 instSelectMode
      62       62        1     1                 needsToWaitExpiration
      63       63        1     1                 altHit
      64       64        1     1                 shiftHit
      65       65        1     1                 chipAct.0
      66       66        1     1                 chipAct.1
      67       67        1     1                 chipAct.2
      68       68        1     1                 chipAct.3
      69       69        1     1                 chipAct.4
      6a       6a        2     1                 gPtr
      6c       6c       12     1                 mainTempoLUT
      7e       7e        2     1                 theBeats
      80       80        1     1                 refTimer.1
      81       81        2     1                 oldCursorNote
      83       83        7     1                 kernelEventData
      8a       8a        1     1                 (anonymous namespace)::initialized
      8b       8b        2     1                 (anonymous namespace)::free_size
      8d       8d        0     1 __zp_bss_size = SIZEOF(.zp.bss)
      8d       8d       63     1 .zp
      8d       8d       63     1         midiTest.lto.o:(.zp.noinit)
     304      304     728a     2 .text
     304      304        0     1         _init = .
     304      304        0     1         _start = .
     304      304        8     1         D:\F256\llvm-mos\f256dev\llvm-mos\bin/../mos-platform/f256/lib\libcrt0.a(init-stack.S.obj):(.init.100)
     304      304        0     1                 __do_init_stack
     30c      30c        3     1         D:\F256\llvm-mos\f256dev\llvm-mos\bin/../mos-platform/f256/lib\libcrt0.a(zero-bss.c.obj):(.init.200)
     30c      30c        0     1                 __do_zero_bss
     30f      30f        3     1         D:\F256\llvm-mos\f256dev\llvm-mos\bin/../mos-platform/f256/lib\libcrt0.a(zero-zp-bss.c.obj):(.init.200)
     30f      30f        0     1                 __do_zero_zp_bss
     312      312        3     1         D:\F256\llvm-mos\f256dev\llvm-mos\bin/../mos-platform/f256/lib\libcrt0.a(copy-zp-data.c.obj):(.init.200)
     312      312        0     1                 __do_copy_zp_data
     315      315        3     1         D:\F256\llvm-mos\f256dev\llvm-mos\bin/../mos-platform/common/lib\crt0.o:(.call_main)
     318      318        3     1         D:\F256\llvm-mos\f256dev\llvm-mos\bin/../mos-platform/f256/lib\libcrt0.a(exit-custom.S.obj):(.after_main)
     318      318        0     1                 __after_main
     31b      31b        0     1         _fini = .
     31b      31b        1     1         D:\F256\llvm-mos\f256dev\llvm-mos\bin/../mos-platform/common/lib\crt0.o:(.fini_rts)
     31c      31c      139     2         midiTest.lto.o:(.text._ZN12_GLOBAL__N_19FreeChunk6insertEPvj)
     31c      31c      139     1                 (anonymous namespace)::FreeChunk::insert(void*, unsigned int)
     456      456       db     2         midiTest.lto.o:(.text._ZN12_GLOBAL__N_19FreeChunk6removeEv)
     456      456       db     1                 (anonymous namespace)::FreeChunk::remove()
     531      531       13     1         D:\F256\llvm-mos\f256dev\llvm-mos\bin/../mos-platform/f256/lib\libcrt0.a(zero-bss.c.obj):(.text.__zero_bss)
     531      531       13     1                 __zero_bss
     544      544       13     1         D:\F256\llvm-mos\f256dev\llvm-mos\bin/../mos-platform/f256/lib\libcrt0.a(zero-zp-bss.c.obj):(.text.__zero_zp_bss)
     544      544       13     1                 __zero_zp_bss
     557      557       17     1         D:\F256\llvm-mos\f256dev\llvm-mos\bin/../mos-platform/f256/lib\libcrt0.a(copy-zp-data.c.obj):(.text.__copy_zp_data)
     557      557       17     1                 __copy_zp_data
     56e      56e      3a0     1         midiTest.lto.o:(.text.f256Init)
     56e      56e      3a0     1                 f256Init
     90e      90e        6     1         midiTest.lto.o:(.text.main)
     90e      90e        6     1                 main
     914      914     2688     1         midiTest.lto.o:(.text.f256main)
     914      914     2688     1                 f256main
    2f9c     2f9c      1b8     1         midiTest.lto.o:(.text.textPrint)
    2f9c     2f9c      1b8     1                 textPrint
    3154     3154      5a6     1         midiTest.lto.o:(.text.dispatchNote)
    3154     3154      5a6     1                 dispatchNote
    36fa     36fa      6c7     1         midiTest.lto.o:(.text.launchBeat)
    36fa     36fa      6c7     1                 launchBeat
    3dc1     3dc1      1c0     1         midiTest.lto.o:(.text.escReset)
    3dc1     3dc1      1c0     1                 escReset
    3f81     3f81      103     1         midiTest.lto.o:(.text.prepTempoLUT)
    3f81     3f81      103     1                 prepTempoLUT
    4084     4084       bb     1         midiTest.lto.o:(.text.textPrintUInt)
    4084     4084       bb     1                 textPrintUInt
    413f     413f       d4     1         midiTest.lto.o:(.text.opl3_setInstrument)
    413f     413f       d4     1                 opl3_setInstrument
    4213     4213       88     1         midiTest.lto.o:(.text.sid_setInstrument)
    4213     4213       88     1                 sid_setInstrument
    429b     429b       67     1         midiTest.lto.o:(.text.sid_setInstrumentAllChannels)
    429b     429b       67     1                 sid_setInstrumentAllChannels
    4302     4302      292     1         midiTest.lto.o:(.text.getBeatTrackNoteInfo)
    4302     4302      292     1                 getBeatTrackNoteInfo
    4594     4594      246     1         midiTest.lto.o:(.text.setupMem4Track)
    4594     4594      246     1                 setupMem4Track
    47da     47da       d7     1         midiTest.lto.o:(.text.channelTextMenu)
    47da     47da       d7     1                 channelTextMenu
    48b1     48b1       67     1         midiTest.lto.o:(.text.refreshBeatTextChoice)
    48b1     48b1       67     1                 refreshBeatTextChoice
    4918     4918       5a     1         midiTest.lto.o:(.text.updateTempoText)
    4918     4918       5a     1                 updateTempoText
    4972     4972       f8     1         midiTest.lto.o:(.text.showChipChoiceText)
    4972     4972       f8     1                 showChipChoiceText
    4a6a     4a6a       82     1         midiTest.lto.o:(.text.showMIDIChoiceText)
    4a6a     4a6a       82     1                 showMIDIChoiceText
    4aec     4aec      2d4     1         midiTest.lto.o:(.text.textTitle)
    4aec     4aec      2d4     1                 textTitle
    4dc0     4dc0      1d1     1         midiTest.lto.o:(.text.highLightInstChoice)
    4dc0     4dc0      1d1     1                 highLightInstChoice
    4f91     4f91       6b     1         midiTest.lto.o:(.text.modalMoveUp)
    4f91     4f91       6b     1                 modalMoveUp
    4ffc     4ffc       6b     1         midiTest.lto.o:(.text.modalMoveDown)
    4ffc     4ffc       6b     1                 modalMoveDown
    5067     5067        5     1         midiTest.lto.o:(.text.exit)
    5067     5067        5     1                 exit
    506c     506c       db     1         midiTest.lto.o:(.text._ZN12_GLOBAL__N_13putEcP6Status)
    506c     506c       db     1                 (anonymous namespace)::put(char, Status*)
    5147     5147      10c     1         midiTest.lto.o:(.text._ZN12_GLOBAL__N_112print_stringEPKcP6Status)
    5147     5147      10c     1                 (anonymous namespace)::print_string(char const*, Status*)
    5253     5253      c2c     1         midiTest.lto.o:(.text.printf)
    5253     5253      c2c     1                 printf
    5e7f     5e7f      1d3     1         midiTest.lto.o:(.text.malloc)
    5e7f     5e7f      1d3     1                 malloc
    6052     6052       2c     1         midiTest.lto.o:(.text.memcpy)
    6052     6052       2c     1                 memcpy
    607e     607e       20     1         midiTest.lto.o:(.text.__memset)
    607e     607e       20     1                 __memset
    609e     609e       17     1         midiTest.lto.o:(.text.__ashlsi3)
    609e     609e       17     1                 __ashlsi3
    60b5     60b5       17     1         midiTest.lto.o:(.text.__lshrsi3)
    60b5     60b5       17     1                 __lshrsi3
    60cc     60cc       1b     1         midiTest.lto.o:(.text.__mulqi3)
    60cc     60cc       1b     1                 __mulqi3
    60e7     60e7       32     1         midiTest.lto.o:(.text.__mulhi3)
    60e7     60e7       32     1                 __mulhi3
    6119     6119       70     1         midiTest.lto.o:(.text.__mulsi3)
    6119     6119       70     1                 __mulsi3
    6189     6189       f8     1         midiTest.lto.o:(.text.__muldi3)
    6189     6189       f8     1                 __muldi3
    6281     6281       5c     1         midiTest.lto.o:(.text.__udivqi3)
    6281     6281       5c     1                 __udivqi3
    62dd     62dd       c0     1         midiTest.lto.o:(.text.__udivhi3)
    62dd     62dd       c0     1                 __udivhi3
    639d     639d      147     1         midiTest.lto.o:(.text.__umodsi3)
    639d     639d      147     1                 __umodsi3
    64e4     64e4       6e     1         midiTest.lto.o:(.text.__udivmodqi4)
    64e4     64e4       6e     1                 __udivmodqi4
    6552     6552       db     1         midiTest.lto.o:(.text.__udivmodhi4)
    6552     6552       db     1                 __udivmodhi4
    662d     662d      b92     1         midiTest.lto.o:(.text.__divsf3)
    662d     662d      b92     1                 __divsf3
    71bf     71bf       7c     1         midiTest.lto.o:(.text.__fixunssfsi)
    71bf     71bf       7c     1                 __fixunssfsi
    723b     723b      353     1         midiTest.lto.o:(.text.__floatunsisf)
    723b     723b      353     1                 __floatunsisf
    758e     758e        0     1         __init_array_start = .
    758e     758e        0     1         __init_array_end = .
    758e     758e        0     1         __fini_array_start = .
    758e     758e        0     1         __fini_array_end = .
    758e     758e     10af     1 .rodata
    758e     758e        1     1         D:\F256\llvm-mos\f256dev\llvm-mos\bin/../mos-platform/common/lib\libcrt.a(const.S.obj):(.rodata)
    758e     758e        0     1                 __set_v
    758f     758f       16     1         midiTest.lto.o:(.rodata.f256main)
    75a5     75a5        a     1         midiTest.lto.o:(.rodata.dispatchNote)
    75af     75af        8     1         midiTest.lto.o:(.rodata.showChipChoiceText)
    75b7     75b7       3a     1         midiTest.lto.o:(.rodata.printf)
    75f1     75f1      c6a     1         <internal>:(.rodata.str1.1)
    825b     825b       30     1         midiTest.lto.o:(.rodata.textColors)
    825b     825b       30     1                 textColors
    828b     828b        6     1         midiTest.lto.o:(.rodata.polyPSGChanBits)
    828b     828b        6     1                 polyPSGChanBits
    8291     8291        6     1         midiTest.lto.o:(.rodata.sidChoiceToVoice)
    8291     8291        6     1                 sidChoiceToVoice
    8297     8297       58     1         midiTest.lto.o:(.rodata.noteColors)
    8297     8297       58     1                 noteColors
    82ef     82ef       18     1         midiTest.lto.o:(.rodata.opl3_fnums)
    82ef     82ef       18     1                 opl3_fnums
    8307     8307       40     1         midiTest.lto.o:(.rodata.psgLow)
    8307     8307       40     1                 psgLow
    8347     8347       40     1         midiTest.lto.o:(.rodata.psgHigh)
    8347     8347       40     1                 psgHigh
    8387     8387       60     1         midiTest.lto.o:(.rodata.sidLow)
    8387     8387       60     1                 sidLow
    83e7     83e7       38     1         midiTest.lto.o:(.rodata.rtmplugin)
    83e7     83e7       38     1                 rtmplugin
    841f     841f        c     1         midiTest.lto.o:(.rodata.beat60_notes)
    841f     841f        c     1                 beat60_notes
    842b     842b        c     1         midiTest.lto.o:(.rodata.beat60_delays)
    842b     842b        c     1                 beat60_delays
    8437     8437        8     1         midiTest.lto.o:(.rodata.beat61_notes)
    8437     8437        8     1                 beat61_notes
    843f     843f        8     1         midiTest.lto.o:(.rodata.beat61_delays)
    843f     843f        8     1                 beat61_delays
    8447     8447        c     1         midiTest.lto.o:(.rodata.beat62_notes)
    8447     8447        c     1                 beat62_notes
    8453     8453        c     1         midiTest.lto.o:(.rodata.beat62_delays)
    8453     8453        c     1                 beat62_delays
    845f     845f        c     1         midiTest.lto.o:(.rodata.beat63_notes)
    845f     845f        c     1                 beat63_notes
    846b     846b        c     1         midiTest.lto.o:(.rodata.beat63_delays)
    846b     846b        c     1                 beat63_delays
    8477     8477        c     1         midiTest.lto.o:(.rodata.beat64_notes)
    8477     8477        c     1                 beat64_notes
    8483     8483        c     1         midiTest.lto.o:(.rodata.beat64_delays)
    8483     8483        c     1                 beat64_delays
    848f     848f       20     1         midiTest.lto.o:(.rodata.beat65_notes)
    848f     848f       20     1                 beat65_notes
    84af     84af       20     1         midiTest.lto.o:(.rodata.beat65_delays)
    84af     84af       20     1                 beat65_delays
    84cf     84cf       2d     1         midiTest.lto.o:(.rodata.sid_instrument_defs)
    84cf     84cf       2d     1                 sid_instrument_defs
    84fc     84fc        b     1         midiTest.lto.o:(.rodata.opl3_instrument_defs)
    84fc     84fc        b     1                 opl3_instrument_defs
    8507     8507      100     1         midiTest.lto.o:(.rodata.midi_instruments)
    8507     8507      100     1                 midi_instruments
    8607     8607        a     1         midiTest.lto.o:(.rodata.sid_instruments_names)
    8607     8607        a     1                 sid_instruments_names
    8611     8611       2c     1         midiTest.lto.o:(.rodata.opl3_instrument_names)
    8611     8611       2c     1                 opl3_instrument_names
    863d     863d        0     1 .data
    863d     863d        0     1         __data_start = .
    863d     863d        0     1         __data_end = .
    863d     863d        0     1 __data_load_start = LOADADDR(.data)
    863d     863d        0     1 __data_size = SIZEOF(.data)
    863d     863d        8     1 .bss
    863d     863d        0     1         __bss_start = .
    863d     863d        4     1         midiTest.lto.o:(.bss._BITMAP_BASE.0)
    863d     863d        4     1                 _BITMAP_BASE.0
    8641     8641        1     1         midiTest.lto.o:(.bss.kernelError)
    8641     8641        1     1                 kernelError
    8642     8642        1     1         midiTest.lto.o:(.bss._ZN12_GLOBAL__N_19last_freeE)
    8642     8642        1     1                 (anonymous namespace)::last_free
    8643     8643        2     1         midiTest.lto.o:(.bss._ZN12_GLOBAL__N_19free_listE)
    8643     8643        2     1                 (anonymous namespace)::free_list
    8645     8645        0     1         __bss_end = .
    8645     8645        0     1 __bss_size = SIZEOF(.bss)
    8645     8645        0     1 .noinit
    8645     8645        0     1         __heap_start = ALIGN(., 2)
    8645     8645        0     1 end_block8 = .
    8645     8645        0     1 end_block9 = .
    8645     8645        0     1 end_block10 = .
    8645     8645        0     1 end_block11 = .
    8645     8645        0     1 end_block12 = .
    8645     8645        0     1 end_block13 = .
    8645     8645        0     1 end_block14 = .
    8645     8645        0     1 end_block15 = .
    8645     8645        0     1 end_block16 = .
    8645     8645        0     1 end_block17 = .
    8645     8645        0     1 end_block18 = .
    8645     8645        0     1 end_block19 = .
    8645     8645        0     1 end_block20 = .
    8645     8645        0     1 end_block21 = .
    8645     8645        0     1 end_block22 = .
    8645     8645        0     1 end_block23 = .
   30000    30000      3fc    16 .palpiano
   30000    30000      3fc    16         midiTest.lto.o:(.palpiano)
   30000    30000        0     1                 palpiano_start
   303fc    303fc        0     1                 palpiano_end
   303fc    303fc        0     1 end_palpiano = .
   38000    38000    12c00    16 .pia1
   38000    38000    12c00    16         midiTest.lto.o:(.pia1)
   38000    38000        0     1                 pia1_start
   4ac00    4ac00        0     1                 pia1_end
   4ac00    4ac00        0     1 end_pia1 = .
       0        0      138     1 .comment
       0        0      138     1         <internal>:(.comment)
       0        0      da0     4 .symtab
       0        0      da0     4         <internal>:(.symtab)
       0        0       6a     1 .shstrtab
       0        0       6a     1         <internal>:(.shstrtab)
       0        0      aba     1 .strtab
       0        0      aba     1         <internal>:(.strtab)
