     VMA      LMA     Size Align Out     In      Symbol
       0        0        0     1 PROVIDE(__stack = 0xA000)
       0        0        0     1 PROVIDE(__f256_start = 0x300)
       0        0        0     1 PROVIDE(__BLOCK_SIZE = 0x2000)
       0        0        0     1 PROVIDE(__SLOT_ADDR = 0xA000)
       0        0        0     1 __rc0 = 0x10
       0        0        0     1 __rc1 = __rc0 + 1
       0        0        0     1 PROVIDE(__rc2 = __rc1 + 1)
       0        0        0     1 __rc3 = __rc2 + 1
       0        0        0     1 PROVIDE(__rc4 = __rc3 + 1)
       0        0        0     1 __rc5 = __rc4 + 1
       0        0        0     1 PROVIDE(__rc6 = __rc5 + 1)
       0        0        0     1 __rc7 = __rc6 + 1
       0        0        0     1 PROVIDE(__rc8 = __rc7 + 1)
       0        0        0     1 __rc9 = __rc8 + 1
       0        0        0     1 PROVIDE(__rc10 = __rc9 + 1)
       0        0        0     1 __rc11 = __rc10 + 1
       0        0        0     1 PROVIDE(__rc12 = __rc11 + 1)
       0        0        0     1 __rc13 = __rc12 + 1
       0        0        0     1 PROVIDE(__rc14 = __rc13 + 1)
       0        0        0     1 __rc15 = __rc14 + 1
       0        0        0     1 PROVIDE(__rc16 = __rc15 + 1)
       0        0        0     1 __rc17 = __rc16 + 1
       0        0        0     1 PROVIDE(__rc18 = __rc17 + 1)
       0        0        0     1 __rc19 = __rc18 + 1
       0        0        0     1 PROVIDE(__rc20 = __rc19 + 1)
       0        0        0     1 __rc21 = __rc20 + 1
       0        0        0     1 PROVIDE(__rc22 = __rc21 + 1)
       0        0        0     1 __rc23 = __rc22 + 1
       0        0        0     1 PROVIDE(__rc24 = __rc23 + 1)
       0        0        0     1 __rc25 = __rc24 + 1
       0        0        0     1 PROVIDE(__rc26 = __rc25 + 1)
       0        0        0     1 __rc27 = __rc26 + 1
       0        0        0     1 PROVIDE(__rc28 = __rc27 + 1)
       0        0        0     1 __rc29 = __rc28 + 1
       0        0        0     1 PROVIDE(__rc30 = __rc29 + 1)
       0        0        0     1 __rc31 = __rc30 + 1
       0        0        0     1 
       0        0        0     1 
       0        0        0     1 __block8_lma = ( 8<<24)|__SLOT_ADDR
       0        0        0     1 __block9_lma = ( 9<<24)|__SLOT_ADDR
       0        0        0     1 __block10_lma = (10<<24)|__SLOT_ADDR
       0        0        0     1 __block11_lma = (11<<24)|__SLOT_ADDR
       0        0        0     1 __block12_lma = (12<<24)|__SLOT_ADDR
       0        0        0     1 __block13_lma = (13<<24)|__SLOT_ADDR
       0        0        0     1 __block14_lma = (14<<24)|__SLOT_ADDR
       0        0        0     1 __block15_lma = (15<<24)|__SLOT_ADDR
       0        0        0     1 __block16_lma = (16<<24)|__SLOT_ADDR
       0        0        0     1 __block17_lma = (17<<24)|__SLOT_ADDR
       0        0        0     1 __block18_lma = (18<<24)|__SLOT_ADDR
       0        0        0     1 __block19_lma = (19<<24)|__SLOT_ADDR
       0        0        0     1 __block20_lma = (20<<24)|__SLOT_ADDR
       0        0        0     1 __block21_lma = (21<<24)|__SLOT_ADDR
       0        0        0     1 __block22_lma = (22<<24)|__SLOT_ADDR
       0        0        0     1 __block23_lma = (23<<24)|__SLOT_ADDR
       0        0        0     1 __palpiano_lma = 0x20000
       0        0        0     1 __palpiano_size = 0x3fc
       0        0        0     1 __pia1_lma = 0x28000
       0        0        0     1 __pia1_size = 0x8000
       0        0        0     1 __pia2_lma = 0x30000
       0        0        0     1 __pia2_size = 0x8000
       0        0        0     1 __pia3_lma = 0x38000
       0        0        0     1 __pia3_size = 0x2c00
      30      300       16     1 .zp.data
      30      300        0     1         __zp_data_start = .
      30      300       16     1         midiTest.lto.o:(.zp.data)
      30      300        1     1                 _ccolor
      31      301        2     1                 note
      33      303       12     1                 tempoLUTRef
      45      315        1     1                 mainTempo
      46      316        0     1 __zp_data_load_start = LOADADDR(.zp.data)
      46      316        0     1 __zp_data_size = SIZEOF(.zp.data)
      46       46       40     1 .zp.bss
      46       46        0     1         __zp_bss_start = .
      46       46       40     1         midiTest.lto.o:(.zp.bss)
      46       46        7     1                 kernelEventData
      4d       4d        1     1                 _col
      4e       4e        1     1                 _row
      4f       4f        2     1                 __putchar.s
      51       51        1     1                 selectBeat
      52       52       14     1                 prgInst
      66       66        1     1                 chSelect
      67       67        1     1                 isTwinLinked
      68       68       12     1                 mainTempoLUT
      7a       7a        1     1                 spaceNotetimer.1
      7b       7b        1     1                 spaceNotetimer.2
      7c       7c        1     1                 refTimer.1
      7d       7d        2     1                 oldCursorNote
      7f       7f        2     1                 oldNote
      81       81        1     1                 (anonymous namespace)::initialized
      82       82        2     1                 (anonymous namespace)::free_size
      84       84        2     1                 (anonymous namespace)::free_list
      86       86        0     1 __zp_bss_size = SIZEOF(.zp.bss)
      86       86       5c     1 .zp
      86       86       5c     1         midiTest.lto.o:(.zp.noinit)
     316      316     68ce     2 .text
     316      316        0     1         _init = .
     316      316        0     1         _start = .
     316      316        8     1         D:\F256\llvm-mos\f256dev\llvm-mos\bin/../mos-platform/f256/lib\libcrt0.a(init-stack.S.obj):(.init.100)
     316      316        0     1                 __do_init_stack
     31e      31e        3     1         D:\F256\llvm-mos\f256dev\llvm-mos\bin/../mos-platform/f256/lib\libcrt0.a(zero-bss.c.obj):(.init.200)
     31e      31e        0     1                 __do_zero_bss
     321      321        3     1         D:\F256\llvm-mos\f256dev\llvm-mos\bin/../mos-platform/f256/lib\libcrt0.a(zero-zp-bss.c.obj):(.init.200)
     321      321        0     1                 __do_zero_zp_bss
     324      324        3     1         D:\F256\llvm-mos\f256dev\llvm-mos\bin/../mos-platform/f256/lib\libcrt0.a(copy-zp-data.c.obj):(.init.200)
     324      324        0     1                 __do_copy_zp_data
     327      327        3     1         D:\F256\llvm-mos\f256dev\llvm-mos\bin/../mos-platform/common/lib\crt0.o:(.call_main)
     32a      32a        3     1         D:\F256\llvm-mos\f256dev\llvm-mos\bin/../mos-platform/f256/lib\libcrt0.a(exit-custom.S.obj):(.after_main)
     32a      32a        0     1                 __after_main
     32d      32d        0     1         _fini = .
     32d      32d        1     1         D:\F256\llvm-mos\f256dev\llvm-mos\bin/../mos-platform/common/lib\crt0.o:(.fini_rts)
     32e      32e      133     2         midiTest.lto.o:(.text._ZN12_GLOBAL__N_19FreeChunk6insertEPvj)
     32e      32e      133     1                 (anonymous namespace)::FreeChunk::insert(void*, unsigned int)
     461      461       13     1         D:\F256\llvm-mos\f256dev\llvm-mos\bin/../mos-platform/f256/lib\libcrt0.a(zero-bss.c.obj):(.text.__zero_bss)
     461      461       13     1                 __zero_bss
     474      474       13     1         D:\F256\llvm-mos\f256dev\llvm-mos\bin/../mos-platform/f256/lib\libcrt0.a(zero-zp-bss.c.obj):(.text.__zero_zp_bss)
     474      474       13     1                 __zero_zp_bss
     487      487       17     1         D:\F256\llvm-mos\f256dev\llvm-mos\bin/../mos-platform/f256/lib\libcrt0.a(copy-zp-data.c.obj):(.text.__copy_zp_data)
     487      487       17     1                 __copy_zp_data
     49e      49e      3a0     1         midiTest.lto.o:(.text.f256Init)
     49e      49e      3a0     1                 f256Init
     83e      83e        6     1         midiTest.lto.o:(.text.main)
     83e      83e        6     1                 main
     844      844     2b7f     1         midiTest.lto.o:(.text.f256main)
     844      844     2b7f     1                 f256main
    33c3     33c3      1b8     1         midiTest.lto.o:(.text.textPrint)
    33c3     33c3      1b8     1                 textPrint
    357b     357b       64     1         midiTest.lto.o:(.text.prepTempoLUT)
    357b     357b       64     1                 prepTempoLUT
    35df     35df       58     1         midiTest.lto.o:(.text.updateTempoText)
    35df     35df       58     1                 updateTempoText
    3637     3637      27b     1         midiTest.lto.o:(.text.textTitle)
    3637     3637      27b     1                 textTitle
    38b2     38b2      31d     1         midiTest.lto.o:(.text.refreshInstrumentText)
    38b2     38b2      31d     1                 refreshInstrumentText
    3bcf     3bcf       da     1         midiTest.lto.o:(.text.channelTextMenu)
    3bcf     3bcf       da     1                 channelTextMenu
    3ca9     3ca9       ef     1         midiTest.lto.o:(.text.refreshBeatTextChoice)
    3ca9     3ca9       ef     1                 refreshBeatTextChoice
    3d98     3d98       e0     1         midiTest.lto.o:(.text.highLightInstChoice)
    3d98     3d98       e0     1                 highLightInstChoice
    3e78     3e78       bb     1         midiTest.lto.o:(.text.textPrintUInt)
    3e78     3e78       bb     1                 textPrintUInt
    3f33     3f33        d     1         midiTest.lto.o:(.text.__putchar)
    3f33     3f33        d     1                 __putchar
    3f40     3f40        5     1         midiTest.lto.o:(.text.exit)
    3f40     3f40        5     1                 exit
    3f45     3f45       d1     1         midiTest.lto.o:(.text._ZN12_GLOBAL__N_13putEcP6Status)
    3f45     3f45       d1     1                 (anonymous namespace)::put(char, Status*)
    4016     4016      10d     1         midiTest.lto.o:(.text._ZN12_GLOBAL__N_112print_stringEPKcP6Status)
    4016     4016      10d     1                 (anonymous namespace)::print_string(char const*, Status*)
    4123     4123      bb0     1         midiTest.lto.o:(.text.printf)
    4123     4123      bb0     1                 printf
    4cd3     4cd3        c     1         midiTest.lto.o:(.text.putchar)
    4cd3     4cd3        c     1                 putchar
    4cdf     4cdf      2ad     1         midiTest.lto.o:(.text.malloc)
    4cdf     4cdf      2ad     1                 malloc
    4f8c     4f8c       2c     1         midiTest.lto.o:(.text.memcpy)
    4f8c     4f8c       2c     1                 memcpy
    4fb8     4fb8       20     1         midiTest.lto.o:(.text.__memset)
    4fb8     4fb8       20     1                 __memset
    4fd8     4fd8       17     1         midiTest.lto.o:(.text.__ashlsi3)
    4fd8     4fd8       17     1                 __ashlsi3
    4fef     4fef       17     1         midiTest.lto.o:(.text.__lshrsi3)
    4fef     4fef       17     1                 __lshrsi3
    5006     5006       1b     1         midiTest.lto.o:(.text.__mulqi3)
    5006     5006       1b     1                 __mulqi3
    5021     5021       32     1         midiTest.lto.o:(.text.__mulhi3)
    5021     5021       32     1                 __mulhi3
    5053     5053       70     1         midiTest.lto.o:(.text.__mulsi3)
    5053     5053       70     1                 __mulsi3
    50c3     50c3       f8     1         midiTest.lto.o:(.text.__muldi3)
    50c3     50c3       f8     1                 __muldi3
    51bb     51bb      147     1         midiTest.lto.o:(.text.__umodsi3)
    51bb     51bb      147     1                 __umodsi3
    5302     5302       db     1         midiTest.lto.o:(.text.__udivmodhi4)
    5302     5302       db     1                 __udivmodhi4
    53dd     53dd      8b8     1         midiTest.lto.o:(.text.__mulsf3)
    53dd     53dd      8b8     1                 __mulsf3
    5c95     5c95      b80     1         midiTest.lto.o:(.text.__divsf3)
    5c95     5c95      b80     1                 __divsf3
    6815     6815       7c     1         midiTest.lto.o:(.text.__fixunssfsi)
    6815     6815       7c     1                 __fixunssfsi
    6891     6891      353     1         midiTest.lto.o:(.text.__floatunsisf)
    6891     6891      353     1                 __floatunsisf
    6be4     6be4        0     1         __init_array_start = .
    6be4     6be4        0     1         __init_array_end = .
    6be4     6be4        0     1         __fini_array_start = .
    6be4     6be4        0     1         __fini_array_end = .
    6be4     6be4      da1     1 .rodata
    6be4     6be4        1     1         D:\F256\llvm-mos\f256dev\llvm-mos\bin/../mos-platform/common/lib\libcrt.a(const.S.obj):(.rodata)
    6be4     6be4        0     1                 __set_v
    6be5     6be5       de     1         midiTest.lto.o:(.rodata.f256main)
    6cc3     6cc3        8     1         midiTest.lto.o:(.rodata.refreshBeatTextChoice)
    6ccb     6ccb       3a     1         midiTest.lto.o:(.rodata.printf)
    6d05     6d05       30     1         midiTest.lto.o:(.rodata.textColors)
    6d05     6d05       30     1                 textColors
    6d35     6d35       60     1         midiTest.lto.o:(.rodata.sidLow)
    6d35     6d35       60     1                 sidLow
    6d95     6d95       60     1         midiTest.lto.o:(.rodata.sidHigh)
    6d95     6d95       60     1                 sidHigh
    6df5     6df5       58     1         midiTest.lto.o:(.rodata.noteColors)
    6df5     6df5       58     1                 noteColors
    6e4d     6e4d      a32     1         <internal>:(.rodata.str1.1)
    787f     787f      100     1         midiTest.lto.o:(.rodata.midi_instruments)
    787f     787f      100     1                 midi_instruments
    797f     797f        6     1         midiTest.lto.o:(.rodata..Lswitch.table.f256main)
    7985     7985        0     1 .data
    7985     7985        0     1         __data_start = .
    7985     7985        0     1         __data_end = .
    7985     7985        0     1 __data_load_start = LOADADDR(.data)
    7985     7985        0     1 __data_size = SIZEOF(.data)
    7985     7985       51     1 .bss
    7985     7985        0     1         __bss_start = .
    7985     7985        4     1         midiTest.lto.o:(.bss._BITMAP_BASE.0)
    7985     7985        4     1                 _BITMAP_BASE.0
    7989     7989       4c     1         midiTest.lto.o:(.bss.theBeats)
    7989     7989       4c     1                 theBeats
    79d5     79d5        1     1         midiTest.lto.o:(.bss.kernelError)
    79d5     79d5        1     1                 kernelError
    79d6     79d6        0     1         __bss_end = .
    79d6     79d6        0     1 __bss_size = SIZEOF(.bss)
    79d6     79d6        0     1 .noinit
    79d6     79d6        0     1         __heap_start = ALIGN(., 2)
    79d6     79d6        0     1 end_block8 = .
    79d6     79d6        0     1 end_block9 = .
    79d6     79d6        0     1 end_block10 = .
    79d6     79d6        0     1 end_block11 = .
    79d6     79d6        0     1 end_block12 = .
    79d6     79d6        0     1 end_block13 = .
    79d6     79d6        0     1 end_block14 = .
    79d6     79d6        0     1 end_block15 = .
    79d6     79d6        0     1 end_block16 = .
    79d6     79d6        0     1 end_block17 = .
    79d6     79d6        0     1 end_block18 = .
    79d6     79d6        0     1 end_block19 = .
    79d6     79d6        0     1 end_block20 = .
    79d6     79d6        0     1 end_block21 = .
    79d6     79d6        0     1 end_block22 = .
    79d6     79d6        0     1 end_block23 = .
   20000    20000      3fc    16 .palpiano
   20000    20000      3fc    16         midiTest.lto.o:(.palpiano)
   20000    20000        0     1                 palpiano_start
   203fc    203fc        0     1                 palpiano_end
   203fc    203fc        0     1 end_palpiano = .
   28000    28000     8000    16 .pia1
   28000    28000     8000    16         midiTest.lto.o:(.pia1)
   28000    28000        0     1                 pia1_start
   30000    30000        0     1                 pia1_end
   30000    30000        0     1 end_pia1 = .
   30000    30000     8000    16 .pia2
   30000    30000     8000    16         midiTest.lto.o:(.pia2)
   30000    30000        0     1                 pia2_start
   38000    38000        0     1                 pia2_end
   38000    38000        0     1 end_pia2 = .
   38000    38000     2c00    16 .pia3
   38000    38000     2c00    16         midiTest.lto.o:(.pia3)
   38000    38000        0     1                 pia3_start
   3ac00    3ac00        0     1                 pia3_end
   3ac00    3ac00        0     1 end_pia3 = .
       0        0      138     1 .comment
       0        0      138     1         <internal>:(.comment)
       0        0      ba0     4 .symtab
       0        0      ba0     4         <internal>:(.symtab)
       0        0       76     1 .shstrtab
       0        0       76     1         <internal>:(.shstrtab)
       0        0      89a     1 .strtab
       0        0      89a     1         <internal>:(.strtab)
