     VMA      LMA     Size Align Out     In      Symbol
       0        0        0     1 PROVIDE(__stack = 0xA000)
       0        0        0     1 PROVIDE(__f256_start = 0x300)
       0        0        0     1 PROVIDE(__BLOCK_SIZE = 0x2000)
       0        0        0     1 PROVIDE(__SLOT_ADDR = 0xA000)
       0        0        0     1 __rc0 = 0x10
       0        0        0     1 __rc1 = __rc0 + 1
       0        0        0     1 PROVIDE(__rc2 = __rc1 + 1)
       0        0        0     1 __rc3 = __rc2 + 1
       0        0        0     1 PROVIDE(__rc4 = __rc3 + 1)
       0        0        0     1 __rc5 = __rc4 + 1
       0        0        0     1 PROVIDE(__rc6 = __rc5 + 1)
       0        0        0     1 __rc7 = __rc6 + 1
       0        0        0     1 PROVIDE(__rc8 = __rc7 + 1)
       0        0        0     1 __rc9 = __rc8 + 1
       0        0        0     1 PROVIDE(__rc10 = __rc9 + 1)
       0        0        0     1 __rc11 = __rc10 + 1
       0        0        0     1 PROVIDE(__rc12 = __rc11 + 1)
       0        0        0     1 __rc13 = __rc12 + 1
       0        0        0     1 PROVIDE(__rc14 = __rc13 + 1)
       0        0        0     1 __rc15 = __rc14 + 1
       0        0        0     1 PROVIDE(__rc16 = __rc15 + 1)
       0        0        0     1 __rc17 = __rc16 + 1
       0        0        0     1 PROVIDE(__rc18 = __rc17 + 1)
       0        0        0     1 __rc19 = __rc18 + 1
       0        0        0     1 PROVIDE(__rc20 = __rc19 + 1)
       0        0        0     1 __rc21 = __rc20 + 1
       0        0        0     1 PROVIDE(__rc22 = __rc21 + 1)
       0        0        0     1 __rc23 = __rc22 + 1
       0        0        0     1 PROVIDE(__rc24 = __rc23 + 1)
       0        0        0     1 __rc25 = __rc24 + 1
       0        0        0     1 PROVIDE(__rc26 = __rc25 + 1)
       0        0        0     1 __rc27 = __rc26 + 1
       0        0        0     1 PROVIDE(__rc28 = __rc27 + 1)
       0        0        0     1 __rc29 = __rc28 + 1
       0        0        0     1 PROVIDE(__rc30 = __rc29 + 1)
       0        0        0     1 __rc31 = __rc30 + 1
       0        0        0     1 
       0        0        0     1 
       0        0        0     1 __block8_lma = ( 8<<24)|__SLOT_ADDR
       0        0        0     1 __block9_lma = ( 9<<24)|__SLOT_ADDR
       0        0        0     1 __block10_lma = (10<<24)|__SLOT_ADDR
       0        0        0     1 __block11_lma = (11<<24)|__SLOT_ADDR
       0        0        0     1 __block12_lma = (12<<24)|__SLOT_ADDR
       0        0        0     1 __block13_lma = (13<<24)|__SLOT_ADDR
       0        0        0     1 __block14_lma = (14<<24)|__SLOT_ADDR
       0        0        0     1 __block15_lma = (15<<24)|__SLOT_ADDR
       0        0        0     1 __block16_lma = (16<<24)|__SLOT_ADDR
       0        0        0     1 __block17_lma = (17<<24)|__SLOT_ADDR
       0        0        0     1 __block18_lma = (18<<24)|__SLOT_ADDR
       0        0        0     1 __block19_lma = (19<<24)|__SLOT_ADDR
       0        0        0     1 __block20_lma = (20<<24)|__SLOT_ADDR
       0        0        0     1 __block21_lma = (21<<24)|__SLOT_ADDR
       0        0        0     1 __block22_lma = (22<<24)|__SLOT_ADDR
       0        0        0     1 __block23_lma = (23<<24)|__SLOT_ADDR
       0        0        0     1 __palpiano_lma = 0x20000
       0        0        0     1 __palpiano_size = 0x3fc
       0        0        0     1 __pia1_lma = 0x28000
       0        0        0     1 __pia1_size = 0x8000
       0        0        0     1 __pia2_lma = 0x30000
       0        0        0     1 __pia2_size = 0x8000
       0        0        0     1 __pia3_lma = 0x38000
       0        0        0     1 __pia3_size = 0x2c00
      30      300       2d     1 .zp.data
      30      300        0     1         __zp_data_start = .
      30      300       2d     1         midiTest.lto.o:(.zp.data)
      30      300        1     1                 _ccolor
      31      301        2     1                 note
      33      303       12     1                 tempoLUTRef
      45      315        6     1                 sidChoiceToVoice
      4b      31b        6     1                 sidInstPerVoice
      51      321        c     1                 sid_instruments
      5d      32d        0     1 __zp_data_load_start = LOADADDR(.zp.data)
      5d      32d        0     1 __zp_data_size = SIZEOF(.zp.data)
      5d       5d       2f     1 .zp.bss
      5d       5d        0     1         __zp_bss_start = .
      5d       5d       2f     1         midiTest.lto.o:(.zp.bss)
      5d       5d        1     1                 _col
      5e       5e        1     1                 _row
      5f       5f        2     1                 __putchar.s
      61       61        1     1                 sidPolyCount
      62       62        1     1                 polyPSGcount
      63       63        1     1                 instSelectMode
      64       64        1     1                 needsToWaitExpiration
      65       65        1     1                 altHit
      66       66        1     1                 shiftHit
      67       67        2     1                 gPtr
      69       69       12     1                 mainTempoLUT
      7b       7b        2     1                 theBeats
      7d       7d        1     1                 refTimer.1
      7e       7e        2     1                 oldCursorNote
      80       80        7     1                 kernelEventData
      87       87        1     1                 (anonymous namespace)::initialized
      88       88        2     1                 (anonymous namespace)::free_size
      8a       8a        2     1                 (anonymous namespace)::free_list
      8c       8c        0     1 __zp_bss_size = SIZEOF(.zp.bss)
      8c       8c       62     1 .zp
      8c       8c       62     1         midiTest.lto.o:(.zp.noinit)
     32e      32e     88ef     2 .text
     32e      32e        0     1         _init = .
     32e      32e        0     1         _start = .
     32e      32e        8     1         D:\F256\llvm-mos\f256dev\llvm-mos\bin/../mos-platform/f256/lib\libcrt0.a(init-stack.S.obj):(.init.100)
     32e      32e        0     1                 __do_init_stack
     336      336        3     1         D:\F256\llvm-mos\f256dev\llvm-mos\bin/../mos-platform/f256/lib\libcrt0.a(zero-bss.c.obj):(.init.200)
     336      336        0     1                 __do_zero_bss
     339      339        3     1         D:\F256\llvm-mos\f256dev\llvm-mos\bin/../mos-platform/f256/lib\libcrt0.a(zero-zp-bss.c.obj):(.init.200)
     339      339        0     1                 __do_zero_zp_bss
     33c      33c        3     1         D:\F256\llvm-mos\f256dev\llvm-mos\bin/../mos-platform/f256/lib\libcrt0.a(copy-zp-data.c.obj):(.init.200)
     33c      33c        0     1                 __do_copy_zp_data
     33f      33f        3     1         D:\F256\llvm-mos\f256dev\llvm-mos\bin/../mos-platform/common/lib\crt0.o:(.call_main)
     342      342        3     1         D:\F256\llvm-mos\f256dev\llvm-mos\bin/../mos-platform/f256/lib\libcrt0.a(exit-custom.S.obj):(.after_main)
     342      342        0     1                 __after_main
     345      345        0     1         _fini = .
     345      345        1     1         D:\F256\llvm-mos\f256dev\llvm-mos\bin/../mos-platform/common/lib\crt0.o:(.fini_rts)
     346      346      133     2         midiTest.lto.o:(.text._ZN12_GLOBAL__N_19FreeChunk6insertEPvj)
     346      346      133     1                 (anonymous namespace)::FreeChunk::insert(void*, unsigned int)
     479      479       13     1         D:\F256\llvm-mos\f256dev\llvm-mos\bin/../mos-platform/f256/lib\libcrt0.a(zero-bss.c.obj):(.text.__zero_bss)
     479      479       13     1                 __zero_bss
     48c      48c       13     1         D:\F256\llvm-mos\f256dev\llvm-mos\bin/../mos-platform/f256/lib\libcrt0.a(zero-zp-bss.c.obj):(.text.__zero_zp_bss)
     48c      48c       13     1                 __zero_zp_bss
     49f      49f       17     1         D:\F256\llvm-mos\f256dev\llvm-mos\bin/../mos-platform/f256/lib\libcrt0.a(copy-zp-data.c.obj):(.text.__copy_zp_data)
     49f      49f       17     1                 __copy_zp_data
     4b6      4b6       8e     1         midiTest.lto.o:(.text.resetGlobals)
     4b6      4b6       8e     1                 resetGlobals
     544      544      3a0     1         midiTest.lto.o:(.text.f256Init)
     544      544      3a0     1                 f256Init
     8e4      8e4        6     1         midiTest.lto.o:(.text.main)
     8e4      8e4        6     1                 main
     8ea      8ea     4371     1         midiTest.lto.o:(.text.f256main)
     8ea      8ea     4371     1                 f256main
    4c5b     4c5b      1b8     1         midiTest.lto.o:(.text.textPrint)
    4c5b     4c5b      1b8     1                 textPrint
    4e13     4e13      210     1         midiTest.lto.o:(.text.dispatchNote)
    4e13     4e13      210     1                 dispatchNote
    5023     5023       6e     1         midiTest.lto.o:(.text.prepTempoLUT)
    5023     5023       6e     1                 prepTempoLUT
    5091     5091       83     1         midiTest.lto.o:(.text.shutAllMIDIchans)
    5091     5091       83     1                 shutAllMIDIchans
    5114     5114       bb     1         midiTest.lto.o:(.text.textPrintUInt)
    5114     5114       bb     1                 textPrintUInt
    51cf     51cf        d     1         midiTest.lto.o:(.text.__putchar)
    51cf     51cf        d     1                 __putchar
    51dc     51dc       b1     1         midiTest.lto.o:(.text.prepSIDinstruments)
    51dc     51dc       b1     1                 prepSIDinstruments
    528d     528d      36a     1         midiTest.lto.o:(.text.refreshInstrumentText)
    528d     528d      36a     1                 refreshInstrumentText
    55f7     55f7       ea     1         midiTest.lto.o:(.text.channelTextMenu)
    55f7     55f7       ea     1                 channelTextMenu
    56e1     56e1       ed     1         midiTest.lto.o:(.text.refreshBeatTextChoice)
    56e1     56e1       ed     1                 refreshBeatTextChoice
    57ce     57ce       5a     1         midiTest.lto.o:(.text.updateTempoText)
    57ce     57ce       5a     1                 updateTempoText
    5828     5828       f8     1         midiTest.lto.o:(.text.showChipChoiceText)
    5828     5828       f8     1                 showChipChoiceText
    5920     5920       82     1         midiTest.lto.o:(.text.showMIDIChoiceText)
    5920     5920       82     1                 showMIDIChoiceText
    59a2     59a2      315     1         midiTest.lto.o:(.text.textTitle)
    59a2     59a2      315     1                 textTitle
    5cb7     5cb7      18e     1         midiTest.lto.o:(.text.highLightInstChoice)
    5cb7     5cb7      18e     1                 highLightInstChoice
    5e45     5e45       63     1         midiTest.lto.o:(.text.modalMoveUp)
    5e45     5e45       63     1                 modalMoveUp
    5ea8     5ea8       63     1         midiTest.lto.o:(.text.modalMoveDown)
    5ea8     5ea8       63     1                 modalMoveDown
    5f0b     5f0b        5     1         midiTest.lto.o:(.text.exit)
    5f0b     5f0b        5     1                 exit
    5f10     5f10       d1     1         midiTest.lto.o:(.text._ZN12_GLOBAL__N_13putEcP6Status)
    5f10     5f10       d1     1                 (anonymous namespace)::put(char, Status*)
    5fe1     5fe1      10d     1         midiTest.lto.o:(.text._ZN12_GLOBAL__N_112print_stringEPKcP6Status)
    5fe1     5fe1      10d     1                 (anonymous namespace)::print_string(char const*, Status*)
    60ee     60ee      bb0     1         midiTest.lto.o:(.text.printf)
    60ee     60ee      bb0     1                 printf
    6c9e     6c9e        c     1         midiTest.lto.o:(.text.putchar)
    6c9e     6c9e        c     1                 putchar
    6caa     6caa      2ad     1         midiTest.lto.o:(.text.malloc)
    6caa     6caa      2ad     1                 malloc
    6f57     6f57       2c     1         midiTest.lto.o:(.text.memcpy)
    6f57     6f57       2c     1                 memcpy
    6f83     6f83       20     1         midiTest.lto.o:(.text.__memset)
    6f83     6f83       20     1                 __memset
    6fa3     6fa3       17     1         midiTest.lto.o:(.text.__ashlsi3)
    6fa3     6fa3       17     1                 __ashlsi3
    6fba     6fba       17     1         midiTest.lto.o:(.text.__lshrsi3)
    6fba     6fba       17     1                 __lshrsi3
    6fd1     6fd1       1b     1         midiTest.lto.o:(.text.__mulqi3)
    6fd1     6fd1       1b     1                 __mulqi3
    6fec     6fec       32     1         midiTest.lto.o:(.text.__mulhi3)
    6fec     6fec       32     1                 __mulhi3
    701e     701e       70     1         midiTest.lto.o:(.text.__mulsi3)
    701e     701e       70     1                 __mulsi3
    708e     708e       f8     1         midiTest.lto.o:(.text.__muldi3)
    708e     708e       f8     1                 __muldi3
    7186     7186      147     1         midiTest.lto.o:(.text.__umodsi3)
    7186     7186      147     1                 __umodsi3
    72cd     72cd       6e     1         midiTest.lto.o:(.text.__udivmodqi4)
    72cd     72cd       6e     1                 __udivmodqi4
    733b     733b       db     1         midiTest.lto.o:(.text.__udivmodhi4)
    733b     733b       db     1                 __udivmodhi4
    7416     7416      8b8     1         midiTest.lto.o:(.text.__mulsf3)
    7416     7416      8b8     1                 __mulsf3
    7cce     7cce      b80     1         midiTest.lto.o:(.text.__divsf3)
    7cce     7cce      b80     1                 __divsf3
    884e     884e       7c     1         midiTest.lto.o:(.text.__fixunssfsi)
    884e     884e       7c     1                 __fixunssfsi
    88ca     88ca      353     1         midiTest.lto.o:(.text.__floatunsisf)
    88ca     88ca      353     1                 __floatunsisf
    8c1d     8c1d        0     1         __init_array_start = .
    8c1d     8c1d        0     1         __init_array_end = .
    8c1d     8c1d        0     1         __fini_array_start = .
    8c1d     8c1d        0     1         __fini_array_end = .
    8c1d     8c1d      f3c     1 .rodata
    8c1d     8c1d        1     1         D:\F256\llvm-mos\f256dev\llvm-mos\bin/../mos-platform/common/lib\libcrt.a(const.S.obj):(.rodata)
    8c1d     8c1d        0     1                 __set_v
    8c1e     8c1e       2c     1         midiTest.lto.o:(.rodata.f256main)
    8c4a     8c4a        8     1         midiTest.lto.o:(.rodata.dispatchNote)
    8c52     8c52        8     1         midiTest.lto.o:(.rodata.refreshBeatTextChoice)
    8c5a     8c5a        8     1         midiTest.lto.o:(.rodata.showChipChoiceText)
    8c62     8c62       3a     1         midiTest.lto.o:(.rodata.printf)
    8c9c     8c9c      bff     1         <internal>:(.rodata.str1.1)
    989b     989b       30     1         midiTest.lto.o:(.rodata.textColors)
    989b     989b       30     1                 textColors
    98cb     98cb       58     1         midiTest.lto.o:(.rodata.noteColors)
    98cb     98cb       58     1                 noteColors
    9923     9923        6     1         midiTest.lto.o:(.rodata..Lswitch.table.f256main)
    9929     9929       38     1         midiTest.lto.o:(.rodata.plugin)
    9929     9929       38     1                 plugin
    9961     9961       18     1         midiTest.lto.o:(.rodata.opl3_fnums)
    9961     9961       18     1                 opl3_fnums
    9979     9979       40     1         midiTest.lto.o:(.rodata.psgLow)
    9979     9979       40     1                 psgLow
    99b9     99b9       40     1         midiTest.lto.o:(.rodata.psgHigh)
    99b9     99b9       40     1                 psgHigh
    99f9     99f9       60     1         midiTest.lto.o:(.rodata.sidLow)
    99f9     99f9       60     1                 sidLow
    9a59     9a59      100     1         midiTest.lto.o:(.rodata.midi_instruments)
    9a59     9a59      100     1                 midi_instruments
    9b59     9b59        0     1 .data
    9b59     9b59        0     1         __data_start = .
    9b59     9b59        0     1         __data_end = .
    9b59     9b59        0     1 __data_load_start = LOADADDR(.data)
    9b59     9b59        0     1 __data_size = SIZEOF(.data)
    9b59     9b59      104     1 .bss
    9b59     9b59        0     1         __bss_start = .
    9b59     9b59        4     1         midiTest.lto.o:(.bss._BITMAP_BASE.0)
    9b59     9b59        4     1                 _BITMAP_BASE.0
    9b5d     9b5d       ff     1         midiTest.lto.o:(.bss.diagBuffer)
    9b5d     9b5d       ff     1                 diagBuffer
    9c5c     9c5c        1     1         midiTest.lto.o:(.bss.kernelError)
    9c5c     9c5c        1     1                 kernelError
    9c5d     9c5d        0     1         __bss_end = .
    9c5d     9c5d        0     1 __bss_size = SIZEOF(.bss)
    9c5d     9c5d        0     1 .noinit
    9c5d     9c5d        0     1         __heap_start = ALIGN(., 2)
    9c5d     9c5d        0     1 end_block8 = .
    9c5d     9c5d        0     1 end_block9 = .
    9c5d     9c5d        0     1 end_block10 = .
    9c5d     9c5d        0     1 end_block11 = .
    9c5d     9c5d        0     1 end_block12 = .
    9c5d     9c5d        0     1 end_block13 = .
    9c5d     9c5d        0     1 end_block14 = .
    9c5d     9c5d        0     1 end_block15 = .
    9c5d     9c5d        0     1 end_block16 = .
    9c5d     9c5d        0     1 end_block17 = .
    9c5d     9c5d        0     1 end_block18 = .
    9c5d     9c5d        0     1 end_block19 = .
    9c5d     9c5d        0     1 end_block20 = .
    9c5d     9c5d        0     1 end_block21 = .
    9c5d     9c5d        0     1 end_block22 = .
    9c5d     9c5d        0     1 end_block23 = .
   20000    20000      3fc    16 .palpiano
   20000    20000      3fc    16         midiTest.lto.o:(.palpiano)
   20000    20000        0     1                 palpiano_start
   203fc    203fc        0     1                 palpiano_end
   203fc    203fc        0     1 end_palpiano = .
   28000    28000     8000    16 .pia1
   28000    28000     8000    16         midiTest.lto.o:(.pia1)
   28000    28000        0     1                 pia1_start
   30000    30000        0     1                 pia1_end
   30000    30000        0     1 end_pia1 = .
   30000    30000     8000    16 .pia2
   30000    30000     8000    16         midiTest.lto.o:(.pia2)
   30000    30000        0     1                 pia2_start
   38000    38000        0     1                 pia2_end
   38000    38000        0     1 end_pia2 = .
   38000    38000     2c00    16 .pia3
   38000    38000     2c00    16         midiTest.lto.o:(.pia3)
   38000    38000        0     1                 pia3_start
   3ac00    3ac00        0     1                 pia3_end
   3ac00    3ac00        0     1 end_pia3 = .
       0        0      138     1 .comment
       0        0      138     1         <internal>:(.comment)
       0        0      ca0     4 .symtab
       0        0      ca0     4         <internal>:(.symtab)
       0        0       76     1 .shstrtab
       0        0       76     1         <internal>:(.shstrtab)
       0        0      979     1 .strtab
       0        0      979     1         <internal>:(.strtab)
