     VMA      LMA     Size Align Out     In      Symbol
       0        0        0     1 PROVIDE(__stack = 0xC000)
       0        0        0     1 PROVIDE(__f256_start = 0x300)
       0        0        0     1 PROVIDE(__BLOCK_SIZE = 0x2000)
       0        0        0     1 PROVIDE(__SLOT_ADDR = 0xC000)
       0        0        0     1 __rc0 = 0x10
       0        0        0     1 __rc1 = __rc0 + 1
       0        0        0     1 PROVIDE(__rc2 = __rc1 + 1)
       0        0        0     1 __rc3 = __rc2 + 1
       0        0        0     1 PROVIDE(__rc4 = __rc3 + 1)
       0        0        0     1 __rc5 = __rc4 + 1
       0        0        0     1 PROVIDE(__rc6 = __rc5 + 1)
       0        0        0     1 __rc7 = __rc6 + 1
       0        0        0     1 PROVIDE(__rc8 = __rc7 + 1)
       0        0        0     1 __rc9 = __rc8 + 1
       0        0        0     1 PROVIDE(__rc10 = __rc9 + 1)
       0        0        0     1 __rc11 = __rc10 + 1
       0        0        0     1 PROVIDE(__rc12 = __rc11 + 1)
       0        0        0     1 __rc13 = __rc12 + 1
       0        0        0     1 PROVIDE(__rc14 = __rc13 + 1)
       0        0        0     1 __rc15 = __rc14 + 1
       0        0        0     1 PROVIDE(__rc16 = __rc15 + 1)
       0        0        0     1 __rc17 = __rc16 + 1
       0        0        0     1 PROVIDE(__rc18 = __rc17 + 1)
       0        0        0     1 __rc19 = __rc18 + 1
       0        0        0     1 PROVIDE(__rc20 = __rc19 + 1)
       0        0        0     1 __rc21 = __rc20 + 1
       0        0        0     1 PROVIDE(__rc22 = __rc21 + 1)
       0        0        0     1 __rc23 = __rc22 + 1
       0        0        0     1 PROVIDE(__rc24 = __rc23 + 1)
       0        0        0     1 __rc25 = __rc24 + 1
       0        0        0     1 PROVIDE(__rc26 = __rc25 + 1)
       0        0        0     1 __rc27 = __rc26 + 1
       0        0        0     1 PROVIDE(__rc28 = __rc27 + 1)
       0        0        0     1 __rc29 = __rc28 + 1
       0        0        0     1 PROVIDE(__rc30 = __rc29 + 1)
       0        0        0     1 __rc31 = __rc30 + 1
       0        0        0     1 
       0        0        0     1 
       0        0        0     1 __block8_lma = ( 8<<24)|__SLOT_ADDR
       0        0        0     1 __block9_lma = ( 9<<24)|__SLOT_ADDR
       0        0        0     1 __block10_lma = (10<<24)|__SLOT_ADDR
       0        0        0     1 __block11_lma = (11<<24)|__SLOT_ADDR
       0        0        0     1 __block12_lma = (12<<24)|__SLOT_ADDR
       0        0        0     1 __block13_lma = (13<<24)|__SLOT_ADDR
       0        0        0     1 __block14_lma = (14<<24)|__SLOT_ADDR
       0        0        0     1 __block15_lma = (15<<24)|__SLOT_ADDR
       0        0        0     1 __block16_lma = (16<<24)|__SLOT_ADDR
       0        0        0     1 __block17_lma = (17<<24)|__SLOT_ADDR
       0        0        0     1 __block18_lma = (18<<24)|__SLOT_ADDR
       0        0        0     1 __block19_lma = (19<<24)|__SLOT_ADDR
       0        0        0     1 __block20_lma = (20<<24)|__SLOT_ADDR
       0        0        0     1 __block21_lma = (21<<24)|__SLOT_ADDR
       0        0        0     1 __block22_lma = (22<<24)|__SLOT_ADDR
       0        0        0     1 __block23_lma = (23<<24)|__SLOT_ADDR
       0        0        0     1 __palpiano_lma = 0x30000
       0        0        0     1 __palpiano_size = 0x3fc
       0        0        0     1 __pia1_lma = 0x38000
       0        0        0     1 __pia1_size = 0x12c00
      30      300        9     1 .zp.data
      30      300        0     1         __zp_data_start = .
      30      300        9     1         midiTest.lto.o:(.zp.data)
      30      300        1     1                 _ccolor
      31      301        2     1                 note
      33      303        6     1                 polyPSGChanBits
      39      309        0     1 __zp_data_load_start = LOADADDR(.zp.data)
      39      309        0     1 __zp_data_size = SIZEOF(.zp.data)
      39       39       56     1 .zp.bss
      39       39        0     1         __zp_bss_start = .
      39       39       56     1         midiTest.lto.o:(.zp.bss)
      39       39        1     1                 _col
      3a       3a        1     1                 _row
      3b       3b        2     1                 __putchar.s
      3d       3d        1     1                 instSelectMode
      3e       3e        1     1                 needsToWaitExpiration
      3f       3f        1     1                 altHit
      40       40        1     1                 shiftHit
      41       41        2     1                 theBeats
      43       43        1     1                 refTimer.1
      44       44        2     1                 oldCursorNote
      46       46        1     1                 chipAct.0
      47       47        1     1                 chipAct.1
      48       48        1     1                 chipAct.2
      49       49        1     1                 chipAct.3
      4a       4a        1     1                 chipAct.4
      4b       4b        6     1                 polySIDBuffer
      51       51        6     1                 reservedSID
      57       57        6     1                 polyPSGBuffer
      5d       5d       12     1                 polyOPL3Buffer
      6f       6f       12     1                 reservedOPL3
      81       81        2     1                 gPtr
      83       83        7     1                 kernelEventData
      8a       8a        1     1                 (anonymous namespace)::initialized
      8b       8b        2     1                 (anonymous namespace)::free_size
      8d       8d        2     1                 (anonymous namespace)::free_list
      8f       8f        0     1 __zp_bss_size = SIZEOF(.zp.bss)
      8f       8f       61     1 .zp
      8f       8f       61     1         midiTest.lto.o:(.zp.noinit)
     30a      30a     98df     2 .text
     30a      30a        0     1         _init = .
     30a      30a        0     1         _start = .
     30a      30a        8     1         D:\F256\llvm-mos\f256dev\llvm-mos\bin/../mos-platform/f256/lib\libcrt0.a(init-stack.S.obj):(.init.100)
     30a      30a        0     1                 __do_init_stack
     312      312        3     1         D:\F256\llvm-mos\f256dev\llvm-mos\bin/../mos-platform/f256/lib\libcrt0.a(zero-bss.c.obj):(.init.200)
     312      312        0     1                 __do_zero_bss
     315      315        3     1         D:\F256\llvm-mos\f256dev\llvm-mos\bin/../mos-platform/f256/lib\libcrt0.a(zero-zp-bss.c.obj):(.init.200)
     315      315        0     1                 __do_zero_zp_bss
     318      318        3     1         D:\F256\llvm-mos\f256dev\llvm-mos\bin/../mos-platform/f256/lib\libcrt0.a(copy-zp-data.c.obj):(.init.200)
     318      318        0     1                 __do_copy_zp_data
     31b      31b        3     1         D:\F256\llvm-mos\f256dev\llvm-mos\bin/../mos-platform/common/lib\crt0.o:(.call_main)
     31e      31e        3     1         D:\F256\llvm-mos\f256dev\llvm-mos\bin/../mos-platform/f256/lib\libcrt0.a(exit-custom.S.obj):(.after_main)
     31e      31e        0     1                 __after_main
     321      321        0     1         _fini = .
     321      321        1     1         D:\F256\llvm-mos\f256dev\llvm-mos\bin/../mos-platform/common/lib\crt0.o:(.fini_rts)
     322      322      135     2         midiTest.lto.o:(.text._ZN12_GLOBAL__N_19FreeChunk6insertEPvj)
     322      322      135     1                 (anonymous namespace)::FreeChunk::insert(void*, unsigned int)
     458      458       d7     2         midiTest.lto.o:(.text._ZN12_GLOBAL__N_19FreeChunk6removeEv)
     458      458       d7     1                 (anonymous namespace)::FreeChunk::remove()
     52f      52f       13     1         D:\F256\llvm-mos\f256dev\llvm-mos\bin/../mos-platform/f256/lib\libcrt0.a(zero-bss.c.obj):(.text.__zero_bss)
     52f      52f       13     1                 __zero_bss
     542      542       13     1         D:\F256\llvm-mos\f256dev\llvm-mos\bin/../mos-platform/f256/lib\libcrt0.a(zero-zp-bss.c.obj):(.text.__zero_zp_bss)
     542      542       13     1                 __zero_zp_bss
     555      555       17     1         D:\F256\llvm-mos\f256dev\llvm-mos\bin/../mos-platform/f256/lib\libcrt0.a(copy-zp-data.c.obj):(.text.__copy_zp_data)
     555      555       17     1                 __copy_zp_data
     56c      56c      3f5     1         midiTest.lto.o:(.text.f256Init)
     56c      56c      3f5     1                 f256Init
     961      961        6     1         midiTest.lto.o:(.text.main)
     961      961        6     1                 main
     967      967     3cd6     1         midiTest.lto.o:(.text.f256main)
     967      967     3cd6     1                 f256main
    463d     463d      1e7     1         midiTest.lto.o:(.text.textPrint)
    463d     463d      1e7     1                 textPrint
    4824     4824       c2     1         midiTest.lto.o:(.text.textPrintUInt)
    4824     4824       c2     1                 textPrintUInt
    48e6     48e6      d36     1         midiTest.lto.o:(.text.launchBeat)
    48e6     48e6      d36     1                 launchBeat
    561c     561c      312     1         midiTest.lto.o:(.text.escReset)
    561c     561c      312     1                 escReset
    592e     592e      832     1         midiTest.lto.o:(.text.dispatchNote)
    592e     592e      832     1                 dispatchNote
    6160     6160      1b5     1         midiTest.lto.o:(.text.opl3_setInstrumentAllChannels)
    6160     6160      1b5     1                 opl3_setInstrumentAllChannels
    6315     6315      29c     1         midiTest.lto.o:(.text.getBeatTrackNoteInfo)
    6315     6315      29c     1                 getBeatTrackNoteInfo
    65b1     65b1      246     1         midiTest.lto.o:(.text.setupMem4Track)
    65b1     65b1      246     1                 setupMem4Track
    67f7     67f7      35b     1         midiTest.lto.o:(.text.refreshInstrumentText)
    67f7     67f7      35b     1                 refreshInstrumentText
    6b52     6b52      14b     1         midiTest.lto.o:(.text.channelTextMenu)
    6b52     6b52      14b     1                 channelTextMenu
    6c9d     6c9d      2b5     1         midiTest.lto.o:(.text.showChipChoiceText)
    6c9d     6c9d      2b5     1                 showChipChoiceText
    6f52     6f52      574     1         midiTest.lto.o:(.text.textTitle)
    6f52     6f52      574     1                 textTitle
    74c6     74c6      1bf     1         midiTest.lto.o:(.text.highLightInstChoice)
    74c6     74c6      1bf     1                 highLightInstChoice
    7685     7685        5     1         midiTest.lto.o:(.text.exit)
    7685     7685        5     1                 exit
    768a     768a       db     1         midiTest.lto.o:(.text._ZN12_GLOBAL__N_13putEcP6Status)
    768a     768a       db     1                 (anonymous namespace)::put(char, Status*)
    7765     7765      10c     1         midiTest.lto.o:(.text._ZN12_GLOBAL__N_112print_stringEPKcP6Status)
    7765     7765      10c     1                 (anonymous namespace)::print_string(char const*, Status*)
    7871     7871      c2c     1         midiTest.lto.o:(.text.printf)
    7871     7871      c2c     1                 printf
    849d     849d      1d1     1         midiTest.lto.o:(.text.malloc)
    849d     849d      1d1     1                 malloc
    866e     866e       2c     1         midiTest.lto.o:(.text.memcpy)
    866e     866e       2c     1                 memcpy
    869a     869a       20     1         midiTest.lto.o:(.text.__memset)
    869a     869a       20     1                 __memset
    86ba     86ba       17     1         midiTest.lto.o:(.text.__ashlsi3)
    86ba     86ba       17     1                 __ashlsi3
    86d1     86d1       17     1         midiTest.lto.o:(.text.__lshrsi3)
    86d1     86d1       17     1                 __lshrsi3
    86e8     86e8       1b     1         midiTest.lto.o:(.text.__mulqi3)
    86e8     86e8       1b     1                 __mulqi3
    8703     8703       32     1         midiTest.lto.o:(.text.__mulhi3)
    8703     8703       32     1                 __mulhi3
    8735     8735       70     1         midiTest.lto.o:(.text.__mulsi3)
    8735     8735       70     1                 __mulsi3
    87a5     87a5       f8     1         midiTest.lto.o:(.text.__muldi3)
    87a5     87a5       f8     1                 __muldi3
    889d     889d       5c     1         midiTest.lto.o:(.text.__udivqi3)
    889d     889d       5c     1                 __udivqi3
    88f9     88f9       c0     1         midiTest.lto.o:(.text.__udivhi3)
    88f9     88f9       c0     1                 __udivhi3
    89b9     89b9       3f     1         midiTest.lto.o:(.text.__umodqi3)
    89b9     89b9       3f     1                 __umodqi3
    89f8     89f8      147     1         midiTest.lto.o:(.text.__umodsi3)
    89f8     89f8      147     1                 __umodsi3
    8b3f     8b3f       6e     1         midiTest.lto.o:(.text.__udivmodqi4)
    8b3f     8b3f       6e     1                 __udivmodqi4
    8bad     8bad       db     1         midiTest.lto.o:(.text.__udivmodhi4)
    8bad     8bad       db     1                 __udivmodhi4
    8c88     8c88      b92     1         midiTest.lto.o:(.text.__divsf3)
    8c88     8c88      b92     1                 __divsf3
    981a     981a       7c     1         midiTest.lto.o:(.text.__fixunssfsi)
    981a     981a       7c     1                 __fixunssfsi
    9896     9896      353     1         midiTest.lto.o:(.text.__floatunsisf)
    9896     9896      353     1                 __floatunsisf
    9be9     9be9        0     1         __init_array_start = .
    9be9     9be9        0     1         __init_array_end = .
    9be9     9be9        0     1         __fini_array_start = .
    9be9     9be9        0     1         __fini_array_end = .
    9be9     9be9     14eb     1 .rodata
    9be9     9be9        1     1         D:\F256\llvm-mos\f256dev\llvm-mos\bin/../mos-platform/common/lib\libcrt.a(const.S.obj):(.rodata)
    9be9     9be9        0     1                 __set_v
    9bea     9bea       ae     1         midiTest.lto.o:(.rodata.f256main)
    9c98     9c98        a     1         midiTest.lto.o:(.rodata.dispatchNote)
    9ca2     9ca2        8     1         midiTest.lto.o:(.rodata.channelTextMenu)
    9caa     9caa        8     1         midiTest.lto.o:(.rodata.showChipChoiceText)
    9cb2     9cb2       3a     1         midiTest.lto.o:(.rodata.printf)
    9cec     9cec       30     1         midiTest.lto.o:(.rodata.textColors)
    9cec     9cec       30     1                 textColors
    9d1c     9d1c       58     1         midiTest.lto.o:(.rodata.noteColors)
    9d1c     9d1c       58     1                 noteColors
    9d74     9d74       7b     1         midiTest.lto.o:(.rodata.KeyCodesToMIDINotes)
    9d74     9d74       7b     1                 KeyCodesToMIDINotes
    9def     9def      dd2     1         <internal>:(.rodata.str1.1)
    abc1     abc1        6     1         midiTest.lto.o:(.rodata.sidChoiceToVoice)
    abc1     abc1        6     1                 sidChoiceToVoice
    abc7     abc7       18     1         midiTest.lto.o:(.rodata.opl3_fnums)
    abc7     abc7       18     1                 opl3_fnums
    abdf     abdf       40     1         midiTest.lto.o:(.rodata.psgLow)
    abdf     abdf       40     1                 psgLow
    ac1f     ac1f       40     1         midiTest.lto.o:(.rodata.psgHigh)
    ac1f     ac1f       40     1                 psgHigh
    ac5f     ac5f       60     1         midiTest.lto.o:(.rodata.sidLow)
    ac5f     ac5f       60     1                 sidLow
    acbf     acbf       38     1         midiTest.lto.o:(.rodata.rtmplugin)
    acbf     acbf       38     1                 rtmplugin
    acf7     acf7        2     1         midiTest.lto.o:(.rodata.beat00_notes)
    acf7     acf7        2     1                 beat00_notes
    acf9     acf9        2     1         midiTest.lto.o:(.rodata.beat00_delays)
    acf9     acf9        2     1                 beat00_delays
    acfb     acfb        5     1         midiTest.lto.o:(.rodata.beat10_notes)
    acfb     acfb        5     1                 beat10_notes
    ad00     ad00        5     1         midiTest.lto.o:(.rodata.beat10_delays)
    ad00     ad00        5     1                 beat10_delays
    ad05     ad05        8     1         midiTest.lto.o:(.rodata.beat11_notes)
    ad05     ad05        8     1                 beat11_notes
    ad0d     ad0d        8     1         midiTest.lto.o:(.rodata.beat11_delays)
    ad0d     ad0d        8     1                 beat11_delays
    ad15     ad15       6a     1         midiTest.lto.o:(.rodata.beat40_notes)
    ad15     ad15       6a     1                 beat40_notes
    ad7f     ad7f       6a     1         midiTest.lto.o:(.rodata.beat40_delays)
    ad7f     ad7f       6a     1                 beat40_delays
    ade9     ade9       10     1         midiTest.lto.o:(.rodata.beat41_notes)
    ade9     ade9       10     1                 beat41_notes
    adf9     adf9       10     1         midiTest.lto.o:(.rodata.beat41_delays)
    adf9     adf9       10     1                 beat41_delays
    ae09     ae09       2d     1         midiTest.lto.o:(.rodata.sid_instrument_defs)
    ae09     ae09       2d     1                 sid_instrument_defs
    ae36     ae36       f2     1         midiTest.lto.o:(.rodata.opl3_instrument_defs)
    ae36     ae36       f2     1                 opl3_instrument_defs
    af28     af28        4     1         midiTest.lto.o:(.rodata.beat20_notes)
    af28     af28        4     1                 beat20_notes
    af2c     af2c        4     1         midiTest.lto.o:(.rodata.beat20_delays)
    af2c     af2c        4     1                 beat20_delays
    af30     af30        6     1         midiTest.lto.o:(.rodata.beat21_notes)
    af30     af30        6     1                 beat21_notes
    af36     af36        6     1         midiTest.lto.o:(.rodata.beat21_delays)
    af36     af36        6     1                 beat21_delays
    af3c     af3c       20     1         midiTest.lto.o:(.rodata.beat30_notes)
    af3c     af3c       20     1                 beat30_notes
    af5c     af5c       20     1         midiTest.lto.o:(.rodata.beat30_delays)
    af5c     af5c       20     1                 beat30_delays
    af7c     af7c        c     1         midiTest.lto.o:(.rodata.beat31_notes)
    af7c     af7c        c     1                 beat31_notes
    af88     af88        c     1         midiTest.lto.o:(.rodata.beat31_delays)
    af88     af88        c     1                 beat31_delays
    af94     af94      100     1         midiTest.lto.o:(.rodata.midi_instruments)
    af94     af94      100     1                 midi_instruments
    b094     b094        a     1         midiTest.lto.o:(.rodata.presetBeatCount_names)
    b094     b094        a     1                 presetBeatCount_names
    b09e     b09e        a     1         midiTest.lto.o:(.rodata.sid_instruments_names)
    b09e     b09e        a     1                 sid_instruments_names
    b0a8     b0a8       2c     1         midiTest.lto.o:(.rodata.opl3_instrument_names)
    b0a8     b0a8       2c     1                 opl3_instrument_names
    b0d4     b0d4        0     1 .data
    b0d4     b0d4        0     1         __data_start = .
    b0d4     b0d4        0     1         __data_end = .
    b0d4     b0d4        0     1 __data_load_start = LOADADDR(.data)
    b0d4     b0d4        0     1 __data_size = SIZEOF(.data)
    b0d4     b0d4       18     1 .bss
    b0d4     b0d4        0     1         __bss_start = .
    b0d4     b0d4        4     1         midiTest.lto.o:(.bss._BITMAP_BASE.0)
    b0d4     b0d4        4     1                 _BITMAP_BASE.0
    b0d8     b0d8       12     1         midiTest.lto.o:(.bss.mainTempoLUT)
    b0d8     b0d8       12     1                 mainTempoLUT
    b0ea     b0ea        1     1         midiTest.lto.o:(.bss.kernelError)
    b0ea     b0ea        1     1                 kernelError
    b0eb     b0eb        1     1         midiTest.lto.o:(.bss._ZN12_GLOBAL__N_19last_freeE)
    b0eb     b0eb        1     1                 (anonymous namespace)::last_free
    b0ec     b0ec        0     1         __bss_end = .
    b0ec     b0ec        0     1 __bss_size = SIZEOF(.bss)
    b0ec     b0ec        0     1 .noinit
    b0ec     b0ec        0     1         __heap_start = ALIGN(., 2)
    b0ec     b0ec        0     1 end_block8 = .
    b0ec     b0ec        0     1 end_block9 = .
    b0ec     b0ec        0     1 end_block10 = .
    b0ec     b0ec        0     1 end_block11 = .
    b0ec     b0ec        0     1 end_block12 = .
    b0ec     b0ec        0     1 end_block13 = .
    b0ec     b0ec        0     1 end_block14 = .
    b0ec     b0ec        0     1 end_block15 = .
    b0ec     b0ec        0     1 end_block16 = .
    b0ec     b0ec        0     1 end_block17 = .
    b0ec     b0ec        0     1 end_block18 = .
    b0ec     b0ec        0     1 end_block19 = .
    b0ec     b0ec        0     1 end_block20 = .
    b0ec     b0ec        0     1 end_block21 = .
    b0ec     b0ec        0     1 end_block22 = .
    b0ec     b0ec        0     1 end_block23 = .
   30000    30000      3fc    16 .palpiano
   30000    30000      3fc    16         midiTest.lto.o:(.palpiano)
   30000    30000        0     1                 palpiano_start
   303fc    303fc        0     1                 palpiano_end
   303fc    303fc        0     1 end_palpiano = .
   38000    38000    12c00    16 .pia1
   38000    38000    12c00    16         midiTest.lto.o:(.pia1)
   38000    38000        0     1                 pia1_start
   4ac00    4ac00        0     1                 pia1_end
   4ac00    4ac00        0     1 end_pia1 = .
       0        0      138     1 .comment
       0        0      138     1         <internal>:(.comment)
       0        0      db0     4 .symtab
       0        0      db0     4         <internal>:(.symtab)
       0        0       6a     1 .shstrtab
       0        0       6a     1         <internal>:(.shstrtab)
       0        0      ac5     1 .strtab
       0        0      ac5     1         <internal>:(.strtab)
