     VMA      LMA     Size Align Out     In      Symbol
       0        0        0     1 PROVIDE(__stack = 0xC000)
       0        0        0     1 PROVIDE(__f256_start = 0x300)
       0        0        0     1 PROVIDE(__BLOCK_SIZE = 0x2000)
       0        0        0     1 PROVIDE(__SLOT_ADDR = 0xC000)
       0        0        0     1 __rc0 = 0x10
       0        0        0     1 __rc1 = __rc0 + 1
       0        0        0     1 PROVIDE(__rc2 = __rc1 + 1)
       0        0        0     1 __rc3 = __rc2 + 1
       0        0        0     1 PROVIDE(__rc4 = __rc3 + 1)
       0        0        0     1 __rc5 = __rc4 + 1
       0        0        0     1 PROVIDE(__rc6 = __rc5 + 1)
       0        0        0     1 __rc7 = __rc6 + 1
       0        0        0     1 PROVIDE(__rc8 = __rc7 + 1)
       0        0        0     1 __rc9 = __rc8 + 1
       0        0        0     1 PROVIDE(__rc10 = __rc9 + 1)
       0        0        0     1 __rc11 = __rc10 + 1
       0        0        0     1 PROVIDE(__rc12 = __rc11 + 1)
       0        0        0     1 __rc13 = __rc12 + 1
       0        0        0     1 PROVIDE(__rc14 = __rc13 + 1)
       0        0        0     1 __rc15 = __rc14 + 1
       0        0        0     1 PROVIDE(__rc16 = __rc15 + 1)
       0        0        0     1 __rc17 = __rc16 + 1
       0        0        0     1 PROVIDE(__rc18 = __rc17 + 1)
       0        0        0     1 __rc19 = __rc18 + 1
       0        0        0     1 PROVIDE(__rc20 = __rc19 + 1)
       0        0        0     1 __rc21 = __rc20 + 1
       0        0        0     1 PROVIDE(__rc22 = __rc21 + 1)
       0        0        0     1 __rc23 = __rc22 + 1
       0        0        0     1 PROVIDE(__rc24 = __rc23 + 1)
       0        0        0     1 __rc25 = __rc24 + 1
       0        0        0     1 PROVIDE(__rc26 = __rc25 + 1)
       0        0        0     1 __rc27 = __rc26 + 1
       0        0        0     1 PROVIDE(__rc28 = __rc27 + 1)
       0        0        0     1 __rc29 = __rc28 + 1
       0        0        0     1 PROVIDE(__rc30 = __rc29 + 1)
       0        0        0     1 __rc31 = __rc30 + 1
       0        0        0     1 
       0        0        0     1 
       0        0        0     1 __block8_lma = ( 8<<24)|__SLOT_ADDR
       0        0        0     1 __block9_lma = ( 9<<24)|__SLOT_ADDR
       0        0        0     1 __block10_lma = (10<<24)|__SLOT_ADDR
       0        0        0     1 __block11_lma = (11<<24)|__SLOT_ADDR
       0        0        0     1 __block12_lma = (12<<24)|__SLOT_ADDR
       0        0        0     1 __block13_lma = (13<<24)|__SLOT_ADDR
       0        0        0     1 __block14_lma = (14<<24)|__SLOT_ADDR
       0        0        0     1 __block15_lma = (15<<24)|__SLOT_ADDR
       0        0        0     1 __block16_lma = (16<<24)|__SLOT_ADDR
       0        0        0     1 __block17_lma = (17<<24)|__SLOT_ADDR
       0        0        0     1 __block18_lma = (18<<24)|__SLOT_ADDR
       0        0        0     1 __block19_lma = (19<<24)|__SLOT_ADDR
       0        0        0     1 __block20_lma = (20<<24)|__SLOT_ADDR
       0        0        0     1 __block21_lma = (21<<24)|__SLOT_ADDR
       0        0        0     1 __block22_lma = (22<<24)|__SLOT_ADDR
       0        0        0     1 __block23_lma = (23<<24)|__SLOT_ADDR
       0        0        0     1 __palpiano_lma = 0x30000
       0        0        0     1 __palpiano_size = 0x3fc
       0        0        0     1 __pia1_lma = 0x38000
       0        0        0     1 __pia1_size = 0x12c00
      30      300        3     1 .zp.data
      30      300        0     1         __zp_data_start = .
      30      300        3     1         midiTest.lto.o:(.zp.data)
      30      300        1     1                 _ccolor
      31      301        2     1                 note
      33      303        0     1 __zp_data_load_start = LOADADDR(.zp.data)
      33      303        0     1 __zp_data_size = SIZEOF(.zp.data)
      33       33       5a     1 .zp.bss
      33       33        0     1         __zp_bss_start = .
      33       33       5a     1         midiTest.lto.o:(.zp.bss)
      33       33        1     1                 _col
      34       34        1     1                 _row
      35       35        2     1                 __putchar.s
      37       37        1     1                 instSelectMode
      38       38        1     1                 needsToWaitExpiration
      39       39        1     1                 altHit
      3a       3a        1     1                 shiftHit
      3b       3b       12     1                 mainTempoLUT
      4d       4d        2     1                 theBeats
      4f       4f        1     1                 refTimer.1
      50       50        2     1                 oldCursorNote
      52       52        1     1                 chipAct.0
      53       53        1     1                 chipAct.1
      54       54        1     1                 chipAct.2
      55       55        1     1                 chipAct.3
      56       56        1     1                 chipAct.4
      57       57        6     1                 polySIDBuffer
      5d       5d        6     1                 reservedSID
      63       63        6     1                 polyPSGBuffer
      69       69        6     1                 reservedPSG
      6f       6f        9     1                 polyOPL3Buffer
      78       78        9     1                 reservedOPL3
      81       81        2     1                 gPtr
      83       83        7     1                 kernelEventData
      8a       8a        1     1                 (anonymous namespace)::initialized
      8b       8b        2     1                 (anonymous namespace)::free_size
      8d       8d        0     1 __zp_bss_size = SIZEOF(.zp.bss)
      8d       8d       63     1 .zp
      8d       8d       63     1         midiTest.lto.o:(.zp.noinit)
     304      304     765e     2 .text
     304      304        0     1         _init = .
     304      304        0     1         _start = .
     304      304        8     1         D:\F256\llvm-mos\f256dev\llvm-mos\bin/../mos-platform/f256/lib\libcrt0.a(init-stack.S.obj):(.init.100)
     304      304        0     1                 __do_init_stack
     30c      30c        3     1         D:\F256\llvm-mos\f256dev\llvm-mos\bin/../mos-platform/f256/lib\libcrt0.a(zero-bss.c.obj):(.init.200)
     30c      30c        0     1                 __do_zero_bss
     30f      30f        3     1         D:\F256\llvm-mos\f256dev\llvm-mos\bin/../mos-platform/f256/lib\libcrt0.a(zero-zp-bss.c.obj):(.init.200)
     30f      30f        0     1                 __do_zero_zp_bss
     312      312        3     1         D:\F256\llvm-mos\f256dev\llvm-mos\bin/../mos-platform/f256/lib\libcrt0.a(copy-zp-data.c.obj):(.init.200)
     312      312        0     1                 __do_copy_zp_data
     315      315        3     1         D:\F256\llvm-mos\f256dev\llvm-mos\bin/../mos-platform/common/lib\crt0.o:(.call_main)
     318      318        3     1         D:\F256\llvm-mos\f256dev\llvm-mos\bin/../mos-platform/f256/lib\libcrt0.a(exit-custom.S.obj):(.after_main)
     318      318        0     1                 __after_main
     31b      31b        0     1         _fini = .
     31b      31b        1     1         D:\F256\llvm-mos\f256dev\llvm-mos\bin/../mos-platform/common/lib\crt0.o:(.fini_rts)
     31c      31c      139     2         midiTest.lto.o:(.text._ZN12_GLOBAL__N_19FreeChunk6insertEPvj)
     31c      31c      139     1                 (anonymous namespace)::FreeChunk::insert(void*, unsigned int)
     456      456       db     2         midiTest.lto.o:(.text._ZN12_GLOBAL__N_19FreeChunk6removeEv)
     456      456       db     1                 (anonymous namespace)::FreeChunk::remove()
     531      531       13     1         D:\F256\llvm-mos\f256dev\llvm-mos\bin/../mos-platform/f256/lib\libcrt0.a(zero-bss.c.obj):(.text.__zero_bss)
     531      531       13     1                 __zero_bss
     544      544       13     1         D:\F256\llvm-mos\f256dev\llvm-mos\bin/../mos-platform/f256/lib\libcrt0.a(zero-zp-bss.c.obj):(.text.__zero_zp_bss)
     544      544       13     1                 __zero_zp_bss
     557      557       17     1         D:\F256\llvm-mos\f256dev\llvm-mos\bin/../mos-platform/f256/lib\libcrt0.a(copy-zp-data.c.obj):(.text.__copy_zp_data)
     557      557       17     1                 __copy_zp_data
     56e      56e      3a0     1         midiTest.lto.o:(.text.f256Init)
     56e      56e      3a0     1                 f256Init
     90e      90e        6     1         midiTest.lto.o:(.text.main)
     90e      90e        6     1                 main
     914      914     25b3     1         midiTest.lto.o:(.text.f256main)
     914      914     25b3     1                 f256main
    2ec7     2ec7      1b8     1         midiTest.lto.o:(.text.textPrint)
    2ec7     2ec7      1b8     1                 textPrint
    307f     307f      6ff     1         midiTest.lto.o:(.text.launchBeat)
    307f     307f      6ff     1                 launchBeat
    377e     377e      140     1         midiTest.lto.o:(.text.escReset)
    377e     377e      140     1                 escReset
    38be     38be       88     1         midiTest.lto.o:(.text.prepTempoLUT)
    38be     38be       88     1                 prepTempoLUT
    3946     3946       bb     1         midiTest.lto.o:(.text.textPrintUInt)
    3946     3946       bb     1                 textPrintUInt
    3a01     3a01       66     1         midiTest.lto.o:(.text.resetGlobals)
    3a01     3a01       66     1                 resetGlobals
    3a67     3a67      5a9     1         midiTest.lto.o:(.text.dispatchNote)
    3a67     3a67      5a9     1                 dispatchNote
    4010     4010       d4     1         midiTest.lto.o:(.text.opl3_setInstrument)
    4010     4010       d4     1                 opl3_setInstrument
    40e4     40e4       48     1         midiTest.lto.o:(.text.opl3_setInstrumentAllChannels)
    40e4     40e4       48     1                 opl3_setInstrumentAllChannels
    412c     412c       88     1         midiTest.lto.o:(.text.sid_setInstrument)
    412c     412c       88     1                 sid_setInstrument
    41b4     41b4       67     1         midiTest.lto.o:(.text.sid_setInstrumentAllChannels)
    41b4     41b4       67     1                 sid_setInstrumentAllChannels
    421b     421b      292     1         midiTest.lto.o:(.text.getBeatTrackNoteInfo)
    421b     421b      292     1                 getBeatTrackNoteInfo
    44ad     44ad      246     1         midiTest.lto.o:(.text.setupMem4Track)
    44ad     44ad      246     1                 setupMem4Track
    46f3     46f3      35b     1         midiTest.lto.o:(.text.refreshInstrumentText)
    46f3     46f3      35b     1                 refreshInstrumentText
    4a4e     4a4e      169     1         midiTest.lto.o:(.text.channelTextMenu)
    4a4e     4a4e      169     1                 channelTextMenu
    4bb7     4bb7       67     1         midiTest.lto.o:(.text.refreshBeatTextChoice)
    4bb7     4bb7       67     1                 refreshBeatTextChoice
    4c1e     4c1e       5a     1         midiTest.lto.o:(.text.updateTempoText)
    4c1e     4c1e       5a     1                 updateTempoText
    4c78     4c78       f8     1         midiTest.lto.o:(.text.showChipChoiceText)
    4c78     4c78       f8     1                 showChipChoiceText
    4d70     4d70       88     1         midiTest.lto.o:(.text.showMIDIChoiceText)
    4d70     4d70       88     1                 showMIDIChoiceText
    4df8     4df8      3e3     1         midiTest.lto.o:(.text.textTitle)
    4df8     4df8      3e3     1                 textTitle
    51db     51db      1ae     1         midiTest.lto.o:(.text.highLightInstChoice)
    51db     51db      1ae     1                 highLightInstChoice
    5389     5389       59     1         midiTest.lto.o:(.text.modalMoveUp)
    5389     5389       59     1                 modalMoveUp
    53e2     53e2       59     1         midiTest.lto.o:(.text.modalMoveDown)
    53e2     53e2       59     1                 modalMoveDown
    543b     543b        5     1         midiTest.lto.o:(.text.exit)
    543b     543b        5     1                 exit
    5440     5440       db     1         midiTest.lto.o:(.text._ZN12_GLOBAL__N_13putEcP6Status)
    5440     5440       db     1                 (anonymous namespace)::put(char, Status*)
    551b     551b      10c     1         midiTest.lto.o:(.text._ZN12_GLOBAL__N_112print_stringEPKcP6Status)
    551b     551b      10c     1                 (anonymous namespace)::print_string(char const*, Status*)
    5627     5627      c2c     1         midiTest.lto.o:(.text.printf)
    5627     5627      c2c     1                 printf
    6253     6253      1d3     1         midiTest.lto.o:(.text.malloc)
    6253     6253      1d3     1                 malloc
    6426     6426       2c     1         midiTest.lto.o:(.text.memcpy)
    6426     6426       2c     1                 memcpy
    6452     6452       20     1         midiTest.lto.o:(.text.__memset)
    6452     6452       20     1                 __memset
    6472     6472       17     1         midiTest.lto.o:(.text.__ashlsi3)
    6472     6472       17     1                 __ashlsi3
    6489     6489       17     1         midiTest.lto.o:(.text.__lshrsi3)
    6489     6489       17     1                 __lshrsi3
    64a0     64a0       1b     1         midiTest.lto.o:(.text.__mulqi3)
    64a0     64a0       1b     1                 __mulqi3
    64bb     64bb       32     1         midiTest.lto.o:(.text.__mulhi3)
    64bb     64bb       32     1                 __mulhi3
    64ed     64ed       70     1         midiTest.lto.o:(.text.__mulsi3)
    64ed     64ed       70     1                 __mulsi3
    655d     655d       f8     1         midiTest.lto.o:(.text.__muldi3)
    655d     655d       f8     1                 __muldi3
    6655     6655       5c     1         midiTest.lto.o:(.text.__udivqi3)
    6655     6655       5c     1                 __udivqi3
    66b1     66b1       c0     1         midiTest.lto.o:(.text.__udivhi3)
    66b1     66b1       c0     1                 __udivhi3
    6771     6771      147     1         midiTest.lto.o:(.text.__umodsi3)
    6771     6771      147     1                 __umodsi3
    68b8     68b8       6e     1         midiTest.lto.o:(.text.__udivmodqi4)
    68b8     68b8       6e     1                 __udivmodqi4
    6926     6926       db     1         midiTest.lto.o:(.text.__udivmodhi4)
    6926     6926       db     1                 __udivmodhi4
    6a01     6a01      b92     1         midiTest.lto.o:(.text.__divsf3)
    6a01     6a01      b92     1                 __divsf3
    7593     7593       7c     1         midiTest.lto.o:(.text.__fixunssfsi)
    7593     7593       7c     1                 __fixunssfsi
    760f     760f      353     1         midiTest.lto.o:(.text.__floatunsisf)
    760f     760f      353     1                 __floatunsisf
    7962     7962        0     1         __init_array_start = .
    7962     7962        0     1         __init_array_end = .
    7962     7962        0     1         __fini_array_start = .
    7962     7962        0     1         __fini_array_end = .
    7962     7962     1351     1 .rodata
    7962     7962        1     1         D:\F256\llvm-mos\f256dev\llvm-mos\bin/../mos-platform/common/lib\libcrt.a(const.S.obj):(.rodata)
    7962     7962        0     1                 __set_v
    7963     7963       16     1         midiTest.lto.o:(.rodata.f256main)
    7979     7979        a     1         midiTest.lto.o:(.rodata.dispatchNote)
    7983     7983        8     1         midiTest.lto.o:(.rodata.channelTextMenu)
    798b     798b        8     1         midiTest.lto.o:(.rodata.showChipChoiceText)
    7993     7993       3a     1         midiTest.lto.o:(.rodata.printf)
    79cd     79cd       30     1         midiTest.lto.o:(.rodata.textColors)
    79cd     79cd       30     1                 textColors
    79fd     79fd       58     1         midiTest.lto.o:(.rodata.noteColors)
    79fd     79fd       58     1                 noteColors
    7a55     7a55       7b     1         midiTest.lto.o:(.rodata.KeyCodesToMIDINotes)
    7a55     7a55       7b     1                 KeyCodesToMIDINotes
    7ad0     7ad0      da2     1         <internal>:(.rodata.str1.1)
    8872     8872        6     1         midiTest.lto.o:(.rodata.sidChoiceToVoice)
    8872     8872        6     1                 sidChoiceToVoice
    8878     8878        6     1         midiTest.lto.o:(.rodata.polyPSGChanBits)
    8878     8878        6     1                 polyPSGChanBits
    887e     887e       18     1         midiTest.lto.o:(.rodata.opl3_fnums)
    887e     887e       18     1                 opl3_fnums
    8896     8896       40     1         midiTest.lto.o:(.rodata.psgLow)
    8896     8896       40     1                 psgLow
    88d6     88d6       40     1         midiTest.lto.o:(.rodata.psgHigh)
    88d6     88d6       40     1                 psgHigh
    8916     8916       60     1         midiTest.lto.o:(.rodata.sidLow)
    8916     8916       60     1                 sidLow
    8976     8976       38     1         midiTest.lto.o:(.rodata.rtmplugin)
    8976     8976       38     1                 rtmplugin
    89ae     89ae        c     1         midiTest.lto.o:(.rodata.beat60_notes)
    89ae     89ae        c     1                 beat60_notes
    89ba     89ba        c     1         midiTest.lto.o:(.rodata.beat60_delays)
    89ba     89ba        c     1                 beat60_delays
    89c6     89c6        8     1         midiTest.lto.o:(.rodata.beat61_notes)
    89c6     89c6        8     1                 beat61_notes
    89ce     89ce        8     1         midiTest.lto.o:(.rodata.beat61_delays)
    89ce     89ce        8     1                 beat61_delays
    89d6     89d6        c     1         midiTest.lto.o:(.rodata.beat62_notes)
    89d6     89d6        c     1                 beat62_notes
    89e2     89e2        c     1         midiTest.lto.o:(.rodata.beat62_delays)
    89e2     89e2        c     1                 beat62_delays
    89ee     89ee        c     1         midiTest.lto.o:(.rodata.beat63_notes)
    89ee     89ee        c     1                 beat63_notes
    89fa     89fa        c     1         midiTest.lto.o:(.rodata.beat63_delays)
    89fa     89fa        c     1                 beat63_delays
    8a06     8a06        c     1         midiTest.lto.o:(.rodata.beat64_notes)
    8a06     8a06        c     1                 beat64_notes
    8a12     8a12        c     1         midiTest.lto.o:(.rodata.beat64_delays)
    8a12     8a12        c     1                 beat64_delays
    8a1e     8a1e       20     1         midiTest.lto.o:(.rodata.beat65_notes)
    8a1e     8a1e       20     1                 beat65_notes
    8a3e     8a3e       20     1         midiTest.lto.o:(.rodata.beat65_delays)
    8a3e     8a3e       20     1                 beat65_delays
    8a5e     8a5e       2d     1         midiTest.lto.o:(.rodata.sid_instrument_defs)
    8a5e     8a5e       2d     1                 sid_instrument_defs
    8a8b     8a8b       f2     1         midiTest.lto.o:(.rodata.opl3_instrument_defs)
    8a8b     8a8b       f2     1                 opl3_instrument_defs
    8b7d     8b7d      100     1         midiTest.lto.o:(.rodata.midi_instruments)
    8b7d     8b7d      100     1                 midi_instruments
    8c7d     8c7d        a     1         midiTest.lto.o:(.rodata.sid_instruments_names)
    8c7d     8c7d        a     1                 sid_instruments_names
    8c87     8c87       2c     1         midiTest.lto.o:(.rodata.opl3_instrument_names)
    8c87     8c87       2c     1                 opl3_instrument_names
    8cb3     8cb3        0     1 .data
    8cb3     8cb3        0     1         __data_start = .
    8cb3     8cb3        0     1         __data_end = .
    8cb3     8cb3        0     1 __data_load_start = LOADADDR(.data)
    8cb3     8cb3        0     1 __data_size = SIZEOF(.data)
    8cb3     8cb3        8     1 .bss
    8cb3     8cb3        0     1         __bss_start = .
    8cb3     8cb3        4     1         midiTest.lto.o:(.bss._BITMAP_BASE.0)
    8cb3     8cb3        4     1                 _BITMAP_BASE.0
    8cb7     8cb7        1     1         midiTest.lto.o:(.bss.kernelError)
    8cb7     8cb7        1     1                 kernelError
    8cb8     8cb8        1     1         midiTest.lto.o:(.bss._ZN12_GLOBAL__N_19last_freeE)
    8cb8     8cb8        1     1                 (anonymous namespace)::last_free
    8cb9     8cb9        2     1         midiTest.lto.o:(.bss._ZN12_GLOBAL__N_19free_listE)
    8cb9     8cb9        2     1                 (anonymous namespace)::free_list
    8cbb     8cbb        0     1         __bss_end = .
    8cbb     8cbb        0     1 __bss_size = SIZEOF(.bss)
    8cbb     8cbb        0     1 .noinit
    8cbb     8cbb        0     1         __heap_start = ALIGN(., 2)
    8cbb     8cbb        0     1 end_block8 = .
    8cbb     8cbb        0     1 end_block9 = .
    8cbb     8cbb        0     1 end_block10 = .
    8cbb     8cbb        0     1 end_block11 = .
    8cbb     8cbb        0     1 end_block12 = .
    8cbb     8cbb        0     1 end_block13 = .
    8cbb     8cbb        0     1 end_block14 = .
    8cbb     8cbb        0     1 end_block15 = .
    8cbb     8cbb        0     1 end_block16 = .
    8cbb     8cbb        0     1 end_block17 = .
    8cbb     8cbb        0     1 end_block18 = .
    8cbb     8cbb        0     1 end_block19 = .
    8cbb     8cbb        0     1 end_block20 = .
    8cbb     8cbb        0     1 end_block21 = .
    8cbb     8cbb        0     1 end_block22 = .
    8cbb     8cbb        0     1 end_block23 = .
   30000    30000      3fc    16 .palpiano
   30000    30000      3fc    16         midiTest.lto.o:(.palpiano)
   30000    30000        0     1                 palpiano_start
   303fc    303fc        0     1                 palpiano_end
   303fc    303fc        0     1 end_palpiano = .
   38000    38000    12c00    16 .pia1
   38000    38000    12c00    16         midiTest.lto.o:(.pia1)
   38000    38000        0     1                 pia1_start
   4ac00    4ac00        0     1                 pia1_end
   4ac00    4ac00        0     1 end_pia1 = .
       0        0      138     1 .comment
       0        0      138     1         <internal>:(.comment)
       0        0      de0     4 .symtab
       0        0      de0     4         <internal>:(.symtab)
       0        0       6a     1 .shstrtab
       0        0       6a     1         <internal>:(.shstrtab)
       0        0      b0f     1 .strtab
       0        0      b0f     1         <internal>:(.strtab)
