     VMA      LMA     Size Align Out     In      Symbol
       0        0        0     1 PROVIDE(__stack = 0xC000)
       0        0        0     1 PROVIDE(__f256_start = 0x300)
       0        0        0     1 PROVIDE(__BLOCK_SIZE = 0x2000)
       0        0        0     1 PROVIDE(__SLOT_ADDR = 0xC000)
       0        0        0     1 __rc0 = 0x10
       0        0        0     1 __rc1 = __rc0 + 1
       0        0        0     1 PROVIDE(__rc2 = __rc1 + 1)
       0        0        0     1 __rc3 = __rc2 + 1
       0        0        0     1 PROVIDE(__rc4 = __rc3 + 1)
       0        0        0     1 __rc5 = __rc4 + 1
       0        0        0     1 PROVIDE(__rc6 = __rc5 + 1)
       0        0        0     1 __rc7 = __rc6 + 1
       0        0        0     1 PROVIDE(__rc8 = __rc7 + 1)
       0        0        0     1 __rc9 = __rc8 + 1
       0        0        0     1 PROVIDE(__rc10 = __rc9 + 1)
       0        0        0     1 __rc11 = __rc10 + 1
       0        0        0     1 PROVIDE(__rc12 = __rc11 + 1)
       0        0        0     1 __rc13 = __rc12 + 1
       0        0        0     1 PROVIDE(__rc14 = __rc13 + 1)
       0        0        0     1 __rc15 = __rc14 + 1
       0        0        0     1 PROVIDE(__rc16 = __rc15 + 1)
       0        0        0     1 __rc17 = __rc16 + 1
       0        0        0     1 PROVIDE(__rc18 = __rc17 + 1)
       0        0        0     1 __rc19 = __rc18 + 1
       0        0        0     1 PROVIDE(__rc20 = __rc19 + 1)
       0        0        0     1 __rc21 = __rc20 + 1
       0        0        0     1 PROVIDE(__rc22 = __rc21 + 1)
       0        0        0     1 __rc23 = __rc22 + 1
       0        0        0     1 PROVIDE(__rc24 = __rc23 + 1)
       0        0        0     1 __rc25 = __rc24 + 1
       0        0        0     1 PROVIDE(__rc26 = __rc25 + 1)
       0        0        0     1 __rc27 = __rc26 + 1
       0        0        0     1 PROVIDE(__rc28 = __rc27 + 1)
       0        0        0     1 __rc29 = __rc28 + 1
       0        0        0     1 PROVIDE(__rc30 = __rc29 + 1)
       0        0        0     1 __rc31 = __rc30 + 1
       0        0        0     1 
       0        0        0     1 
       0        0        0     1 __block8_lma = ( 8<<24)|__SLOT_ADDR
       0        0        0     1 __block9_lma = ( 9<<24)|__SLOT_ADDR
       0        0        0     1 __block10_lma = (10<<24)|__SLOT_ADDR
       0        0        0     1 __block11_lma = (11<<24)|__SLOT_ADDR
       0        0        0     1 __block12_lma = (12<<24)|__SLOT_ADDR
       0        0        0     1 __block13_lma = (13<<24)|__SLOT_ADDR
       0        0        0     1 __block14_lma = (14<<24)|__SLOT_ADDR
       0        0        0     1 __block15_lma = (15<<24)|__SLOT_ADDR
       0        0        0     1 __block16_lma = (16<<24)|__SLOT_ADDR
       0        0        0     1 __block17_lma = (17<<24)|__SLOT_ADDR
       0        0        0     1 __block18_lma = (18<<24)|__SLOT_ADDR
       0        0        0     1 __block19_lma = (19<<24)|__SLOT_ADDR
       0        0        0     1 __block20_lma = (20<<24)|__SLOT_ADDR
       0        0        0     1 __block21_lma = (21<<24)|__SLOT_ADDR
       0        0        0     1 __block22_lma = (22<<24)|__SLOT_ADDR
       0        0        0     1 __block23_lma = (23<<24)|__SLOT_ADDR
       0        0        0     1 __palpiano_lma = 0x30000
       0        0        0     1 __palpiano_size = 0x3fc
       0        0        0     1 __pia1_lma = 0x38000
       0        0        0     1 __pia1_size = 0x12c00
      30      300       1b     1 .zp.data
      30      300        0     1         __zp_data_start = .
      30      300       1b     1         midiTest.lto.o:(.zp.data)
      30      300        1     1                 _ccolor
      31      301        2     1                 note
      33      303       12     1                 tempoLUTRef
      45      315        6     1                 polyPSGChanBits
      4b      31b        0     1 __zp_data_load_start = LOADADDR(.zp.data)
      4b      31b        0     1 __zp_data_size = SIZEOF(.zp.data)
      4b       4b       3e     1 .zp.bss
      4b       4b        0     1         __zp_bss_start = .
      4b       4b       3e     1         midiTest.lto.o:(.zp.bss)
      4b       4b        1     1                 _col
      4c       4c        1     1                 _row
      4d       4d        2     1                 __putchar.s
      4f       4f        6     1                 polyPSGBuffer
      55       55        6     1                 polySIDBuffer
      5b       5b        9     1                 polyOPL3Buffer
      64       64        1     1                 instSelectMode
      65       65        1     1                 needsToWaitExpiration
      66       66        1     1                 altHit
      67       67        1     1                 shiftHit
      68       68        2     1                 gPtr
      6a       6a       12     1                 mainTempoLUT
      7c       7c        2     1                 theBeats
      7e       7e        1     1                 refTimer.1
      7f       7f        2     1                 oldCursorNote
      81       81        7     1                 kernelEventData
      88       88        1     1                 (anonymous namespace)::initialized
      89       89        0     1 __zp_bss_size = SIZEOF(.zp.bss)
      89       89       67     1 .zp
      89       89       67     1         midiTest.lto.o:(.zp.noinit)
     31c      31c     8bc9     2 .text
     31c      31c        0     1         _init = .
     31c      31c        0     1         _start = .
     31c      31c        8     1         D:\F256\llvm-mos\f256dev\llvm-mos\bin/../mos-platform/f256/lib\libcrt0.a(init-stack.S.obj):(.init.100)
     31c      31c        0     1                 __do_init_stack
     324      324        3     1         D:\F256\llvm-mos\f256dev\llvm-mos\bin/../mos-platform/f256/lib\libcrt0.a(zero-bss.c.obj):(.init.200)
     324      324        0     1                 __do_zero_bss
     327      327        3     1         D:\F256\llvm-mos\f256dev\llvm-mos\bin/../mos-platform/f256/lib\libcrt0.a(zero-zp-bss.c.obj):(.init.200)
     327      327        0     1                 __do_zero_zp_bss
     32a      32a        3     1         D:\F256\llvm-mos\f256dev\llvm-mos\bin/../mos-platform/f256/lib\libcrt0.a(copy-zp-data.c.obj):(.init.200)
     32a      32a        0     1                 __do_copy_zp_data
     32d      32d        3     1         D:\F256\llvm-mos\f256dev\llvm-mos\bin/../mos-platform/common/lib\crt0.o:(.call_main)
     330      330        3     1         D:\F256\llvm-mos\f256dev\llvm-mos\bin/../mos-platform/f256/lib\libcrt0.a(exit-custom.S.obj):(.after_main)
     330      330        0     1                 __after_main
     333      333        0     1         _fini = .
     333      333        1     1         D:\F256\llvm-mos\f256dev\llvm-mos\bin/../mos-platform/common/lib\crt0.o:(.fini_rts)
     334      334      13d     2         midiTest.lto.o:(.text._ZN12_GLOBAL__N_19FreeChunk6insertEPvj)
     334      334      13d     1                 (anonymous namespace)::FreeChunk::insert(void*, unsigned int)
     471      471       13     1         D:\F256\llvm-mos\f256dev\llvm-mos\bin/../mos-platform/f256/lib\libcrt0.a(zero-bss.c.obj):(.text.__zero_bss)
     471      471       13     1                 __zero_bss
     484      484       13     1         D:\F256\llvm-mos\f256dev\llvm-mos\bin/../mos-platform/f256/lib\libcrt0.a(zero-zp-bss.c.obj):(.text.__zero_zp_bss)
     484      484       13     1                 __zero_zp_bss
     497      497       17     1         D:\F256\llvm-mos\f256dev\llvm-mos\bin/../mos-platform/f256/lib\libcrt0.a(copy-zp-data.c.obj):(.text.__copy_zp_data)
     497      497       17     1                 __copy_zp_data
     4ae      4ae      3a0     1         midiTest.lto.o:(.text.f256Init)
     4ae      4ae      3a0     1                 f256Init
     84e      84e        6     1         midiTest.lto.o:(.text.main)
     84e      84e        6     1                 main
     854      854     438c     1         midiTest.lto.o:(.text.f256main)
     854      854     438c     1                 f256main
    4be0     4be0      1b8     1         midiTest.lto.o:(.text.textPrint)
    4be0     4be0      1b8     1                 textPrint
    4d98     4d98      34c     1         midiTest.lto.o:(.text.dispatchNote)
    4d98     4d98      34c     1                 dispatchNote
    50e4     50e4       6e     1         midiTest.lto.o:(.text.prepTempoLUT)
    50e4     50e4       6e     1                 prepTempoLUT
    5152     5152      1c3     1         midiTest.lto.o:(.text.escReset)
    5152     5152      1c3     1                 escReset
    5315     5315       83     1         midiTest.lto.o:(.text.shutAllMIDIchans)
    5315     5315       83     1                 shutAllMIDIchans
    5398     5398       bb     1         midiTest.lto.o:(.text.textPrintUInt)
    5398     5398       bb     1                 textPrintUInt
    5453     5453       95     1         midiTest.lto.o:(.text.prepSIDinstruments)
    5453     5453       95     1                 prepSIDinstruments
    54e8     54e8      38a     1         midiTest.lto.o:(.text.refreshInstrumentText)
    54e8     54e8      38a     1                 refreshInstrumentText
    5872     5872       ea     1         midiTest.lto.o:(.text.channelTextMenu)
    5872     5872       ea     1                 channelTextMenu
    595c     595c       ed     1         midiTest.lto.o:(.text.refreshBeatTextChoice)
    595c     595c       ed     1                 refreshBeatTextChoice
    5a49     5a49       5a     1         midiTest.lto.o:(.text.updateTempoText)
    5a49     5a49       5a     1                 updateTempoText
    5aa3     5aa3       f8     1         midiTest.lto.o:(.text.showChipChoiceText)
    5aa3     5aa3       f8     1                 showChipChoiceText
    5b9b     5b9b       82     1         midiTest.lto.o:(.text.showMIDIChoiceText)
    5b9b     5b9b       82     1                 showMIDIChoiceText
    5c1d     5c1d      2d0     1         midiTest.lto.o:(.text.textTitle)
    5c1d     5c1d      2d0     1                 textTitle
    5eed     5eed      18e     1         midiTest.lto.o:(.text.highLightInstChoice)
    5eed     5eed      18e     1                 highLightInstChoice
    607b     607b       63     1         midiTest.lto.o:(.text.modalMoveUp)
    607b     607b       63     1                 modalMoveUp
    60de     60de       63     1         midiTest.lto.o:(.text.modalMoveDown)
    60de     60de       63     1                 modalMoveDown
    6141     6141        5     1         midiTest.lto.o:(.text.exit)
    6141     6141        5     1                 exit
    6146     6146       db     1         midiTest.lto.o:(.text._ZN12_GLOBAL__N_13putEcP6Status)
    6146     6146       db     1                 (anonymous namespace)::put(char, Status*)
    6221     6221      10c     1         midiTest.lto.o:(.text._ZN12_GLOBAL__N_112print_stringEPKcP6Status)
    6221     6221      10c     1                 (anonymous namespace)::print_string(char const*, Status*)
    632d     632d      c2c     1         midiTest.lto.o:(.text.printf)
    632d     632d      c2c     1                 printf
    6f59     6f59      2b4     1         midiTest.lto.o:(.text.malloc)
    6f59     6f59      2b4     1                 malloc
    720d     720d       2c     1         midiTest.lto.o:(.text.memcpy)
    720d     720d       2c     1                 memcpy
    7239     7239       20     1         midiTest.lto.o:(.text.__memset)
    7239     7239       20     1                 __memset
    7259     7259       17     1         midiTest.lto.o:(.text.__ashlsi3)
    7259     7259       17     1                 __ashlsi3
    7270     7270       17     1         midiTest.lto.o:(.text.__lshrsi3)
    7270     7270       17     1                 __lshrsi3
    7287     7287       1b     1         midiTest.lto.o:(.text.__mulqi3)
    7287     7287       1b     1                 __mulqi3
    72a2     72a2       32     1         midiTest.lto.o:(.text.__mulhi3)
    72a2     72a2       32     1                 __mulhi3
    72d4     72d4       70     1         midiTest.lto.o:(.text.__mulsi3)
    72d4     72d4       70     1                 __mulsi3
    7344     7344       f8     1         midiTest.lto.o:(.text.__muldi3)
    7344     7344       f8     1                 __muldi3
    743c     743c      147     1         midiTest.lto.o:(.text.__umodsi3)
    743c     743c      147     1                 __umodsi3
    7583     7583       6e     1         midiTest.lto.o:(.text.__udivmodqi4)
    7583     7583       6e     1                 __udivmodqi4
    75f1     75f1       db     1         midiTest.lto.o:(.text.__udivmodhi4)
    75f1     75f1       db     1                 __udivmodhi4
    76cc     76cc      8b8     1         midiTest.lto.o:(.text.__mulsf3)
    76cc     76cc      8b8     1                 __mulsf3
    7f84     7f84      b92     1         midiTest.lto.o:(.text.__divsf3)
    7f84     7f84      b92     1                 __divsf3
    8b16     8b16       7c     1         midiTest.lto.o:(.text.__fixunssfsi)
    8b16     8b16       7c     1                 __fixunssfsi
    8b92     8b92      353     1         midiTest.lto.o:(.text.__floatunsisf)
    8b92     8b92      353     1                 __floatunsisf
    8ee5     8ee5        0     1         __init_array_start = .
    8ee5     8ee5        0     1         __init_array_end = .
    8ee5     8ee5        0     1         __fini_array_start = .
    8ee5     8ee5        0     1         __fini_array_end = .
    8ee5     8ee5      f5f     1 .rodata
    8ee5     8ee5        1     1         D:\F256\llvm-mos\f256dev\llvm-mos\bin/../mos-platform/common/lib\libcrt.a(const.S.obj):(.rodata)
    8ee5     8ee5        0     1                 __set_v
    8ee6     8ee6       2c     1         midiTest.lto.o:(.rodata.f256main)
    8f12     8f12        8     1         midiTest.lto.o:(.rodata.dispatchNote)
    8f1a     8f1a        8     1         midiTest.lto.o:(.rodata.refreshBeatTextChoice)
    8f22     8f22        8     1         midiTest.lto.o:(.rodata.showChipChoiceText)
    8f2a     8f2a       3a     1         midiTest.lto.o:(.rodata.printf)
    8f64     8f64      c14     1         <internal>:(.rodata.str1.1)
    9b78     9b78       30     1         midiTest.lto.o:(.rodata.textColors)
    9b78     9b78       30     1                 textColors
    9ba8     9ba8        6     1         midiTest.lto.o:(.rodata.sidChoiceToVoice)
    9ba8     9ba8        6     1                 sidChoiceToVoice
    9bae     9bae       58     1         midiTest.lto.o:(.rodata.noteColors)
    9bae     9bae       58     1                 noteColors
    9c06     9c06        6     1         midiTest.lto.o:(.rodata..Lswitch.table.f256main)
    9c0c     9c0c       18     1         midiTest.lto.o:(.rodata.opl3_fnums)
    9c0c     9c0c       18     1                 opl3_fnums
    9c24     9c24       40     1         midiTest.lto.o:(.rodata.psgLow)
    9c24     9c24       40     1                 psgLow
    9c64     9c64       40     1         midiTest.lto.o:(.rodata.psgHigh)
    9c64     9c64       40     1                 psgHigh
    9ca4     9ca4       60     1         midiTest.lto.o:(.rodata.sidLow)
    9ca4     9ca4       60     1                 sidLow
    9d04     9d04       38     1         midiTest.lto.o:(.rodata.rtmplugin)
    9d04     9d04       38     1                 rtmplugin
    9d3c     9d3c      100     1         midiTest.lto.o:(.rodata.midi_instruments)
    9d3c     9d3c      100     1                 midi_instruments
    9e3c     9e3c        8     1         midiTest.lto.o:(.rodata.sid_instruments)
    9e3c     9e3c        8     1                 sid_instruments
    9e44     9e44        0     1 .data
    9e44     9e44        0     1         __data_start = .
    9e44     9e44        0     1         __data_end = .
    9e44     9e44        0     1 __data_load_start = LOADADDR(.data)
    9e44     9e44        0     1 __data_size = SIZEOF(.data)
    9e44     9e44      108     1 .bss
    9e44     9e44        0     1         __bss_start = .
    9e44     9e44        4     1         midiTest.lto.o:(.bss._BITMAP_BASE.0)
    9e44     9e44        4     1                 _BITMAP_BASE.0
    9e48     9e48       ff     1         midiTest.lto.o:(.bss.diagBuffer)
    9e48     9e48       ff     1                 diagBuffer
    9f47     9f47        1     1         midiTest.lto.o:(.bss.kernelError)
    9f47     9f47        1     1                 kernelError
    9f48     9f48        2     1         midiTest.lto.o:(.bss._ZN12_GLOBAL__N_19free_sizeE)
    9f48     9f48        2     1                 (anonymous namespace)::free_size
    9f4a     9f4a        2     1         midiTest.lto.o:(.bss._ZN12_GLOBAL__N_19free_listE)
    9f4a     9f4a        2     1                 (anonymous namespace)::free_list
    9f4c     9f4c        0     1         __bss_end = .
    9f4c     9f4c        0     1 __bss_size = SIZEOF(.bss)
    9f4c     9f4c        0     1 .noinit
    9f4c     9f4c        0     1         __heap_start = ALIGN(., 2)
    9f4c     9f4c        0     1 end_block8 = .
    9f4c     9f4c        0     1 end_block9 = .
    9f4c     9f4c        0     1 end_block10 = .
    9f4c     9f4c        0     1 end_block11 = .
    9f4c     9f4c        0     1 end_block12 = .
    9f4c     9f4c        0     1 end_block13 = .
    9f4c     9f4c        0     1 end_block14 = .
    9f4c     9f4c        0     1 end_block15 = .
    9f4c     9f4c        0     1 end_block16 = .
    9f4c     9f4c        0     1 end_block17 = .
    9f4c     9f4c        0     1 end_block18 = .
    9f4c     9f4c        0     1 end_block19 = .
    9f4c     9f4c        0     1 end_block20 = .
    9f4c     9f4c        0     1 end_block21 = .
    9f4c     9f4c        0     1 end_block22 = .
    9f4c     9f4c        0     1 end_block23 = .
   30000    30000      3fc    16 .palpiano
   30000    30000      3fc    16         midiTest.lto.o:(.palpiano)
   30000    30000        0     1                 palpiano_start
   303fc    303fc        0     1                 palpiano_end
   303fc    303fc        0     1 end_palpiano = .
   38000    38000    12c00    16 .pia1
   38000    38000    12c00    16         midiTest.lto.o:(.pia1)
   38000    38000        0     1                 pia1_start
   4ac00    4ac00        0     1                 pia1_end
   4ac00    4ac00        0     1 end_pia1 = .
       0        0      138     1 .comment
       0        0      138     1         <internal>:(.comment)
       0        0      bf0     4 .symtab
       0        0      bf0     4         <internal>:(.symtab)
       0        0       6a     1 .shstrtab
       0        0       6a     1         <internal>:(.shstrtab)
       0        0      90f     1 .strtab
       0        0      90f     1         <internal>:(.strtab)
