     VMA      LMA     Size Align Out     In      Symbol
       0        0        0     1 PROVIDE(__stack = 0xA000)
       0        0        0     1 PROVIDE(__f256_start = 0x300)
       0        0        0     1 PROVIDE(__BLOCK_SIZE = 0x2000)
       0        0        0     1 PROVIDE(__SLOT_ADDR = 0xA000)
       0        0        0     1 __rc0 = 0x10
       0        0        0     1 __rc1 = __rc0 + 1
       0        0        0     1 PROVIDE(__rc2 = __rc1 + 1)
       0        0        0     1 __rc3 = __rc2 + 1
       0        0        0     1 PROVIDE(__rc4 = __rc3 + 1)
       0        0        0     1 __rc5 = __rc4 + 1
       0        0        0     1 PROVIDE(__rc6 = __rc5 + 1)
       0        0        0     1 __rc7 = __rc6 + 1
       0        0        0     1 PROVIDE(__rc8 = __rc7 + 1)
       0        0        0     1 __rc9 = __rc8 + 1
       0        0        0     1 PROVIDE(__rc10 = __rc9 + 1)
       0        0        0     1 __rc11 = __rc10 + 1
       0        0        0     1 PROVIDE(__rc12 = __rc11 + 1)
       0        0        0     1 __rc13 = __rc12 + 1
       0        0        0     1 PROVIDE(__rc14 = __rc13 + 1)
       0        0        0     1 __rc15 = __rc14 + 1
       0        0        0     1 PROVIDE(__rc16 = __rc15 + 1)
       0        0        0     1 __rc17 = __rc16 + 1
       0        0        0     1 PROVIDE(__rc18 = __rc17 + 1)
       0        0        0     1 __rc19 = __rc18 + 1
       0        0        0     1 PROVIDE(__rc20 = __rc19 + 1)
       0        0        0     1 __rc21 = __rc20 + 1
       0        0        0     1 PROVIDE(__rc22 = __rc21 + 1)
       0        0        0     1 __rc23 = __rc22 + 1
       0        0        0     1 PROVIDE(__rc24 = __rc23 + 1)
       0        0        0     1 __rc25 = __rc24 + 1
       0        0        0     1 PROVIDE(__rc26 = __rc25 + 1)
       0        0        0     1 __rc27 = __rc26 + 1
       0        0        0     1 PROVIDE(__rc28 = __rc27 + 1)
       0        0        0     1 __rc29 = __rc28 + 1
       0        0        0     1 PROVIDE(__rc30 = __rc29 + 1)
       0        0        0     1 __rc31 = __rc30 + 1
       0        0        0     1 
       0        0        0     1 
       0        0        0     1 __block8_lma = ( 8<<24)|__SLOT_ADDR
       0        0        0     1 __block9_lma = ( 9<<24)|__SLOT_ADDR
       0        0        0     1 __block10_lma = (10<<24)|__SLOT_ADDR
       0        0        0     1 __block11_lma = (11<<24)|__SLOT_ADDR
       0        0        0     1 __block12_lma = (12<<24)|__SLOT_ADDR
       0        0        0     1 __block13_lma = (13<<24)|__SLOT_ADDR
       0        0        0     1 __block14_lma = (14<<24)|__SLOT_ADDR
       0        0        0     1 __block15_lma = (15<<24)|__SLOT_ADDR
       0        0        0     1 __block16_lma = (16<<24)|__SLOT_ADDR
       0        0        0     1 __block17_lma = (17<<24)|__SLOT_ADDR
       0        0        0     1 __block18_lma = (18<<24)|__SLOT_ADDR
       0        0        0     1 __block19_lma = (19<<24)|__SLOT_ADDR
       0        0        0     1 __block20_lma = (20<<24)|__SLOT_ADDR
       0        0        0     1 __block21_lma = (21<<24)|__SLOT_ADDR
       0        0        0     1 __block22_lma = (22<<24)|__SLOT_ADDR
       0        0        0     1 __block23_lma = (23<<24)|__SLOT_ADDR
       0        0        0     1 __palpiano_lma = 0x30000
       0        0        0     1 __palpiano_size = 0x3fc
       0        0        0     1 __pia1_lma = 0x38000
       0        0        0     1 __pia1_size = 0x12c00
      30      300        9     1 .zp.data
      30      300        0     1         __zp_data_start = .
      30      300        9     1         midiTest.lto.o:(.zp.data)
      30      300        1     1                 _ccolor
      31      301        2     1                 note
      33      303        6     1                 polyPSGChanBits
      39      309        0     1 __zp_data_load_start = LOADADDR(.zp.data)
      39      309        0     1 __zp_data_size = SIZEOF(.zp.data)
      39       39       50     1 .zp.bss
      39       39        0     1         __zp_bss_start = .
      39       39       50     1         midiTest.lto.o:(.zp.bss)
      39       39        1     1                 _col
      3a       3a        1     1                 _row
      3b       3b        2     1                 __putchar.s
      3d       3d        1     1                 instSelectMode
      3e       3e        1     1                 needsToWaitExpiration
      3f       3f        1     1                 altHit
      40       40        1     1                 shiftHit
      41       41        2     1                 theBeats
      43       43        1     1                 refTimer.1
      44       44        1     1                 chipAct.0
      45       45        1     1                 chipAct.1
      46       46        1     1                 chipAct.2
      47       47        1     1                 chipAct.3
      48       48        1     1                 chipAct.4
      49       49        6     1                 polySIDBuffer
      4f       4f        6     1                 reservedSID
      55       55        6     1                 polyPSGBuffer
      5b       5b       12     1                 polyOPL3Buffer
      6d       6d       12     1                 reservedOPL3
      7f       7f        2     1                 gPtr
      81       81        7     1                 kernelEventData
      88       88        1     1                 (anonymous namespace)::initialized
      89       89        0     1 __zp_bss_size = SIZEOF(.zp.bss)
      89       89       67     1 .zp
      89       89       67     1         midiTest.lto.o:(.zp.noinit)
     30a      30a     a305     2 .text
     30a      30a        0     1         _init = .
     30a      30a        0     1         _start = .
     30a      30a        8     1         D:\F256\llvm-mos\f256dev\llvm-mos\bin/../mos-platform/f256/lib\libcrt0.a(init-stack.S.obj):(.init.100)
     30a      30a        0     1                 __do_init_stack
     312      312        3     1         D:\F256\llvm-mos\f256dev\llvm-mos\bin/../mos-platform/f256/lib\libcrt0.a(zero-bss.c.obj):(.init.200)
     312      312        0     1                 __do_zero_bss
     315      315        3     1         D:\F256\llvm-mos\f256dev\llvm-mos\bin/../mos-platform/f256/lib\libcrt0.a(zero-zp-bss.c.obj):(.init.200)
     315      315        0     1                 __do_zero_zp_bss
     318      318        3     1         D:\F256\llvm-mos\f256dev\llvm-mos\bin/../mos-platform/f256/lib\libcrt0.a(copy-zp-data.c.obj):(.init.200)
     318      318        0     1                 __do_copy_zp_data
     31b      31b        3     1         D:\F256\llvm-mos\f256dev\llvm-mos\bin/../mos-platform/common/lib\crt0.o:(.call_main)
     31e      31e        3     1         D:\F256\llvm-mos\f256dev\llvm-mos\bin/../mos-platform/f256/lib\libcrt0.a(exit-custom.S.obj):(.after_main)
     31e      31e        0     1                 __after_main
     321      321        0     1         _fini = .
     321      321        1     1         D:\F256\llvm-mos\f256dev\llvm-mos\bin/../mos-platform/common/lib\crt0.o:(.fini_rts)
     322      322      153     2         midiTest.lto.o:(.text._ZN12_GLOBAL__N_19FreeChunk6insertEPvj)
     322      322      153     1                 (anonymous namespace)::FreeChunk::insert(void*, unsigned int)
     476      476       f0     2         midiTest.lto.o:(.text._ZN12_GLOBAL__N_19FreeChunk6removeEv)
     476      476       f0     1                 (anonymous namespace)::FreeChunk::remove()
     566      566       13     1         D:\F256\llvm-mos\f256dev\llvm-mos\bin/../mos-platform/f256/lib\libcrt0.a(zero-bss.c.obj):(.text.__zero_bss)
     566      566       13     1                 __zero_bss
     579      579       13     1         D:\F256\llvm-mos\f256dev\llvm-mos\bin/../mos-platform/f256/lib\libcrt0.a(zero-zp-bss.c.obj):(.text.__zero_zp_bss)
     579      579       13     1                 __zero_zp_bss
     58c      58c       17     1         D:\F256\llvm-mos\f256dev\llvm-mos\bin/../mos-platform/f256/lib\libcrt0.a(copy-zp-data.c.obj):(.text.__copy_zp_data)
     58c      58c       17     1                 __copy_zp_data
     5a3      5a3      40a     1         midiTest.lto.o:(.text.f256Init)
     5a3      5a3      40a     1                 f256Init
     9ad      9ad        6     1         midiTest.lto.o:(.text.main)
     9ad      9ad        6     1                 main
     9b3      9b3     42e0     1         midiTest.lto.o:(.text.f256main)
     9b3      9b3     42e0     1                 f256main
    4c93     4c93      1f9     1         midiTest.lto.o:(.text.textPrint)
    4c93     4c93      1f9     1                 textPrint
    4e8c     4e8c       c2     1         midiTest.lto.o:(.text.textPrintUInt)
    4e8c     4e8c       c2     1                 textPrintUInt
    4f4e     4f4e      dbd     1         midiTest.lto.o:(.text.launchBeat)
    4f4e     4f4e      dbd     1                 launchBeat
    5d0b     5d0b      329     1         midiTest.lto.o:(.text.escReset)
    5d0b     5d0b      329     1                 escReset
    6034     6034      86d     1         midiTest.lto.o:(.text.dispatchNote)
    6034     6034      86d     1                 dispatchNote
    68a1     68a1      1b5     1         midiTest.lto.o:(.text.opl3_setInstrumentAllChannels)
    68a1     68a1      1b5     1                 opl3_setInstrumentAllChannels
    6a56     6a56      2b4     1         midiTest.lto.o:(.text.getBeatTrackNoteInfo)
    6a56     6a56      2b4     1                 getBeatTrackNoteInfo
    6d0a     6d0a      298     1         midiTest.lto.o:(.text.setupMem4Track)
    6d0a     6d0a      298     1                 setupMem4Track
    6fa2     6fa2      3aa     1         midiTest.lto.o:(.text.refreshInstrumentText)
    6fa2     6fa2      3aa     1                 refreshInstrumentText
    734c     734c      14b     1         midiTest.lto.o:(.text.channelTextMenu)
    734c     734c      14b     1                 channelTextMenu
    7497     7497      2b7     1         midiTest.lto.o:(.text.showChipChoiceText)
    7497     7497      2b7     1                 showChipChoiceText
    774e     774e      667     1         midiTest.lto.o:(.text.textTitle)
    774e     774e      667     1                 textTitle
    7db5     7db5      1ca     1         midiTest.lto.o:(.text.highLightInstChoice)
    7db5     7db5      1ca     1                 highLightInstChoice
    7f7f     7f7f        5     1         midiTest.lto.o:(.text.exit)
    7f7f     7f7f        5     1                 exit
    7f84     7f84       df     1         midiTest.lto.o:(.text._ZN12_GLOBAL__N_13putEcP6Status)
    7f84     7f84       df     1                 (anonymous namespace)::put(char, Status*)
    8063     8063      10f     1         midiTest.lto.o:(.text._ZN12_GLOBAL__N_112print_stringEPKcP6Status)
    8063     8063      10f     1                 (anonymous namespace)::print_string(char const*, Status*)
    8172     8172      d40     1         midiTest.lto.o:(.text.printf)
    8172     8172      d40     1                 printf
    8eb2     8eb2      1e6     1         midiTest.lto.o:(.text.malloc)
    8eb2     8eb2      1e6     1                 malloc
    9098     9098       2c     1         midiTest.lto.o:(.text.memcpy)
    9098     9098       2c     1                 memcpy
    90c4     90c4       20     1         midiTest.lto.o:(.text.__memset)
    90c4     90c4       20     1                 __memset
    90e4     90e4       17     1         midiTest.lto.o:(.text.__ashlsi3)
    90e4     90e4       17     1                 __ashlsi3
    90fb     90fb       17     1         midiTest.lto.o:(.text.__lshrsi3)
    90fb     90fb       17     1                 __lshrsi3
    9112     9112       5c     1         midiTest.lto.o:(.text.__udivqi3)
    9112     9112       5c     1                 __udivqi3
    916e     916e       b9     1         midiTest.lto.o:(.text.__udivhi3)
    916e     916e       b9     1                 __udivhi3
    9227     9227       3f     1         midiTest.lto.o:(.text.__umodqi3)
    9227     9227       3f     1                 __umodqi3
    9266     9266      147     1         midiTest.lto.o:(.text.__umodsi3)
    9266     9266      147     1                 __umodsi3
    93ad     93ad       6e     1         midiTest.lto.o:(.text.__udivmodqi4)
    93ad     93ad       6e     1                 __udivmodqi4
    941b     941b       d7     1         midiTest.lto.o:(.text.__udivmodhi4)
    941b     941b       d7     1                 __udivmodhi4
    94f2     94f2      b95     1         midiTest.lto.o:(.text.__divsf3)
    94f2     94f2      b95     1                 __divsf3
    a087     a087       80     1         midiTest.lto.o:(.text.__fixunssfsi)
    a087     a087       80     1                 __fixunssfsi
    a107     a107      353     1         midiTest.lto.o:(.text.__floatunsisf)
    a107     a107      353     1                 __floatunsisf
    a45a     a45a       1b     1         midiTest.lto.o:(.text.__mulqi3)
    a45a     a45a       1b     1                 __mulqi3
    a475     a475       32     1         midiTest.lto.o:(.text.__mulhi3)
    a475     a475       32     1                 __mulhi3
    a4a7     a4a7       70     1         midiTest.lto.o:(.text.__mulsi3)
    a4a7     a4a7       70     1                 __mulsi3
    a517     a517       f8     1         midiTest.lto.o:(.text.__muldi3)
    a517     a517       f8     1                 __muldi3
    a60f     a60f        0     1         __init_array_start = .
    a60f     a60f        0     1         __init_array_end = .
    a60f     a60f        0     1         __fini_array_start = .
    a60f     a60f        0     1         __fini_array_end = .
    a60f     a60f     14eb     1 .rodata
    a60f     a60f        1     1         D:\F256\llvm-mos\f256dev\llvm-mos\bin/../mos-platform/common/lib\libcrt.a(const.S.obj):(.rodata)
    a60f     a60f        0     1                 __set_v
    a610     a610       ae     1         midiTest.lto.o:(.rodata.f256main)
    a6be     a6be        a     1         midiTest.lto.o:(.rodata.dispatchNote)
    a6c8     a6c8        8     1         midiTest.lto.o:(.rodata.channelTextMenu)
    a6d0     a6d0        8     1         midiTest.lto.o:(.rodata.showChipChoiceText)
    a6d8     a6d8       3a     1         midiTest.lto.o:(.rodata.printf)
    a712     a712       30     1         midiTest.lto.o:(.rodata.textColors)
    a712     a712       30     1                 textColors
    a742     a742       58     1         midiTest.lto.o:(.rodata.noteColors)
    a742     a742       58     1                 noteColors
    a79a     a79a       7b     1         midiTest.lto.o:(.rodata.KeyCodesToMIDINotes)
    a79a     a79a       7b     1                 KeyCodesToMIDINotes
    a815     a815      dd2     1         <internal>:(.rodata.str1.1)
    b5e7     b5e7        6     1         midiTest.lto.o:(.rodata.sidChoiceToVoice)
    b5e7     b5e7        6     1                 sidChoiceToVoice
    b5ed     b5ed       18     1         midiTest.lto.o:(.rodata.opl3_fnums)
    b5ed     b5ed       18     1                 opl3_fnums
    b605     b605       40     1         midiTest.lto.o:(.rodata.psgLow)
    b605     b605       40     1                 psgLow
    b645     b645       40     1         midiTest.lto.o:(.rodata.psgHigh)
    b645     b645       40     1                 psgHigh
    b685     b685       60     1         midiTest.lto.o:(.rodata.sidLow)
    b685     b685       60     1                 sidLow
    b6e5     b6e5       38     1         midiTest.lto.o:(.rodata.rtmplugin)
    b6e5     b6e5       38     1                 rtmplugin
    b71d     b71d        2     1         midiTest.lto.o:(.rodata.beat00_notes)
    b71d     b71d        2     1                 beat00_notes
    b71f     b71f        2     1         midiTest.lto.o:(.rodata.beat00_delays)
    b71f     b71f        2     1                 beat00_delays
    b721     b721        5     1         midiTest.lto.o:(.rodata.beat10_notes)
    b721     b721        5     1                 beat10_notes
    b726     b726        5     1         midiTest.lto.o:(.rodata.beat10_delays)
    b726     b726        5     1                 beat10_delays
    b72b     b72b        8     1         midiTest.lto.o:(.rodata.beat11_notes)
    b72b     b72b        8     1                 beat11_notes
    b733     b733        8     1         midiTest.lto.o:(.rodata.beat11_delays)
    b733     b733        8     1                 beat11_delays
    b73b     b73b       6a     1         midiTest.lto.o:(.rodata.beat40_notes)
    b73b     b73b       6a     1                 beat40_notes
    b7a5     b7a5       6a     1         midiTest.lto.o:(.rodata.beat40_delays)
    b7a5     b7a5       6a     1                 beat40_delays
    b80f     b80f       10     1         midiTest.lto.o:(.rodata.beat41_notes)
    b80f     b80f       10     1                 beat41_notes
    b81f     b81f       10     1         midiTest.lto.o:(.rodata.beat41_delays)
    b81f     b81f       10     1                 beat41_delays
    b82f     b82f       2d     1         midiTest.lto.o:(.rodata.sid_instrument_defs)
    b82f     b82f       2d     1                 sid_instrument_defs
    b85c     b85c       f2     1         midiTest.lto.o:(.rodata.opl3_instrument_defs)
    b85c     b85c       f2     1                 opl3_instrument_defs
    b94e     b94e        4     1         midiTest.lto.o:(.rodata.beat20_notes)
    b94e     b94e        4     1                 beat20_notes
    b952     b952        4     1         midiTest.lto.o:(.rodata.beat20_delays)
    b952     b952        4     1                 beat20_delays
    b956     b956        6     1         midiTest.lto.o:(.rodata.beat21_notes)
    b956     b956        6     1                 beat21_notes
    b95c     b95c        6     1         midiTest.lto.o:(.rodata.beat21_delays)
    b95c     b95c        6     1                 beat21_delays
    b962     b962       20     1         midiTest.lto.o:(.rodata.beat30_notes)
    b962     b962       20     1                 beat30_notes
    b982     b982       20     1         midiTest.lto.o:(.rodata.beat30_delays)
    b982     b982       20     1                 beat30_delays
    b9a2     b9a2        c     1         midiTest.lto.o:(.rodata.beat31_notes)
    b9a2     b9a2        c     1                 beat31_notes
    b9ae     b9ae        c     1         midiTest.lto.o:(.rodata.beat31_delays)
    b9ae     b9ae        c     1                 beat31_delays
    b9ba     b9ba      100     1         midiTest.lto.o:(.rodata.midi_instruments)
    b9ba     b9ba      100     1                 midi_instruments
    baba     baba        a     1         midiTest.lto.o:(.rodata.presetBeatCount_names)
    baba     baba        a     1                 presetBeatCount_names
    bac4     bac4        a     1         midiTest.lto.o:(.rodata.sid_instruments_names)
    bac4     bac4        a     1                 sid_instruments_names
    bace     bace       2c     1         midiTest.lto.o:(.rodata.opl3_instrument_names)
    bace     bace       2c     1                 opl3_instrument_names
    bafa     bafa        0     1 .data
    bafa     bafa        0     1         __data_start = .
    bafa     bafa        0     1         __data_end = .
    bafa     bafa        0     1 __data_load_start = LOADADDR(.data)
    bafa     bafa        0     1 __data_size = SIZEOF(.data)
    bafa     bafa       1e     1 .bss
    bafa     bafa        0     1         __bss_start = .
    bafa     bafa        4     1         midiTest.lto.o:(.bss._BITMAP_BASE.0)
    bafa     bafa        4     1                 _BITMAP_BASE.0
    bafe     bafe       12     1         midiTest.lto.o:(.bss.mainTempoLUT)
    bafe     bafe       12     1                 mainTempoLUT
    bb10     bb10        2     1         midiTest.lto.o:(.bss.oldCursorNote)
    bb10     bb10        2     1                 oldCursorNote
    bb12     bb12        1     1         midiTest.lto.o:(.bss.kernelError)
    bb12     bb12        1     1                 kernelError
    bb13     bb13        1     1         midiTest.lto.o:(.bss._ZN12_GLOBAL__N_19last_freeE)
    bb13     bb13        1     1                 (anonymous namespace)::last_free
    bb14     bb14        2     1         midiTest.lto.o:(.bss._ZN12_GLOBAL__N_19free_sizeE)
    bb14     bb14        2     1                 (anonymous namespace)::free_size
    bb16     bb16        2     1         midiTest.lto.o:(.bss._ZN12_GLOBAL__N_19free_listE)
    bb16     bb16        2     1                 (anonymous namespace)::free_list
    bb18     bb18        0     1         __bss_end = .
    bb18     bb18        0     1 __bss_size = SIZEOF(.bss)
    bb18     bb18        0     1 .noinit
    bb18     bb18        0     1         __heap_start = ALIGN(., 2)
    bb18     bb18        0     1 end_block8 = .
    bb18     bb18        0     1 end_block9 = .
    bb18     bb18        0     1 end_block10 = .
    bb18     bb18        0     1 end_block11 = .
    bb18     bb18        0     1 end_block12 = .
    bb18     bb18        0     1 end_block13 = .
    bb18     bb18        0     1 end_block14 = .
    bb18     bb18        0     1 end_block15 = .
    bb18     bb18        0     1 end_block16 = .
    bb18     bb18        0     1 end_block17 = .
    bb18     bb18        0     1 end_block18 = .
    bb18     bb18        0     1 end_block19 = .
    bb18     bb18        0     1 end_block20 = .
    bb18     bb18        0     1 end_block21 = .
    bb18     bb18        0     1 end_block22 = .
    bb18     bb18        0     1 end_block23 = .
   30000    30000      3fc    16 .palpiano
   30000    30000      3fc    16         midiTest.lto.o:(.palpiano)
   30000    30000        0     1                 palpiano_start
   303fc    303fc        0     1                 palpiano_end
   303fc    303fc        0     1 end_palpiano = .
   38000    38000    12c00    16 .pia1
   38000    38000    12c00    16         midiTest.lto.o:(.pia1)
   38000    38000        0     1                 pia1_start
   4ac00    4ac00        0     1                 pia1_end
   4ac00    4ac00        0     1 end_pia1 = .
       0        0      138     1 .comment
       0        0      138     1         <internal>:(.comment)
       0        0      db0     4 .symtab
       0        0      db0     4         <internal>:(.symtab)
       0        0       6a     1 .shstrtab
       0        0       6a     1         <internal>:(.shstrtab)
       0        0      ac5     1 .strtab
       0        0      ac5     1         <internal>:(.strtab)
