     VMA      LMA     Size Align Out     In      Symbol
       0        0        0     1 PROVIDE(__stack = 0xA000)
       0        0        0     1 PROVIDE(__f256_start = 0x300)
       0        0        0     1 PROVIDE(__BLOCK_SIZE = 0x2000)
       0        0        0     1 PROVIDE(__SLOT_ADDR = 0xA000)
       0        0        0     1 __rc0 = 0x10
       0        0        0     1 __rc1 = __rc0 + 1
       0        0        0     1 PROVIDE(__rc2 = __rc1 + 1)
       0        0        0     1 __rc3 = __rc2 + 1
       0        0        0     1 PROVIDE(__rc4 = __rc3 + 1)
       0        0        0     1 __rc5 = __rc4 + 1
       0        0        0     1 PROVIDE(__rc6 = __rc5 + 1)
       0        0        0     1 __rc7 = __rc6 + 1
       0        0        0     1 PROVIDE(__rc8 = __rc7 + 1)
       0        0        0     1 __rc9 = __rc8 + 1
       0        0        0     1 PROVIDE(__rc10 = __rc9 + 1)
       0        0        0     1 __rc11 = __rc10 + 1
       0        0        0     1 PROVIDE(__rc12 = __rc11 + 1)
       0        0        0     1 __rc13 = __rc12 + 1
       0        0        0     1 PROVIDE(__rc14 = __rc13 + 1)
       0        0        0     1 __rc15 = __rc14 + 1
       0        0        0     1 PROVIDE(__rc16 = __rc15 + 1)
       0        0        0     1 __rc17 = __rc16 + 1
       0        0        0     1 PROVIDE(__rc18 = __rc17 + 1)
       0        0        0     1 __rc19 = __rc18 + 1
       0        0        0     1 PROVIDE(__rc20 = __rc19 + 1)
       0        0        0     1 __rc21 = __rc20 + 1
       0        0        0     1 PROVIDE(__rc22 = __rc21 + 1)
       0        0        0     1 __rc23 = __rc22 + 1
       0        0        0     1 PROVIDE(__rc24 = __rc23 + 1)
       0        0        0     1 __rc25 = __rc24 + 1
       0        0        0     1 PROVIDE(__rc26 = __rc25 + 1)
       0        0        0     1 __rc27 = __rc26 + 1
       0        0        0     1 PROVIDE(__rc28 = __rc27 + 1)
       0        0        0     1 __rc29 = __rc28 + 1
       0        0        0     1 PROVIDE(__rc30 = __rc29 + 1)
       0        0        0     1 __rc31 = __rc30 + 1
       0        0        0     1 
       0        0        0     1 
       0        0        0     1 __block8_lma = ( 8<<24)|__SLOT_ADDR
       0        0        0     1 __block9_lma = ( 9<<24)|__SLOT_ADDR
       0        0        0     1 __block10_lma = (10<<24)|__SLOT_ADDR
       0        0        0     1 __block11_lma = (11<<24)|__SLOT_ADDR
       0        0        0     1 __block12_lma = (12<<24)|__SLOT_ADDR
       0        0        0     1 __block13_lma = (13<<24)|__SLOT_ADDR
       0        0        0     1 __block14_lma = (14<<24)|__SLOT_ADDR
       0        0        0     1 __block15_lma = (15<<24)|__SLOT_ADDR
       0        0        0     1 __block16_lma = (16<<24)|__SLOT_ADDR
       0        0        0     1 __block17_lma = (17<<24)|__SLOT_ADDR
       0        0        0     1 __block18_lma = (18<<24)|__SLOT_ADDR
       0        0        0     1 __block19_lma = (19<<24)|__SLOT_ADDR
       0        0        0     1 __block20_lma = (20<<24)|__SLOT_ADDR
       0        0        0     1 __block21_lma = (21<<24)|__SLOT_ADDR
       0        0        0     1 __block22_lma = (22<<24)|__SLOT_ADDR
       0        0        0     1 __block23_lma = (23<<24)|__SLOT_ADDR
       0        0        0     1 __palpiano_lma = 0x20000
       0        0        0     1 __palpiano_size = 0x3fc
       0        0        0     1 __pia1_lma = 0x28000
       0        0        0     1 __pia1_size = 0x8000
       0        0        0     1 __pia2_lma = 0x30000
       0        0        0     1 __pia2_size = 0x8000
       0        0        0     1 __pia3_lma = 0x38000
       0        0        0     1 __pia3_size = 0x2c00
      30      300       22     1 .zp.data
      30      300        0     1         __zp_data_start = .
      30      300       22     1         midiTest.lto.o:(.zp.data)
      30      300        1     1                 _ccolor
      31      301        2     1                 note
      33      303       12     1                 tempoLUTRef
      45      315        1     1                 mainTempo
      46      316        6     1                 sidChoiceToVoice
      4c      31c        6     1                 sidInstPerVoice
      52      322        0     1 __zp_data_load_start = LOADADDR(.zp.data)
      52      322        0     1 __zp_data_size = SIZEOF(.zp.data)
      52       52       41     1 .zp.bss
      52       52        0     1         __zp_bss_start = .
      52       52       41     1         midiTest.lto.o:(.zp.bss)
      52       52        7     1                 kernelEventData
      59       59        1     1                 _col
      5a       5a        1     1                 _row
      5b       5b        2     1                 __putchar.s
      5d       5d        1     1                 selectBeat
      5e       5e       14     1                 prgInst
      72       72        1     1                 sidInstChoice
      73       73        1     1                 chSelect
      74       74        1     1                 isTwinLinked
      75       75        1     1                 wantVS1053
      76       76        1     1                 chipChoice
      77       77        1     1                 sidPolyCount
      78       78        1     1                 polyPSGcount
      79       79       12     1                 mainTempoLUT
      8b       8b        1     1                 refTimer.1
      8c       8c        2     1                 oldCursorNote
      8e       8e        1     1                 (anonymous namespace)::initialized
      8f       8f        2     1                 (anonymous namespace)::free_size
      91       91        2     1                 (anonymous namespace)::free_list
      93       93        0     1 __zp_bss_size = SIZEOF(.zp.bss)
      93       93       5d     1 .zp
      93       93       5d     1         midiTest.lto.o:(.zp.noinit)
     322      322     7498     2 .text
     322      322        0     1         _init = .
     322      322        0     1         _start = .
     322      322        8     1         D:\F256\llvm-mos\f256dev\llvm-mos\bin/../mos-platform/f256/lib\libcrt0.a(init-stack.S.obj):(.init.100)
     322      322        0     1                 __do_init_stack
     32a      32a        3     1         D:\F256\llvm-mos\f256dev\llvm-mos\bin/../mos-platform/f256/lib\libcrt0.a(zero-bss.c.obj):(.init.200)
     32a      32a        0     1                 __do_zero_bss
     32d      32d        3     1         D:\F256\llvm-mos\f256dev\llvm-mos\bin/../mos-platform/f256/lib\libcrt0.a(zero-zp-bss.c.obj):(.init.200)
     32d      32d        0     1                 __do_zero_zp_bss
     330      330        3     1         D:\F256\llvm-mos\f256dev\llvm-mos\bin/../mos-platform/f256/lib\libcrt0.a(copy-zp-data.c.obj):(.init.200)
     330      330        0     1                 __do_copy_zp_data
     333      333        3     1         D:\F256\llvm-mos\f256dev\llvm-mos\bin/../mos-platform/common/lib\crt0.o:(.call_main)
     336      336        3     1         D:\F256\llvm-mos\f256dev\llvm-mos\bin/../mos-platform/f256/lib\libcrt0.a(exit-custom.S.obj):(.after_main)
     336      336        0     1                 __after_main
     339      339        0     1         _fini = .
     339      339        1     1         D:\F256\llvm-mos\f256dev\llvm-mos\bin/../mos-platform/common/lib\crt0.o:(.fini_rts)
     33a      33a      133     2         midiTest.lto.o:(.text._ZN12_GLOBAL__N_19FreeChunk6insertEPvj)
     33a      33a      133     1                 (anonymous namespace)::FreeChunk::insert(void*, unsigned int)
     46d      46d       13     1         D:\F256\llvm-mos\f256dev\llvm-mos\bin/../mos-platform/f256/lib\libcrt0.a(zero-bss.c.obj):(.text.__zero_bss)
     46d      46d       13     1                 __zero_bss
     480      480       13     1         D:\F256\llvm-mos\f256dev\llvm-mos\bin/../mos-platform/f256/lib\libcrt0.a(zero-zp-bss.c.obj):(.text.__zero_zp_bss)
     480      480       13     1                 __zero_zp_bss
     493      493       17     1         D:\F256\llvm-mos\f256dev\llvm-mos\bin/../mos-platform/f256/lib\libcrt0.a(copy-zp-data.c.obj):(.text.__copy_zp_data)
     493      493       17     1                 __copy_zp_data
     4aa      4aa      3a0     1         midiTest.lto.o:(.text.f256Init)
     4aa      4aa      3a0     1                 f256Init
     84a      84a        6     1         midiTest.lto.o:(.text.main)
     84a      84a        6     1                 main
     850      850     327d     1         midiTest.lto.o:(.text.f256main)
     850      850     327d     1                 f256main
    3acd     3acd      1b8     1         midiTest.lto.o:(.text.textPrint)
    3acd     3acd      1b8     1                 textPrint
    3c85     3c85      11e     1         midiTest.lto.o:(.text.dispatchNote)
    3c85     3c85      11e     1                 dispatchNote
    3da3     3da3       64     1         midiTest.lto.o:(.text.prepTempoLUT)
    3da3     3da3       64     1                 prepTempoLUT
    3e07     3e07       58     1         midiTest.lto.o:(.text.updateTempoText)
    3e07     3e07       58     1                 updateTempoText
    3e5f     3e5f      2cf     1         midiTest.lto.o:(.text.textTitle)
    3e5f     3e5f      2cf     1                 textTitle
    412e     412e      31d     1         midiTest.lto.o:(.text.refreshInstrumentText)
    412e     412e      31d     1                 refreshInstrumentText
    444b     444b       da     1         midiTest.lto.o:(.text.channelTextMenu)
    444b     444b       da     1                 channelTextMenu
    4525     4525       ef     1         midiTest.lto.o:(.text.refreshBeatTextChoice)
    4525     4525       ef     1                 refreshBeatTextChoice
    4614     4614       5d     1         midiTest.lto.o:(.text.modalMoveUp)
    4614     4614       5d     1                 modalMoveUp
    4671     4671       5b     1         midiTest.lto.o:(.text.modalMoveDown)
    4671     4671       5b     1                 modalMoveDown
    46cc     46cc       b1     1         midiTest.lto.o:(.text.prepSIDinstruments)
    46cc     46cc       b1     1                 prepSIDinstruments
    477d     477d       f6     1         midiTest.lto.o:(.text.showChipChoiceText)
    477d     477d       f6     1                 showChipChoiceText
    4873     4873       89     1         midiTest.lto.o:(.text.showMIDIChoiceText)
    4873     4873       89     1                 showMIDIChoiceText
    48fc     48fc      152     1         midiTest.lto.o:(.text.highLightInstChoice)
    48fc     48fc      152     1                 highLightInstChoice
    4a4e     4a4e       bb     1         midiTest.lto.o:(.text.textPrintUInt)
    4a4e     4a4e       bb     1                 textPrintUInt
    4b09     4b09        d     1         midiTest.lto.o:(.text.__putchar)
    4b09     4b09        d     1                 __putchar
    4b16     4b16        5     1         midiTest.lto.o:(.text.exit)
    4b16     4b16        5     1                 exit
    4b1b     4b1b       d1     1         midiTest.lto.o:(.text._ZN12_GLOBAL__N_13putEcP6Status)
    4b1b     4b1b       d1     1                 (anonymous namespace)::put(char, Status*)
    4bec     4bec      10d     1         midiTest.lto.o:(.text._ZN12_GLOBAL__N_112print_stringEPKcP6Status)
    4bec     4bec      10d     1                 (anonymous namespace)::print_string(char const*, Status*)
    4cf9     4cf9      bb0     1         midiTest.lto.o:(.text.printf)
    4cf9     4cf9      bb0     1                 printf
    58a9     58a9        c     1         midiTest.lto.o:(.text.putchar)
    58a9     58a9        c     1                 putchar
    58b5     58b5      2ad     1         midiTest.lto.o:(.text.malloc)
    58b5     58b5      2ad     1                 malloc
    5b62     5b62       2c     1         midiTest.lto.o:(.text.memcpy)
    5b62     5b62       2c     1                 memcpy
    5b8e     5b8e       20     1         midiTest.lto.o:(.text.__memset)
    5b8e     5b8e       20     1                 __memset
    5bae     5bae       17     1         midiTest.lto.o:(.text.__ashlsi3)
    5bae     5bae       17     1                 __ashlsi3
    5bc5     5bc5       17     1         midiTest.lto.o:(.text.__lshrsi3)
    5bc5     5bc5       17     1                 __lshrsi3
    5bdc     5bdc       1b     1         midiTest.lto.o:(.text.__mulqi3)
    5bdc     5bdc       1b     1                 __mulqi3
    5bf7     5bf7       32     1         midiTest.lto.o:(.text.__mulhi3)
    5bf7     5bf7       32     1                 __mulhi3
    5c29     5c29       70     1         midiTest.lto.o:(.text.__mulsi3)
    5c29     5c29       70     1                 __mulsi3
    5c99     5c99       f8     1         midiTest.lto.o:(.text.__muldi3)
    5c99     5c99       f8     1                 __muldi3
    5d91     5d91      147     1         midiTest.lto.o:(.text.__umodsi3)
    5d91     5d91      147     1                 __umodsi3
    5ed8     5ed8       db     1         midiTest.lto.o:(.text.__udivmodhi4)
    5ed8     5ed8       db     1                 __udivmodhi4
    5fb3     5fb3      8b8     1         midiTest.lto.o:(.text.__mulsf3)
    5fb3     5fb3      8b8     1                 __mulsf3
    686b     686b      b80     1         midiTest.lto.o:(.text.__divsf3)
    686b     686b      b80     1                 __divsf3
    73eb     73eb       7c     1         midiTest.lto.o:(.text.__fixunssfsi)
    73eb     73eb       7c     1                 __fixunssfsi
    7467     7467      353     1         midiTest.lto.o:(.text.__floatunsisf)
    7467     7467      353     1                 __floatunsisf
    77ba     77ba        0     1         __init_array_start = .
    77ba     77ba        0     1         __init_array_end = .
    77ba     77ba        0     1         __fini_array_start = .
    77ba     77ba        0     1         __fini_array_end = .
    77ba     77ba      f25     1 .rodata
    77ba     77ba        1     1         D:\F256\llvm-mos\f256dev\llvm-mos\bin/../mos-platform/common/lib\libcrt.a(const.S.obj):(.rodata)
    77ba     77ba        0     1                 __set_v
    77bb     77bb       16     1         midiTest.lto.o:(.rodata.f256main)
    77d1     77d1        8     1         midiTest.lto.o:(.rodata.refreshBeatTextChoice)
    77d9     77d9        8     1         midiTest.lto.o:(.rodata.showChipChoiceText)
    77e1     77e1       3a     1         midiTest.lto.o:(.rodata.printf)
    781b     781b       30     1         midiTest.lto.o:(.rodata.textColors)
    781b     781b       30     1                 textColors
    784b     784b      c12     1         <internal>:(.rodata.str1.1)
    845d     845d       60     1         midiTest.lto.o:(.rodata.sidLow)
    845d     845d       60     1                 sidLow
    84bd     84bd       38     1         midiTest.lto.o:(.rodata.plugin)
    84bd     84bd       38     1                 plugin
    84f5     84f5       40     1         midiTest.lto.o:(.rodata.psgLow)
    84f5     84f5       40     1                 psgLow
    8535     8535       40     1         midiTest.lto.o:(.rodata.psgHigh)
    8535     8535       40     1                 psgHigh
    8575     8575       58     1         midiTest.lto.o:(.rodata.noteColors)
    8575     8575       58     1                 noteColors
    85cd     85cd        c     1         midiTest.lto.o:(.rodata.sid_instruments)
    85cd     85cd        c     1                 sid_instruments
    85d9     85d9      100     1         midiTest.lto.o:(.rodata.midi_instruments)
    85d9     85d9      100     1                 midi_instruments
    86d9     86d9        6     1         midiTest.lto.o:(.rodata..Lswitch.table.f256main)
    86df     86df        0     1 .data
    86df     86df        0     1         __data_start = .
    86df     86df        0     1         __data_end = .
    86df     86df        0     1 __data_load_start = LOADADDR(.data)
    86df     86df        0     1 __data_size = SIZEOF(.data)
    86df     86df       51     1 .bss
    86df     86df        0     1         __bss_start = .
    86df     86df        4     1         midiTest.lto.o:(.bss._BITMAP_BASE.0)
    86df     86df        4     1                 _BITMAP_BASE.0
    86e3     86e3       4c     1         midiTest.lto.o:(.bss.theBeats)
    86e3     86e3       4c     1                 theBeats
    872f     872f        1     1         midiTest.lto.o:(.bss.kernelError)
    872f     872f        1     1                 kernelError
    8730     8730        0     1         __bss_end = .
    8730     8730        0     1 __bss_size = SIZEOF(.bss)
    8730     8730        0     1 .noinit
    8730     8730        0     1         __heap_start = ALIGN(., 2)
    8730     8730        0     1 end_block8 = .
    8730     8730        0     1 end_block9 = .
    8730     8730        0     1 end_block10 = .
    8730     8730        0     1 end_block11 = .
    8730     8730        0     1 end_block12 = .
    8730     8730        0     1 end_block13 = .
    8730     8730        0     1 end_block14 = .
    8730     8730        0     1 end_block15 = .
    8730     8730        0     1 end_block16 = .
    8730     8730        0     1 end_block17 = .
    8730     8730        0     1 end_block18 = .
    8730     8730        0     1 end_block19 = .
    8730     8730        0     1 end_block20 = .
    8730     8730        0     1 end_block21 = .
    8730     8730        0     1 end_block22 = .
    8730     8730        0     1 end_block23 = .
   20000    20000      3fc    16 .palpiano
   20000    20000      3fc    16         midiTest.lto.o:(.palpiano)
   20000    20000        0     1                 palpiano_start
   203fc    203fc        0     1                 palpiano_end
   203fc    203fc        0     1 end_palpiano = .
   28000    28000     8000    16 .pia1
   28000    28000     8000    16         midiTest.lto.o:(.pia1)
   28000    28000        0     1                 pia1_start
   30000    30000        0     1                 pia1_end
   30000    30000        0     1 end_pia1 = .
   30000    30000     8000    16 .pia2
   30000    30000     8000    16         midiTest.lto.o:(.pia2)
   30000    30000        0     1                 pia2_start
   38000    38000        0     1                 pia2_end
   38000    38000        0     1 end_pia2 = .
   38000    38000     2c00    16 .pia3
   38000    38000     2c00    16         midiTest.lto.o:(.pia3)
   38000    38000        0     1                 pia3_start
   3ac00    3ac00        0     1                 pia3_end
   3ac00    3ac00        0     1 end_pia3 = .
       0        0      138     1 .comment
       0        0      138     1         <internal>:(.comment)
       0        0      c80     4 .symtab
       0        0      c80     4         <internal>:(.symtab)
       0        0       76     1 .shstrtab
       0        0       76     1         <internal>:(.shstrtab)
       0        0      955     1 .strtab
       0        0      955     1         <internal>:(.strtab)
