     VMA      LMA     Size Align Out     In      Symbol
       0        0        0     1 PROVIDE(__stack = 0xA000)
       0        0        0     1 PROVIDE(__f256_start = 0x300)
       0        0        0     1 PROVIDE(__BLOCK_SIZE = 0x2000)
       0        0        0     1 PROVIDE(__SLOT_ADDR = 0xA000)
       0        0        0     1 __rc0 = 0x10
       0        0        0     1 __rc1 = __rc0 + 1
       0        0        0     1 PROVIDE(__rc2 = __rc1 + 1)
       0        0        0     1 __rc3 = __rc2 + 1
       0        0        0     1 PROVIDE(__rc4 = __rc3 + 1)
       0        0        0     1 __rc5 = __rc4 + 1
       0        0        0     1 PROVIDE(__rc6 = __rc5 + 1)
       0        0        0     1 __rc7 = __rc6 + 1
       0        0        0     1 PROVIDE(__rc8 = __rc7 + 1)
       0        0        0     1 __rc9 = __rc8 + 1
       0        0        0     1 PROVIDE(__rc10 = __rc9 + 1)
       0        0        0     1 __rc11 = __rc10 + 1
       0        0        0     1 PROVIDE(__rc12 = __rc11 + 1)
       0        0        0     1 __rc13 = __rc12 + 1
       0        0        0     1 PROVIDE(__rc14 = __rc13 + 1)
       0        0        0     1 __rc15 = __rc14 + 1
       0        0        0     1 PROVIDE(__rc16 = __rc15 + 1)
       0        0        0     1 __rc17 = __rc16 + 1
       0        0        0     1 PROVIDE(__rc18 = __rc17 + 1)
       0        0        0     1 __rc19 = __rc18 + 1
       0        0        0     1 PROVIDE(__rc20 = __rc19 + 1)
       0        0        0     1 __rc21 = __rc20 + 1
       0        0        0     1 PROVIDE(__rc22 = __rc21 + 1)
       0        0        0     1 __rc23 = __rc22 + 1
       0        0        0     1 PROVIDE(__rc24 = __rc23 + 1)
       0        0        0     1 __rc25 = __rc24 + 1
       0        0        0     1 PROVIDE(__rc26 = __rc25 + 1)
       0        0        0     1 __rc27 = __rc26 + 1
       0        0        0     1 PROVIDE(__rc28 = __rc27 + 1)
       0        0        0     1 __rc29 = __rc28 + 1
       0        0        0     1 PROVIDE(__rc30 = __rc29 + 1)
       0        0        0     1 __rc31 = __rc30 + 1
       0        0        0     1 
       0        0        0     1 
       0        0        0     1 __block8_lma = ( 8<<24)|__SLOT_ADDR
       0        0        0     1 __block9_lma = ( 9<<24)|__SLOT_ADDR
       0        0        0     1 __block10_lma = (10<<24)|__SLOT_ADDR
       0        0        0     1 __block11_lma = (11<<24)|__SLOT_ADDR
       0        0        0     1 __block12_lma = (12<<24)|__SLOT_ADDR
       0        0        0     1 __block13_lma = (13<<24)|__SLOT_ADDR
       0        0        0     1 __block14_lma = (14<<24)|__SLOT_ADDR
       0        0        0     1 __block15_lma = (15<<24)|__SLOT_ADDR
       0        0        0     1 __block16_lma = (16<<24)|__SLOT_ADDR
       0        0        0     1 __block17_lma = (17<<24)|__SLOT_ADDR
       0        0        0     1 __block18_lma = (18<<24)|__SLOT_ADDR
       0        0        0     1 __block19_lma = (19<<24)|__SLOT_ADDR
       0        0        0     1 __block20_lma = (20<<24)|__SLOT_ADDR
       0        0        0     1 __block21_lma = (21<<24)|__SLOT_ADDR
       0        0        0     1 __block22_lma = (22<<24)|__SLOT_ADDR
       0        0        0     1 __block23_lma = (23<<24)|__SLOT_ADDR
       0        0        0     1 __palpiano_lma = 0x10000
       0        0        0     1 __palpiano_size = 0x3fc
       0        0        0     1 __pia1_lma = 0x18000
       0        0        0     1 __pia1_size = 0x8000
       0        0        0     1 __pia2_lma = 0x20000
       0        0        0     1 __pia2_size = 0x8000
       0        0        0     1 __pia3_lma = 0x28000
       0        0        0     1 __pia3_size = 0x2c00
      30      300        7     1 .zp.data
      30      300        0     1         __zp_data_start = .
      30      300        7     1         midiTest.lto.o:(.zp.data)
      30      300        1     1                 _ccolor
      31      301        2     1                 note
      33      303        4     1                 snareNotes
      37      307        0     1 __zp_data_load_start = LOADADDR(.zp.data)
      37      307        0     1 __zp_data_size = SIZEOF(.zp.data)
      37       37       28     1 .zp.bss
      37       37        0     1         __zp_bss_start = .
      37       37       28     1         midiTest.lto.o:(.zp.bss)
      37       37        7     1                 kernelEventData
      3e       3e        1     1                 _col
      3f       3f        1     1                 _row
      40       40        2     1                 __putchar.s
      42       42       14     1                 prgInst
      56       56        1     1                 chSelect
      57       57        1     1                 spaceNotetimer.1
      58       58        1     1                 spaceNotetimer.2
      59       59        1     1                 refTimer.1
      5a       5a        1     1                 snareTimer.1
      5b       5b        2     1                 oldCursorNote
      5d       5d        2     1                 oldNote
      5f       5f        0     1 __zp_bss_size = SIZEOF(.zp.bss)
      5f       5f       5b     1 .zp
      5f       5f       5b     1         midiTest.lto.o:(.zp.noinit)
     307      307     2a55     1 .text
     307      307        0     1         _init = .
     307      307        0     1         _start = .
     307      307        8     1         C:\F256\f256llvm-mos\f256dev\llvm-mos\bin/../mos-platform/f256/lib\libcrt0.a(init-stack.S.obj):(.init.100)
     307      307        0     1                 __do_init_stack
     30f      30f        3     1         C:\F256\f256llvm-mos\f256dev\llvm-mos\bin/../mos-platform/f256/lib\libcrt0.a(zero-bss.c.obj):(.init.200)
     30f      30f        0     1                 __do_zero_bss
     312      312        3     1         C:\F256\f256llvm-mos\f256dev\llvm-mos\bin/../mos-platform/f256/lib\libcrt0.a(zero-zp-bss.c.obj):(.init.200)
     312      312        0     1                 __do_zero_zp_bss
     315      315        3     1         C:\F256\f256llvm-mos\f256dev\llvm-mos\bin/../mos-platform/f256/lib\libcrt0.a(copy-zp-data.c.obj):(.init.200)
     315      315        0     1                 __do_copy_zp_data
     318      318        3     1         C:\F256\f256llvm-mos\f256dev\llvm-mos\bin/../mos-platform/common/lib\crt0.o:(.call_main)
     31b      31b        3     1         C:\F256\f256llvm-mos\f256dev\llvm-mos\bin/../mos-platform/f256/lib\libcrt0.a(exit-custom.S.obj):(.after_main)
     31b      31b        0     1                 __after_main
     31e      31e        0     1         _fini = .
     31e      31e        1     1         C:\F256\f256llvm-mos\f256dev\llvm-mos\bin/../mos-platform/common/lib\crt0.o:(.fini_rts)
     31f      31f       13     1         C:\F256\f256llvm-mos\f256dev\llvm-mos\bin/../mos-platform/f256/lib\libcrt0.a(zero-bss.c.obj):(.text.__zero_bss)
     31f      31f       13     1                 __zero_bss
     332      332       13     1         C:\F256\f256llvm-mos\f256dev\llvm-mos\bin/../mos-platform/f256/lib\libcrt0.a(zero-zp-bss.c.obj):(.text.__zero_zp_bss)
     332      332       13     1                 __zero_zp_bss
     345      345       17     1         C:\F256\f256llvm-mos\f256dev\llvm-mos\bin/../mos-platform/f256/lib\libcrt0.a(copy-zp-data.c.obj):(.text.__copy_zp_data)
     345      345       17     1                 __copy_zp_data
     35c      35c      3a0     1         midiTest.lto.o:(.text.f256Init)
     35c      35c      3a0     1                 f256Init
     6fc      6fc        6     1         midiTest.lto.o:(.text.main)
     6fc      6fc        6     1                 main
     702      702      ede     1         midiTest.lto.o:(.text.f256main)
     702      702      ede     1                 f256main
    15e0     15e0      1b8     1         midiTest.lto.o:(.text.textPrint)
    15e0     15e0      1b8     1                 textPrint
    1798     1798      2a7     1         midiTest.lto.o:(.text.textTitle)
    1798     1798      2a7     1                 textTitle
    1a3f     1a3f      25a     1         midiTest.lto.o:(.text.refreshInstrumentText)
    1a3f     1a3f      25a     1                 refreshInstrumentText
    1c99     1c99       bd     1         midiTest.lto.o:(.text.channelTextMenu)
    1c99     1c99       bd     1                 channelTextMenu
    1d56     1d56       e0     1         midiTest.lto.o:(.text.highLightInstChoice)
    1d56     1d56       e0     1                 highLightInstChoice
    1e36     1e36        d     1         midiTest.lto.o:(.text.__putchar)
    1e36     1e36        d     1                 __putchar
    1e43     1e43        5     1         midiTest.lto.o:(.text.exit)
    1e43     1e43        5     1                 exit
    1e48     1e48       d1     1         midiTest.lto.o:(.text._ZN12_GLOBAL__N_13putEcP6Status)
    1e48     1e48       d1     1                 (anonymous namespace)::put(char, Status*)
    1f19     1f19      10d     1         midiTest.lto.o:(.text._ZN12_GLOBAL__N_112print_stringEPKcP6Status)
    1f19     1f19      10d     1                 (anonymous namespace)::print_string(char const*, Status*)
    2026     2026      bb6     1         midiTest.lto.o:(.text.printf)
    2026     2026      bb6     1                 printf
    2bdc     2bdc        c     1         midiTest.lto.o:(.text.putchar)
    2bdc     2bdc        c     1                 putchar
    2be8     2be8       2c     1         midiTest.lto.o:(.text.memcpy)
    2be8     2be8       2c     1                 memcpy
    2c14     2c14       20     1         midiTest.lto.o:(.text.__memset)
    2c14     2c14       20     1                 __memset
    2c34     2c34       1b     1         midiTest.lto.o:(.text.__mulqi3)
    2c34     2c34       1b     1                 __mulqi3
    2c4f     2c4f       32     1         midiTest.lto.o:(.text.__mulhi3)
    2c4f     2c4f       32     1                 __mulhi3
    2c81     2c81       db     1         midiTest.lto.o:(.text.__udivmodhi4)
    2c81     2c81       db     1                 __udivmodhi4
    2d5c     2d5c        0     1         __init_array_start = .
    2d5c     2d5c        0     1         __init_array_end = .
    2d5c     2d5c        0     1         __fini_array_start = .
    2d5c     2d5c        0     1         __fini_array_end = .
    2d5c     2d5c      bea     1 .rodata
    2d5c     2d5c        1     1         C:\F256\f256llvm-mos\f256dev\llvm-mos\bin/../mos-platform/common/lib\libcrt.a(const.S.obj):(.rodata)
    2d5c     2d5c        0     1                 __set_v
    2d5d     2d5d       20     1         midiTest.lto.o:(.rodata.f256main)
    2d7d     2d7d       3a     1         midiTest.lto.o:(.rodata.printf)
    2db7     2db7       30     1         midiTest.lto.o:(.rodata.textColors)
    2db7     2db7       30     1                 textColors
    2de7     2de7       58     1         midiTest.lto.o:(.rodata.noteColors)
    2de7     2de7       58     1                 noteColors
    2e3f     2e3f      a07     1         <internal>:(.rodata.str1.1)
    3846     3846      100     1         midiTest.lto.o:(.rodata.midi_instruments)
    3846     3846      100     1                 midi_instruments
    3946     3946        0     1 .data
    3946     3946        0     1         __data_start = .
    3946     3946        0     1         __data_end = .
    3946     3946        0     1 __data_load_start = LOADADDR(.data)
    3946     3946        0     1 __data_size = SIZEOF(.data)
    3946     3946        5     1 .bss
    3946     3946        0     1         __bss_start = .
    3946     3946        4     1         midiTest.lto.o:(.bss._BITMAP_BASE.0)
    3946     3946        4     1                 _BITMAP_BASE.0
    394a     394a        1     1         midiTest.lto.o:(.bss.kernelError)
    394a     394a        1     1                 kernelError
    394b     394b        0     1         __bss_end = .
    394b     394b        0     1 __bss_size = SIZEOF(.bss)
    394b     394b        0     1 .noinit
    394b     394b        0     1         __heap_start = ALIGN(., 2)
    394b     394b        0     1 end_block8 = .
    394b     394b        0     1 end_block9 = .
    394b     394b        0     1 end_block10 = .
    394b     394b        0     1 end_block11 = .
    394b     394b        0     1 end_block12 = .
    394b     394b        0     1 end_block13 = .
    394b     394b        0     1 end_block14 = .
    394b     394b        0     1 end_block15 = .
    394b     394b        0     1 end_block16 = .
    394b     394b        0     1 end_block17 = .
    394b     394b        0     1 end_block18 = .
    394b     394b        0     1 end_block19 = .
    394b     394b        0     1 end_block20 = .
    394b     394b        0     1 end_block21 = .
    394b     394b        0     1 end_block22 = .
    394b     394b        0     1 end_block23 = .
   10000    10000      3fc    16 .palpiano
   10000    10000      3fc    16         midiTest.lto.o:(.palpiano)
   10000    10000        0     1                 palpiano_start
   103fc    103fc        0     1                 palpiano_end
   103fc    103fc        0     1 end_palpiano = .
   18000    18000     8000    16 .pia1
   18000    18000     8000    16         midiTest.lto.o:(.pia1)
   18000    18000        0     1                 pia1_start
   20000    20000        0     1                 pia1_end
   20000    20000        0     1 end_pia1 = .
   20000    20000     8000    16 .pia2
   20000    20000     8000    16         midiTest.lto.o:(.pia2)
   20000    20000        0     1                 pia2_start
   28000    28000        0     1                 pia2_end
   28000    28000        0     1 end_pia2 = .
   28000    28000     2c00    16 .pia3
   28000    28000     2c00    16         midiTest.lto.o:(.pia3)
   28000    28000        0     1                 pia3_start
   2ac00    2ac00        0     1                 pia3_end
   2ac00    2ac00        0     1 end_pia3 = .
       0        0      138     1 .comment
       0        0      138     1         <internal>:(.comment)
       0        0      a20     4 .symtab
       0        0      a20     4         <internal>:(.symtab)
       0        0       76     1 .shstrtab
       0        0       76     1         <internal>:(.shstrtab)
       0        0      739     1 .strtab
       0        0      739     1         <internal>:(.strtab)
