     VMA      LMA     Size Align Out     In      Symbol
       0        0        0     1 PROVIDE(__stack = 0xA000)
       0        0        0     1 PROVIDE(__f256_start = 0x300)
       0        0        0     1 PROVIDE(__BLOCK_SIZE = 0x2000)
       0        0        0     1 PROVIDE(__SLOT_ADDR = 0xA000)
       0        0        0     1 __rc0 = 0x10
       0        0        0     1 __rc1 = __rc0 + 1
       0        0        0     1 PROVIDE(__rc2 = __rc1 + 1)
       0        0        0     1 __rc3 = __rc2 + 1
       0        0        0     1 PROVIDE(__rc4 = __rc3 + 1)
       0        0        0     1 __rc5 = __rc4 + 1
       0        0        0     1 PROVIDE(__rc6 = __rc5 + 1)
       0        0        0     1 __rc7 = __rc6 + 1
       0        0        0     1 PROVIDE(__rc8 = __rc7 + 1)
       0        0        0     1 __rc9 = __rc8 + 1
       0        0        0     1 PROVIDE(__rc10 = __rc9 + 1)
       0        0        0     1 __rc11 = __rc10 + 1
       0        0        0     1 PROVIDE(__rc12 = __rc11 + 1)
       0        0        0     1 __rc13 = __rc12 + 1
       0        0        0     1 PROVIDE(__rc14 = __rc13 + 1)
       0        0        0     1 __rc15 = __rc14 + 1
       0        0        0     1 PROVIDE(__rc16 = __rc15 + 1)
       0        0        0     1 __rc17 = __rc16 + 1
       0        0        0     1 PROVIDE(__rc18 = __rc17 + 1)
       0        0        0     1 __rc19 = __rc18 + 1
       0        0        0     1 PROVIDE(__rc20 = __rc19 + 1)
       0        0        0     1 __rc21 = __rc20 + 1
       0        0        0     1 PROVIDE(__rc22 = __rc21 + 1)
       0        0        0     1 __rc23 = __rc22 + 1
       0        0        0     1 PROVIDE(__rc24 = __rc23 + 1)
       0        0        0     1 __rc25 = __rc24 + 1
       0        0        0     1 PROVIDE(__rc26 = __rc25 + 1)
       0        0        0     1 __rc27 = __rc26 + 1
       0        0        0     1 PROVIDE(__rc28 = __rc27 + 1)
       0        0        0     1 __rc29 = __rc28 + 1
       0        0        0     1 PROVIDE(__rc30 = __rc29 + 1)
       0        0        0     1 __rc31 = __rc30 + 1
       0        0        0     1 
       0        0        0     1 
       0        0        0     1 __block8_lma = ( 8<<24)|__SLOT_ADDR
       0        0        0     1 __block9_lma = ( 9<<24)|__SLOT_ADDR
       0        0        0     1 __block10_lma = (10<<24)|__SLOT_ADDR
       0        0        0     1 __block11_lma = (11<<24)|__SLOT_ADDR
       0        0        0     1 __block12_lma = (12<<24)|__SLOT_ADDR
       0        0        0     1 __block13_lma = (13<<24)|__SLOT_ADDR
       0        0        0     1 __block14_lma = (14<<24)|__SLOT_ADDR
       0        0        0     1 __block15_lma = (15<<24)|__SLOT_ADDR
       0        0        0     1 __block16_lma = (16<<24)|__SLOT_ADDR
       0        0        0     1 __block17_lma = (17<<24)|__SLOT_ADDR
       0        0        0     1 __block18_lma = (18<<24)|__SLOT_ADDR
       0        0        0     1 __block19_lma = (19<<24)|__SLOT_ADDR
       0        0        0     1 __block20_lma = (20<<24)|__SLOT_ADDR
       0        0        0     1 __block21_lma = (21<<24)|__SLOT_ADDR
       0        0        0     1 __block22_lma = (22<<24)|__SLOT_ADDR
       0        0        0     1 __block23_lma = (23<<24)|__SLOT_ADDR
       0        0        0     1 __xaa_lma = 0x10000
       0        0        0     1 __xaa_size = 0x8000
       0        0        0     1 __xab_lma = 0x18000
       0        0        0     1 __xab_size = 0x8000
       0        0        0     1 __xac_lma = 0x20000
       0        0        0     1 __xac_size = 0x2c00
       0        0        0     1 __palbach_lma = 0x28000
       0        0        0     1 __palbach_size = 0x400
       0        0        0     1 __ntespr_lma = 0x30000
       0        0        0     1 __ntespr_size = 0x40
      30      300        4     1 .zp.data
      30      300        0     1         __zp_data_start = .
      30      300        4     1         BachHero.lto.o:(.zp.data)
      30      300        2     1                 reticX
      32      302        2     1                 reticY
      34      304        0     1 __zp_data_load_start = LOADADDR(.zp.data)
      34      304        0     1 __zp_data_size = SIZEOF(.zp.data)
      34       34       50     1 .zp.bss
      34       34        0     1         __zp_bss_start = .
      34       34       50     1         BachHero.lto.o:(.zp.bss)
      34       34        7     1                 kernelEventData
      3b       3b        1     1                 _col
      3c       3c        1     1                 _row
      3d       3d       40     1                 _spriteCtl
      7d       7d        2     1                 __putchar.s
      7f       7f        1     1                 score
      80       80        1     1                 GUITimer.1
      81       81        1     1                 midiTimer.1
      82       82        2     1                 songrefnote
      84       84        0     1 __zp_bss_size = SIZEOF(.zp.bss)
      84       84       58     1 .zp
      84       84       58     1         BachHero.lto.o:(.zp.noinit)
     304      304     19a2     1 .text
     304      304        0     1         _init = .
     304      304        0     1         _start = .
     304      304        8     1         D:\F256\llvm-mos\f256dev\llvm-mos\bin/../mos-platform/f256/lib\libcrt0.a(init-stack.S.obj):(.init.100)
     304      304        0     1                 __do_init_stack
     30c      30c        3     1         D:\F256\llvm-mos\f256dev\llvm-mos\bin/../mos-platform/f256/lib\libcrt0.a(zero-bss.c.obj):(.init.200)
     30c      30c        0     1                 __do_zero_bss
     30f      30f        3     1         D:\F256\llvm-mos\f256dev\llvm-mos\bin/../mos-platform/f256/lib\libcrt0.a(zero-zp-bss.c.obj):(.init.200)
     30f      30f        0     1                 __do_zero_zp_bss
     312      312        3     1         D:\F256\llvm-mos\f256dev\llvm-mos\bin/../mos-platform/f256/lib\libcrt0.a(copy-zp-data.c.obj):(.init.200)
     312      312        0     1                 __do_copy_zp_data
     315      315        3     1         D:\F256\llvm-mos\f256dev\llvm-mos\bin/../mos-platform/common/lib\crt0.o:(.call_main)
     318      318        3     1         D:\F256\llvm-mos\f256dev\llvm-mos\bin/../mos-platform/f256/lib\libcrt0.a(exit-custom.S.obj):(.after_main)
     318      318        0     1                 __after_main
     31b      31b        0     1         _fini = .
     31b      31b        1     1         D:\F256\llvm-mos\f256dev\llvm-mos\bin/../mos-platform/common/lib\crt0.o:(.fini_rts)
     31c      31c       13     1         D:\F256\llvm-mos\f256dev\llvm-mos\bin/../mos-platform/f256/lib\libcrt0.a(zero-bss.c.obj):(.text.__zero_bss)
     31c      31c       13     1                 __zero_bss
     32f      32f       13     1         D:\F256\llvm-mos\f256dev\llvm-mos\bin/../mos-platform/f256/lib\libcrt0.a(zero-zp-bss.c.obj):(.text.__zero_zp_bss)
     32f      32f       13     1                 __zero_zp_bss
     342      342       17     1         D:\F256\llvm-mos\f256dev\llvm-mos\bin/../mos-platform/f256/lib\libcrt0.a(copy-zp-data.c.obj):(.text.__copy_zp_data)
     342      342       17     1                 __copy_zp_data
     359      359      31b     1         BachHero.lto.o:(.text.f256Init)
     359      359      31b     1                 f256Init
     674      674       9a     1         BachHero.lto.o:(.text.textClear)
     674      674       9a     1                 textClear
     70e      70e        6     1         BachHero.lto.o:(.text.main)
     70e      70e        6     1                 main
     714      714      5ed     1         BachHero.lto.o:(.text.f256main)
     714      714      5ed     1                 f256main
     d01      d01      1ba     1         BachHero.lto.o:(.text.__putchar)
     d01      d01      1ba     1                 __putchar
     ebb      ebb        5     1         BachHero.lto.o:(.text.exit)
     ebb      ebb        5     1                 exit
     ec0      ec0       d1     1         BachHero.lto.o:(.text._ZN12_GLOBAL__N_13putEcP6Status)
     ec0      ec0       d1     1                 (anonymous namespace)::put(char, Status*)
     f91      f91      10d     1         BachHero.lto.o:(.text._ZN12_GLOBAL__N_112print_stringEPKcP6Status)
     f91      f91      10d     1                 (anonymous namespace)::print_string(char const*, Status*)
    109e     109e      bb0     1         BachHero.lto.o:(.text.printf)
    109e     109e      bb0     1                 printf
    1c4e     1c4e        c     1         BachHero.lto.o:(.text.putchar)
    1c4e     1c4e        c     1                 putchar
    1c5a     1c5a       2c     1         BachHero.lto.o:(.text.memcpy)
    1c5a     1c5a       2c     1                 memcpy
    1c86     1c86       20     1         BachHero.lto.o:(.text.__memset)
    1c86     1c86       20     1                 __memset
    1ca6     1ca6        0     1         __init_array_start = .
    1ca6     1ca6        0     1         __init_array_end = .
    1ca6     1ca6        0     1         __fini_array_start = .
    1ca6     1ca6        0     1         __fini_array_end = .
    1ca6     1ca6      2f3     1 .rodata
    1ca6     1ca6        1     1         D:\F256\llvm-mos\f256dev\llvm-mos\bin/../mos-platform/common/lib\libcrt.a(const.S.obj):(.rodata)
    1ca6     1ca6        0     1                 __set_v
    1ca7     1ca7        8     1         BachHero.lto.o:(.rodata.f256main)
    1caf     1caf       3a     1         BachHero.lto.o:(.rodata.printf)
    1ce9     1ce9       30     1         BachHero.lto.o:(.rodata.textColors)
    1ce9     1ce9       30     1                 textColors
    1d19     1d19       7b     1         BachHero.lto.o:(.rodata.KeyCodesToMIDINotes)
    1d19     1d19       7b     1                 KeyCodesToMIDINotes
    1d94     1d94       a0     1         BachHero.lto.o:(.rodata.NoteXPosition)
    1d94     1d94       a0     1                 NoteXPosition
    1e34     1e34       52     1         BachHero.lto.o:(.rodata.songNotes)
    1e34     1e34       52     1                 songNotes
    1e86     1e86      113     1         <internal>:(.rodata.str1.1)
    1f99     1f99        0     1 .data
    1f99     1f99        0     1         __data_start = .
    1f99     1f99        0     1         __data_end = .
    1f99     1f99        0     1 __data_load_start = LOADADDR(.data)
    1f99     1f99        0     1 __data_size = SIZEOF(.data)
    1f99     1f99        5     1 .bss
    1f99     1f99        0     1         __bss_start = .
    1f99     1f99        1     1         BachHero.lto.o:(.bss.kernelError)
    1f99     1f99        1     1                 kernelError
    1f9a     1f9a        4     1         BachHero.lto.o:(.bss._BITMAP_BASE.2)
    1f9a     1f9a        4     1                 _BITMAP_BASE.2
    1f9e     1f9e        0     1         __bss_end = .
    1f9e     1f9e        0     1 __bss_size = SIZEOF(.bss)
    1f9e     1f9e        0     1 .noinit
    1f9e     1f9e        0     1         __heap_start = ALIGN(., 2)
    1f9e     1f9e        0     1 end_block8 = .
    1f9e     1f9e        0     1 end_block9 = .
    1f9e     1f9e        0     1 end_block10 = .
    1f9e     1f9e        0     1 end_block11 = .
    1f9e     1f9e        0     1 end_block12 = .
    1f9e     1f9e        0     1 end_block13 = .
    1f9e     1f9e        0     1 end_block14 = .
    1f9e     1f9e        0     1 end_block15 = .
    1f9e     1f9e        0     1 end_block16 = .
    1f9e     1f9e        0     1 end_block17 = .
    1f9e     1f9e        0     1 end_block18 = .
    1f9e     1f9e        0     1 end_block19 = .
    1f9e     1f9e        0     1 end_block20 = .
    1f9e     1f9e        0     1 end_block21 = .
    1f9e     1f9e        0     1 end_block22 = .
    1f9e     1f9e        0     1 end_block23 = .
   10000    10000     8000    16 .xaa
   10000    10000     8000    16         BachHero.lto.o:(.xaa)
   10000    10000        0     1                 xaa_start
   18000    18000        0     1                 xaa_end
   18000    18000        0     1 end_xaa = .
   18000    18000     8000    16 .xab
   18000    18000     8000    16         BachHero.lto.o:(.xab)
   18000    18000        0     1                 xab_start
   20000    20000        0     1                 xab_end
   20000    20000        0     1 end_xab = .
   20000    20000     2c00    16 .xac
   20000    20000     2c00    16         BachHero.lto.o:(.xac)
   20000    20000        0     1                 xac_start
   22c00    22c00        0     1                 xac_end
   22c00    22c00        0     1 end_xac = .
   28000    28000      400    16 .palbach
   28000    28000      400    16         BachHero.lto.o:(.palbach)
   28000    28000        0     1                 palbach_start
   28400    28400        0     1                 palbach_end
   28400    28400        0     1 end_palbach = .
   30000    30000       40    16 .ntespr
   30000    30000       40    16         BachHero.lto.o:(.ntespr)
   30000    30000        0     1                 ntespr_start
   30040    30040        0     1                 ntespr_end
   30040    30040        0     1 end_ntespr = .
       0        0      138     1 .comment
       0        0      138     1         <internal>:(.comment)
       0        0      9d0     4 .symtab
       0        0      9d0     4         <internal>:(.symtab)
       0        0       7a     1 .shstrtab
       0        0       7a     1         <internal>:(.shstrtab)
       0        0      6d9     1 .strtab
       0        0      6d9     1         <internal>:(.strtab)
