     VMA      LMA     Size Align Out     In      Symbol
       0        0        0     1 PROVIDE(__stack = 0xA000)
       0        0        0     1 PROVIDE(__f256_start = 0x300)
       0        0        0     1 PROVIDE(__BLOCK_SIZE = 0x2000)
       0        0        0     1 PROVIDE(__SLOT_ADDR = 0xA000)
       0        0        0     1 __rc0 = 0x10
       0        0        0     1 __rc1 = __rc0 + 1
       0        0        0     1 PROVIDE(__rc2 = __rc1 + 1)
       0        0        0     1 __rc3 = __rc2 + 1
       0        0        0     1 PROVIDE(__rc4 = __rc3 + 1)
       0        0        0     1 __rc5 = __rc4 + 1
       0        0        0     1 PROVIDE(__rc6 = __rc5 + 1)
       0        0        0     1 __rc7 = __rc6 + 1
       0        0        0     1 PROVIDE(__rc8 = __rc7 + 1)
       0        0        0     1 __rc9 = __rc8 + 1
       0        0        0     1 PROVIDE(__rc10 = __rc9 + 1)
       0        0        0     1 __rc11 = __rc10 + 1
       0        0        0     1 PROVIDE(__rc12 = __rc11 + 1)
       0        0        0     1 __rc13 = __rc12 + 1
       0        0        0     1 PROVIDE(__rc14 = __rc13 + 1)
       0        0        0     1 __rc15 = __rc14 + 1
       0        0        0     1 PROVIDE(__rc16 = __rc15 + 1)
       0        0        0     1 __rc17 = __rc16 + 1
       0        0        0     1 PROVIDE(__rc18 = __rc17 + 1)
       0        0        0     1 __rc19 = __rc18 + 1
       0        0        0     1 PROVIDE(__rc20 = __rc19 + 1)
       0        0        0     1 __rc21 = __rc20 + 1
       0        0        0     1 PROVIDE(__rc22 = __rc21 + 1)
       0        0        0     1 __rc23 = __rc22 + 1
       0        0        0     1 PROVIDE(__rc24 = __rc23 + 1)
       0        0        0     1 __rc25 = __rc24 + 1
       0        0        0     1 PROVIDE(__rc26 = __rc25 + 1)
       0        0        0     1 __rc27 = __rc26 + 1
       0        0        0     1 PROVIDE(__rc28 = __rc27 + 1)
       0        0        0     1 __rc29 = __rc28 + 1
       0        0        0     1 PROVIDE(__rc30 = __rc29 + 1)
       0        0        0     1 __rc31 = __rc30 + 1
       0        0        0     1 
       0        0        0     1 
       0        0        0     1 __block8_lma = ( 8<<24)|__SLOT_ADDR
       0        0        0     1 __block9_lma = ( 9<<24)|__SLOT_ADDR
       0        0        0     1 __block10_lma = (10<<24)|__SLOT_ADDR
       0        0        0     1 __block11_lma = (11<<24)|__SLOT_ADDR
       0        0        0     1 __block12_lma = (12<<24)|__SLOT_ADDR
       0        0        0     1 __block13_lma = (13<<24)|__SLOT_ADDR
       0        0        0     1 __block14_lma = (14<<24)|__SLOT_ADDR
       0        0        0     1 __block15_lma = (15<<24)|__SLOT_ADDR
       0        0        0     1 __block16_lma = (16<<24)|__SLOT_ADDR
       0        0        0     1 __block17_lma = (17<<24)|__SLOT_ADDR
       0        0        0     1 __block18_lma = (18<<24)|__SLOT_ADDR
       0        0        0     1 __block19_lma = (19<<24)|__SLOT_ADDR
       0        0        0     1 __block20_lma = (20<<24)|__SLOT_ADDR
       0        0        0     1 __block21_lma = (21<<24)|__SLOT_ADDR
       0        0        0     1 __block22_lma = (22<<24)|__SLOT_ADDR
       0        0        0     1 __block23_lma = (23<<24)|__SLOT_ADDR
       0        0        0     1 __bmbach_lma = 0x10000
       0        0        0     1 __bmbach_size = 0x12c00
       0        0        0     1 __palbach_lma = 0x7800
       0        0        0     1 __palbach_size = 0x400
      30      300        2     1 .zp.data
      30      300        0     1         __zp_data_start = .
      30      300        2     1         BachHero.lto.o:(.zp.data)
      30      300        2     1                 note
      32      302        0     1 __zp_data_load_start = LOADADDR(.zp.data)
      32      302        0     1 __zp_data_size = SIZEOF(.zp.data)
      32       32        f     1 .zp.bss
      32       32        0     1         __zp_bss_start = .
      32       32        f     1         BachHero.lto.o:(.zp.bss)
      32       32        7     1                 kernelEventData
      39       39        1     1                 _col
      3a       3a        1     1                 _row
      3b       3b        2     1                 __putchar.s
      3d       3d        2     1                 oldnote
      3f       3f        1     1                 midiTimer.1
      40       40        1     1                 refTimer.1
      41       41        0     1 __zp_bss_size = SIZEOF(.zp.bss)
      41       41       5c     1 .zp
      41       41       5c     1         BachHero.lto.o:(.zp.noinit)
     302      302     1505     1 .text
     302      302        0     1         _init = .
     302      302        0     1         _start = .
     302      302        8     1         D:\F256\llvm-mos\f256dev\llvm-mos\bin/../mos-platform/f256/lib\libcrt0.a(init-stack.S.obj):(.init.100)
     302      302        0     1                 __do_init_stack
     30a      30a        3     1         D:\F256\llvm-mos\f256dev\llvm-mos\bin/../mos-platform/f256/lib\libcrt0.a(zero-bss.c.obj):(.init.200)
     30a      30a        0     1                 __do_zero_bss
     30d      30d        3     1         D:\F256\llvm-mos\f256dev\llvm-mos\bin/../mos-platform/f256/lib\libcrt0.a(zero-zp-bss.c.obj):(.init.200)
     30d      30d        0     1                 __do_zero_zp_bss
     310      310        3     1         D:\F256\llvm-mos\f256dev\llvm-mos\bin/../mos-platform/f256/lib\libcrt0.a(copy-zp-data.c.obj):(.init.200)
     310      310        0     1                 __do_copy_zp_data
     313      313        3     1         D:\F256\llvm-mos\f256dev\llvm-mos\bin/../mos-platform/common/lib\crt0.o:(.call_main)
     316      316        3     1         D:\F256\llvm-mos\f256dev\llvm-mos\bin/../mos-platform/f256/lib\libcrt0.a(exit-custom.S.obj):(.after_main)
     316      316        0     1                 __after_main
     319      319        0     1         _fini = .
     319      319        1     1         D:\F256\llvm-mos\f256dev\llvm-mos\bin/../mos-platform/common/lib\crt0.o:(.fini_rts)
     31a      31a       13     1         D:\F256\llvm-mos\f256dev\llvm-mos\bin/../mos-platform/f256/lib\libcrt0.a(zero-bss.c.obj):(.text.__zero_bss)
     31a      31a       13     1                 __zero_bss
     32d      32d       13     1         D:\F256\llvm-mos\f256dev\llvm-mos\bin/../mos-platform/f256/lib\libcrt0.a(zero-zp-bss.c.obj):(.text.__zero_zp_bss)
     32d      32d       13     1                 __zero_zp_bss
     340      340       17     1         D:\F256\llvm-mos\f256dev\llvm-mos\bin/../mos-platform/f256/lib\libcrt0.a(copy-zp-data.c.obj):(.text.__copy_zp_data)
     340      340       17     1                 __copy_zp_data
     357      357      2ea     1         BachHero.lto.o:(.text.f256Init)
     357      357      2ea     1                 f256Init
     641      641       9a     1         BachHero.lto.o:(.text.textClear)
     641      641       9a     1                 textClear
     6db      6db        6     1         BachHero.lto.o:(.text.main)
     6db      6db        6     1                 main
     6e1      6e1      18a     1         BachHero.lto.o:(.text.f256main)
     6e1      6e1      18a     1                 f256main
     86b      86b      1ba     1         BachHero.lto.o:(.text.__putchar)
     86b      86b      1ba     1                 __putchar
     a25      a25        5     1         BachHero.lto.o:(.text.exit)
     a25      a25        5     1                 exit
     a2a      a2a       d1     1         BachHero.lto.o:(.text._ZN12_GLOBAL__N_13putEcP6Status)
     a2a      a2a       d1     1                 (anonymous namespace)::put(char, Status*)
     afb      afb      10d     1         BachHero.lto.o:(.text._ZN12_GLOBAL__N_112print_stringEPKcP6Status)
     afb      afb      10d     1                 (anonymous namespace)::print_string(char const*, Status*)
     c08      c08      bb3     1         BachHero.lto.o:(.text.printf)
     c08      c08      bb3     1                 printf
    17bb     17bb       2c     1         BachHero.lto.o:(.text.memcpy)
    17bb     17bb       2c     1                 memcpy
    17e7     17e7       20     1         BachHero.lto.o:(.text.__memset)
    17e7     17e7       20     1                 __memset
    1807     1807        0     1         __init_array_start = .
    1807     1807        0     1         __init_array_end = .
    1807     1807        0     1         __fini_array_start = .
    1807     1807        0     1         __fini_array_end = .
    1807     1807       6f     1 .rodata
    1807     1807        1     1         D:\F256\llvm-mos\f256dev\llvm-mos\bin/../mos-platform/common/lib\libcrt.a(const.S.obj):(.rodata)
    1807     1807        0     1                 __set_v
    1808     1808       3a     1         BachHero.lto.o:(.rodata.printf)
    1842     1842       30     1         BachHero.lto.o:(.rodata.textColors)
    1842     1842       30     1                 textColors
    1872     1872        4     1         <internal>:(.rodata.str1.1)
    1876     1876        0     1 .data
    1876     1876        0     1         __data_start = .
    1876     1876        0     1         __data_end = .
    1876     1876        0     1 __data_load_start = LOADADDR(.data)
    1876     1876        0     1 __data_size = SIZEOF(.data)
    1876     1876        1     1 .bss
    1876     1876        0     1         __bss_start = .
    1876     1876        1     1         BachHero.lto.o:(.bss.kernelError)
    1876     1876        1     1                 kernelError
    1877     1877        0     1         __bss_end = .
    1877     1877        0     1 __bss_size = SIZEOF(.bss)
    1877     1877        0     1 .noinit
    1877     1877        0     1         __heap_start = ALIGN(., 2)
    1877     1877        0     1 end_block8 = .
    1877     1877        0     1 end_block9 = .
    1877     1877        0     1 end_block10 = .
    1877     1877        0     1 end_block11 = .
    1877     1877        0     1 end_block12 = .
    1877     1877        0     1 end_block13 = .
    1877     1877        0     1 end_block14 = .
    1877     1877        0     1 end_block15 = .
    1877     1877        0     1 end_block16 = .
    1877     1877        0     1 end_block17 = .
    1877     1877        0     1 end_block18 = .
    1877     1877        0     1 end_block19 = .
    1877     1877        0     1 end_block20 = .
    1877     1877        0     1 end_block21 = .
    1877     1877        0     1 end_block22 = .
    1877     1877        0     1 end_block23 = .
   10000    10000    12c00    16 .bmbach
   10000    10000    12c00    16         BachHero.lto.o:(.bmbach)
   10000    10000        0     1                 bmbach_start
   22c00    22c00        0     1                 bmbach_end
   22c00    22c00        0     1 end_bmbach = .
    7800     7800      400    16 .palbach
    7800     7800      400    16         BachHero.lto.o:(.palbach)
    7800     7800        0     1                 palbach_start
    7c00     7c00        0     1                 palbach_end
    7c00     7c00        0     1 end_palbach = .
       0        0      138     1 .comment
       0        0      138     1         <internal>:(.comment)
       0        0      860     4 .symtab
       0        0      860     4         <internal>:(.symtab)
       0        0       6b     1 .shstrtab
       0        0       6b     1         <internal>:(.shstrtab)
       0        0      5eb     1 .strtab
       0        0      5eb     1         <internal>:(.strtab)
