     VMA      LMA     Size Align Out     In      Symbol
       0        0        0     1 PROVIDE(__stack = 0xC000)
       0        0        0     1 PROVIDE(__f256_start = 0x300)
       0        0        0     1 PROVIDE(__BLOCK_SIZE = 0x2000)
       0        0        0     1 PROVIDE(__SLOT_ADDR = 0xC000)
       0        0        0     1 __rc0 = 0x10
       0        0        0     1 __rc1 = __rc0 + 1
       0        0        0     1 PROVIDE(__rc2 = __rc1 + 1)
       0        0        0     1 __rc3 = __rc2 + 1
       0        0        0     1 PROVIDE(__rc4 = __rc3 + 1)
       0        0        0     1 __rc5 = __rc4 + 1
       0        0        0     1 PROVIDE(__rc6 = __rc5 + 1)
       0        0        0     1 __rc7 = __rc6 + 1
       0        0        0     1 PROVIDE(__rc8 = __rc7 + 1)
       0        0        0     1 __rc9 = __rc8 + 1
       0        0        0     1 PROVIDE(__rc10 = __rc9 + 1)
       0        0        0     1 __rc11 = __rc10 + 1
       0        0        0     1 PROVIDE(__rc12 = __rc11 + 1)
       0        0        0     1 __rc13 = __rc12 + 1
       0        0        0     1 PROVIDE(__rc14 = __rc13 + 1)
       0        0        0     1 __rc15 = __rc14 + 1
       0        0        0     1 PROVIDE(__rc16 = __rc15 + 1)
       0        0        0     1 __rc17 = __rc16 + 1
       0        0        0     1 PROVIDE(__rc18 = __rc17 + 1)
       0        0        0     1 __rc19 = __rc18 + 1
       0        0        0     1 PROVIDE(__rc20 = __rc19 + 1)
       0        0        0     1 __rc21 = __rc20 + 1
       0        0        0     1 PROVIDE(__rc22 = __rc21 + 1)
       0        0        0     1 __rc23 = __rc22 + 1
       0        0        0     1 PROVIDE(__rc24 = __rc23 + 1)
       0        0        0     1 __rc25 = __rc24 + 1
       0        0        0     1 PROVIDE(__rc26 = __rc25 + 1)
       0        0        0     1 __rc27 = __rc26 + 1
       0        0        0     1 PROVIDE(__rc28 = __rc27 + 1)
       0        0        0     1 __rc29 = __rc28 + 1
       0        0        0     1 PROVIDE(__rc30 = __rc29 + 1)
       0        0        0     1 __rc31 = __rc30 + 1
       0        0        0     1 
       0        0        0     1 
       0        0        0     1 __block8_lma = ( 8<<24)|__SLOT_ADDR
       0        0        0     1 __block9_lma = ( 9<<24)|__SLOT_ADDR
       0        0        0     1 __block10_lma = (10<<24)|__SLOT_ADDR
       0        0        0     1 __block11_lma = (11<<24)|__SLOT_ADDR
       0        0        0     1 __block12_lma = (12<<24)|__SLOT_ADDR
       0        0        0     1 __block13_lma = (13<<24)|__SLOT_ADDR
       0        0        0     1 __block14_lma = (14<<24)|__SLOT_ADDR
       0        0        0     1 __block15_lma = (15<<24)|__SLOT_ADDR
       0        0        0     1 __block16_lma = (16<<24)|__SLOT_ADDR
       0        0        0     1 __block17_lma = (17<<24)|__SLOT_ADDR
       0        0        0     1 __block18_lma = (18<<24)|__SLOT_ADDR
       0        0        0     1 __block19_lma = (19<<24)|__SLOT_ADDR
       0        0        0     1 __block20_lma = (20<<24)|__SLOT_ADDR
       0        0        0     1 __block21_lma = (21<<24)|__SLOT_ADDR
       0        0        0     1 __block22_lma = (22<<24)|__SLOT_ADDR
       0        0        0     1 __block23_lma = (23<<24)|__SLOT_ADDR
       0        0        0     1 __palback_lma = 0x10000
       0        0        0     1 __palback_size = 0x400
       0        0        0     1 __carF_lma = 0x10400
       0        0        0     1 __carF_size = 0x800
       0        0        0     1 __carM_lma = 0x10c00
       0        0        0     1 __carM_size = 0x800
       0        0        0     1 __carB_lma = 0x11400
       0        0        0     1 __carB_size = 0x800
       0        0        0     1 __yellow_lma = 0x11c00
       0        0        0     1 __yellow_size = 0x1400
       0        0        0     1 __backbmp_lma = 0x20000
       0        0        0     1 __backbmp_size = 0x12c00
       0        0        0     1 __midifile_lma = 0x38000
       0        0        0     1 __midifile_size = 0xd187
      30      300        5     1 .zp.data
      30      300        0     1         __zp_data_start = .
      30      300        5     1         FusionDrive.lto.o:(.zp.data)
      35      305        0     1 __zp_data_load_start = LOADADDR(.zp.data)
      35      305        0     1 __zp_data_size = SIZEOF(.zp.data)
      35       35       34     1 .zp.bss
      35       35        0     1         __zp_bss_start = .
      35       35       34     1         FusionDrive.lto.o:(.zp.bss)
      35       35        1     1                 _col
      36       36        1     1                 _row
      37       37        4     1                 _BITMAP_BASE.2
      3b       3b        1     1                 _active
      3c       3c        2     1                 __putchar.s
      3e       3e        2     1                 trackcount
      40       40        4     1                 tick
      44       44        2     1                 theBigList.1
      46       46        2     1                 theBigList.2
      48       48        2     1                 parsers
      4a       4a        1     1                 carTimer.1
      4b       4b        1     1                 car_yel_L.0
      4c       4c        2     1                 car_yel_L.1
      4e       4e        2     1                 car_yel_L.2
      50       50        2     1                 car_yel_L.3
      52       52        1     1                 car_yel_L.4
      53       53        1     1                 car_yel_L.7
      54       54        2     1                 car_back_L.1
      56       56        1     1                 car_back_L.2
      57       57        1     1                 car_back_L.8
      58       58        1     1                 car_back_L.9
      59       59        1     1                 laneTimer.1
      5a       5a        1     1                 laneTimer.2
      5b       5b        1     1                 carForceTimer.1
      5c       5c        1     1                 carForceTimer.2
      5d       5d        7     1                 kernelEventData
      64       64        1     1                 (anonymous namespace)::initialized
      65       65        2     1                 (anonymous namespace)::free_size
      67       67        2     1                 (anonymous namespace)::free_list
      69       69        0     1 __zp_bss_size = SIZEOF(.zp.bss)
      69       69       67     1 .zp
      69       69       67     1         FusionDrive.lto.o:(.zp.noinit)
     306      306     4657     2 .text
     306      306        0     1         _init = .
     306      306        0     1         _start = .
     306      306        8     1         D:\F256\llvm-mos\f256dev\llvm-mos\bin/../mos-platform/f256/lib\libcrt0.a(init-stack.S.obj):(.init.100)
     306      306        0     1                 __do_init_stack
     30e      30e        3     1         D:\F256\llvm-mos\f256dev\llvm-mos\bin/../mos-platform/f256/lib\libcrt0.a(zero-bss.c.obj):(.init.200)
     30e      30e        0     1                 __do_zero_bss
     311      311        3     1         D:\F256\llvm-mos\f256dev\llvm-mos\bin/../mos-platform/f256/lib\libcrt0.a(zero-zp-bss.c.obj):(.init.200)
     311      311        0     1                 __do_zero_zp_bss
     314      314        3     1         D:\F256\llvm-mos\f256dev\llvm-mos\bin/../mos-platform/f256/lib\libcrt0.a(copy-zp-data.c.obj):(.init.200)
     314      314        0     1                 __do_copy_zp_data
     317      317        3     1         D:\F256\llvm-mos\f256dev\llvm-mos\bin/../mos-platform/common/lib\crt0.o:(.call_main)
     31a      31a        3     1         D:\F256\llvm-mos\f256dev\llvm-mos\bin/../mos-platform/f256/lib\libcrt0.a(exit-custom.S.obj):(.after_main)
     31a      31a        0     1                 __after_main
     31d      31d        0     1         _fini = .
     31d      31d        1     1         D:\F256\llvm-mos\f256dev\llvm-mos\bin/../mos-platform/common/lib\crt0.o:(.fini_rts)
     31e      31e      135     2         FusionDrive.lto.o:(.text._ZN12_GLOBAL__N_19FreeChunk6insertEPvj)
     31e      31e      135     1                 (anonymous namespace)::FreeChunk::insert(void*, unsigned int)
     453      453       13     1         D:\F256\llvm-mos\f256dev\llvm-mos\bin/../mos-platform/f256/lib\libcrt0.a(zero-bss.c.obj):(.text.__zero_bss)
     453      453       13     1                 __zero_bss
     466      466       13     1         D:\F256\llvm-mos\f256dev\llvm-mos\bin/../mos-platform/f256/lib\libcrt0.a(zero-zp-bss.c.obj):(.text.__zero_zp_bss)
     466      466       13     1                 __zero_zp_bss
     479      479       17     1         D:\F256\llvm-mos\f256dev\llvm-mos\bin/../mos-platform/f256/lib\libcrt0.a(copy-zp-data.c.obj):(.text.__copy_zp_data)
     479      479       17     1                 __copy_zp_data
     490      490      3b6     1         FusionDrive.lto.o:(.text.f256Init)
     490      490      3b6     1                 f256Init
     846      846        6     1         FusionDrive.lto.o:(.text.main)
     846      846        6     1                 main
     84c      84c     109f     1         FusionDrive.lto.o:(.text.f256main)
     84c      84c     109f     1                 f256main
    18eb     18eb     1121     1         FusionDrive.lto.o:(.text.parse)
    18eb     18eb     1121     1                 parse
    2a0c     2a0c      119     1         FusionDrive.lto.o:(.text.adjustOffsets)
    2a0c     2a0c      119     1                 adjustOffsets
    2b25     2b25      80e     1         FusionDrive.lto.o:(.text.updateCarPos)
    2b25     2b25      80e     1                 updateCarPos
    3333     3333        5     1         FusionDrive.lto.o:(.text.exit)
    3333     3333        5     1                 exit
    3338     3338       d3     1         FusionDrive.lto.o:(.text._ZN12_GLOBAL__N_13putEcP6Status)
    3338     3338       d3     1                 (anonymous namespace)::put(char, Status*)
    340b     340b      10c     1         FusionDrive.lto.o:(.text._ZN12_GLOBAL__N_112print_stringEPKcP6Status)
    340b     340b      10c     1                 (anonymous namespace)::print_string(char const*, Status*)
    3517     3517      bd9     1         FusionDrive.lto.o:(.text.printf)
    3517     3517      bd9     1                 printf
    40f0     40f0      1c2     1         FusionDrive.lto.o:(.text.putchar)
    40f0     40f0      1c2     1                 putchar
    42b2     42b2      2ac     1         FusionDrive.lto.o:(.text.malloc)
    42b2     42b2      2ac     1                 malloc
    455e     455e       2c     1         FusionDrive.lto.o:(.text.memcpy)
    455e     455e       2c     1                 memcpy
    458a     458a       20     1         FusionDrive.lto.o:(.text.__memset)
    458a     458a       20     1                 __memset
    45aa     45aa       70     1         FusionDrive.lto.o:(.text.__mulsi3)
    45aa     45aa       70     1                 __mulsi3
    461a     461a       5c     1         FusionDrive.lto.o:(.text.__udivqi3)
    461a     461a       5c     1                 __udivqi3
    4676     4676       c0     1         FusionDrive.lto.o:(.text.__udivhi3)
    4676     4676       c0     1                 __udivhi3
    4736     4736      16f     1         FusionDrive.lto.o:(.text.__udivsi3)
    4736     4736      16f     1                 __udivsi3
    48a5     48a5       45     1         FusionDrive.lto.o:(.text.__divqi3)
    48a5     48a5       45     1                 __divqi3
    48ea     48ea       73     1         FusionDrive.lto.o:(.text.__divhi3)
    48ea     48ea       73     1                 __divhi3
    495d     495d        0     1         __init_array_start = .
    495d     495d        0     1         __init_array_end = .
    495d     495d        0     1         __fini_array_start = .
    495d     495d        0     1         __fini_array_end = .
    495d     495d      106     1 .rodata
    495d     495d        1     1         D:\F256\llvm-mos\f256dev\llvm-mos\bin/../mos-platform/common/lib\libcrt.a(const.S.obj):(.rodata)
    495d     495d        0     1                 __set_v
    495e     495e       22     1         FusionDrive.lto.o:(.rodata.parse)
    4980     4980        8     1         FusionDrive.lto.o:(.rodata.updateCarPos)
    4988     4988       3a     1         FusionDrive.lto.o:(.rodata.printf)
    49c2     49c2       30     1         FusionDrive.lto.o:(.rodata.textColors)
    49c2     49c2       30     1                 textColors
    49f2     49f2       39     1         <internal>:(.rodata.str1.1)
    4a2b     4a2b       38     1         FusionDrive.lto.o:(.rodata.plugin)
    4a2b     4a2b       38     1                 plugin
    4a63     4a63        0     1 .data
    4a63     4a63        0     1         __data_start = .
    4a63     4a63        0     1         __data_end = .
    4a63     4a63        0     1 __data_load_start = LOADADDR(.data)
    4a63     4a63        0     1 __data_size = SIZEOF(.data)
    4a63     4a63       44     1 .bss
    4a63     4a63        0     1         __bss_start = .
    4a63     4a63        3     1         FusionDrive.lto.o:(.bss._BITMAP_CLUT)
    4a63     4a63        3     1                 _BITMAP_CLUT
    4a66     4a66       40     1         FusionDrive.lto.o:(.bss._spriteCtl)
    4a66     4a66       40     1                 _spriteCtl
    4aa6     4aa6        1     1         FusionDrive.lto.o:(.bss.kernelError)
    4aa6     4aa6        1     1                 kernelError
    4aa7     4aa7        0     1         __bss_end = .
    4aa7     4aa7        0     1 __bss_size = SIZEOF(.bss)
    4aa7     4aa7        0     1 .noinit
    4aa7     4aa7        0     1         __heap_start = ALIGN(., 2)
    4aa7     4aa7        0     1 end_block8 = .
    4aa7     4aa7        0     1 end_block9 = .
    4aa7     4aa7        0     1 end_block10 = .
    4aa7     4aa7        0     1 end_block11 = .
    4aa7     4aa7        0     1 end_block12 = .
    4aa7     4aa7        0     1 end_block13 = .
    4aa7     4aa7        0     1 end_block14 = .
    4aa7     4aa7        0     1 end_block15 = .
    4aa7     4aa7        0     1 end_block16 = .
    4aa7     4aa7        0     1 end_block17 = .
    4aa7     4aa7        0     1 end_block18 = .
    4aa7     4aa7        0     1 end_block19 = .
    4aa7     4aa7        0     1 end_block20 = .
    4aa7     4aa7        0     1 end_block21 = .
    4aa7     4aa7        0     1 end_block22 = .
    4aa7     4aa7        0     1 end_block23 = .
   10000    10000      400    16 .palback
   10000    10000      400    16         FusionDrive.lto.o:(.palback)
   10000    10000        0     1                 palback_start
   10400    10400        0     1                 palback_end
   10400    10400        0     1 end_palback = .
   10400    10400      800    16 .carF
   10400    10400      800    16         FusionDrive.lto.o:(.carF)
   10400    10400        0     1                 carF_start
   10c00    10c00        0     1                 carF_end
   10c00    10c00        0     1 end_carF = .
   10c00    10c00      800    16 .carM
   10c00    10c00      800    16         FusionDrive.lto.o:(.carM)
   10c00    10c00        0     1                 carM_start
   11400    11400        0     1                 carM_end
   11400    11400        0     1 end_carM = .
   11400    11400      800    16 .carB
   11400    11400      800    16         FusionDrive.lto.o:(.carB)
   11400    11400        0     1                 carB_start
   11c00    11c00        0     1                 carB_end
   11c00    11c00        0     1 end_carB = .
   11c00    11c00     1400    16 .yellow
   11c00    11c00     1400    16         FusionDrive.lto.o:(.yellow)
   11c00    11c00        0     1                 yellow_start
   13000    13000        0     1                 yellow_end
   13000    13000        0     1 end_yellow = .
   20000    20000    12c00    16 .backbmp
   20000    20000    12c00    16         FusionDrive.lto.o:(.backbmp)
   20000    20000        0     1                 backbmp_start
   32c00    32c00        0     1                 backbmp_end
   32c00    32c00        0     1 end_backbmp = .
   38000    38000     d187    16 .midifile
   38000    38000     d187    16         FusionDrive.lto.o:(.midifile)
   38000    38000        0     1                 midifile_start
   45187    45187        0     1                 midifile_end
   45187    45187        0     1 end_midifile = .
       0        0      138     1 .comment
       0        0      138     1         <internal>:(.comment)
       0        0      c10     4 .symtab
       0        0      c10     4         <internal>:(.symtab)
       0        0       90     1 .shstrtab
       0        0       90     1         <internal>:(.shstrtab)
       0        0      8eb     1 .strtab
       0        0      8eb     1         <internal>:(.strtab)
