     VMA      LMA     Size Align Out     In      Symbol
       0        0        0     1 PROVIDE(__stack = 0xA000)
       0        0        0     1 PROVIDE(__f256_start = 0x300)
       0        0        0     1 PROVIDE(__BLOCK_SIZE = 0x2000)
       0        0        0     1 PROVIDE(__SLOT_ADDR = 0xA000)
       0        0        0     1 __rc0 = 0x10
       0        0        0     1 __rc1 = __rc0 + 1
       0        0        0     1 PROVIDE(__rc2 = __rc1 + 1)
       0        0        0     1 __rc3 = __rc2 + 1
       0        0        0     1 PROVIDE(__rc4 = __rc3 + 1)
       0        0        0     1 __rc5 = __rc4 + 1
       0        0        0     1 PROVIDE(__rc6 = __rc5 + 1)
       0        0        0     1 __rc7 = __rc6 + 1
       0        0        0     1 PROVIDE(__rc8 = __rc7 + 1)
       0        0        0     1 __rc9 = __rc8 + 1
       0        0        0     1 PROVIDE(__rc10 = __rc9 + 1)
       0        0        0     1 __rc11 = __rc10 + 1
       0        0        0     1 PROVIDE(__rc12 = __rc11 + 1)
       0        0        0     1 __rc13 = __rc12 + 1
       0        0        0     1 PROVIDE(__rc14 = __rc13 + 1)
       0        0        0     1 __rc15 = __rc14 + 1
       0        0        0     1 PROVIDE(__rc16 = __rc15 + 1)
       0        0        0     1 __rc17 = __rc16 + 1
       0        0        0     1 PROVIDE(__rc18 = __rc17 + 1)
       0        0        0     1 __rc19 = __rc18 + 1
       0        0        0     1 PROVIDE(__rc20 = __rc19 + 1)
       0        0        0     1 __rc21 = __rc20 + 1
       0        0        0     1 PROVIDE(__rc22 = __rc21 + 1)
       0        0        0     1 __rc23 = __rc22 + 1
       0        0        0     1 PROVIDE(__rc24 = __rc23 + 1)
       0        0        0     1 __rc25 = __rc24 + 1
       0        0        0     1 PROVIDE(__rc26 = __rc25 + 1)
       0        0        0     1 __rc27 = __rc26 + 1
       0        0        0     1 PROVIDE(__rc28 = __rc27 + 1)
       0        0        0     1 __rc29 = __rc28 + 1
       0        0        0     1 PROVIDE(__rc30 = __rc29 + 1)
       0        0        0     1 __rc31 = __rc30 + 1
       0        0        0     1 
       0        0        0     1 
       0        0        0     1 __block8_lma = ( 8<<24)|__SLOT_ADDR
       0        0        0     1 __block9_lma = ( 9<<24)|__SLOT_ADDR
       0        0        0     1 __block10_lma = (10<<24)|__SLOT_ADDR
       0        0        0     1 __block11_lma = (11<<24)|__SLOT_ADDR
       0        0        0     1 __block12_lma = (12<<24)|__SLOT_ADDR
       0        0        0     1 __block13_lma = (13<<24)|__SLOT_ADDR
       0        0        0     1 __block14_lma = (14<<24)|__SLOT_ADDR
       0        0        0     1 __block15_lma = (15<<24)|__SLOT_ADDR
       0        0        0     1 __block16_lma = (16<<24)|__SLOT_ADDR
       0        0        0     1 __block17_lma = (17<<24)|__SLOT_ADDR
       0        0        0     1 __block18_lma = (18<<24)|__SLOT_ADDR
       0        0        0     1 __block19_lma = (19<<24)|__SLOT_ADDR
       0        0        0     1 __block20_lma = (20<<24)|__SLOT_ADDR
       0        0        0     1 __block21_lma = (21<<24)|__SLOT_ADDR
       0        0        0     1 __block22_lma = (22<<24)|__SLOT_ADDR
       0        0        0     1 __block23_lma = (23<<24)|__SLOT_ADDR
       0        0        0     1 __palback_lma = 0x10000
       0        0        0     1 __palback_size = 0x400
       0        0        0     1 __carF_lma = 0x10400
       0        0        0     1 __carF_size = 0x800
       0        0        0     1 __carM_lma = 0x10c00
       0        0        0     1 __carM_size = 0x800
       0        0        0     1 __carB_lma = 0x11400
       0        0        0     1 __carB_size = 0x800
       0        0        0     1 __yellow_lma = 0x11c00
       0        0        0     1 __yellow_size = 0x1400
       0        0        0     1 __backbmp_lma = 0x20000
       0        0        0     1 __backbmp_size = 0x12c00
      30      300       30     1 .zp.data
      30      300        0     1         __zp_data_start = .
      30      300       30     1         FusionDrive.lto.o:(.zp.data)
      30      300       30     1                 textColors
      60      330        0     1 __zp_data_load_start = LOADADDR(.zp.data)
      60      330        0     1 __zp_data_size = SIZEOF(.zp.data)
      60       60       30     1 .zp.bss
      60       60        0     1         __zp_bss_start = .
      60       60       30     1         FusionDrive.lto.o:(.zp.bss)
      60       60        1     1                 _col
      61       61        1     1                 _row
      62       62        4     1                 _BITMAP_BASE.2
      66       66        1     1                 _active
      67       67        3     1                 _BITMAP_CLUT
      6a       6a        2     1                 __putchar.s
      6c       6c        1     1                 carTimer.1
      6d       6d        1     1                 laneTimer.1
      6e       6e        1     1                 carForceTimer.1
      6f       6f        2     1                 theOne.0
      71       71        2     1                 theOne.1
      73       73        4     1                 theOne.2
      77       77        1     1                 theOne.4
      78       78        4     1                 theOne.5
      7c       7c        2     1                 theOne.6
      7e       7e        2     1                 theOne.7
      80       80        2     1                 theOne.8
      82       82        1     1                 kernelError
      83       83        7     1                 kernelEventData
      8a       8a        1     1                 (anonymous namespace)::initialized
      8b       8b        1     1                 (anonymous namespace)::last_free
      8c       8c        2     1                 (anonymous namespace)::free_size
      8e       8e        2     1                 (anonymous namespace)::free_list
      90       90        0     1 __zp_bss_size = SIZEOF(.zp.bss)
      90       90       5d     1 .zp
      90       90       5d     1         FusionDrive.lto.o:(.zp.noinit)
     330      330     4125     2 .text
     330      330        0     1         _init = .
     330      330        0     1         _start = .
     330      330        8     1         D:\F256\llvm-mos\f256dev\llvm-mos\bin/../mos-platform/f256/lib\libcrt0.a(init-stack.S.obj):(.init.100)
     330      330        0     1                 __do_init_stack
     338      338        3     1         D:\F256\llvm-mos\f256dev\llvm-mos\bin/../mos-platform/f256/lib\libcrt0.a(zero-bss.c.obj):(.init.200)
     338      338        0     1                 __do_zero_bss
     33b      33b        3     1         D:\F256\llvm-mos\f256dev\llvm-mos\bin/../mos-platform/f256/lib\libcrt0.a(zero-zp-bss.c.obj):(.init.200)
     33b      33b        0     1                 __do_zero_zp_bss
     33e      33e        3     1         D:\F256\llvm-mos\f256dev\llvm-mos\bin/../mos-platform/f256/lib\libcrt0.a(copy-zp-data.c.obj):(.init.200)
     33e      33e        0     1                 __do_copy_zp_data
     341      341        3     1         D:\F256\llvm-mos\f256dev\llvm-mos\bin/../mos-platform/common/lib\crt0.o:(.call_main)
     344      344        3     1         D:\F256\llvm-mos\f256dev\llvm-mos\bin/../mos-platform/f256/lib\libcrt0.a(exit-custom.S.obj):(.after_main)
     344      344        0     1                 __after_main
     347      347        0     1         _fini = .
     347      347        1     1         D:\F256\llvm-mos\f256dev\llvm-mos\bin/../mos-platform/common/lib\crt0.o:(.fini_rts)
     348      348      14b     2         FusionDrive.lto.o:(.text._ZN12_GLOBAL__N_19FreeChunk6insertEPvj)
     348      348      14b     1                 (anonymous namespace)::FreeChunk::insert(void*, unsigned int)
     494      494       e8     2         FusionDrive.lto.o:(.text._ZN12_GLOBAL__N_19FreeChunk6removeEv)
     494      494       e8     1                 (anonymous namespace)::FreeChunk::remove()
     57c      57c       13     1         D:\F256\llvm-mos\f256dev\llvm-mos\bin/../mos-platform/f256/lib\libcrt0.a(zero-bss.c.obj):(.text.__zero_bss)
     57c      57c       13     1                 __zero_bss
     58f      58f       13     1         D:\F256\llvm-mos\f256dev\llvm-mos\bin/../mos-platform/f256/lib\libcrt0.a(zero-zp-bss.c.obj):(.text.__zero_zp_bss)
     58f      58f       13     1                 __zero_zp_bss
     5a2      5a2       17     1         D:\F256\llvm-mos\f256dev\llvm-mos\bin/../mos-platform/f256/lib\libcrt0.a(copy-zp-data.c.obj):(.text.__copy_zp_data)
     5a2      5a2       17     1                 __copy_zp_data
     5b9      5b9      41a     1         FusionDrive.lto.o:(.text.f256Init)
     5b9      5b9      41a     1                 f256Init
     9d3      9d3        6     1         FusionDrive.lto.o:(.text.main)
     9d3      9d3        6     1                 main
     9d9      9d9     158b     1         FusionDrive.lto.o:(.text.f256main)
     9d9      9d9     158b     1                 f256main
    1f64     1f64      4c1     1         FusionDrive.lto.o:(.text.readDelta)
    1f64     1f64      4c1     1                 readDelta
    2425     2425      5c5     1         FusionDrive.lto.o:(.text.readMIDICmd)
    2425     2425      5c5     1                 readMIDICmd
    29ea     29ea      216     1         FusionDrive.lto.o:(.text.skipWhenFFCmd)
    29ea     29ea      216     1                 skipWhenFFCmd
    2c00     2c00      307     1         FusionDrive.lto.o:(.text.exhaustZeroes)
    2c00     2c00      307     1                 exhaustZeroes
    2f07     2f07        5     1         FusionDrive.lto.o:(.text.exit)
    2f07     2f07        5     1                 exit
    2f0c     2f0c       d7     1         FusionDrive.lto.o:(.text._ZN12_GLOBAL__N_13putEcP6Status)
    2f0c     2f0c       d7     1                 (anonymous namespace)::put(char, Status*)
    2fe3     2fe3      10f     1         FusionDrive.lto.o:(.text._ZN12_GLOBAL__N_112print_stringEPKcP6Status)
    2fe3     2fe3      10f     1                 (anonymous namespace)::print_string(char const*, Status*)
    30f2     30f2      d31     1         FusionDrive.lto.o:(.text.printf)
    30f2     30f2      d31     1                 printf
    3e23     3e23      203     1         FusionDrive.lto.o:(.text.putchar)
    3e23     3e23      203     1                 putchar
    4026     4026      1e2     1         FusionDrive.lto.o:(.text.malloc)
    4026     4026      1e2     1                 malloc
    4208     4208       2c     1         FusionDrive.lto.o:(.text.memcpy)
    4208     4208       2c     1                 memcpy
    4234     4234       20     1         FusionDrive.lto.o:(.text.__memset)
    4234     4234       20     1                 __memset
    4254     4254      15f     1         FusionDrive.lto.o:(.text.__udivsi3)
    4254     4254      15f     1                 __udivsi3
    43b3     43b3       32     1         FusionDrive.lto.o:(.text.__mulhi3)
    43b3     43b3       32     1                 __mulhi3
    43e5     43e5       70     1         FusionDrive.lto.o:(.text.__mulsi3)
    43e5     43e5       70     1                 __mulsi3
    4455     4455        0     1         __init_array_start = .
    4455     4455        0     1         __init_array_end = .
    4455     4455        0     1         __fini_array_start = .
    4455     4455        0     1         __fini_array_end = .
    4455     4455      116     1 .rodata
    4455     4455       b4     1         FusionDrive.lto.o:(.rodata.skipWhenFFCmd)
    4509     4509       3a     1         FusionDrive.lto.o:(.rodata.printf)
    4543     4543       28     1         <internal>:(.rodata.str1.1)
    456b     456b        0     1 .data
    456b     456b        0     1         __data_start = .
    456b     456b        0     1         __data_end = .
    456b     456b        0     1 __data_load_start = LOADADDR(.data)
    456b     456b        0     1 __data_size = SIZEOF(.data)
    456b     456b       40     1 .bss
    456b     456b        0     1         __bss_start = .
    456b     456b       40     1         FusionDrive.lto.o:(.bss._spriteCtl)
    456b     456b       40     1                 _spriteCtl
    45ab     45ab        0     1         __bss_end = .
    45ab     45ab        0     1 __bss_size = SIZEOF(.bss)
    45ab     45ab        0     1 .noinit
    45ab     45ab        0     1         __heap_start = ALIGN(., 2)
    45ab     45ab        0     1 end_block8 = .
    45ab     45ab        0     1 end_block9 = .
    45ab     45ab        0     1 end_block10 = .
    45ab     45ab        0     1 end_block11 = .
    45ab     45ab        0     1 end_block12 = .
    45ab     45ab        0     1 end_block13 = .
    45ab     45ab        0     1 end_block14 = .
    45ab     45ab        0     1 end_block15 = .
    45ab     45ab        0     1 end_block16 = .
    45ab     45ab        0     1 end_block17 = .
    45ab     45ab        0     1 end_block18 = .
    45ab     45ab        0     1 end_block19 = .
    45ab     45ab        0     1 end_block20 = .
    45ab     45ab        0     1 end_block21 = .
    45ab     45ab        0     1 end_block22 = .
    45ab     45ab        0     1 end_block23 = .
   10000    10000      400    16 .palback
   10000    10000      400    16         FusionDrive.lto.o:(.palback)
   10000    10000        0     1                 palback_start
   10400    10400        0     1                 palback_end
   10400    10400        0     1 end_palback = .
   10400    10400      800    16 .carF
   10400    10400      800    16         FusionDrive.lto.o:(.carF)
   10400    10400        0     1                 carF_start
   10c00    10c00        0     1                 carF_end
   10c00    10c00        0     1 end_carF = .
   10c00    10c00      800    16 .carM
   10c00    10c00      800    16         FusionDrive.lto.o:(.carM)
   10c00    10c00        0     1                 carM_start
   11400    11400        0     1                 carM_end
   11400    11400        0     1 end_carM = .
   11400    11400      800    16 .carB
   11400    11400      800    16         FusionDrive.lto.o:(.carB)
   11400    11400        0     1                 carB_start
   11c00    11c00        0     1                 carB_end
   11c00    11c00        0     1 end_carB = .
   11c00    11c00     1400    16 .yellow
   11c00    11c00     1400    16         FusionDrive.lto.o:(.yellow)
   11c00    11c00        0     1                 yellow_start
   13000    13000        0     1                 yellow_end
   13000    13000        0     1 end_yellow = .
   20000    20000    12c00    16 .backbmp
   20000    20000    12c00    16         FusionDrive.lto.o:(.backbmp)
   20000    20000        0     1                 backbmp_start
   32c00    32c00        0     1                 backbmp_end
   32c00    32c00        0     1 end_backbmp = .
       0        0      138     1 .comment
       0        0      138     1         <internal>:(.comment)
       0        0      b10     4 .symtab
       0        0      b10     4         <internal>:(.symtab)
       0        0       86     1 .shstrtab
       0        0       86     1         <internal>:(.shstrtab)
       0        0      848     1 .strtab
       0        0      848     1         <internal>:(.strtab)
