     VMA      LMA     Size Align Out     In      Symbol
       0        0        0     1 PROVIDE(__stack = 0xC000)
       0        0        0     1 PROVIDE(__f256_start = 0x300)
       0        0        0     1 PROVIDE(__BLOCK_SIZE = 0x2000)
       0        0        0     1 PROVIDE(__SLOT_ADDR = 0xC000)
       0        0        0     1 __rc0 = 0x10
       0        0        0     1 __rc1 = __rc0 + 1
       0        0        0     1 PROVIDE(__rc2 = __rc1 + 1)
       0        0        0     1 __rc3 = __rc2 + 1
       0        0        0     1 PROVIDE(__rc4 = __rc3 + 1)
       0        0        0     1 __rc5 = __rc4 + 1
       0        0        0     1 PROVIDE(__rc6 = __rc5 + 1)
       0        0        0     1 __rc7 = __rc6 + 1
       0        0        0     1 PROVIDE(__rc8 = __rc7 + 1)
       0        0        0     1 __rc9 = __rc8 + 1
       0        0        0     1 PROVIDE(__rc10 = __rc9 + 1)
       0        0        0     1 __rc11 = __rc10 + 1
       0        0        0     1 PROVIDE(__rc12 = __rc11 + 1)
       0        0        0     1 __rc13 = __rc12 + 1
       0        0        0     1 PROVIDE(__rc14 = __rc13 + 1)
       0        0        0     1 __rc15 = __rc14 + 1
       0        0        0     1 PROVIDE(__rc16 = __rc15 + 1)
       0        0        0     1 __rc17 = __rc16 + 1
       0        0        0     1 PROVIDE(__rc18 = __rc17 + 1)
       0        0        0     1 __rc19 = __rc18 + 1
       0        0        0     1 PROVIDE(__rc20 = __rc19 + 1)
       0        0        0     1 __rc21 = __rc20 + 1
       0        0        0     1 PROVIDE(__rc22 = __rc21 + 1)
       0        0        0     1 __rc23 = __rc22 + 1
       0        0        0     1 PROVIDE(__rc24 = __rc23 + 1)
       0        0        0     1 __rc25 = __rc24 + 1
       0        0        0     1 PROVIDE(__rc26 = __rc25 + 1)
       0        0        0     1 __rc27 = __rc26 + 1
       0        0        0     1 PROVIDE(__rc28 = __rc27 + 1)
       0        0        0     1 __rc29 = __rc28 + 1
       0        0        0     1 PROVIDE(__rc30 = __rc29 + 1)
       0        0        0     1 __rc31 = __rc30 + 1
       0        0        0     1 
       0        0        0     1 
       0        0        0     1 __block8_lma = ( 8<<24)|__SLOT_ADDR
       0        0        0     1 __block9_lma = ( 9<<24)|__SLOT_ADDR
       0        0        0     1 __block10_lma = (10<<24)|__SLOT_ADDR
       0        0        0     1 __block11_lma = (11<<24)|__SLOT_ADDR
       0        0        0     1 __block12_lma = (12<<24)|__SLOT_ADDR
       0        0        0     1 __block13_lma = (13<<24)|__SLOT_ADDR
       0        0        0     1 __block14_lma = (14<<24)|__SLOT_ADDR
       0        0        0     1 __block15_lma = (15<<24)|__SLOT_ADDR
       0        0        0     1 __block16_lma = (16<<24)|__SLOT_ADDR
       0        0        0     1 __block17_lma = (17<<24)|__SLOT_ADDR
       0        0        0     1 __block18_lma = (18<<24)|__SLOT_ADDR
       0        0        0     1 __block19_lma = (19<<24)|__SLOT_ADDR
       0        0        0     1 __block20_lma = (20<<24)|__SLOT_ADDR
       0        0        0     1 __block21_lma = (21<<24)|__SLOT_ADDR
       0        0        0     1 __block22_lma = (22<<24)|__SLOT_ADDR
       0        0        0     1 __block23_lma = (23<<24)|__SLOT_ADDR
       0        0        0     1 __palback_lma = 0x10000
       0        0        0     1 __palback_size = 0x400
       0        0        0     1 __carF_lma = 0x10400
       0        0        0     1 __carF_size = 0x800
       0        0        0     1 __carM_lma = 0x10c00
       0        0        0     1 __carM_size = 0x800
       0        0        0     1 __carB_lma = 0x11400
       0        0        0     1 __carB_size = 0x800
       0        0        0     1 __yellow_lma = 0x11c00
       0        0        0     1 __yellow_size = 0x1400
       0        0        0     1 __backbmp_lma = 0x20000
       0        0        0     1 __backbmp_size = 0x12c00
       0        0        0     1 __music_lma = 0x50000
       0        0        0     1 __music_size = 0x223dc
      30       30        0     1 .zp.data
      30       30        0     1         __zp_data_start = .
      30       30        0     1 __zp_data_load_start = LOADADDR(.zp.data)
      30       30        0     1 __zp_data_size = SIZEOF(.zp.data)
      30       30        0     1 .zp.bss
      30       30        0     1         __zp_bss_start = .
      30       30        0     1 __zp_bss_size = SIZEOF(.zp.bss)
      30       30        9     1 .zp
      30       30        9     1         FusionDrive.lto.o:(.zp.noinit)
     300      300      feb     2 .text
     300      300        0     1         _init = .
     300      300        0     1         _start = .
     300      300        8     1         D:\F256\llvm-mos\f256dev\llvm-mos\bin/../mos-platform/f256/lib\libcrt0.a(init-stack.S.obj):(.init.100)
     300      300        0     1                 __do_init_stack
     308      308        3     1         D:\F256\llvm-mos\f256dev\llvm-mos\bin/../mos-platform/f256/lib\libcrt0.a(zero-bss.c.obj):(.init.200)
     308      308        0     1                 __do_zero_bss
     30b      30b        3     1         D:\F256\llvm-mos\f256dev\llvm-mos\bin/../mos-platform/common/lib\crt0.o:(.call_main)
     30e      30e        3     1         D:\F256\llvm-mos\f256dev\llvm-mos\bin/../mos-platform/f256/lib\libcrt0.a(exit-custom.S.obj):(.after_main)
     30e      30e        0     1                 __after_main
     311      311        0     1         _fini = .
     311      311        1     1         D:\F256\llvm-mos\f256dev\llvm-mos\bin/../mos-platform/common/lib\crt0.o:(.fini_rts)
     312      312      13d     2         FusionDrive.lto.o:(.text._ZN12_GLOBAL__N_19FreeChunk6insertEPvj)
     312      312      13d     1                 (anonymous namespace)::FreeChunk::insert(void*, unsigned int)
     450      450       df     2         FusionDrive.lto.o:(.text._ZN12_GLOBAL__N_19FreeChunk6removeEv)
     450      450       df     1                 (anonymous namespace)::FreeChunk::remove()
     52f      52f       13     1         D:\F256\llvm-mos\f256dev\llvm-mos\bin/../mos-platform/f256/lib\libcrt0.a(zero-bss.c.obj):(.text.__zero_bss)
     52f      52f       13     1                 __zero_bss
     542      542      436     1         FusionDrive.lto.o:(.text.f256Init)
     542      542      436     1                 f256Init
     978      978        6     1         FusionDrive.lto.o:(.text.main)
     978      978        6     1                 main
     97e      97e      773     1         FusionDrive.lto.o:(.text.f256main)
     97e      97e      773     1                 f256main
    10f1     10f1        5     1         FusionDrive.lto.o:(.text.exit)
    10f1     10f1        5     1                 exit
    10f6     10f6      1d5     1         FusionDrive.lto.o:(.text.malloc)
    10f6     10f6      1d5     1                 malloc
    12cb     12cb       20     1         FusionDrive.lto.o:(.text.__memset)
    12cb     12cb       20     1                 __memset
    12eb     12eb        0     1         __init_array_start = .
    12eb     12eb        0     1         __init_array_end = .
    12eb     12eb        0     1         __fini_array_start = .
    12eb     12eb        0     1         __fini_array_end = .
    12eb     12eb       30     1 .rodata
    12eb     12eb       30     1         FusionDrive.lto.o:(.rodata.textColors)
    12eb     12eb       30     1                 textColors
    131b     131b        0     1 .data
    131b     131b        0     1         __data_start = .
    131b     131b        0     1         __data_end = .
    131b     131b        0     1 __data_load_start = LOADADDR(.data)
    131b     131b        0     1 __data_size = SIZEOF(.data)
    131b     131b       63     1 .bss
    131b     131b        0     1         __bss_start = .
    131b     131b        1     1         FusionDrive.lto.o:(.bss._col)
    131b     131b        1     1                 _col
    131c     131c        1     1         FusionDrive.lto.o:(.bss._row)
    131c     131c        1     1                 _row
    131d     131d        4     1         FusionDrive.lto.o:(.bss._BITMAP_BASE.0)
    131d     131d        4     1                 _BITMAP_BASE.0
    1321     1321        4     1         FusionDrive.lto.o:(.bss._BITMAP_BASE.1)
    1321     1321        4     1                 _BITMAP_BASE.1
    1325     1325        4     1         FusionDrive.lto.o:(.bss._BITMAP_BASE.2)
    1325     1325        4     1                 _BITMAP_BASE.2
    1329     1329        1     1         FusionDrive.lto.o:(.bss._active)
    1329     1329        1     1                 _active
    132a     132a        3     1         FusionDrive.lto.o:(.bss._BITMAP_CLUT)
    132a     132a        3     1                 _BITMAP_CLUT
    132d     132d       40     1         FusionDrive.lto.o:(.bss._spriteCtl)
    132d     132d       40     1                 _spriteCtl
    136d     136d        1     1         FusionDrive.lto.o:(.bss.carTimer.1)
    136d     136d        1     1                 carTimer.1
    136e     136e        1     1         FusionDrive.lto.o:(.bss.laneTimer.1)
    136e     136e        1     1                 laneTimer.1
    136f     136f        1     1         FusionDrive.lto.o:(.bss.carForceTimer.1)
    136f     136f        1     1                 carForceTimer.1
    1370     1370        1     1         FusionDrive.lto.o:(.bss.kernelError)
    1370     1370        1     1                 kernelError
    1371     1371        7     1         FusionDrive.lto.o:(.bss.kernelEventData)
    1371     1371        7     1                 kernelEventData
    1378     1378        1     1         FusionDrive.lto.o:(.bss._ZN12_GLOBAL__N_111initializedE)
    1378     1378        1     1                 (anonymous namespace)::initialized
    1379     1379        1     1         FusionDrive.lto.o:(.bss._ZN12_GLOBAL__N_19last_freeE)
    1379     1379        1     1                 (anonymous namespace)::last_free
    137a     137a        2     1         FusionDrive.lto.o:(.bss._ZN12_GLOBAL__N_19free_sizeE)
    137a     137a        2     1                 (anonymous namespace)::free_size
    137c     137c        2     1         FusionDrive.lto.o:(.bss._ZN12_GLOBAL__N_19free_listE)
    137c     137c        2     1                 (anonymous namespace)::free_list
    137e     137e        0     1         __bss_end = .
    137e     137e        0     1 __bss_size = SIZEOF(.bss)
    137e     137e        0     1 .noinit
    137e     137e        0     1         __heap_start = ALIGN(., 2)
    137e     137e        0     1 end_block8 = .
    137e     137e        0     1 end_block9 = .
    137e     137e        0     1 end_block10 = .
    137e     137e        0     1 end_block11 = .
    137e     137e        0     1 end_block12 = .
    137e     137e        0     1 end_block13 = .
    137e     137e        0     1 end_block14 = .
    137e     137e        0     1 end_block15 = .
    137e     137e        0     1 end_block16 = .
    137e     137e        0     1 end_block17 = .
    137e     137e        0     1 end_block18 = .
    137e     137e        0     1 end_block19 = .
    137e     137e        0     1 end_block20 = .
    137e     137e        0     1 end_block21 = .
    137e     137e        0     1 end_block22 = .
    137e     137e        0     1 end_block23 = .
   10000    10000      400    16 .palback
   10000    10000      400    16         FusionDrive.lto.o:(.palback)
   10000    10000        0     1                 palback_start
   10400    10400        0     1                 palback_end
   10400    10400        0     1 end_palback = .
   10400    10400      800    16 .carF
   10400    10400      800    16         FusionDrive.lto.o:(.carF)
   10400    10400        0     1                 carF_start
   10c00    10c00        0     1                 carF_end
   10c00    10c00        0     1 end_carF = .
   10c00    10c00      800    16 .carM
   10c00    10c00      800    16         FusionDrive.lto.o:(.carM)
   10c00    10c00        0     1                 carM_start
   11400    11400        0     1                 carM_end
   11400    11400        0     1 end_carM = .
   11400    11400      800    16 .carB
   11400    11400      800    16         FusionDrive.lto.o:(.carB)
   11400    11400        0     1                 carB_start
   11c00    11c00        0     1                 carB_end
   11c00    11c00        0     1 end_carB = .
   11c00    11c00     1400    16 .yellow
   11c00    11c00     1400    16         FusionDrive.lto.o:(.yellow)
   11c00    11c00        0     1                 yellow_start
   13000    13000        0     1                 yellow_end
   13000    13000        0     1 end_yellow = .
   20000    20000    12c00    16 .backbmp
   20000    20000    12c00    16         FusionDrive.lto.o:(.backbmp)
   20000    20000        0     1                 backbmp_start
   32c00    32c00        0     1                 backbmp_end
   32c00    32c00        0     1 end_backbmp = .
   50000    50000    223dc    16 .music
   50000    50000    223dc    16         FusionDrive.lto.o:(.music)
   50000    50000        0     1                 music_start
   723dc    723dc        0     1                 music_end
   723dc    723dc        0     1 end_music = .
       0        0      138     1 .comment
       0        0      138     1         <internal>:(.comment)
       0        0      9d0     4 .symtab
       0        0      9d0     4         <internal>:(.symtab)
       0        0       8d     1 .shstrtab
       0        0       8d     1         <internal>:(.shstrtab)
       0        0      73e     1 .strtab
       0        0      73e     1         <internal>:(.strtab)
