     VMA      LMA     Size Align Out     In      Symbol
       0        0        0     1 PROVIDE(__stack = 0xA000)
       0        0        0     1 PROVIDE(__f256_start = 0x300)
       0        0        0     1 PROVIDE(__BLOCK_SIZE = 0x2000)
       0        0        0     1 PROVIDE(__SLOT_ADDR = 0xA000)
       0        0        0     1 __rc0 = 0x10
       0        0        0     1 __rc1 = __rc0 + 1
       0        0        0     1 PROVIDE(__rc2 = __rc1 + 1)
       0        0        0     1 __rc3 = __rc2 + 1
       0        0        0     1 PROVIDE(__rc4 = __rc3 + 1)
       0        0        0     1 __rc5 = __rc4 + 1
       0        0        0     1 PROVIDE(__rc6 = __rc5 + 1)
       0        0        0     1 __rc7 = __rc6 + 1
       0        0        0     1 PROVIDE(__rc8 = __rc7 + 1)
       0        0        0     1 __rc9 = __rc8 + 1
       0        0        0     1 PROVIDE(__rc10 = __rc9 + 1)
       0        0        0     1 __rc11 = __rc10 + 1
       0        0        0     1 PROVIDE(__rc12 = __rc11 + 1)
       0        0        0     1 __rc13 = __rc12 + 1
       0        0        0     1 PROVIDE(__rc14 = __rc13 + 1)
       0        0        0     1 __rc15 = __rc14 + 1
       0        0        0     1 PROVIDE(__rc16 = __rc15 + 1)
       0        0        0     1 __rc17 = __rc16 + 1
       0        0        0     1 PROVIDE(__rc18 = __rc17 + 1)
       0        0        0     1 __rc19 = __rc18 + 1
       0        0        0     1 PROVIDE(__rc20 = __rc19 + 1)
       0        0        0     1 __rc21 = __rc20 + 1
       0        0        0     1 PROVIDE(__rc22 = __rc21 + 1)
       0        0        0     1 __rc23 = __rc22 + 1
       0        0        0     1 PROVIDE(__rc24 = __rc23 + 1)
       0        0        0     1 __rc25 = __rc24 + 1
       0        0        0     1 PROVIDE(__rc26 = __rc25 + 1)
       0        0        0     1 __rc27 = __rc26 + 1
       0        0        0     1 PROVIDE(__rc28 = __rc27 + 1)
       0        0        0     1 __rc29 = __rc28 + 1
       0        0        0     1 PROVIDE(__rc30 = __rc29 + 1)
       0        0        0     1 __rc31 = __rc30 + 1
       0        0        0     1 
       0        0        0     1 
       0        0        0     1 __block8_lma = ( 8<<24)|__SLOT_ADDR
       0        0        0     1 __block9_lma = ( 9<<24)|__SLOT_ADDR
       0        0        0     1 __block10_lma = (10<<24)|__SLOT_ADDR
       0        0        0     1 __block11_lma = (11<<24)|__SLOT_ADDR
       0        0        0     1 __block12_lma = (12<<24)|__SLOT_ADDR
       0        0        0     1 __block13_lma = (13<<24)|__SLOT_ADDR
       0        0        0     1 __block14_lma = (14<<24)|__SLOT_ADDR
       0        0        0     1 __block15_lma = (15<<24)|__SLOT_ADDR
       0        0        0     1 __block16_lma = (16<<24)|__SLOT_ADDR
       0        0        0     1 __block17_lma = (17<<24)|__SLOT_ADDR
       0        0        0     1 __block18_lma = (18<<24)|__SLOT_ADDR
       0        0        0     1 __block19_lma = (19<<24)|__SLOT_ADDR
       0        0        0     1 __block20_lma = (20<<24)|__SLOT_ADDR
       0        0        0     1 __block21_lma = (21<<24)|__SLOT_ADDR
       0        0        0     1 __block22_lma = (22<<24)|__SLOT_ADDR
       0        0        0     1 __block23_lma = (23<<24)|__SLOT_ADDR
       0        0        0     1 __palback_lma = 0x10000
       0        0        0     1 __palback_size = 0x400
       0        0        0     1 __carF_lma = 0x10400
       0        0        0     1 __carF_size = 0x800
       0        0        0     1 __carM_lma = 0x10c00
       0        0        0     1 __carM_size = 0x800
       0        0        0     1 __carB_lma = 0x11400
       0        0        0     1 __carB_size = 0x800
       0        0        0     1 __yellow_lma = 0x11c00
       0        0        0     1 __yellow_size = 0x1400
       0        0        0     1 __backbmp_lma = 0x20000
       0        0        0     1 __backbmp_size = 0x12c00
       0        0        0     1 __midifile_lma = 0x38000
       0        0        0     1 __midifile_size = 0xd187
      30       30        0     1 .zp.data
      30       30        0     1         __zp_data_start = .
      30       30        0     1 __zp_data_load_start = LOADADDR(.zp.data)
      30       30        0     1 __zp_data_size = SIZEOF(.zp.data)
      30       30       34     1 .zp.bss
      30       30        0     1         __zp_bss_start = .
      30       30       34     1         FusionDrive.lto.o:(.zp.bss)
      30       30        1     1                 _col
      31       31        1     1                 _row
      32       32        4     1                 _BITMAP_BASE.2
      36       36        1     1                 _active
      37       37        2     1                 __putchar.s
      39       39        2     1                 trackcount
      3b       3b        4     1                 tick
      3f       3f        2     1                 theBigList.1
      41       41        2     1                 theBigList.2
      43       43        2     1                 parsers
      45       45        1     1                 carTimer.1
      46       46        1     1                 car_yel_L.0
      47       47        2     1                 car_yel_L.1
      49       49        2     1                 car_yel_L.2
      4b       4b        2     1                 car_yel_L.3
      4d       4d        1     1                 car_yel_L.4
      4e       4e        1     1                 car_yel_L.7
      4f       4f        2     1                 car_back_L.1
      51       51        1     1                 car_back_L.2
      52       52        1     1                 car_back_L.8
      53       53        1     1                 car_back_L.9
      54       54        1     1                 laneTimer.1
      55       55        1     1                 laneTimer.2
      56       56        1     1                 carForceTimer.1
      57       57        1     1                 carForceTimer.2
      58       58        7     1                 kernelEventData
      5f       5f        1     1                 (anonymous namespace)::initialized
      60       60        2     1                 (anonymous namespace)::free_size
      62       62        2     1                 (anonymous namespace)::free_list
      64       64        0     1 __zp_bss_size = SIZEOF(.zp.bss)
      64       64       65     1 .zp
      64       64       65     1         FusionDrive.lto.o:(.zp.noinit)
     300      300     468d     2 .text
     300      300        0     1         _init = .
     300      300        0     1         _start = .
     300      300        8     1         D:\F256\llvm-mos\f256dev\llvm-mos\bin/../mos-platform/f256/lib\libcrt0.a(init-stack.S.obj):(.init.100)
     300      300        0     1                 __do_init_stack
     308      308        3     1         D:\F256\llvm-mos\f256dev\llvm-mos\bin/../mos-platform/f256/lib\libcrt0.a(zero-bss.c.obj):(.init.200)
     308      308        0     1                 __do_zero_bss
     30b      30b        3     1         D:\F256\llvm-mos\f256dev\llvm-mos\bin/../mos-platform/f256/lib\libcrt0.a(zero-zp-bss.c.obj):(.init.200)
     30b      30b        0     1                 __do_zero_zp_bss
     30e      30e        3     1         D:\F256\llvm-mos\f256dev\llvm-mos\bin/../mos-platform/common/lib\crt0.o:(.call_main)
     311      311        3     1         D:\F256\llvm-mos\f256dev\llvm-mos\bin/../mos-platform/f256/lib\libcrt0.a(exit-custom.S.obj):(.after_main)
     311      311        0     1                 __after_main
     314      314        0     1         _fini = .
     314      314        1     1         D:\F256\llvm-mos\f256dev\llvm-mos\bin/../mos-platform/common/lib\crt0.o:(.fini_rts)
     316      316      133     2         FusionDrive.lto.o:(.text._ZN12_GLOBAL__N_19FreeChunk6insertEPvj)
     316      316      133     1                 (anonymous namespace)::FreeChunk::insert(void*, unsigned int)
     449      449       13     1         D:\F256\llvm-mos\f256dev\llvm-mos\bin/../mos-platform/f256/lib\libcrt0.a(zero-bss.c.obj):(.text.__zero_bss)
     449      449       13     1                 __zero_bss
     45c      45c       13     1         D:\F256\llvm-mos\f256dev\llvm-mos\bin/../mos-platform/f256/lib\libcrt0.a(zero-zp-bss.c.obj):(.text.__zero_zp_bss)
     45c      45c       13     1                 __zero_zp_bss
     46f      46f      3b6     1         FusionDrive.lto.o:(.text.f256Init)
     46f      46f      3b6     1                 f256Init
     825      825        6     1         FusionDrive.lto.o:(.text.main)
     825      825        6     1                 main
     82b      82b     109e     1         FusionDrive.lto.o:(.text.f256main)
     82b      82b     109e     1                 f256main
    18c9     18c9     113a     1         FusionDrive.lto.o:(.text.parse)
    18c9     18c9     113a     1                 parse
    2a03     2a03      119     1         FusionDrive.lto.o:(.text.adjustOffsets)
    2a03     2a03      119     1                 adjustOffsets
    2b1c     2b1c      804     1         FusionDrive.lto.o:(.text.updateCarPos)
    2b1c     2b1c      804     1                 updateCarPos
    3320     3320      1ba     1         FusionDrive.lto.o:(.text.__putchar)
    3320     3320      1ba     1                 __putchar
    34da     34da        5     1         FusionDrive.lto.o:(.text.exit)
    34da     34da        5     1                 exit
    34df     34df       d1     1         FusionDrive.lto.o:(.text._ZN12_GLOBAL__N_13putEcP6Status)
    34df     34df       d1     1                 (anonymous namespace)::put(char, Status*)
    35b0     35b0      10d     1         FusionDrive.lto.o:(.text._ZN12_GLOBAL__N_112print_stringEPKcP6Status)
    35b0     35b0      10d     1                 (anonymous namespace)::print_string(char const*, Status*)
    36bd     36bd      bb0     1         FusionDrive.lto.o:(.text.printf)
    36bd     36bd      bb0     1                 printf
    426d     426d      2ad     1         FusionDrive.lto.o:(.text.malloc)
    426d     426d      2ad     1                 malloc
    451a     451a       2c     1         FusionDrive.lto.o:(.text.memcpy)
    451a     451a       2c     1                 memcpy
    4546     4546       20     1         FusionDrive.lto.o:(.text.__memset)
    4546     4546       20     1                 __memset
    4566     4566       74     1         FusionDrive.lto.o:(.text.strstr)
    4566     4566       74     1                 strstr
    45da     45da       70     1         FusionDrive.lto.o:(.text.__mulsi3)
    45da     45da       70     1                 __mulsi3
    464a     464a       5c     1         FusionDrive.lto.o:(.text.__udivqi3)
    464a     464a       5c     1                 __udivqi3
    46a6     46a6       c0     1         FusionDrive.lto.o:(.text.__udivhi3)
    46a6     46a6       c0     1                 __udivhi3
    4766     4766      16f     1         FusionDrive.lto.o:(.text.__udivsi3)
    4766     4766      16f     1                 __udivsi3
    48d5     48d5       45     1         FusionDrive.lto.o:(.text.__divqi3)
    48d5     48d5       45     1                 __divqi3
    491a     491a       73     1         FusionDrive.lto.o:(.text.__divhi3)
    491a     491a       73     1                 __divhi3
    498d     498d        0     1         __init_array_start = .
    498d     498d        0     1         __init_array_end = .
    498d     498d        0     1         __fini_array_start = .
    498d     498d        0     1         __fini_array_end = .
    498d     498d      10b     1 .rodata
    498d     498d        1     1         D:\F256\llvm-mos\f256dev\llvm-mos\bin/../mos-platform/common/lib\libcrt.a(const.S.obj):(.rodata)
    498d     498d        0     1                 __set_v
    498e     498e       22     1         FusionDrive.lto.o:(.rodata.parse)
    49b0     49b0        8     1         FusionDrive.lto.o:(.rodata.updateCarPos)
    49b8     49b8       3a     1         FusionDrive.lto.o:(.rodata.printf)
    49f2     49f2       30     1         FusionDrive.lto.o:(.rodata.textColors)
    49f2     49f2       30     1                 textColors
    4a22     4a22       3e     1         <internal>:(.rodata.str1.1)
    4a60     4a60       38     1         FusionDrive.lto.o:(.rodata.plugin)
    4a60     4a60       38     1                 plugin
    4a98     4a98        0     1 .data
    4a98     4a98        0     1         __data_start = .
    4a98     4a98        0     1         __data_end = .
    4a98     4a98        0     1 __data_load_start = LOADADDR(.data)
    4a98     4a98        0     1 __data_size = SIZEOF(.data)
    4a98     4a98       44     1 .bss
    4a98     4a98        0     1         __bss_start = .
    4a98     4a98        3     1         FusionDrive.lto.o:(.bss._BITMAP_CLUT)
    4a98     4a98        3     1                 _BITMAP_CLUT
    4a9b     4a9b       40     1         FusionDrive.lto.o:(.bss._spriteCtl)
    4a9b     4a9b       40     1                 _spriteCtl
    4adb     4adb        1     1         FusionDrive.lto.o:(.bss.kernelError)
    4adb     4adb        1     1                 kernelError
    4adc     4adc        0     1         __bss_end = .
    4adc     4adc        0     1 __bss_size = SIZEOF(.bss)
    4adc     4adc        0     1 .noinit
    4adc     4adc        0     1         __heap_start = ALIGN(., 2)
    4adc     4adc        0     1 end_block8 = .
    4adc     4adc        0     1 end_block9 = .
    4adc     4adc        0     1 end_block10 = .
    4adc     4adc        0     1 end_block11 = .
    4adc     4adc        0     1 end_block12 = .
    4adc     4adc        0     1 end_block13 = .
    4adc     4adc        0     1 end_block14 = .
    4adc     4adc        0     1 end_block15 = .
    4adc     4adc        0     1 end_block16 = .
    4adc     4adc        0     1 end_block17 = .
    4adc     4adc        0     1 end_block18 = .
    4adc     4adc        0     1 end_block19 = .
    4adc     4adc        0     1 end_block20 = .
    4adc     4adc        0     1 end_block21 = .
    4adc     4adc        0     1 end_block22 = .
    4adc     4adc        0     1 end_block23 = .
   10000    10000      400    16 .palback
   10000    10000      400    16         FusionDrive.lto.o:(.palback)
   10000    10000        0     1                 palback_start
   10400    10400        0     1                 palback_end
   10400    10400        0     1 end_palback = .
   10400    10400      800    16 .carF
   10400    10400      800    16         FusionDrive.lto.o:(.carF)
   10400    10400        0     1                 carF_start
   10c00    10c00        0     1                 carF_end
   10c00    10c00        0     1 end_carF = .
   10c00    10c00      800    16 .carM
   10c00    10c00      800    16         FusionDrive.lto.o:(.carM)
   10c00    10c00        0     1                 carM_start
   11400    11400        0     1                 carM_end
   11400    11400        0     1 end_carM = .
   11400    11400      800    16 .carB
   11400    11400      800    16         FusionDrive.lto.o:(.carB)
   11400    11400        0     1                 carB_start
   11c00    11c00        0     1                 carB_end
   11c00    11c00        0     1 end_carB = .
   11c00    11c00     1400    16 .yellow
   11c00    11c00     1400    16         FusionDrive.lto.o:(.yellow)
   11c00    11c00        0     1                 yellow_start
   13000    13000        0     1                 yellow_end
   13000    13000        0     1 end_yellow = .
   20000    20000    12c00    16 .backbmp
   20000    20000    12c00    16         FusionDrive.lto.o:(.backbmp)
   20000    20000        0     1                 backbmp_start
   32c00    32c00        0     1                 backbmp_end
   32c00    32c00        0     1 end_backbmp = .
   38000    38000     d187    16 .midifile
   38000    38000     d187    16         FusionDrive.lto.o:(.midifile)
   38000    38000        0     1                 midifile_start
   45187    45187        0     1                 midifile_end
   45187    45187        0     1 end_midifile = .
       0        0      138     1 .comment
       0        0      138     1         <internal>:(.comment)
       0        0      bf0     4 .symtab
       0        0      bf0     4         <internal>:(.symtab)
       0        0       90     1 .shstrtab
       0        0       90     1         <internal>:(.shstrtab)
       0        0      8c4     1 .strtab
       0        0      8c4     1         <internal>:(.strtab)
