
myTimer.elf:	file format elf32-mos

SYMBOL TABLE:
00000000 l    df *ABS*	00000000 zero-bss.c
00000000 l    df *ABS*	00000000 zero-zp-bss.c
00000000 l    df *ABS*	00000000 ld-temp.o
0000033b l     F .text	000002ec f256Init
00000030 l     O .zp.bss	00000007 kernelEventData
00000037 l     O .zp.bss	00000001 _MAX_COL
00000df9 l     O .rodata	00000030 textColors
00000627 l     F .text	000000a6 textClear
00000e8d l     O .bss	00000001 kernelError
00000038 l     O .zp.bss	00000001 _col
00000039 l     O .zp.bss	00000001 _row
000006d3 l     F .text	000002cc f256main
0000099f l     F .text	00000201 textPrint
0000003c l     O .zp.bss	00000006 animFrame
00000042 l     O .zp.bss	00000006 delays
00000e8e l     O .bss	00000012 myTimers
00000ba0 l     F .text	000000bb textPrintUInt
0000003a l     O .zp.bss	00000002 __putchar.s
00000c80 l     F .text	00000032 __mulhi3
00000cb2 l     F .text	00000147 __umodsi3
000006cd g     F .text	00000006 main
00000311 g       .text	00000000 __after_main
00000300 g       .text	00000000 __do_init_stack
00000308 g       .text	00000000 __do_zero_bss
00000315 g     F .text	00000013 __zero_bss
0000030b g       .text	00000000 __do_zero_zp_bss
00000328 g     F .text	00000013 __zero_zp_bss
00000c5b g     F .text	00000005 exit
00000314 g       .text	00000000 _fini
00000c60  w    F .text	00000020 __memset
00001000  w      *ABS*	00000000 __heap_default_limit
00000ea0 g       .noinit	00000000 __heap_start
00000010 g       *ABS*	00000000 __rc0
00000012 g       *ABS*	00000000 __rc2
00000014 g       *ABS*	00000000 __rc4
00000016 g       *ABS*	00000000 __rc6
00000018 g       *ABS*	00000000 __rc8
0000001a g       *ABS*	00000000 __rc10
0000001c g       *ABS*	00000000 __rc12
0000001e g       *ABS*	00000000 __rc14
00000020 g       *ABS*	00000000 __rc16
00000022 g       *ABS*	00000000 __rc18
00000024 g       *ABS*	00000000 __rc20
00000026 g       *ABS*	00000000 __rc22
00000028 g       *ABS*	00000000 __rc24
0000002a g       *ABS*	00000000 __rc26
0000002c g       *ABS*	00000000 __rc28
0000002e g       *ABS*	00000000 __rc30
0000002f g       *ABS*	00000000 __rc31
00000300 g       *ABS*	00000000 __f256_start
0000a000 g       *ABS*	00000000 __stack
0000a000 g       *ABS*	00000000 __SLOT_ADDR
0800a000 g       *ABS*	00000000 __block8_lma
00002000 g       *ABS*	00000000 __BLOCK_SIZE
0900a000 g       *ABS*	00000000 __block9_lma
0a00a000 g       *ABS*	00000000 __block10_lma
0b00a000 g       *ABS*	00000000 __block11_lma
0c00a000 g       *ABS*	00000000 __block12_lma
0d00a000 g       *ABS*	00000000 __block13_lma
0e00a000 g       *ABS*	00000000 __block14_lma
0f00a000 g       *ABS*	00000000 __block15_lma
1000a000 g       *ABS*	00000000 __block16_lma
1100a000 g       *ABS*	00000000 __block17_lma
1200a000 g       *ABS*	00000000 __block18_lma
1300a000 g       *ABS*	00000000 __block19_lma
1400a000 g       *ABS*	00000000 __block20_lma
1500a000 g       *ABS*	00000000 __block21_lma
1600a000 g       *ABS*	00000000 __block22_lma
1700a000 g       *ABS*	00000000 __block23_lma
00000e8d g       .bss	00000000 __bss_start
00000300 g       .text	00000000 _start
0000002d g       *ABS*	00000000 __rc29
0000002b g       *ABS*	00000000 __rc27
00000029 g       *ABS*	00000000 __rc25
00000027 g       *ABS*	00000000 __rc23
00000025 g       *ABS*	00000000 __rc21
00000023 g       *ABS*	00000000 __rc19
00000021 g       *ABS*	00000000 __rc17
0000001f g       *ABS*	00000000 __rc15
0000001d g       *ABS*	00000000 __rc13
0000001b g       *ABS*	00000000 __rc11
00000019 g       *ABS*	00000000 __rc9
00000017 g       *ABS*	00000000 __rc7
00000015 g       *ABS*	00000000 __rc5
00000013 g       *ABS*	00000000 __rc3
00000011 g       *ABS*	00000000 __rc1
00000030 g       .zp.data	00000000 __zp_data_start
00000300 g       *ABS*	00000000 __zp_data_load_start
00000000 g       *ABS*	00000000 __zp_data_size
00000030 g       .zp.bss	00000000 __zp_bss_start
00000018 g       *ABS*	00000000 __zp_bss_size
00000300 g       .text	00000000 _init
00000df9 g       .text	00000000 __init_array_start
00000df9 g       .text	00000000 __init_array_end
00000df9 g       .text	00000000 __fini_array_start
00000df9 g       .text	00000000 __fini_array_end
00000e8d g       .data	00000000 __data_start
00000e8d g       .data	00000000 __data_end
00000e8d g       *ABS*	00000000 __data_load_start
00000000 g       *ABS*	00000000 __data_size
00000ea0 g       .bss	00000000 __bss_end
00000013 g       *ABS*	00000000 __bss_size
00000ea0 g       .noinit	00000000 end_block8
00000ea0 g       .noinit	00000000 end_block9
00000ea0 g       .noinit	00000000 end_block10
00000ea0 g       .noinit	00000000 end_block11
00000ea0 g       .noinit	00000000 end_block12
00000ea0 g       .noinit	00000000 end_block13
00000ea0 g       .noinit	00000000 end_block14
00000ea0 g       .noinit	00000000 end_block15
00000ea0 g       .noinit	00000000 end_block16
00000ea0 g       .noinit	00000000 end_block17
00000ea0 g       .noinit	00000000 end_block18
00000ea0 g       .noinit	00000000 end_block19
00000ea0 g       .noinit	00000000 end_block20
00000ea0 g       .noinit	00000000 end_block21
00000ea0 g       .noinit	00000000 end_block22
00000ea0 g       .noinit	00000000 end_block23

Disassembly of section .text:

00000300 <_start>:
     300: a9 00        	lda	#$0
     302: 85 10        	sta	$10                     ; 0x2010 <end_block9+0x1170>
     304: a9 a0        	lda	#$a0
     306: 85 11        	sta	$11                     ; 0x2011 <end_block9+0x1171>

00000308 <__do_zero_bss>:
     308: 20 15 03     	jsr	$315 <__zero_bss>

0000030b <__do_zero_zp_bss>:
     30b: 20 28 03     	jsr	$328 <__zero_zp_bss>
     30e: 20 cd 06     	jsr	$6cd <main>

00000311 <__after_main>:
     311: 4c 5b 0c     	jmp	$c5b <exit>

00000314 <_fini>:
     314: 60           	rts

00000315 <__zero_bss>:
     315: a2 13        	ldx	#$13
     317: a0 00        	ldy	#$0
     319: a9 8d        	lda	#$8d
     31b: 85 12        	sta	$12                     ; 0x2012 <end_block9+0x1172>
     31d: a9 0e        	lda	#$e
     31f: 85 13        	sta	$13                     ; 0x2013 <end_block9+0x1173>
     321: a9 00        	lda	#$0
     323: 84 14        	sty	$14                     ; 0x2014 <end_block9+0x1174>
     325: 4c 60 0c     	jmp	$c60 <__memset>

00000328 <__zero_zp_bss>:
     328: a2 18        	ldx	#$18
     32a: a0 00        	ldy	#$0
     32c: a9 30        	lda	#$30
     32e: 85 12        	sta	$12                     ; 0x2012 <end_block9+0x1172>
     330: a9 00        	lda	#$0
     332: 85 13        	sta	$13                     ; 0x2013 <end_block9+0x1173>
     334: a9 00        	lda	#$0
     336: 84 14        	sty	$14                     ; 0x2014 <end_block9+0x1174>
     338: 4c 60 0c     	jmp	$c60 <__memset>

0000033b <f256Init>:
     33b: 64 12        	stz	$12                     ; 0x2012 <end_block9+0x1172>
     33d: 64 01        	stz	$1                      ; 0x2001 <end_block9+0x1161>
     33f: a2 3f        	ldx	#$3f
     341: 8e 00 d0     	stx	$d000                   ; 0xd000 <end_block9+0xc160>
     344: a2 b3        	ldx	#$b3
     346: 86 00        	stx	$0                      ; 0x2000 <end_block9+0x1160>
     348: 64 08        	stz	$8                      ; 0x2008 <end_block9+0x1168>
     34a: a2 01        	ldx	#$1
     34c: 86 09        	stx	$9                      ; 0x2009 <end_block9+0x1169>
     34e: e8           	inx
     34f: 86 0a        	stx	$a                      ; 0x200a <end_block9+0x116a>
     351: e8           	inx
     352: 86 0b        	stx	$b                      ; 0x200b <end_block9+0x116b>
     354: e8           	inx
     355: 86 0c        	stx	$c                      ; 0x200c <end_block9+0x116c>
     357: e8           	inx
     358: 86 0d        	stx	$d                      ; 0x200d <end_block9+0x116d>
     35a: a2 30        	ldx	#$30
     35c: a0 00        	ldy	#$0
     35e: 86 f0        	stx	$f0                     ; 0x20f0 <end_block9+0x1250>
     360: 84 f1        	sty	$f1                     ; 0x20f1 <end_block9+0x1251>
     362: a2 00        	ldx	#$0
     364: 86 16        	stx	$16                     ; 0x2016 <end_block9+0x1176>
     366: ca           	dex
     367: 86 17        	stx	$17                     ; 0x2017 <end_block9+0x1177>
     369: 8a           	txa
     36a: 0a           	asl
     36b: 0a           	asl
     36c: 18           	clc
     36d: 69 d4        	adc	#$d4
     36f: 85 18        	sta	$18                     ; 0x2018 <end_block9+0x1178>
     371: a0 00        	ldy	#$0
     373: 64 15        	stz	$15                     ; 0x2015 <end_block9+0x1175>
     375: 64 14        	stz	$14                     ; 0x2014 <end_block9+0x1174>
     377: a6 17        	ldx	$17                     ; 0x2017 <end_block9+0x1177>
     379: e0 03        	cpx	#$3
     37b: a6 01        	ldx	$1                      ; 0x2001 <end_block9+0x1161>
     37d: 86 1a        	stx	$1a                     ; 0x201a <end_block9+0x117a>
     37f: a2 d0        	ldx	#$d0
     381: 84 19        	sty	$19                     ; 0x2019 <end_block9+0x1179>
     383: b0 02        	bcs	$387 <f256Init+0x4c>
     385: a6 18        	ldx	$18                     ; 0x2018 <end_block9+0x1178>
     387: 86 13        	stx	$13                     ; 0x2013 <end_block9+0x1173>
     389: a5 15        	lda	$15                     ; 0x2015 <end_block9+0x1175>
     38b: 18           	clc
     38c: 65 12        	adc	$12                     ; 0x2012 <end_block9+0x1172>
     38e: a8           	tay
     38f: a6 15        	ldx	$15                     ; 0x2015 <end_block9+0x1175>
     391: a5 14        	lda	$14                     ; 0x2014 <end_block9+0x1174>
     393: 85 1b        	sta	$1b                     ; 0x201b <end_block9+0x117b>
     395: a5 14        	lda	$14                     ; 0x2014 <end_block9+0x1174>
     397: 65 13        	adc	$13                     ; 0x2013 <end_block9+0x1173>
     399: 84 14        	sty	$14                     ; 0x2014 <end_block9+0x1174>
     39b: a0 01        	ldy	#$1
     39d: 84 01        	sty	$1                      ; 0x2001 <end_block9+0x1161>
     39f: 85 15        	sta	$15                     ; 0x2015 <end_block9+0x1175>
     3a1: a5 19        	lda	$19                     ; 0x2019 <end_block9+0x1179>
     3a3: 92 14        	sta	($14)                   ; 0x2014 <end_block9+0x1174>
     3a5: 91 14        	sta	($14),y                 ; 0x2014 <end_block9+0x1174>
     3a7: c8           	iny
     3a8: 91 14        	sta	($14),y                 ; 0x2014 <end_block9+0x1174>
     3aa: 85 13        	sta	$13                     ; 0x2013 <end_block9+0x1173>
     3ac: c8           	iny
     3ad: a9 ff        	lda	#$ff
     3af: 91 14        	sta	($14),y                 ; 0x2014 <end_block9+0x1174>
     3b1: 8a           	txa
     3b2: a6 1a        	ldx	$1a                     ; 0x201a <end_block9+0x117a>
     3b4: 86 01        	stx	$1                      ; 0x2001 <end_block9+0x1161>
     3b6: 18           	clc
     3b7: 69 04        	adc	#$4
     3b9: 85 15        	sta	$15                     ; 0x2015 <end_block9+0x1175>
     3bb: a5 1b        	lda	$1b                     ; 0x201b <end_block9+0x117b>
     3bd: 69 00        	adc	#$0
     3bf: e6 13        	inc	$13                     ; 0x2013 <end_block9+0x1173>
     3c1: a4 13        	ldy	$13                     ; 0x2013 <end_block9+0x1173>
     3c3: 85 14        	sta	$14                     ; 0x2014 <end_block9+0x1174>
     3c5: c9 04        	cmp	#$4
     3c7: f0 03        	beq	$3cc <f256Init+0x91>
     3c9: 4c 77 03     	jmp	$377 <f256Init+0x3c>
     3cc: a5 15        	lda	$15                     ; 0x2015 <end_block9+0x1175>
     3ce: f0 03        	beq	$3d3 <f256Init+0x98>
     3d0: 4c 77 03     	jmp	$377 <f256Init+0x3c>
     3d3: a6 16        	ldx	$16                     ; 0x2016 <end_block9+0x1176>
     3d5: e8           	inx
     3d6: e0 04        	cpx	#$4
     3d8: f0 03        	beq	$3dd <f256Init+0xa2>
     3da: 4c 64 03     	jmp	$364 <f256Init+0x29>
     3dd: ad 02 d0     	lda	$d002                   ; 0xd002 <end_block9+0xc162>
     3e0: 29 f0        	and	#$f0
     3e2: 8d 02 d0     	sta	$d002                   ; 0xd002 <end_block9+0xc162>
     3e5: ad 02 d0     	lda	$d002                   ; 0xd002 <end_block9+0xc162>
     3e8: 29 0f        	and	#$f
     3ea: 09 10        	ora	#$10
     3ec: 8d 02 d0     	sta	$d002                   ; 0xd002 <end_block9+0xc162>
     3ef: a2 02        	ldx	#$2
     3f1: 8e 03 d0     	stx	$d003                   ; 0xd003 <end_block9+0xc163>
     3f4: ad 01 d0     	lda	$d001                   ; 0xd001 <end_block9+0xc161>
     3f7: 29 f9        	and	#$f9
     3f9: 09 04        	ora	#$4
     3fb: 8d 01 d0     	sta	$d001                   ; 0xd001 <end_block9+0xc161>
     3fe: 64 37        	stz	$37                     ; 0x2037 <end_block9+0x1197>
     400: 64 12        	stz	$12                     ; 0x2012 <end_block9+0x1172>
     402: 9c 10 d0     	stz	$d010                   ; 0xd010 <end_block9+0xc170>
     405: a2 00        	ldx	#$0
     407: 64 13        	stz	$13                     ; 0x2013 <end_block9+0x1173>
     409: 86 16        	stx	$16                     ; 0x2016 <end_block9+0x1176>
     40b: a4 16        	ldy	$16                     ; 0x2016 <end_block9+0x1176>
     40d: be f9 0d     	ldx	$df9,y                  ; 0xdf9 <textColors>
     410: 86 17        	stx	$17                     ; 0x2017 <end_block9+0x1177>
     412: be fa 0d     	ldx	$dfa,y                  ; 0xdfa <textColors+0x1>
     415: 86 18        	stx	$18                     ; 0x2018 <end_block9+0x1178>
     417: be fb 0d     	ldx	$dfb,y                  ; 0xdfb <textColors+0x2>
     41a: 86 19        	stx	$19                     ; 0x2019 <end_block9+0x1179>
     41c: a6 13        	ldx	$13                     ; 0x2013 <end_block9+0x1173>
     41e: 8e 00 de     	stx	$de00                   ; 0xde00 <end_block9+0xcf60>
     421: 86 15        	stx	$15                     ; 0x2015 <end_block9+0x1175>
     423: 9c 01 de     	stz	$de01                   ; 0xde01 <end_block9+0xcf61>
     426: a2 04        	ldx	#$4
     428: 8e 02 de     	stx	$de02                   ; 0xde02 <end_block9+0xcf62>
     42b: 9c 03 de     	stz	$de03                   ; 0xde03 <end_block9+0xcf63>
     42e: ad 10 de     	lda	$de10                   ; 0xde10 <end_block9+0xcf70>
     431: ac 11 de     	ldy	$de11                   ; 0xde11 <end_block9+0xcf71>
     434: 84 13        	sty	$13                     ; 0x2013 <end_block9+0x1173>
     436: ac 12 de     	ldy	$de12                   ; 0xde12 <end_block9+0xcf72>
     439: ac 13 de     	ldy	$de13                   ; 0xde13 <end_block9+0xcf73>
     43c: 18           	clc
     43d: 65 12        	adc	$12                     ; 0x2012 <end_block9+0x1172>
     43f: 85 14        	sta	$14                     ; 0x2014 <end_block9+0x1174>
     441: a6 15        	ldx	$15                     ; 0x2015 <end_block9+0x1175>
     443: a9 d8        	lda	#$d8
     445: 65 13        	adc	$13                     ; 0x2013 <end_block9+0x1173>
     447: 85 15        	sta	$15                     ; 0x2015 <end_block9+0x1175>
     449: a5 19        	lda	$19                     ; 0x2019 <end_block9+0x1179>
     44b: 92 14        	sta	($14)                   ; 0x2014 <end_block9+0x1174>
     44d: a0 01        	ldy	#$1
     44f: a5 18        	lda	$18                     ; 0x2018 <end_block9+0x1178>
     451: 91 14        	sta	($14),y                 ; 0x2014 <end_block9+0x1174>
     453: c8           	iny
     454: a5 17        	lda	$17                     ; 0x2017 <end_block9+0x1177>
     456: 91 14        	sta	($14),y                 ; 0x2014 <end_block9+0x1174>
     458: c8           	iny
     459: a9 ff        	lda	#$ff
     45b: 91 14        	sta	($14),y                 ; 0x2014 <end_block9+0x1174>
     45d: 8e 00 de     	stx	$de00                   ; 0xde00 <end_block9+0xcf60>
     460: 9c 01 de     	stz	$de01                   ; 0xde01 <end_block9+0xcf61>
     463: c8           	iny
     464: 8c 02 de     	sty	$de02                   ; 0xde02 <end_block9+0xcf62>
     467: 9c 03 de     	stz	$de03                   ; 0xde03 <end_block9+0xcf63>
     46a: ad 10 de     	lda	$de10                   ; 0xde10 <end_block9+0xcf70>
     46d: 85 13        	sta	$13                     ; 0x2013 <end_block9+0x1173>
     46f: ad 11 de     	lda	$de11                   ; 0xde11 <end_block9+0xcf71>
     472: 85 14        	sta	$14                     ; 0x2014 <end_block9+0x1174>
     474: a9 40        	lda	#$40
     476: 18           	clc
     477: 65 13        	adc	$13                     ; 0x2013 <end_block9+0x1173>
     479: a8           	tay
     47a: a9 d8        	lda	#$d8
     47c: 65 14        	adc	$14                     ; 0x2014 <end_block9+0x1174>
     47e: 85 15        	sta	$15                     ; 0x2015 <end_block9+0x1175>
     480: 84 14        	sty	$14                     ; 0x2014 <end_block9+0x1174>
     482: ad 12 de     	lda	$de12                   ; 0xde12 <end_block9+0xcf72>
     485: ad 13 de     	lda	$de13                   ; 0xde13 <end_block9+0xcf73>
     488: a5 19        	lda	$19                     ; 0x2019 <end_block9+0x1179>
     48a: 92 14        	sta	($14)                   ; 0x2014 <end_block9+0x1174>
     48c: a5 18        	lda	$18                     ; 0x2018 <end_block9+0x1178>
     48e: a0 01        	ldy	#$1
     490: 91 14        	sta	($14),y                 ; 0x2014 <end_block9+0x1174>
     492: a5 17        	lda	$17                     ; 0x2017 <end_block9+0x1177>
     494: c8           	iny
     495: 91 14        	sta	($14),y                 ; 0x2014 <end_block9+0x1174>
     497: c8           	iny
     498: a9 ff        	lda	#$ff
     49a: 91 14        	sta	($14),y                 ; 0x2014 <end_block9+0x1174>
     49c: e8           	inx
     49d: 86 13        	stx	$13                     ; 0x2013 <end_block9+0x1173>
     49f: 18           	clc
     4a0: a5 16        	lda	$16                     ; 0x2016 <end_block9+0x1176>
     4a2: 69 03        	adc	#$3
     4a4: aa           	tax
     4a5: c9 30        	cmp	#$30
     4a7: f0 03        	beq	$4ac <f256Init+0x171>
     4a9: 4c 09 04     	jmp	$409 <f256Init+0xce>
     4ac: 20 27 06     	jsr	$627 <textClear>
     4af: a2 40        	ldx	#$40
     4b1: 8e 00 de     	stx	$de00                   ; 0xde00 <end_block9+0xcf60>
     4b4: a2 01        	ldx	#$1
     4b6: 8e 01 de     	stx	$de01                   ; 0xde01 <end_block9+0xcf61>
     4b9: a2 f0        	ldx	#$f0
     4bb: 8e 02 de     	stx	$de02                   ; 0xde02 <end_block9+0xcf62>
     4be: 9c 03 de     	stz	$de03                   ; 0xde03 <end_block9+0xcf63>
     4c1: ae 10 de     	ldx	$de10                   ; 0xde10 <end_block9+0xcf70>
     4c4: 86 17        	stx	$17                     ; 0x2017 <end_block9+0x1177>
     4c6: ae 11 de     	ldx	$de11                   ; 0xde11 <end_block9+0xcf71>
     4c9: 86 12        	stx	$12                     ; 0x2012 <end_block9+0x1172>
     4cb: ae 12 de     	ldx	$de12                   ; 0xde12 <end_block9+0xcf72>
     4ce: 86 13        	stx	$13                     ; 0x2013 <end_block9+0x1173>
     4d0: ae 13 de     	ldx	$de13                   ; 0xde13 <end_block9+0xcf73>
     4d3: 86 14        	stx	$14                     ; 0x2014 <end_block9+0x1174>
     4d5: a4 12        	ldy	$12                     ; 0x2012 <end_block9+0x1172>
     4d7: 84 15        	sty	$15                     ; 0x2015 <end_block9+0x1175>
     4d9: 06 15        	asl	$15                     ; 0x2015 <end_block9+0x1175>
     4db: a5 13        	lda	$13                     ; 0x2013 <end_block9+0x1173>
     4dd: 2a           	rol
     4de: 86 16        	stx	$16                     ; 0x2016 <end_block9+0x1176>
     4e0: 26 16        	rol	$16                     ; 0x2016 <end_block9+0x1176>
     4e2: 06 15        	asl	$15                     ; 0x2015 <end_block9+0x1175>
     4e4: 2a           	rol
     4e5: 26 16        	rol	$16                     ; 0x2016 <end_block9+0x1176>
     4e7: 06 15        	asl	$15                     ; 0x2015 <end_block9+0x1175>
     4e9: 2a           	rol
     4ea: 26 16        	rol	$16                     ; 0x2016 <end_block9+0x1176>
     4ec: 85 15        	sta	$15                     ; 0x2015 <end_block9+0x1175>
     4ee: 8d 00 de     	sta	$de00                   ; 0xde00 <end_block9+0xcf60>
     4f1: a5 16        	lda	$16                     ; 0x2016 <end_block9+0x1176>
     4f3: 8d 01 de     	sta	$de01                   ; 0xde01 <end_block9+0xcf61>
     4f6: 9c 02 de     	stz	$de02                   ; 0xde02 <end_block9+0xcf62>
     4f9: a2 20        	ldx	#$20
     4fb: 8e 03 de     	stx	$de03                   ; 0xde03 <end_block9+0xcf63>
     4fe: ae 10 de     	ldx	$de10                   ; 0xde10 <end_block9+0xcf70>
     501: 86 16        	stx	$16                     ; 0x2016 <end_block9+0x1176>
     503: ae 11 de     	ldx	$de11                   ; 0xde11 <end_block9+0xcf71>
     506: 86 18        	stx	$18                     ; 0x2018 <end_block9+0x1178>
     508: ac 12 de     	ldy	$de12                   ; 0xde12 <end_block9+0xcf72>
     50b: ae 13 de     	ldx	$de13                   ; 0xde13 <end_block9+0xcf73>
     50e: e4 14        	cpx	$14                     ; 0x2014 <end_block9+0x1174>
     510: d0 14        	bne	$526 <f256Init+0x1eb>
     512: c4 13        	cpy	$13                     ; 0x2013 <end_block9+0x1173>
     514: d0 10        	bne	$526 <f256Init+0x1eb>
     516: a6 18        	ldx	$18                     ; 0x2018 <end_block9+0x1178>
     518: e4 12        	cpx	$12                     ; 0x2012 <end_block9+0x1172>
     51a: d0 0a        	bne	$526 <f256Init+0x1eb>
     51c: a6 16        	ldx	$16                     ; 0x2016 <end_block9+0x1176>
     51e: e4 17        	cpx	$17                     ; 0x2017 <end_block9+0x1177>
     520: d0 04        	bne	$526 <f256Init+0x1eb>
     522: a6 15        	ldx	$15                     ; 0x2015 <end_block9+0x1175>
     524: 80 06        	bra	$52c <f256Init+0x1f1>
     526: a6 15        	ldx	$15                     ; 0x2015 <end_block9+0x1175>
     528: e8           	inx
     529: d0 01        	bne	$52c <f256Init+0x1f1>
     52b: 1a           	inc
     52c: 8e 00 de     	stx	$de00                   ; 0xde00 <end_block9+0xcf60>
     52f: 8d 01 de     	sta	$de01                   ; 0xde01 <end_block9+0xcf61>
     532: 9c 02 de     	stz	$de02                   ; 0xde02 <end_block9+0xcf62>
     535: a2 20        	ldx	#$20
     537: 8e 03 de     	stx	$de03                   ; 0xde03 <end_block9+0xcf63>
     53a: ae 10 de     	ldx	$de10                   ; 0xde10 <end_block9+0xcf70>
     53d: 86 12        	stx	$12                     ; 0x2012 <end_block9+0x1172>
     53f: ae 11 de     	ldx	$de11                   ; 0xde11 <end_block9+0xcf71>
     542: 86 13        	stx	$13                     ; 0x2013 <end_block9+0x1173>
     544: ae 12 de     	ldx	$de12                   ; 0xde12 <end_block9+0xcf72>
     547: 86 14        	stx	$14                     ; 0x2014 <end_block9+0x1174>
     549: 38           	sec
     54a: a9 00        	lda	#$0
     54c: e5 12        	sbc	$12                     ; 0x2012 <end_block9+0x1172>
     54e: a8           	tay
     54f: a9 00        	lda	#$0
     551: e5 13        	sbc	$13                     ; 0x2013 <end_block9+0x1173>
     553: 85 15        	sta	$15                     ; 0x2015 <end_block9+0x1175>
     555: a9 08        	lda	#$8
     557: e5 14        	sbc	$14                     ; 0x2014 <end_block9+0x1174>
     559: aa           	tax
     55a: 38           	sec
     55b: 98           	tya
     55c: 84 17        	sty	$17                     ; 0x2017 <end_block9+0x1177>
     55e: e5 12        	sbc	$12                     ; 0x2012 <end_block9+0x1172>
     560: 85 16        	sta	$16                     ; 0x2016 <end_block9+0x1176>
     562: a5 15        	lda	$15                     ; 0x2015 <end_block9+0x1175>
     564: e5 13        	sbc	$13                     ; 0x2013 <end_block9+0x1173>
     566: 85 18        	sta	$18                     ; 0x2018 <end_block9+0x1178>
     568: 8a           	txa
     569: 86 19        	stx	$19                     ; 0x2019 <end_block9+0x1179>
     56b: e5 14        	sbc	$14                     ; 0x2014 <end_block9+0x1174>
     56d: a8           	tay
     56e: 38           	sec
     56f: a5 16        	lda	$16                     ; 0x2016 <end_block9+0x1176>
     571: e5 12        	sbc	$12                     ; 0x2012 <end_block9+0x1172>
     573: 85 12        	sta	$12                     ; 0x2012 <end_block9+0x1172>
     575: a5 18        	lda	$18                     ; 0x2018 <end_block9+0x1178>
     577: e5 13        	sbc	$13                     ; 0x2013 <end_block9+0x1173>
     579: 85 13        	sta	$13                     ; 0x2013 <end_block9+0x1173>
     57b: 98           	tya
     57c: e5 14        	sbc	$14                     ; 0x2014 <end_block9+0x1174>
     57e: ae 13 de     	ldx	$de13                   ; 0xde13 <end_block9+0xcf73>
     581: a6 17        	ldx	$17                     ; 0x2017 <end_block9+0x1177>
     583: 8e 01 d1     	stx	$d101                   ; 0xd101 <end_block9+0xc261>
     586: a6 15        	ldx	$15                     ; 0x2015 <end_block9+0x1175>
     588: 8e 02 d1     	stx	$d102                   ; 0xd102 <end_block9+0xc262>
     58b: a6 19        	ldx	$19                     ; 0x2019 <end_block9+0x1179>
     58d: 8e 03 d1     	stx	$d103                   ; 0xd103 <end_block9+0xc263>
     590: a6 16        	ldx	$16                     ; 0x2016 <end_block9+0x1176>
     592: 8e 09 d1     	stx	$d109                   ; 0xd109 <end_block9+0xc269>
     595: a6 18        	ldx	$18                     ; 0x2018 <end_block9+0x1178>
     597: 8e 0a d1     	stx	$d10a                   ; 0xd10a <end_block9+0xc26a>
     59a: 8c 0b d1     	sty	$d10b                   ; 0xd10b <end_block9+0xc26b>
     59d: a6 12        	ldx	$12                     ; 0x2012 <end_block9+0x1172>
     59f: 8e 11 d1     	stx	$d111                   ; 0xd111 <end_block9+0xc271>
     5a2: a6 13        	ldx	$13                     ; 0x2013 <end_block9+0x1173>
     5a4: 8e 12 d1     	stx	$d112                   ; 0xd112 <end_block9+0xc272>
     5a7: 8d 13 d1     	sta	$d113                   ; 0xd113 <end_block9+0xc273>
     5aa: 9c 00 d1     	stz	$d100                   ; 0xd100 <end_block9+0xc260>
     5ad: 9c 08 d1     	stz	$d108                   ; 0xd108 <end_block9+0xc268>
     5b0: 9c 10 d1     	stz	$d110                   ; 0xd110 <end_block9+0xc270>
     5b3: a2 10        	ldx	#$10
     5b5: 8e 00 d2     	stx	$d200                   ; 0xd200 <end_block9+0xc360>
     5b8: 8e 0c d2     	stx	$d20c                   ; 0xd20c <end_block9+0xc36c>
     5bb: 8e 18 d2     	stx	$d218                   ; 0xd218 <end_block9+0xc378>
     5be: a0 d9        	ldy	#$d9
     5c0: a2 40        	ldx	#$40
     5c2: 64 12        	stz	$12                     ; 0x2012 <end_block9+0x1172>
     5c4: 84 13        	sty	$13                     ; 0x2013 <end_block9+0x1173>
     5c6: a9 00        	lda	#$0
     5c8: 92 12        	sta	($12)                   ; 0x2012 <end_block9+0x1172>
     5ca: ca           	dex
     5cb: 18           	clc
     5cc: a5 12        	lda	$12                     ; 0x2012 <end_block9+0x1172>
     5ce: 69 08        	adc	#$8
     5d0: 85 12        	sta	$12                     ; 0x2012 <end_block9+0x1172>
     5d2: 98           	tya
     5d3: 69 00        	adc	#$0
     5d5: a8           	tay
     5d6: 8a           	txa
     5d7: d0 eb        	bne	$5c4 <f256Init+0x289>
     5d9: a2 48        	ldx	#$48
     5db: a0 00        	ldy	#$0
     5dd: 86 fb        	stx	$fb                     ; 0x20fb <end_block9+0x125b>
     5df: 84 fc        	sty	$fc                     ; 0x20fc <end_block9+0x125c>
     5e1: a2 08        	ldx	#$8
     5e3: 86 fd        	stx	$fd                     ; 0x20fd <end_block9+0x125d>
     5e5: a2 50        	ldx	#$50
     5e7: a0 00        	ldy	#$0
     5e9: 86 12        	stx	$12                     ; 0x2012 <end_block9+0x1172>
     5eb: 84 13        	sty	$13                     ; 0x2013 <end_block9+0x1173>
     5ed: a2 8d        	ldx	#$8d
     5ef: 86 14        	stx	$14                     ; 0x2014 <end_block9+0x1174>
     5f1: a2 0e        	ldx	#$e
     5f3: 86 15        	stx	$15                     ; 0x2015 <end_block9+0x1175>
     5f5: 20 dc ff     	jsr	$ffdc <end_block9+0xf13c>
     5f8: 92 12        	sta	($12)                   ; 0x2012 <end_block9+0x1172>
     5fa: a9 00        	lda	#$0
     5fc: 6a           	ror
     5fd: 85 14        	sta	$14                     ; 0x2014 <end_block9+0x1174>
     5ff: a6 4e        	ldx	$4e                     ; 0x204e <end_block9+0x11ae>
     601: a4 4f        	ldy	$4f                     ; 0x204f <end_block9+0x11af>
     603: 8e 00 de     	stx	$de00                   ; 0xde00 <end_block9+0xcf60>
     606: 9c 01 de     	stz	$de01                   ; 0xde01 <end_block9+0xcf61>
     609: 8c 02 de     	sty	$de02                   ; 0xde02 <end_block9+0xcf62>
     60c: 9c 03 de     	stz	$de03                   ; 0xde03 <end_block9+0xcf63>
     60f: ae 10 de     	ldx	$de10                   ; 0xde10 <end_block9+0xcf70>
     612: ac 11 de     	ldy	$de11                   ; 0xde11 <end_block9+0xcf71>
     615: ad 12 de     	lda	$de12                   ; 0xde12 <end_block9+0xcf72>
     618: ad 13 de     	lda	$de13                   ; 0xde13 <end_block9+0xcf73>
     61b: 8e a4 d6     	stx	$d6a4                   ; 0xd6a4 <end_block9+0xc804>
     61e: 8c a5 d6     	sty	$d6a5                   ; 0xd6a5 <end_block9+0xc805>
     621: a2 03        	ldx	#$3
     623: 8e a6 d6     	stx	$d6a6                   ; 0xd6a6 <end_block9+0xc806>
     626: 60           	rts

00000627 <textClear>:
     627: a0 00        	ldy	#$0
     629: a6 01        	ldx	$1                      ; 0x2001 <end_block9+0x1161>
     62b: 86 18        	stx	$18                     ; 0x2018 <end_block9+0x1178>
     62d: a5 37        	lda	$37                     ; 0x2037 <end_block9+0x1197>
     62f: 29 01        	and	#$1
     631: a2 28        	ldx	#$28
     633: c9 00        	cmp	#$0
     635: d0 02        	bne	$639 <textClear+0x12>
     637: a2 50        	ldx	#$50
     639: 8e 00 de     	stx	$de00                   ; 0xde00 <end_block9+0xcf60>
     63c: 8c 01 de     	sty	$de01                   ; 0xde01 <end_block9+0xcf61>
     63f: a2 1e        	ldx	#$1e
     641: 8e 02 de     	stx	$de02                   ; 0xde02 <end_block9+0xcf62>
     644: 9c 03 de     	stz	$de03                   ; 0xde03 <end_block9+0xcf63>
     647: ae 10 de     	ldx	$de10                   ; 0xde10 <end_block9+0xcf70>
     64a: ac 11 de     	ldy	$de11                   ; 0xde11 <end_block9+0xcf71>
     64d: ad 12 de     	lda	$de12                   ; 0xde12 <end_block9+0xcf72>
     650: ad 13 de     	lda	$de13                   ; 0xde13 <end_block9+0xcf73>
     653: a9 02        	lda	#$2
     655: 85 01        	sta	$1                      ; 0x2001 <end_block9+0x1161>
     657: e0 01        	cpx	#$1
     659: 98           	tya
     65a: e9 00        	sbc	#$0
     65c: 50 02        	bvc	$660 <textClear+0x39>
     65e: 49 80        	eor	#$80
     660: c9 00        	cmp	#$0
     662: 30 50        	bmi	$6b4 <textClear+0x8d>
     664: a9 00        	lda	#$0
     666: 85 12        	sta	$12                     ; 0x2012 <end_block9+0x1172>
     668: a9 c0        	lda	#$c0
     66a: 85 13        	sta	$13                     ; 0x2013 <end_block9+0x1173>
     66c: a9 20        	lda	#$20
     66e: 86 19        	stx	$19                     ; 0x2019 <end_block9+0x1179>
     670: 86 14        	stx	$14                     ; 0x2014 <end_block9+0x1174>
     672: 84 15        	sty	$15                     ; 0x2015 <end_block9+0x1175>
     674: a2 00        	ldx	#$0
     676: 86 16        	stx	$16                     ; 0x2016 <end_block9+0x1176>
     678: a2 c0        	ldx	#$c0
     67a: 86 17        	stx	$17                     ; 0x2017 <end_block9+0x1177>
     67c: 92 16        	sta	($16)                   ; 0x2016 <end_block9+0x1176>
     67e: e6 16        	inc	$16                     ; 0x2016 <end_block9+0x1176>
     680: d0 02        	bne	$684 <textClear+0x5d>
     682: e6 17        	inc	$17                     ; 0x2017 <end_block9+0x1177>
     684: a2 ff        	ldx	#$ff
     686: c6 14        	dec	$14                     ; 0x2014 <end_block9+0x1174>
     688: e4 14        	cpx	$14                     ; 0x2014 <end_block9+0x1174>
     68a: d0 02        	bne	$68e <textClear+0x67>
     68c: c6 15        	dec	$15                     ; 0x2015 <end_block9+0x1175>
     68e: a6 15        	ldx	$15                     ; 0x2015 <end_block9+0x1175>
     690: d0 ea        	bne	$67c <textClear+0x55>
     692: a6 14        	ldx	$14                     ; 0x2014 <end_block9+0x1174>
     694: d0 e6        	bne	$67c <textClear+0x55>
     696: a2 03        	ldx	#$3
     698: 86 01        	stx	$1                      ; 0x2001 <end_block9+0x1161>
     69a: a6 19        	ldx	$19                     ; 0x2019 <end_block9+0x1179>
     69c: a9 f0        	lda	#$f0
     69e: 92 12        	sta	($12)                   ; 0x2012 <end_block9+0x1172>
     6a0: e6 12        	inc	$12                     ; 0x2012 <end_block9+0x1172>
     6a2: d0 02        	bne	$6a6 <textClear+0x7f>
     6a4: e6 13        	inc	$13                     ; 0x2013 <end_block9+0x1173>
     6a6: ca           	dex
     6a7: e0 ff        	cpx	#$ff
     6a9: d0 01        	bne	$6ac <textClear+0x85>
     6ab: 88           	dey
     6ac: 98           	tya
     6ad: d0 ed        	bne	$69c <textClear+0x75>
     6af: 8a           	txa
     6b0: d0 ea        	bne	$69c <textClear+0x75>
     6b2: 80 04        	bra	$6b8 <textClear+0x91>
     6b4: a2 03        	ldx	#$3
     6b6: 86 01        	stx	$1                      ; 0x2001 <end_block9+0x1161>
     6b8: a6 18        	ldx	$18                     ; 0x2018 <end_block9+0x1178>
     6ba: 86 01        	stx	$1                      ; 0x2001 <end_block9+0x1161>
     6bc: 64 38        	stz	$38                     ; 0x2038 <end_block9+0x1198>
     6be: 9c 14 d0     	stz	$d014                   ; 0xd014 <end_block9+0xc174>
     6c1: 9c 15 d0     	stz	$d015                   ; 0xd015 <end_block9+0xc175>
     6c4: 64 39        	stz	$39                     ; 0x2039 <end_block9+0x1199>
     6c6: 9c 16 d0     	stz	$d016                   ; 0xd016 <end_block9+0xc176>
     6c9: 9c 17 d0     	stz	$d017                   ; 0xd017 <end_block9+0xc177>
     6cc: 60           	rts

000006cd <main>:
     6cd: 20 3b 03     	jsr	$33b <f256Init>
     6d0: 20 d3 06     	jsr	$6d3 <f256main>

000006d3 <f256main>:
     6d3: 20 27 06     	jsr	$627 <textClear>
     6d6: ad 01 d0     	lda	$d001                   ; 0xd001 <end_block9+0xc161>
     6d9: 09 06        	ora	#$6
     6db: 8d 01 d0     	sta	$d001                   ; 0xd001 <end_block9+0xc161>
     6de: a2 01        	ldx	#$1
     6e0: 86 37        	stx	$37                     ; 0x2037 <end_block9+0x1197>
     6e2: a2 0a        	ldx	#$a
     6e4: 86 38        	stx	$38                     ; 0x2038 <end_block9+0x1198>
     6e6: 8e 14 d0     	stx	$d014                   ; 0xd014 <end_block9+0xc174>
     6e9: 9c 15 d0     	stz	$d015                   ; 0xd015 <end_block9+0xc175>
     6ec: a2 03        	ldx	#$3
     6ee: 86 39        	stx	$39                     ; 0x2039 <end_block9+0x1199>
     6f0: 8e 16 d0     	stx	$d016                   ; 0xd016 <end_block9+0xc176>
     6f3: 9c 17 d0     	stz	$d017                   ; 0xd017 <end_block9+0xc177>
     6f6: a2 49        	ldx	#$49
     6f8: 86 12        	stx	$12                     ; 0x2012 <end_block9+0x1172>
     6fa: a2 0e        	ldx	#$e
     6fc: 86 13        	stx	$13                     ; 0x2013 <end_block9+0x1173>
     6fe: 20 9f 09     	jsr	$99f <textPrint>
     701: a2 0a        	ldx	#$a
     703: 86 38        	stx	$38                     ; 0x2038 <end_block9+0x1198>
     705: 8e 14 d0     	stx	$d014                   ; 0xd014 <end_block9+0xc174>
     708: 9c 15 d0     	stz	$d015                   ; 0xd015 <end_block9+0xc175>
     70b: a2 05        	ldx	#$5
     70d: 86 39        	stx	$39                     ; 0x2039 <end_block9+0x1199>
     70f: 8e 16 d0     	stx	$d016                   ; 0xd016 <end_block9+0xc176>
     712: 9c 17 d0     	stz	$d017                   ; 0xd017 <end_block9+0xc177>
     715: a2 29        	ldx	#$29
     717: 86 12        	stx	$12                     ; 0x2012 <end_block9+0x1172>
     719: a2 0e        	ldx	#$e
     71b: 86 13        	stx	$13                     ; 0x2013 <end_block9+0x1173>
     71d: 20 9f 09     	jsr	$99f <textPrint>
     720: a2 0a        	ldx	#$a
     722: 86 38        	stx	$38                     ; 0x2038 <end_block9+0x1198>
     724: 8e 14 d0     	stx	$d014                   ; 0xd014 <end_block9+0xc174>
     727: 9c 15 d0     	stz	$d015                   ; 0xd015 <end_block9+0xc175>
     72a: a2 07        	ldx	#$7
     72c: 86 39        	stx	$39                     ; 0x2039 <end_block9+0x1199>
     72e: 8e 16 d0     	stx	$d016                   ; 0xd016 <end_block9+0xc176>
     731: 9c 17 d0     	stz	$d017                   ; 0xd017 <end_block9+0xc177>
     734: a2 57        	ldx	#$57
     736: 86 12        	stx	$12                     ; 0x2012 <end_block9+0x1172>
     738: a2 0e        	ldx	#$e
     73a: 86 13        	stx	$13                     ; 0x2013 <end_block9+0x1173>
     73c: 20 9f 09     	jsr	$99f <textPrint>
     73f: a2 0a        	ldx	#$a
     741: 86 38        	stx	$38                     ; 0x2038 <end_block9+0x1198>
     743: 8e 14 d0     	stx	$d014                   ; 0xd014 <end_block9+0xc174>
     746: 9c 15 d0     	stz	$d015                   ; 0xd015 <end_block9+0xc175>
     749: ca           	dex
     74a: 86 39        	stx	$39                     ; 0x2039 <end_block9+0x1199>
     74c: 8e 16 d0     	stx	$d016                   ; 0xd016 <end_block9+0xc176>
     74f: 9c 17 d0     	stz	$d017                   ; 0xd017 <end_block9+0xc177>
     752: a2 69        	ldx	#$69
     754: 86 12        	stx	$12                     ; 0x2012 <end_block9+0x1172>
     756: a2 0e        	ldx	#$e
     758: 86 13        	stx	$13                     ; 0x2013 <end_block9+0x1173>
     75a: 20 9f 09     	jsr	$99f <textPrint>
     75d: a2 0a        	ldx	#$a
     75f: 86 38        	stx	$38                     ; 0x2038 <end_block9+0x1198>
     761: 8e 14 d0     	stx	$d014                   ; 0xd014 <end_block9+0xc174>
     764: 9c 15 d0     	stz	$d015                   ; 0xd015 <end_block9+0xc175>
     767: e8           	inx
     768: 86 39        	stx	$39                     ; 0x2039 <end_block9+0x1199>
     76a: 8e 16 d0     	stx	$d016                   ; 0xd016 <end_block9+0xc176>
     76d: 9c 17 d0     	stz	$d017                   ; 0xd017 <end_block9+0xc177>
     770: a2 78        	ldx	#$78
     772: 86 12        	stx	$12                     ; 0x2012 <end_block9+0x1172>
     774: a2 0e        	ldx	#$e
     776: 86 13        	stx	$13                     ; 0x2013 <end_block9+0x1173>
     778: 20 9f 09     	jsr	$99f <textPrint>
     77b: a2 0a        	ldx	#$a
     77d: 86 38        	stx	$38                     ; 0x2038 <end_block9+0x1198>
     77f: 8e 14 d0     	stx	$d014                   ; 0xd014 <end_block9+0xc174>
     782: 9c 15 d0     	stz	$d015                   ; 0xd015 <end_block9+0xc175>
     785: a2 0d        	ldx	#$d
     787: 86 39        	stx	$39                     ; 0x2039 <end_block9+0x1199>
     789: 8e 16 d0     	stx	$d016                   ; 0xd016 <end_block9+0xc176>
     78c: 9c 17 d0     	stz	$d017                   ; 0xd017 <end_block9+0xc177>
     78f: a2 3a        	ldx	#$3a
     791: 86 12        	stx	$12                     ; 0x2012 <end_block9+0x1172>
     793: a2 0e        	ldx	#$e
     795: 86 13        	stx	$13                     ; 0x2013 <end_block9+0x1173>
     797: 20 9f 09     	jsr	$99f <textPrint>
     79a: a2 3c        	ldx	#$3c
     79c: 86 12        	stx	$12                     ; 0x2012 <end_block9+0x1172>
     79e: a2 00        	ldx	#$0
     7a0: 86 13        	stx	$13                     ; 0x2013 <end_block9+0x1173>
     7a2: 64 14        	stz	$14                     ; 0x2014 <end_block9+0x1174>
     7a4: a2 06        	ldx	#$6
     7a6: a9 01        	lda	#$1
     7a8: 20 60 0c     	jsr	$c60 <__memset>
     7ab: a0 00        	ldy	#$0
     7ad: a9 01        	lda	#$1
     7af: 85 42        	sta	$42                     ; 0x2042 <end_block9+0x11a2>
     7b1: a2 05        	ldx	#$5
     7b3: 86 43        	stx	$43                     ; 0x2043 <end_block9+0x11a3>
     7b5: a2 14        	ldx	#$14
     7b7: 86 44        	stx	$44                     ; 0x2044 <end_block9+0x11a4>
     7b9: 85 45        	sta	$45                     ; 0x2045 <end_block9+0x11a5>
     7bb: a2 03        	ldx	#$3
     7bd: 86 46        	stx	$46                     ; 0x2046 <end_block9+0x11a6>
     7bf: a2 3c        	ldx	#$3c
     7c1: 86 47        	stx	$47                     ; 0x2047 <end_block9+0x11a7>
     7c3: 9c 8e 0e     	stz	$e8e                    ; 0xe8e <myTimers>
     7c6: 9c 91 0e     	stz	$e91                    ; 0xe91 <myTimers+0x3>
     7c9: 9c 94 0e     	stz	$e94                    ; 0xe94 <myTimers+0x6>
     7cc: 8d 97 0e     	sta	$e97                    ; 0xe97 <myTimers+0x9>
     7cf: 8d 9a 0e     	sta	$e9a                    ; 0xe9a <myTimers+0xc>
     7d2: aa           	tax
     7d3: 8d 9d 0e     	sta	$e9d                    ; 0xe9d <myTimers+0xf>
     7d6: b9 42 00     	lda	$42,y                   ; 0x42 <delays>
     7d9: 9d 8e 0e     	sta	$e8e,x                  ; 0xe8e <myTimers>
     7dc: c8           	iny
     7dd: 18           	clc
     7de: 8a           	txa
     7df: 69 03        	adc	#$3
     7e1: aa           	tax
     7e2: c0 06        	cpy	#$6
     7e4: d0 f0        	bne	$7d6 <f256main+0x103>
     7e6: 9c 90 0e     	stz	$e90                    ; 0xe90 <myTimers+0x2>
     7e9: a2 01        	ldx	#$1
     7eb: 8e 93 0e     	stx	$e93                    ; 0xe93 <myTimers+0x5>
     7ee: e8           	inx
     7ef: 8e 96 0e     	stx	$e96                    ; 0xe96 <myTimers+0x8>
     7f2: e8           	inx
     7f3: 8e 99 0e     	stx	$e99                    ; 0xe99 <myTimers+0xb>
     7f6: e8           	inx
     7f7: 8e 9c 0e     	stx	$e9c                    ; 0xe9c <myTimers+0xe>
     7fa: e8           	inx
     7fb: 8e 9f 0e     	stx	$e9f                    ; 0xe9f <myTimers+0x11>
     7fe: 64 f3        	stz	$f3                     ; 0x20f3 <end_block9+0x1253>
     800: ae 8f 0e     	ldx	$e8f                    ; 0xe8f <myTimers+0x1>
     803: 86 f4        	stx	$f4                     ; 0x20f4 <end_block9+0x1254>
     805: ae 90 0e     	ldx	$e90                    ; 0xe90 <myTimers+0x2>
     808: 86 f5        	stx	$f5                     ; 0x20f5 <end_block9+0x1255>
     80a: a2 4d        	ldx	#$4d
     80c: a0 00        	ldy	#$0
     80e: 86 12        	stx	$12                     ; 0x2012 <end_block9+0x1172>
     810: 84 13        	sty	$13                     ; 0x2013 <end_block9+0x1173>
     812: a2 8d        	ldx	#$8d
     814: 86 26        	stx	$26                     ; 0x2026 <end_block9+0x1186>
     816: a2 0e        	ldx	#$e
     818: 86 27        	stx	$27                     ; 0x2027 <end_block9+0x1187>
     81a: 20 f0 ff     	jsr	$fff0 <end_block9+0xf150>
     81d: 92 12        	sta	($12)                   ; 0x2012 <end_block9+0x1172>
     81f: a9 00        	lda	#$0
     821: 6a           	ror
     822: 85 26        	sta	$26                     ; 0x2026 <end_block9+0x1186>
     824: ae 91 0e     	ldx	$e91                    ; 0xe91 <myTimers+0x3>
     827: 86 f3        	stx	$f3                     ; 0x20f3 <end_block9+0x1253>
     829: ae 92 0e     	ldx	$e92                    ; 0xe92 <myTimers+0x4>
     82c: 86 f4        	stx	$f4                     ; 0x20f4 <end_block9+0x1254>
     82e: ae 93 0e     	ldx	$e93                    ; 0xe93 <myTimers+0x5>
     831: 86 f5        	stx	$f5                     ; 0x20f5 <end_block9+0x1255>
     833: a2 4c        	ldx	#$4c
     835: a0 00        	ldy	#$0
     837: 86 12        	stx	$12                     ; 0x2012 <end_block9+0x1172>
     839: 84 13        	sty	$13                     ; 0x2013 <end_block9+0x1173>
     83b: 20 f0 ff     	jsr	$fff0 <end_block9+0xf150>
     83e: 92 12        	sta	($12)                   ; 0x2012 <end_block9+0x1172>
     840: a9 00        	lda	#$0
     842: 6a           	ror
     843: 85 26        	sta	$26                     ; 0x2026 <end_block9+0x1186>
     845: ae 94 0e     	ldx	$e94                    ; 0xe94 <myTimers+0x6>
     848: 86 f3        	stx	$f3                     ; 0x20f3 <end_block9+0x1253>
     84a: ae 95 0e     	ldx	$e95                    ; 0xe95 <myTimers+0x7>
     84d: 86 f4        	stx	$f4                     ; 0x20f4 <end_block9+0x1254>
     84f: ae 96 0e     	ldx	$e96                    ; 0xe96 <myTimers+0x8>
     852: 86 f5        	stx	$f5                     ; 0x20f5 <end_block9+0x1255>
     854: a2 4b        	ldx	#$4b
     856: a0 00        	ldy	#$0
     858: 86 12        	stx	$12                     ; 0x2012 <end_block9+0x1172>
     85a: 84 13        	sty	$13                     ; 0x2013 <end_block9+0x1173>
     85c: 20 f0 ff     	jsr	$fff0 <end_block9+0xf150>
     85f: 92 12        	sta	($12)                   ; 0x2012 <end_block9+0x1172>
     861: a9 00        	lda	#$0
     863: 6a           	ror
     864: 85 26        	sta	$26                     ; 0x2026 <end_block9+0x1186>
     866: ae 97 0e     	ldx	$e97                    ; 0xe97 <myTimers+0x9>
     869: 86 f3        	stx	$f3                     ; 0x20f3 <end_block9+0x1253>
     86b: ae 98 0e     	ldx	$e98                    ; 0xe98 <myTimers+0xa>
     86e: 86 f4        	stx	$f4                     ; 0x20f4 <end_block9+0x1254>
     870: ae 99 0e     	ldx	$e99                    ; 0xe99 <myTimers+0xb>
     873: 86 f5        	stx	$f5                     ; 0x20f5 <end_block9+0x1255>
     875: a2 4a        	ldx	#$4a
     877: a0 00        	ldy	#$0
     879: 86 12        	stx	$12                     ; 0x2012 <end_block9+0x1172>
     87b: 84 13        	sty	$13                     ; 0x2013 <end_block9+0x1173>
     87d: 20 f0 ff     	jsr	$fff0 <end_block9+0xf150>
     880: 92 12        	sta	($12)                   ; 0x2012 <end_block9+0x1172>
     882: a9 00        	lda	#$0
     884: 6a           	ror
     885: 85 26        	sta	$26                     ; 0x2026 <end_block9+0x1186>
     887: ae 9a 0e     	ldx	$e9a                    ; 0xe9a <myTimers+0xc>
     88a: 86 f3        	stx	$f3                     ; 0x20f3 <end_block9+0x1253>
     88c: ae 9b 0e     	ldx	$e9b                    ; 0xe9b <myTimers+0xd>
     88f: 86 f4        	stx	$f4                     ; 0x20f4 <end_block9+0x1254>
     891: ae 9c 0e     	ldx	$e9c                    ; 0xe9c <myTimers+0xe>
     894: 86 f5        	stx	$f5                     ; 0x20f5 <end_block9+0x1255>
     896: a2 49        	ldx	#$49
     898: a0 00        	ldy	#$0
     89a: 86 12        	stx	$12                     ; 0x2012 <end_block9+0x1172>
     89c: 84 13        	sty	$13                     ; 0x2013 <end_block9+0x1173>
     89e: 20 f0 ff     	jsr	$fff0 <end_block9+0xf150>
     8a1: 92 12        	sta	($12)                   ; 0x2012 <end_block9+0x1172>
     8a3: a9 00        	lda	#$0
     8a5: 6a           	ror
     8a6: 85 26        	sta	$26                     ; 0x2026 <end_block9+0x1186>
     8a8: ae 9d 0e     	ldx	$e9d                    ; 0xe9d <myTimers+0xf>
     8ab: 86 f3        	stx	$f3                     ; 0x20f3 <end_block9+0x1253>
     8ad: ae 9e 0e     	ldx	$e9e                    ; 0xe9e <myTimers+0x10>
     8b0: 86 f4        	stx	$f4                     ; 0x20f4 <end_block9+0x1254>
     8b2: ae 9f 0e     	ldx	$e9f                    ; 0xe9f <myTimers+0x11>
     8b5: 86 f5        	stx	$f5                     ; 0x20f5 <end_block9+0x1255>
     8b7: a2 48        	ldx	#$48
     8b9: a0 00        	ldy	#$0
     8bb: 86 12        	stx	$12                     ; 0x2012 <end_block9+0x1172>
     8bd: 84 13        	sty	$13                     ; 0x2013 <end_block9+0x1173>
     8bf: a2 4f        	ldx	#$4f
     8c1: a0 00        	ldy	#$0
     8c3: 86 28        	stx	$28                     ; 0x2028 <end_block9+0x1188>
     8c5: 84 29        	sty	$29                     ; 0x2029 <end_block9+0x1189>
     8c7: 64 24        	stz	$24                     ; 0x2024 <end_block9+0x1184>
     8c9: a2 4e        	ldx	#$4e
     8cb: 86 2a        	stx	$2a                     ; 0x202a <end_block9+0x118a>
     8cd: a2 00        	ldx	#$0
     8cf: 86 2b        	stx	$2b                     ; 0x202b <end_block9+0x118b>
     8d1: 20 f0 ff     	jsr	$fff0 <end_block9+0xf150>
     8d4: 92 12        	sta	($12)                   ; 0x2012 <end_block9+0x1172>
     8d6: a9 00        	lda	#$0
     8d8: 6a           	ror
     8d9: 85 26        	sta	$26                     ; 0x2026 <end_block9+0x1186>
     8db: 80 46        	bra	$923 <f256main+0x250>
     8dd: a9 01        	lda	#$1
     8df: 9d 3c 00     	sta	$3c,x                   ; 0x3c <animFrame>
     8e2: 8a           	txa
     8e3: 0a           	asl
     8e4: 85 12        	sta	$12                     ; 0x2012 <end_block9+0x1172>
     8e6: 64 13        	stz	$13                     ; 0x2013 <end_block9+0x1173>
     8e8: 26 13        	rol	$13                     ; 0x2013 <end_block9+0x1173>
     8ea: 8a           	txa
     8eb: 18           	clc
     8ec: 65 12        	adc	$12                     ; 0x2012 <end_block9+0x1172>
     8ee: 85 12        	sta	$12                     ; 0x2012 <end_block9+0x1172>
     8f0: a5 13        	lda	$13                     ; 0x2013 <end_block9+0x1173>
     8f2: 69 00        	adc	#$0
     8f4: 85 13        	sta	$13                     ; 0x2013 <end_block9+0x1173>
     8f6: a9 8e        	lda	#$8e
     8f8: 18           	clc
     8f9: 65 12        	adc	$12                     ; 0x2012 <end_block9+0x1172>
     8fb: 85 12        	sta	$12                     ; 0x2012 <end_block9+0x1172>
     8fd: a9 0e        	lda	#$e
     8ff: 65 13        	adc	$13                     ; 0x2013 <end_block9+0x1173>
     901: 85 13        	sta	$13                     ; 0x2013 <end_block9+0x1173>
     903: a0 01        	ldy	#$1
     905: b1 12        	lda	($12),y                 ; 0x2012 <end_block9+0x1172>
     907: 18           	clc
     908: 75 42        	adc	$42,x                   ; 0x2042 <end_block9+0x11a2>
     90a: 91 12        	sta	($12),y                 ; 0x2012 <end_block9+0x1172>
     90c: b2 12        	lda	($12)                   ; 0x2012 <end_block9+0x1172>
     90e: 85 f3        	sta	$f3                     ; 0x20f3 <end_block9+0x1253>
     910: b1 12        	lda	($12),y                 ; 0x2012 <end_block9+0x1172>
     912: 85 f4        	sta	$f4                     ; 0x20f4 <end_block9+0x1254>
     914: c8           	iny
     915: b1 12        	lda	($12),y                 ; 0x2012 <end_block9+0x1172>
     917: 85 f5        	sta	$f5                     ; 0x20f5 <end_block9+0x1255>
     919: 20 f0 ff     	jsr	$fff0 <end_block9+0xf150>
     91c: 92 2a        	sta	($2a)                   ; 0x202a <end_block9+0x118a>
     91e: a9 00        	lda	#$0
     920: 6a           	ror
     921: 85 26        	sta	$26                     ; 0x2026 <end_block9+0x1186>
     923: 64 30        	stz	$30                     ; 0x2030 <end_block9+0x1190>
     925: 20 00 ff     	jsr	$ff00 <end_block9+0xf060>
     928: 92 28        	sta	($28)                   ; 0x2028 <end_block9+0x1188>
     92a: a9 00        	lda	#$0
     92c: 6a           	ror
     92d: 85 26        	sta	$26                     ; 0x2026 <end_block9+0x1186>
     92f: a6 30        	ldx	$30                     ; 0x2030 <end_block9+0x1190>
     931: e0 52        	cpx	#$52
     933: d0 ee        	bne	$923 <f256main+0x250>
     935: a6 34        	ldx	$34                     ; 0x2034 <end_block9+0x1194>
     937: 86 25        	stx	$25                     ; 0x2025 <end_block9+0x1185>
     939: a2 01        	ldx	#$1
     93b: 86 38        	stx	$38                     ; 0x2038 <end_block9+0x1198>
     93d: 8e 14 d0     	stx	$d014                   ; 0xd014 <end_block9+0xc174>
     940: 9c 15 d0     	stz	$d015                   ; 0xd015 <end_block9+0xc175>
     943: 86 39        	stx	$39                     ; 0x2039 <end_block9+0x1199>
     945: 8e 16 d0     	stx	$d016                   ; 0xd016 <end_block9+0xc176>
     948: 9c 17 d0     	stz	$d017                   ; 0xd017 <end_block9+0xc177>
     94b: a2 8a        	ldx	#$8a
     94d: 86 12        	stx	$12                     ; 0x2012 <end_block9+0x1172>
     94f: a2 0e        	ldx	#$e
     951: 86 13        	stx	$13                     ; 0x2013 <end_block9+0x1173>
     953: 20 9f 09     	jsr	$99f <textPrint>
     956: 64 12        	stz	$12                     ; 0x2012 <end_block9+0x1172>
     958: 64 13        	stz	$13                     ; 0x2013 <end_block9+0x1173>
     95a: a2 00        	ldx	#$0
     95c: a5 25        	lda	$25                     ; 0x2025 <end_block9+0x1185>
     95e: 20 a0 0b     	jsr	$ba0 <textPrintUInt>
     961: a4 25        	ldy	$25                     ; 0x2025 <end_block9+0x1185>
     963: a5 25        	lda	$25                     ; 0x2025 <end_block9+0x1185>
     965: 0a           	asl
     966: 18           	clc
     967: 69 03        	adc	#$3
     969: a2 08        	ldx	#$8
     96b: 86 38        	stx	$38                     ; 0x2038 <end_block9+0x1198>
     96d: 8e 14 d0     	stx	$d014                   ; 0xd014 <end_block9+0xc174>
     970: 9c 15 d0     	stz	$d015                   ; 0xd015 <end_block9+0xc175>
     973: 85 39        	sta	$39                     ; 0x2039 <end_block9+0x1199>
     975: 8d 16 d0     	sta	$d016                   ; 0xd016 <end_block9+0xc176>
     978: 9c 17 d0     	stz	$d017                   ; 0xd017 <end_block9+0xc177>
     97b: b6 3c        	ldx	$3c,y                   ; 0x203c <end_block9+0x119c>
     97d: 8a           	txa
     97e: 1a           	inc
     97f: 99 3c 00     	sta	$3c,y                   ; 0x3c <animFrame>
     982: 85 2c        	sta	$2c                     ; 0x202c <end_block9+0x118c>
     984: 86 3a        	stx	$3a                     ; 0x203a <end_block9+0x119a>
     986: a2 3a        	ldx	#$3a
     988: 86 12        	stx	$12                     ; 0x2012 <end_block9+0x1172>
     98a: a2 00        	ldx	#$0
     98c: 86 13        	stx	$13                     ; 0x2013 <end_block9+0x1173>
     98e: 20 9f 09     	jsr	$99f <textPrint>
     991: a6 25        	ldx	$25                     ; 0x2025 <end_block9+0x1185>
     993: a4 2c        	ldy	$2c                     ; 0x202c <end_block9+0x118c>
     995: c0 0f        	cpy	#$f
     997: 90 03        	bcc	$99c <f256main+0x2c9>
     999: 4c dd 08     	jmp	$8dd <f256main+0x20a>
     99c: 4c e2 08     	jmp	$8e2 <f256main+0x20f>

0000099f <textPrint>:
     99f: a6 12        	ldx	$12                     ; 0x2012 <end_block9+0x1172>
     9a1: 86 50        	stx	$50                     ; 0x2050 <end_block9+0x11b0>
     9a3: a6 13        	ldx	$13                     ; 0x2013 <end_block9+0x1173>
     9a5: 86 51        	stx	$51                     ; 0x2051 <end_block9+0x11b1>
     9a7: a6 01        	ldx	$1                      ; 0x2001 <end_block9+0x1161>
     9a9: 86 55        	stx	$55                     ; 0x2055 <end_block9+0x11b5>
     9ab: a5 37        	lda	$37                     ; 0x2037 <end_block9+0x1197>
     9ad: 29 01        	and	#$1
     9af: a0 28        	ldy	#$28
     9b1: aa           	tax
     9b2: d0 02        	bne	$9b6 <textPrint+0x17>
     9b4: a0 50        	ldy	#$50
     9b6: a2 00        	ldx	#$0
     9b8: 86 52        	stx	$52                     ; 0x2052 <end_block9+0x11b2>
     9ba: a2 c0        	ldx	#$c0
     9bc: 86 53        	stx	$53                     ; 0x2053 <end_block9+0x11b3>
     9be: a6 39        	ldx	$39                     ; 0x2039 <end_block9+0x1199>
     9c0: 8c 00 de     	sty	$de00                   ; 0xde00 <end_block9+0xcf60>
     9c3: 9c 01 de     	stz	$de01                   ; 0xde01 <end_block9+0xcf61>
     9c6: 8e 02 de     	stx	$de02                   ; 0xde02 <end_block9+0xcf62>
     9c9: 9c 03 de     	stz	$de03                   ; 0xde03 <end_block9+0xcf63>
     9cc: 84 14        	sty	$14                     ; 0x2014 <end_block9+0x1174>
     9ce: ac 10 de     	ldy	$de10                   ; 0xde10 <end_block9+0xcf70>
     9d1: ad 11 de     	lda	$de11                   ; 0xde11 <end_block9+0xcf71>
     9d4: ae 12 de     	ldx	$de12                   ; 0xde12 <end_block9+0xcf72>
     9d7: 86 12        	stx	$12                     ; 0x2012 <end_block9+0x1172>
     9d9: ae 13 de     	ldx	$de13                   ; 0xde13 <end_block9+0xcf73>
     9dc: 86 13        	stx	$13                     ; 0x2013 <end_block9+0x1173>
     9de: 9c 08 de     	stz	$de08                   ; 0xde08 <end_block9+0xcf68>
     9e1: a2 c0        	ldx	#$c0
     9e3: 8e 09 de     	stx	$de09                   ; 0xde09 <end_block9+0xcf69>
     9e6: 9c 0a de     	stz	$de0a                   ; 0xde0a <end_block9+0xcf6a>
     9e9: 9c 0b de     	stz	$de0b                   ; 0xde0b <end_block9+0xcf6b>
     9ec: 8c 0c de     	sty	$de0c                   ; 0xde0c <end_block9+0xcf6c>
     9ef: 8d 0d de     	sta	$de0d                   ; 0xde0d <end_block9+0xcf6d>
     9f2: a6 12        	ldx	$12                     ; 0x2012 <end_block9+0x1172>
     9f4: 8e 0e de     	stx	$de0e                   ; 0xde0e <end_block9+0xcf6e>
     9f7: a6 13        	ldx	$13                     ; 0x2013 <end_block9+0x1173>
     9f9: 8e 0f de     	stx	$de0f                   ; 0xde0f <end_block9+0xcf6f>
     9fc: ae 18 de     	ldx	$de18                   ; 0xde18 <end_block9+0xcf78>
     9ff: ac 19 de     	ldy	$de19                   ; 0xde19 <end_block9+0xcf79>
     a02: ad 1a de     	lda	$de1a                   ; 0xde1a <end_block9+0xcf7a>
     a05: ad 1b de     	lda	$de1b                   ; 0xde1b <end_block9+0xcf7b>
     a08: 86 12        	stx	$12                     ; 0x2012 <end_block9+0x1172>
     a0a: 84 13        	sty	$13                     ; 0x2013 <end_block9+0x1173>
     a0c: a6 50        	ldx	$50                     ; 0x2050 <end_block9+0x11b0>
     a0e: 86 56        	stx	$56                     ; 0x2056 <end_block9+0x11b6>
     a10: 64 50        	stz	$50                     ; 0x2050 <end_block9+0x11b0>
     a12: 64 54        	stz	$54                     ; 0x2054 <end_block9+0x11b4>
     a14: 80 17        	bra	$a2d <textPrint+0x8e>
     a16: a5 12        	lda	$12                     ; 0x2012 <end_block9+0x1172>
     a18: 18           	clc
     a19: 65 14        	adc	$14                     ; 0x2014 <end_block9+0x1174>
     a1b: 85 12        	sta	$12                     ; 0x2012 <end_block9+0x1172>
     a1d: a5 13        	lda	$13                     ; 0x2013 <end_block9+0x1173>
     a1f: 69 00        	adc	#$0
     a21: 85 13        	sta	$13                     ; 0x2013 <end_block9+0x1173>
     a23: 80 02        	bra	$a27 <textPrint+0x88>
     a25: 84 14        	sty	$14                     ; 0x2014 <end_block9+0x1174>
     a27: e6 50        	inc	$50                     ; 0x2050 <end_block9+0x11b0>
     a29: d0 02        	bne	$a2d <textPrint+0x8e>
     a2b: e6 54        	inc	$54                     ; 0x2054 <end_block9+0x11b4>
     a2d: a5 56        	lda	$56                     ; 0x2056 <end_block9+0x11b6>
     a2f: 18           	clc
     a30: 65 50        	adc	$50                     ; 0x2050 <end_block9+0x11b0>
     a32: 85 16        	sta	$16                     ; 0x2016 <end_block9+0x1176>
     a34: a5 51        	lda	$51                     ; 0x2051 <end_block9+0x11b1>
     a36: 65 54        	adc	$54                     ; 0x2054 <end_block9+0x11b4>
     a38: 85 17        	sta	$17                     ; 0x2017 <end_block9+0x1177>
     a3a: b2 16        	lda	($16)                   ; 0x2016 <end_block9+0x1176>
     a3c: c9 0a        	cmp	#$a
     a3e: f0 38        	beq	$a78 <textPrint+0xd9>
     a40: c9 0d        	cmp	#$d
     a42: f0 34        	beq	$a78 <textPrint+0xd9>
     a44: aa           	tax
     a45: d0 03        	bne	$a4a <textPrint+0xab>
     a47: 4c 89 0b     	jmp	$b89 <textPrint+0x1ea>
     a4a: a2 03        	ldx	#$3
     a4c: 86 01        	stx	$1                      ; 0x2001 <end_block9+0x1161>
     a4e: a4 38        	ldy	$38                     ; 0x2038 <end_block9+0x1198>
     a50: a9 f0        	lda	#$f0
     a52: 91 12        	sta	($12),y                 ; 0x2012 <end_block9+0x1172>
     a54: ca           	dex
     a55: 86 01        	stx	$1                      ; 0x2001 <end_block9+0x1161>
     a57: b2 16        	lda	($16)                   ; 0x2016 <end_block9+0x1176>
     a59: a4 38        	ldy	$38                     ; 0x2038 <end_block9+0x1198>
     a5b: 91 12        	sta	($12),y                 ; 0x2012 <end_block9+0x1172>
     a5d: a6 38        	ldx	$38                     ; 0x2038 <end_block9+0x1198>
     a5f: e6 38        	inc	$38                     ; 0x2038 <end_block9+0x1198>
     a61: a5 37        	lda	$37                     ; 0x2037 <end_block9+0x1197>
     a63: 29 01        	and	#$1
     a65: a0 28        	ldy	#$28
     a67: 84 15        	sty	$15                     ; 0x2015 <end_block9+0x1175>
     a69: c9 00        	cmp	#$0
     a6b: d0 04        	bne	$a71 <textPrint+0xd2>
     a6d: a0 50        	ldy	#$50
     a6f: 84 15        	sty	$15                     ; 0x2015 <end_block9+0x1175>
     a71: e8           	inx
     a72: 86 14        	stx	$14                     ; 0x2014 <end_block9+0x1174>
     a74: e4 15        	cpx	$15                     ; 0x2015 <end_block9+0x1175>
     a76: d0 ad        	bne	$a25 <textPrint+0x86>
     a78: 64 38        	stz	$38                     ; 0x2038 <end_block9+0x1198>
     a7a: a6 39        	ldx	$39                     ; 0x2039 <end_block9+0x1199>
     a7c: e8           	inx
     a7d: e6 39        	inc	$39                     ; 0x2039 <end_block9+0x1199>
     a7f: e0 1e        	cpx	#$1e
     a81: f0 03        	beq	$a86 <textPrint+0xe7>
     a83: 4c 16 0a     	jmp	$a16 <textPrint+0x77>
     a86: a2 1d        	ldx	#$1d
     a88: 86 12        	stx	$12                     ; 0x2012 <end_block9+0x1172>
     a8a: 64 13        	stz	$13                     ; 0x2013 <end_block9+0x1173>
     a8c: a2 00        	ldx	#$0
     a8e: a5 14        	lda	$14                     ; 0x2014 <end_block9+0x1174>
     a90: 20 80 0c     	jsr	$c80 <__mulhi3>
     a93: 85 15        	sta	$15                     ; 0x2015 <end_block9+0x1175>
     a95: 86 14        	stx	$14                     ; 0x2014 <end_block9+0x1174>
     a97: a2 03        	ldx	#$3
     a99: 86 01        	stx	$1                      ; 0x2001 <end_block9+0x1161>
     a9b: a2 01        	ldx	#$1
     a9d: 86 12        	stx	$12                     ; 0x2012 <end_block9+0x1172>
     a9f: a2 00        	ldx	#$0
     aa1: 86 16        	stx	$16                     ; 0x2016 <end_block9+0x1176>
     aa3: a2 c0        	ldx	#$c0
     aa5: 86 17        	stx	$17                     ; 0x2017 <end_block9+0x1177>
     aa7: a6 15        	ldx	$15                     ; 0x2015 <end_block9+0x1175>
     aa9: a4 14        	ldy	$14                     ; 0x2014 <end_block9+0x1174>
     aab: 84 13        	sty	$13                     ; 0x2013 <end_block9+0x1173>
     aad: a5 37        	lda	$37                     ; 0x2037 <end_block9+0x1197>
     aaf: 29 01        	and	#$1
     ab1: a0 28        	ldy	#$28
     ab3: c9 00        	cmp	#$0
     ab5: d0 02        	bne	$ab9 <textPrint+0x11a>
     ab7: a0 50        	ldy	#$50
     ab9: b1 16        	lda	($16),y                 ; 0x2016 <end_block9+0x1176>
     abb: 92 16        	sta	($16)                   ; 0x2016 <end_block9+0x1176>
     abd: ca           	dex
     abe: e0 ff        	cpx	#$ff
     ac0: d0 02        	bne	$ac4 <textPrint+0x125>
     ac2: c6 13        	dec	$13                     ; 0x2013 <end_block9+0x1173>
     ac4: e6 16        	inc	$16                     ; 0x2016 <end_block9+0x1176>
     ac6: d0 02        	bne	$aca <textPrint+0x12b>
     ac8: e6 17        	inc	$17                     ; 0x2017 <end_block9+0x1177>
     aca: a5 13        	lda	$13                     ; 0x2013 <end_block9+0x1173>
     acc: d0 df        	bne	$aad <textPrint+0x10e>
     ace: 8a           	txa
     acf: d0 dc        	bne	$aad <textPrint+0x10e>
     ad1: a2 02        	ldx	#$2
     ad3: 86 01        	stx	$1                      ; 0x2001 <end_block9+0x1161>
     ad5: a2 00        	ldx	#$0
     ad7: a5 12        	lda	$12                     ; 0x2012 <end_block9+0x1172>
     ad9: d0 c2        	bne	$a9d <textPrint+0xfe>
     adb: a9 00        	lda	#$0
     add: 18           	clc
     ade: 65 15        	adc	$15                     ; 0x2015 <end_block9+0x1175>
     ae0: 85 12        	sta	$12                     ; 0x2012 <end_block9+0x1172>
     ae2: a9 c0        	lda	#$c0
     ae4: 65 14        	adc	$14                     ; 0x2014 <end_block9+0x1174>
     ae6: 85 13        	sta	$13                     ; 0x2013 <end_block9+0x1173>
     ae8: a9 01        	lda	#$1
     aea: 18           	clc
     aeb: 65 15        	adc	$15                     ; 0x2015 <end_block9+0x1175>
     aed: 85 18        	sta	$18                     ; 0x2018 <end_block9+0x1178>
     aef: a9 c0        	lda	#$c0
     af1: 65 14        	adc	$14                     ; 0x2014 <end_block9+0x1174>
     af3: a8           	tay
     af4: 64 14        	stz	$14                     ; 0x2014 <end_block9+0x1174>
     af6: a2 03        	ldx	#$3
     af8: 86 01        	stx	$1                      ; 0x2001 <end_block9+0x1161>
     afa: a6 12        	ldx	$12                     ; 0x2012 <end_block9+0x1172>
     afc: 86 16        	stx	$16                     ; 0x2016 <end_block9+0x1176>
     afe: a6 13        	ldx	$13                     ; 0x2013 <end_block9+0x1173>
     b00: 86 17        	stx	$17                     ; 0x2017 <end_block9+0x1177>
     b02: a9 f0        	lda	#$f0
     b04: 92 16        	sta	($16)                   ; 0x2016 <end_block9+0x1176>
     b06: a5 37        	lda	$37                     ; 0x2037 <end_block9+0x1197>
     b08: 29 01        	and	#$1
     b0a: a2 28        	ldx	#$28
     b0c: 86 15        	stx	$15                     ; 0x2015 <end_block9+0x1175>
     b0e: aa           	tax
     b0f: d0 04        	bne	$b15 <textPrint+0x176>
     b11: a2 50        	ldx	#$50
     b13: 86 15        	stx	$15                     ; 0x2015 <end_block9+0x1175>
     b15: a5 18        	lda	$18                     ; 0x2018 <end_block9+0x1178>
     b17: 18           	clc
     b18: 65 14        	adc	$14                     ; 0x2014 <end_block9+0x1174>
     b1a: 85 16        	sta	$16                     ; 0x2016 <end_block9+0x1176>
     b1c: 98           	tya
     b1d: 69 00        	adc	#$0
     b1f: 85 17        	sta	$17                     ; 0x2017 <end_block9+0x1177>
     b21: a6 14        	ldx	$14                     ; 0x2014 <end_block9+0x1174>
     b23: e8           	inx
     b24: 86 14        	stx	$14                     ; 0x2014 <end_block9+0x1174>
     b26: e4 15        	cpx	$15                     ; 0x2015 <end_block9+0x1175>
     b28: 90 d8        	bcc	$b02 <textPrint+0x163>
     b2a: a2 02        	ldx	#$2
     b2c: 86 01        	stx	$1                      ; 0x2001 <end_block9+0x1161>
     b2e: 64 15        	stz	$15                     ; 0x2015 <end_block9+0x1175>
     b30: a9 20        	lda	#$20
     b32: 92 12        	sta	($12)                   ; 0x2012 <end_block9+0x1172>
     b34: a5 37        	lda	$37                     ; 0x2037 <end_block9+0x1197>
     b36: 29 01        	and	#$1
     b38: a2 28        	ldx	#$28
     b3a: 86 14        	stx	$14                     ; 0x2014 <end_block9+0x1174>
     b3c: aa           	tax
     b3d: d0 04        	bne	$b43 <textPrint+0x1a4>
     b3f: a2 50        	ldx	#$50
     b41: 86 14        	stx	$14                     ; 0x2014 <end_block9+0x1174>
     b43: a5 18        	lda	$18                     ; 0x2018 <end_block9+0x1178>
     b45: 18           	clc
     b46: 65 15        	adc	$15                     ; 0x2015 <end_block9+0x1175>
     b48: 85 12        	sta	$12                     ; 0x2012 <end_block9+0x1172>
     b4a: 98           	tya
     b4b: 69 00        	adc	#$0
     b4d: 85 13        	sta	$13                     ; 0x2013 <end_block9+0x1173>
     b4f: a6 15        	ldx	$15                     ; 0x2015 <end_block9+0x1175>
     b51: e8           	inx
     b52: 86 15        	stx	$15                     ; 0x2015 <end_block9+0x1175>
     b54: e4 14        	cpx	$14                     ; 0x2014 <end_block9+0x1174>
     b56: 90 d8        	bcc	$b30 <textPrint+0x191>
     b58: c6 39        	dec	$39                     ; 0x2039 <end_block9+0x1199>
     b5a: 9c 08 de     	stz	$de08                   ; 0xde08 <end_block9+0xcf68>
     b5d: a2 c0        	ldx	#$c0
     b5f: 8e 09 de     	stx	$de09                   ; 0xde09 <end_block9+0xcf69>
     b62: 9c 0a de     	stz	$de0a                   ; 0xde0a <end_block9+0xcf6a>
     b65: 9c 0b de     	stz	$de0b                   ; 0xde0b <end_block9+0xcf6b>
     b68: a2 1d        	ldx	#$1d
     b6a: 8e 0c de     	stx	$de0c                   ; 0xde0c <end_block9+0xcf6c>
     b6d: 9c 0d de     	stz	$de0d                   ; 0xde0d <end_block9+0xcf6d>
     b70: 9c 0e de     	stz	$de0e                   ; 0xde0e <end_block9+0xcf6e>
     b73: 9c 0f de     	stz	$de0f                   ; 0xde0f <end_block9+0xcf6f>
     b76: ae 18 de     	ldx	$de18                   ; 0xde18 <end_block9+0xcf78>
     b79: ac 19 de     	ldy	$de19                   ; 0xde19 <end_block9+0xcf79>
     b7c: ad 1a de     	lda	$de1a                   ; 0xde1a <end_block9+0xcf7a>
     b7f: ad 1b de     	lda	$de1b                   ; 0xde1b <end_block9+0xcf7b>
     b82: 86 12        	stx	$12                     ; 0x2012 <end_block9+0x1172>
     b84: 84 13        	sty	$13                     ; 0x2013 <end_block9+0x1173>
     b86: 4c 27 0a     	jmp	$a27 <textPrint+0x88>
     b89: a6 55        	ldx	$55                     ; 0x2055 <end_block9+0x11b5>
     b8b: 86 01        	stx	$1                      ; 0x2001 <end_block9+0x1161>
     b8d: a6 38        	ldx	$38                     ; 0x2038 <end_block9+0x1198>
     b8f: a4 39        	ldy	$39                     ; 0x2039 <end_block9+0x1199>
     b91: 8e 14 d0     	stx	$d014                   ; 0xd014 <end_block9+0xc174>
     b94: 9c 15 d0     	stz	$d015                   ; 0xd015 <end_block9+0xc175>
     b97: 84 39        	sty	$39                     ; 0x2039 <end_block9+0x1199>
     b99: 8c 16 d0     	sty	$d016                   ; 0xd016 <end_block9+0xc176>
     b9c: 9c 17 d0     	stz	$d017                   ; 0xd017 <end_block9+0xc177>
     b9f: 60           	rts

00000ba0 <textPrintUInt>:
     ba0: 48           	pha
     ba1: 18           	clc
     ba2: a5 10        	lda	$10                     ; 0x2010 <end_block9+0x1170>
     ba4: 69 fe        	adc	#$fe
     ba6: 85 10        	sta	$10                     ; 0x2010 <end_block9+0x1170>
     ba8: a5 11        	lda	$11                     ; 0x2011 <end_block9+0x1171>
     baa: 69 ff        	adc	#$ff
     bac: 85 11        	sta	$11                     ; 0x2011 <end_block9+0x1171>
     bae: 68           	pla
     baf: a4 24        	ldy	$24                     ; 0x2024 <end_block9+0x1184>
     bb1: 5a           	phy
     bb2: a4 25        	ldy	$25                     ; 0x2025 <end_block9+0x1185>
     bb4: 5a           	phy
     bb5: a4 26        	ldy	$26                     ; 0x2026 <end_block9+0x1186>
     bb7: 5a           	phy
     bb8: a4 27        	ldy	$27                     ; 0x2027 <end_block9+0x1187>
     bba: 5a           	phy
     bbb: 86 25        	stx	$25                     ; 0x2025 <end_block9+0x1185>
     bbd: a4 12        	ldy	$12                     ; 0x2012 <end_block9+0x1172>
     bbf: a6 13        	ldx	$13                     ; 0x2013 <end_block9+0x1173>
     bc1: d0 18        	bne	$bdb <textPrintUInt+0x3b>
     bc3: 86 27        	stx	$27                     ; 0x2027 <end_block9+0x1187>
     bc5: c0 00        	cpy	#$0
     bc7: f0 03        	beq	$bcc <textPrintUInt+0x2c>
     bc9: 4c 4b 0c     	jmp	$c4b <textPrintUInt+0xab>
     bcc: a6 25        	ldx	$25                     ; 0x2025 <end_block9+0x1185>
     bce: f0 03        	beq	$bd3 <textPrintUInt+0x33>
     bd0: 4c 54 0c     	jmp	$c54 <textPrintUInt+0xb4>
     bd3: 84 26        	sty	$26                     ; 0x2026 <end_block9+0x1186>
     bd5: c9 0a        	cmp	#$a
     bd7: b0 0a        	bcs	$be3 <textPrintUInt+0x43>
     bd9: 80 29        	bra	$c04 <textPrintUInt+0x64>
     bdb: 84 26        	sty	$26                     ; 0x2026 <end_block9+0x1186>
     bdd: 86 27        	stx	$27                     ; 0x2027 <end_block9+0x1187>
     bdf: e0 00        	cpx	#$0
     be1: 90 21        	bcc	$c04 <textPrintUInt+0x64>
     be3: 8d 06 de     	sta	$de06                   ; 0xde06 <end_block9+0xcf66>
     be6: a4 25        	ldy	$25                     ; 0x2025 <end_block9+0x1185>
     be8: 8c 07 de     	sty	$de07                   ; 0xde07 <end_block9+0xcf67>
     beb: a2 0a        	ldx	#$a
     bed: 8e 04 de     	stx	$de04                   ; 0xde04 <end_block9+0xcf64>
     bf0: 9c 05 de     	stz	$de05                   ; 0xde05 <end_block9+0xcf65>
     bf3: 85 24        	sta	$24                     ; 0x2024 <end_block9+0x1184>
     bf5: ad 14 de     	lda	$de14                   ; 0xde14 <end_block9+0xcf74>
     bf8: ae 15 de     	ldx	$de15                   ; 0xde15 <end_block9+0xcf75>
     bfb: 64 12        	stz	$12                     ; 0x2012 <end_block9+0x1172>
     bfd: 64 13        	stz	$13                     ; 0x2013 <end_block9+0x1173>
     bff: 20 a0 0b     	jsr	$ba0 <textPrintUInt>
     c02: a5 24        	lda	$24                     ; 0x2024 <end_block9+0x1184>
     c04: a2 0a        	ldx	#$a
     c06: a4 26        	ldy	$26                     ; 0x2026 <end_block9+0x1186>
     c08: 84 12        	sty	$12                     ; 0x2012 <end_block9+0x1172>
     c0a: a4 27        	ldy	$27                     ; 0x2027 <end_block9+0x1187>
     c0c: 84 13        	sty	$13                     ; 0x2013 <end_block9+0x1173>
     c0e: 86 14        	stx	$14                     ; 0x2014 <end_block9+0x1174>
     c10: 64 15        	stz	$15                     ; 0x2015 <end_block9+0x1175>
     c12: 64 16        	stz	$16                     ; 0x2016 <end_block9+0x1176>
     c14: 64 17        	stz	$17                     ; 0x2017 <end_block9+0x1177>
     c16: a6 25        	ldx	$25                     ; 0x2025 <end_block9+0x1185>
     c18: 20 b2 0c     	jsr	$cb2 <__umodsi3>
     c1b: 09 30        	ora	#$30
     c1d: 18           	clc
     c1e: a6 10        	ldx	$10                     ; 0x2010 <end_block9+0x1170>
     c20: 86 12        	stx	$12                     ; 0x2012 <end_block9+0x1172>
     c22: a6 11        	ldx	$11                     ; 0x2011 <end_block9+0x1171>
     c24: 86 13        	stx	$13                     ; 0x2013 <end_block9+0x1173>
     c26: 92 12        	sta	($12)                   ; 0x2012 <end_block9+0x1172>
     c28: a0 01        	ldy	#$1
     c2a: a9 00        	lda	#$0
     c2c: 91 12        	sta	($12),y                 ; 0x2012 <end_block9+0x1172>
     c2e: 20 9f 09     	jsr	$99f <textPrint>
     c31: fa           	plx
     c32: 86 27        	stx	$27                     ; 0x2027 <end_block9+0x1187>
     c34: fa           	plx
     c35: 86 26        	stx	$26                     ; 0x2026 <end_block9+0x1186>
     c37: fa           	plx
     c38: 86 25        	stx	$25                     ; 0x2025 <end_block9+0x1185>
     c3a: fa           	plx
     c3b: 86 24        	stx	$24                     ; 0x2024 <end_block9+0x1184>
     c3d: 18           	clc
     c3e: a5 10        	lda	$10                     ; 0x2010 <end_block9+0x1170>
     c40: 69 02        	adc	#$2
     c42: 85 10        	sta	$10                     ; 0x2010 <end_block9+0x1170>
     c44: a5 11        	lda	$11                     ; 0x2011 <end_block9+0x1171>
     c46: 69 00        	adc	#$0
     c48: 85 11        	sta	$11                     ; 0x2011 <end_block9+0x1171>
     c4a: 60           	rts
     c4b: 84 26        	sty	$26                     ; 0x2026 <end_block9+0x1186>
     c4d: c0 00        	cpy	#$0
     c4f: 90 b3        	bcc	$c04 <textPrintUInt+0x64>
     c51: 4c e3 0b     	jmp	$be3 <textPrintUInt+0x43>
     c54: 84 26        	sty	$26                     ; 0x2026 <end_block9+0x1186>
     c56: a6 25        	ldx	$25                     ; 0x2025 <end_block9+0x1185>
     c58: 4c df 0b     	jmp	$bdf <textPrintUInt+0x3f>

00000c5b <exit>:
     c5b: 20 14 03     	jsr	$314 <_fini>
     c5e: 80 fe        	bra	$c5e <exit+0x3>

00000c60 <__memset>:
     c60: a4 14        	ldy	$14                     ; 0x2014 <end_block9+0x1174>
     c62: d0 04        	bne	$c68 <__memset+0x8>
     c64: e0 00        	cpx	#$0
     c66: f0 17        	beq	$c7f <__memset+0x1f>
     c68: 92 12        	sta	($12)                   ; 0x2012 <end_block9+0x1172>
     c6a: e6 12        	inc	$12                     ; 0x2012 <end_block9+0x1172>
     c6c: d0 02        	bne	$c70 <__memset+0x10>
     c6e: e6 13        	inc	$13                     ; 0x2013 <end_block9+0x1173>
     c70: ca           	dex
     c71: e0 ff        	cpx	#$ff
     c73: d0 02        	bne	$c77 <__memset+0x17>
     c75: c6 14        	dec	$14                     ; 0x2014 <end_block9+0x1174>
     c77: a4 14        	ldy	$14                     ; 0x2014 <end_block9+0x1174>
     c79: d0 ed        	bne	$c68 <__memset+0x8>
     c7b: e0 00        	cpx	#$0
     c7d: d0 e9        	bne	$c68 <__memset+0x8>
     c7f: 60           	rts

00000c80 <__mulhi3>:
     c80: a4 13        	ldy	$13                     ; 0x2013 <end_block9+0x1173>
     c82: d0 04        	bne	$c88 <__mulhi3+0x8>
     c84: a4 12        	ldy	$12                     ; 0x2012 <end_block9+0x1172>
     c86: f0 25        	beq	$cad <__mulhi3+0x2d>
     c88: 85 14        	sta	$14                     ; 0x2014 <end_block9+0x1174>
     c8a: 86 15        	stx	$15                     ; 0x2015 <end_block9+0x1175>
     c8c: a0 00        	ldy	#$0
     c8e: 98           	tya
     c8f: 46 13        	lsr	$13                     ; 0x2013 <end_block9+0x1173>
     c91: 66 12        	ror	$12                     ; 0x2012 <end_block9+0x1172>
     c93: 90 09        	bcc	$c9e <__mulhi3+0x1e>
     c95: aa           	tax
     c96: 98           	tya
     c97: 18           	clc
     c98: 65 14        	adc	$14                     ; 0x2014 <end_block9+0x1174>
     c9a: a8           	tay
     c9b: 8a           	txa
     c9c: 65 15        	adc	$15                     ; 0x2015 <end_block9+0x1175>
     c9e: 06 14        	asl	$14                     ; 0x2014 <end_block9+0x1174>
     ca0: 26 15        	rol	$15                     ; 0x2015 <end_block9+0x1175>
     ca2: a6 13        	ldx	$13                     ; 0x2013 <end_block9+0x1173>
     ca4: d0 e9        	bne	$c8f <__mulhi3+0xf>
     ca6: a6 12        	ldx	$12                     ; 0x2012 <end_block9+0x1172>
     ca8: d0 e5        	bne	$c8f <__mulhi3+0xf>
     caa: aa           	tax
     cab: 98           	tya
     cac: 60           	rts
     cad: a0 00        	ldy	#$0
     caf: 98           	tya
     cb0: 80 f8        	bra	$caa <__mulhi3+0x2a>

00000cb2 <__umodsi3>:
     cb2: 85 1c        	sta	$1c                     ; 0x201c <end_block9+0x117c>
     cb4: 86 1a        	stx	$1a                     ; 0x201a <end_block9+0x117a>
     cb6: a5 13        	lda	$13                     ; 0x2013 <end_block9+0x1173>
     cb8: a6 17        	ldx	$17                     ; 0x2017 <end_block9+0x1177>
     cba: d0 0f        	bne	$ccb <__umodsi3+0x19>
     cbc: a6 16        	ldx	$16                     ; 0x2016 <end_block9+0x1176>
     cbe: d0 0b        	bne	$ccb <__umodsi3+0x19>
     cc0: a6 15        	ldx	$15                     ; 0x2015 <end_block9+0x1175>
     cc2: d0 07        	bne	$ccb <__umodsi3+0x19>
     cc4: a6 14        	ldx	$14                     ; 0x2014 <end_block9+0x1174>
     cc6: d0 03        	bne	$ccb <__umodsi3+0x19>
     cc8: 4c f2 0d     	jmp	$df2 <__umodsi3+0x140>
     ccb: c5 17        	cmp	$17                     ; 0x2017 <end_block9+0x1177>
     ccd: d0 15        	bne	$ce4 <__umodsi3+0x32>
     ccf: a6 12        	ldx	$12                     ; 0x2012 <end_block9+0x1172>
     cd1: e4 16        	cpx	$16                     ; 0x2016 <end_block9+0x1176>
     cd3: d0 16        	bne	$ceb <__umodsi3+0x39>
     cd5: a6 1a        	ldx	$1a                     ; 0x201a <end_block9+0x117a>
     cd7: e4 15        	cpx	$15                     ; 0x2015 <end_block9+0x1175>
     cd9: d0 17        	bne	$cf2 <__umodsi3+0x40>
     cdb: a6 1c        	ldx	$1c                     ; 0x201c <end_block9+0x117c>
     cdd: e4 14        	cpx	$14                     ; 0x2014 <end_block9+0x1174>
     cdf: b0 1a        	bcs	$cfb <__umodsi3+0x49>
     ce1: 4c f2 0d     	jmp	$df2 <__umodsi3+0x140>
     ce4: c5 17        	cmp	$17                     ; 0x2017 <end_block9+0x1177>
     ce6: b0 13        	bcs	$cfb <__umodsi3+0x49>
     ce8: 4c f2 0d     	jmp	$df2 <__umodsi3+0x140>
     ceb: e4 16        	cpx	$16                     ; 0x2016 <end_block9+0x1176>
     ced: b0 0c        	bcs	$cfb <__umodsi3+0x49>
     cef: 4c f2 0d     	jmp	$df2 <__umodsi3+0x140>
     cf2: a6 1a        	ldx	$1a                     ; 0x201a <end_block9+0x117a>
     cf4: e4 15        	cpx	$15                     ; 0x2015 <end_block9+0x1175>
     cf6: b0 03        	bcs	$cfb <__umodsi3+0x49>
     cf8: 4c f2 0d     	jmp	$df2 <__umodsi3+0x140>
     cfb: a6 17        	ldx	$17                     ; 0x2017 <end_block9+0x1177>
     cfd: 10 03        	bpl	$d02 <__umodsi3+0x50>
     cff: 4c db 0d     	jmp	$ddb <__umodsi3+0x129>
     d02: a2 00        	ldx	#$0
     d04: a4 14        	ldy	$14                     ; 0x2014 <end_block9+0x1174>
     d06: 84 1b        	sty	$1b                     ; 0x201b <end_block9+0x117b>
     d08: a4 15        	ldy	$15                     ; 0x2015 <end_block9+0x1175>
     d0a: 84 13        	sty	$13                     ; 0x2013 <end_block9+0x1173>
     d0c: a4 16        	ldy	$16                     ; 0x2016 <end_block9+0x1176>
     d0e: 84 18        	sty	$18                     ; 0x2018 <end_block9+0x1178>
     d10: a4 17        	ldy	$17                     ; 0x2017 <end_block9+0x1177>
     d12: 84 19        	sty	$19                     ; 0x2019 <end_block9+0x1179>
     d14: 06 1b        	asl	$1b                     ; 0x201b <end_block9+0x117b>
     d16: 26 13        	rol	$13                     ; 0x2013 <end_block9+0x1173>
     d18: 26 18        	rol	$18                     ; 0x2018 <end_block9+0x1178>
     d1a: 26 19        	rol	$19                     ; 0x2019 <end_block9+0x1179>
     d1c: c5 19        	cmp	$19                     ; 0x2019 <end_block9+0x1179>
     d1e: d0 16        	bne	$d36 <__umodsi3+0x84>
     d20: a4 12        	ldy	$12                     ; 0x2012 <end_block9+0x1172>
     d22: c4 18        	cpy	$18                     ; 0x2018 <end_block9+0x1178>
     d24: d0 16        	bne	$d3c <__umodsi3+0x8a>
     d26: a4 1a        	ldy	$1a                     ; 0x201a <end_block9+0x117a>
     d28: c4 13        	cpy	$13                     ; 0x2013 <end_block9+0x1173>
     d2a: d0 16        	bne	$d42 <__umodsi3+0x90>
     d2c: a8           	tay
     d2d: a5 1c        	lda	$1c                     ; 0x201c <end_block9+0x117c>
     d2f: c5 1b        	cmp	$1b                     ; 0x201b <end_block9+0x117b>
     d31: 98           	tya
     d32: 90 29        	bcc	$d5d <__umodsi3+0xab>
     d34: 80 12        	bra	$d48 <__umodsi3+0x96>
     d36: c5 19        	cmp	$19                     ; 0x2019 <end_block9+0x1179>
     d38: 90 23        	bcc	$d5d <__umodsi3+0xab>
     d3a: 80 0c        	bra	$d48 <__umodsi3+0x96>
     d3c: c4 18        	cpy	$18                     ; 0x2018 <end_block9+0x1178>
     d3e: 90 1d        	bcc	$d5d <__umodsi3+0xab>
     d40: 80 06        	bra	$d48 <__umodsi3+0x96>
     d42: a4 1a        	ldy	$1a                     ; 0x201a <end_block9+0x117a>
     d44: c4 13        	cpy	$13                     ; 0x2013 <end_block9+0x1173>
     d46: 90 15        	bcc	$d5d <__umodsi3+0xab>
     d48: e8           	inx
     d49: a4 1b        	ldy	$1b                     ; 0x201b <end_block9+0x117b>
     d4b: 84 14        	sty	$14                     ; 0x2014 <end_block9+0x1174>
     d4d: a4 13        	ldy	$13                     ; 0x2013 <end_block9+0x1173>
     d4f: 84 15        	sty	$15                     ; 0x2015 <end_block9+0x1175>
     d51: a4 18        	ldy	$18                     ; 0x2018 <end_block9+0x1178>
     d53: 84 16        	sty	$16                     ; 0x2016 <end_block9+0x1176>
     d55: a4 19        	ldy	$19                     ; 0x2019 <end_block9+0x1179>
     d57: 84 17        	sty	$17                     ; 0x2017 <end_block9+0x1177>
     d59: 10 b9        	bpl	$d14 <__umodsi3+0x62>
     d5b: 80 10        	bra	$d6d <__umodsi3+0xbb>
     d5d: a4 14        	ldy	$14                     ; 0x2014 <end_block9+0x1174>
     d5f: 84 1b        	sty	$1b                     ; 0x201b <end_block9+0x117b>
     d61: a4 15        	ldy	$15                     ; 0x2015 <end_block9+0x1175>
     d63: 84 13        	sty	$13                     ; 0x2013 <end_block9+0x1173>
     d65: a4 16        	ldy	$16                     ; 0x2016 <end_block9+0x1176>
     d67: 84 18        	sty	$18                     ; 0x2018 <end_block9+0x1178>
     d69: a4 17        	ldy	$17                     ; 0x2017 <end_block9+0x1177>
     d6b: 84 19        	sty	$19                     ; 0x2019 <end_block9+0x1179>
     d6d: 38           	sec
     d6e: a8           	tay
     d6f: a5 1c        	lda	$1c                     ; 0x201c <end_block9+0x117c>
     d71: e5 1b        	sbc	$1b                     ; 0x201b <end_block9+0x117b>
     d73: 85 1c        	sta	$1c                     ; 0x201c <end_block9+0x117c>
     d75: a5 1a        	lda	$1a                     ; 0x201a <end_block9+0x117a>
     d77: e5 13        	sbc	$13                     ; 0x2013 <end_block9+0x1173>
     d79: 85 1a        	sta	$1a                     ; 0x201a <end_block9+0x117a>
     d7b: a5 12        	lda	$12                     ; 0x2012 <end_block9+0x1172>
     d7d: e5 18        	sbc	$18                     ; 0x2018 <end_block9+0x1178>
     d7f: 85 12        	sta	$12                     ; 0x2012 <end_block9+0x1172>
     d81: 98           	tya
     d82: e5 19        	sbc	$19                     ; 0x2019 <end_block9+0x1179>
     d84: e0 00        	cpx	#$0
     d86: d0 11        	bne	$d99 <__umodsi3+0xe7>
     d88: 4c f2 0d     	jmp	$df2 <__umodsi3+0x140>
     d8b: c4 18        	cpy	$18                     ; 0x2018 <end_block9+0x1178>
     d8d: b0 30        	bcs	$dbf <__umodsi3+0x10d>
     d8f: 80 45        	bra	$dd6 <__umodsi3+0x124>
     d91: a4 1a        	ldy	$1a                     ; 0x201a <end_block9+0x117a>
     d93: c4 13        	cpy	$13                     ; 0x2013 <end_block9+0x1173>
     d95: b0 28        	bcs	$dbf <__umodsi3+0x10d>
     d97: 80 3d        	bra	$dd6 <__umodsi3+0x124>
     d99: 46 19        	lsr	$19                     ; 0x2019 <end_block9+0x1179>
     d9b: 66 18        	ror	$18                     ; 0x2018 <end_block9+0x1178>
     d9d: 66 13        	ror	$13                     ; 0x2013 <end_block9+0x1173>
     d9f: 66 1b        	ror	$1b                     ; 0x201b <end_block9+0x117b>
     da1: c5 19        	cmp	$19                     ; 0x2019 <end_block9+0x1179>
     da3: d0 16        	bne	$dbb <__umodsi3+0x109>
     da5: a4 12        	ldy	$12                     ; 0x2012 <end_block9+0x1172>
     da7: c4 18        	cpy	$18                     ; 0x2018 <end_block9+0x1178>
     da9: d0 e0        	bne	$d8b <__umodsi3+0xd9>
     dab: a4 1a        	ldy	$1a                     ; 0x201a <end_block9+0x117a>
     dad: c4 13        	cpy	$13                     ; 0x2013 <end_block9+0x1173>
     daf: d0 e0        	bne	$d91 <__umodsi3+0xdf>
     db1: a8           	tay
     db2: a5 1c        	lda	$1c                     ; 0x201c <end_block9+0x117c>
     db4: c5 1b        	cmp	$1b                     ; 0x201b <end_block9+0x117b>
     db6: 98           	tya
     db7: b0 06        	bcs	$dbf <__umodsi3+0x10d>
     db9: 80 1b        	bra	$dd6 <__umodsi3+0x124>
     dbb: c5 19        	cmp	$19                     ; 0x2019 <end_block9+0x1179>
     dbd: 90 17        	bcc	$dd6 <__umodsi3+0x124>
     dbf: a8           	tay
     dc0: 38           	sec
     dc1: a5 1c        	lda	$1c                     ; 0x201c <end_block9+0x117c>
     dc3: e5 1b        	sbc	$1b                     ; 0x201b <end_block9+0x117b>
     dc5: 85 1c        	sta	$1c                     ; 0x201c <end_block9+0x117c>
     dc7: a5 1a        	lda	$1a                     ; 0x201a <end_block9+0x117a>
     dc9: e5 13        	sbc	$13                     ; 0x2013 <end_block9+0x1173>
     dcb: 85 1a        	sta	$1a                     ; 0x201a <end_block9+0x117a>
     dcd: a5 12        	lda	$12                     ; 0x2012 <end_block9+0x1172>
     dcf: e5 18        	sbc	$18                     ; 0x2018 <end_block9+0x1178>
     dd1: 85 12        	sta	$12                     ; 0x2012 <end_block9+0x1172>
     dd3: 98           	tya
     dd4: e5 19        	sbc	$19                     ; 0x2019 <end_block9+0x1179>
     dd6: ca           	dex
     dd7: d0 c0        	bne	$d99 <__umodsi3+0xe7>
     dd9: 80 17        	bra	$df2 <__umodsi3+0x140>
     ddb: 38           	sec
     ddc: a8           	tay
     ddd: a5 1c        	lda	$1c                     ; 0x201c <end_block9+0x117c>
     ddf: e5 14        	sbc	$14                     ; 0x2014 <end_block9+0x1174>
     de1: 85 1c        	sta	$1c                     ; 0x201c <end_block9+0x117c>
     de3: a5 1a        	lda	$1a                     ; 0x201a <end_block9+0x117a>
     de5: e5 15        	sbc	$15                     ; 0x2015 <end_block9+0x1175>
     de7: 85 1a        	sta	$1a                     ; 0x201a <end_block9+0x117a>
     de9: a5 12        	lda	$12                     ; 0x2012 <end_block9+0x1172>
     deb: e5 16        	sbc	$16                     ; 0x2016 <end_block9+0x1176>
     ded: 85 12        	sta	$12                     ; 0x2012 <end_block9+0x1172>
     def: 98           	tya
     df0: e5 17        	sbc	$17                     ; 0x2017 <end_block9+0x1177>
     df2: 85 13        	sta	$13                     ; 0x2013 <end_block9+0x1173>
     df4: a6 1a        	ldx	$1a                     ; 0x201a <end_block9+0x117a>
     df6: a5 1c        	lda	$1c                     ; 0x201c <end_block9+0x117c>
     df8: 60           	rts
