     VMA      LMA     Size Align Out     In      Symbol
       0        0        0     1 PROVIDE(__stack = 0xC000)
       0        0        0     1 PROVIDE(__f256_start = 0x300)
       0        0        0     1 PROVIDE(__BLOCK_SIZE = 0x2000)
       0        0        0     1 PROVIDE(__SLOT_ADDR = 0xC000)
       0        0        0     1 __rc0 = 0x10
       0        0        0     1 __rc1 = __rc0 + 1
       0        0        0     1 PROVIDE(__rc2 = __rc1 + 1)
       0        0        0     1 __rc3 = __rc2 + 1
       0        0        0     1 PROVIDE(__rc4 = __rc3 + 1)
       0        0        0     1 __rc5 = __rc4 + 1
       0        0        0     1 PROVIDE(__rc6 = __rc5 + 1)
       0        0        0     1 __rc7 = __rc6 + 1
       0        0        0     1 PROVIDE(__rc8 = __rc7 + 1)
       0        0        0     1 __rc9 = __rc8 + 1
       0        0        0     1 PROVIDE(__rc10 = __rc9 + 1)
       0        0        0     1 __rc11 = __rc10 + 1
       0        0        0     1 PROVIDE(__rc12 = __rc11 + 1)
       0        0        0     1 __rc13 = __rc12 + 1
       0        0        0     1 PROVIDE(__rc14 = __rc13 + 1)
       0        0        0     1 __rc15 = __rc14 + 1
       0        0        0     1 PROVIDE(__rc16 = __rc15 + 1)
       0        0        0     1 __rc17 = __rc16 + 1
       0        0        0     1 PROVIDE(__rc18 = __rc17 + 1)
       0        0        0     1 __rc19 = __rc18 + 1
       0        0        0     1 PROVIDE(__rc20 = __rc19 + 1)
       0        0        0     1 __rc21 = __rc20 + 1
       0        0        0     1 PROVIDE(__rc22 = __rc21 + 1)
       0        0        0     1 __rc23 = __rc22 + 1
       0        0        0     1 PROVIDE(__rc24 = __rc23 + 1)
       0        0        0     1 __rc25 = __rc24 + 1
       0        0        0     1 PROVIDE(__rc26 = __rc25 + 1)
       0        0        0     1 __rc27 = __rc26 + 1
       0        0        0     1 PROVIDE(__rc28 = __rc27 + 1)
       0        0        0     1 __rc29 = __rc28 + 1
       0        0        0     1 PROVIDE(__rc30 = __rc29 + 1)
       0        0        0     1 __rc31 = __rc30 + 1
       0        0        0     1 
       0        0        0     1 
       0        0        0     1 __block8_lma = ( 8<<24)|__SLOT_ADDR
       0        0        0     1 __block9_lma = ( 9<<24)|__SLOT_ADDR
       0        0        0     1 __block10_lma = (10<<24)|__SLOT_ADDR
       0        0        0     1 __block11_lma = (11<<24)|__SLOT_ADDR
       0        0        0     1 __block12_lma = (12<<24)|__SLOT_ADDR
       0        0        0     1 __block13_lma = (13<<24)|__SLOT_ADDR
       0        0        0     1 __block14_lma = (14<<24)|__SLOT_ADDR
       0        0        0     1 __block15_lma = (15<<24)|__SLOT_ADDR
       0        0        0     1 __block16_lma = (16<<24)|__SLOT_ADDR
       0        0        0     1 __block17_lma = (17<<24)|__SLOT_ADDR
       0        0        0     1 __block18_lma = (18<<24)|__SLOT_ADDR
       0        0        0     1 __block19_lma = (19<<24)|__SLOT_ADDR
       0        0        0     1 __block20_lma = (20<<24)|__SLOT_ADDR
       0        0        0     1 __block21_lma = (21<<24)|__SLOT_ADDR
       0        0        0     1 __block22_lma = (22<<24)|__SLOT_ADDR
       0        0        0     1 __block23_lma = (23<<24)|__SLOT_ADDR
      30       30        0     1 .zp.data
      30       30        0     1         __zp_data_start = .
      30       30        0     1 __zp_data_load_start = LOADADDR(.zp.data)
      30       30        0     1 __zp_data_size = SIZEOF(.zp.data)
      30       30        e     1 .zp.bss
      30       30        0     1         __zp_bss_start = .
      30       30        e     1         newlines.lto.o:(.zp.bss)
      30       30        7     1                 kernelEventData
      37       37        1     1                 _col
      38       38        1     1                 _row
      39       39        4     1                 _BITMAP_BASE.0
      3d       3d        1     1                 _color
      3e       3e        0     1 __zp_bss_size = SIZEOF(.zp.bss)
      3e       3e        1     1 .zp
      3e       3e        1     1         newlines.lto.o:(.zp.noinit)
     300      300      eb5     1 .text
     300      300        0     1         _init = .
     300      300        0     1         _start = .
     300      300        8     1         D:\F256\llvm-mos\f256dev\llvm-mos\bin/../mos-platform/f256/lib\libcrt0.a(init-stack.S.obj):(.init.100)
     300      300        0     1                 __do_init_stack
     308      308        3     1         D:\F256\llvm-mos\f256dev\llvm-mos\bin/../mos-platform/f256/lib\libcrt0.a(zero-bss.c.obj):(.init.200)
     308      308        0     1                 __do_zero_bss
     30b      30b        3     1         D:\F256\llvm-mos\f256dev\llvm-mos\bin/../mos-platform/f256/lib\libcrt0.a(zero-zp-bss.c.obj):(.init.200)
     30b      30b        0     1                 __do_zero_zp_bss
     30e      30e        3     1         D:\F256\llvm-mos\f256dev\llvm-mos\bin/../mos-platform/common/lib\crt0.o:(.call_main)
     311      311        3     1         D:\F256\llvm-mos\f256dev\llvm-mos\bin/../mos-platform/f256/lib\libcrt0.a(exit-custom.S.obj):(.after_main)
     311      311        0     1                 __after_main
     314      314        0     1         _fini = .
     314      314        1     1         D:\F256\llvm-mos\f256dev\llvm-mos\bin/../mos-platform/common/lib\crt0.o:(.fini_rts)
     315      315       13     1         D:\F256\llvm-mos\f256dev\llvm-mos\bin/../mos-platform/f256/lib\libcrt0.a(zero-bss.c.obj):(.text.__zero_bss)
     315      315       13     1                 __zero_bss
     328      328       13     1         D:\F256\llvm-mos\f256dev\llvm-mos\bin/../mos-platform/f256/lib\libcrt0.a(zero-zp-bss.c.obj):(.text.__zero_zp_bss)
     328      328       13     1                 __zero_zp_bss
     33b      33b      bc7     1         newlines.lto.o:(.text.main)
     33b      33b      bc7     1                 main
     f02      f02      1e9     1         newlines.lto.o:(.text.textPrint)
     f02      f02      1e9     1                 textPrint
    10eb     10eb        5     1         newlines.lto.o:(.text.exit)
    10eb     10eb        5     1                 exit
    10f0     10f0       20     1         newlines.lto.o:(.text.__memset)
    10f0     10f0       20     1                 __memset
    1110     1110       a5     1         newlines.lto.o:(.text.__umodhi3)
    1110     1110       a5     1                 __umodhi3
    11b5     11b5        0     1         __init_array_start = .
    11b5     11b5        0     1         __init_array_end = .
    11b5     11b5        0     1         __fini_array_start = .
    11b5     11b5        0     1         __fini_array_end = .
    11b5     11b5       4a     1 .rodata
    11b5     11b5       30     1         newlines.lto.o:(.rodata.textColors)
    11b5     11b5       30     1                 textColors
    11e5     11e5       1a     1         <internal>:(.rodata.str1.1)
    11ff     11ff        0     1 .data
    11ff     11ff        0     1         __data_start = .
    11ff     11ff        0     1         __data_end = .
    11ff     11ff        0     1 __data_load_start = LOADADDR(.data)
    11ff     11ff        0     1 __data_size = SIZEOF(.data)
    11ff     11ff        1     1 .bss
    11ff     11ff        0     1         __bss_start = .
    11ff     11ff        1     1         newlines.lto.o:(.bss.kernelError)
    11ff     11ff        1     1                 kernelError
    1200     1200        0     1         __bss_end = .
    1200     1200        0     1 __bss_size = SIZEOF(.bss)
    1200     1200        0     1 .noinit
    1200     1200        0     1         __heap_start = ALIGN(., 2)
    1200     1200        0     1 end_block8 = .
    1200     1200        0     1 end_block9 = .
    1200     1200        0     1 end_block10 = .
    1200     1200        0     1 end_block11 = .
    1200     1200        0     1 end_block12 = .
    1200     1200        0     1 end_block13 = .
    1200     1200        0     1 end_block14 = .
    1200     1200        0     1 end_block15 = .
    1200     1200        0     1 end_block16 = .
    1200     1200        0     1 end_block17 = .
    1200     1200        0     1 end_block18 = .
    1200     1200        0     1 end_block19 = .
    1200     1200        0     1 end_block20 = .
    1200     1200        0     1 end_block21 = .
    1200     1200        0     1 end_block22 = .
    1200     1200        0     1 end_block23 = .
       0        0      138     1 .comment
       0        0      138     1         <internal>:(.comment)
       0        0      6f0     4 .symtab
       0        0      6f0     4         <internal>:(.symtab)
       0        0       5a     1 .shstrtab
       0        0       5a     1         <internal>:(.shstrtab)
       0        0      4ac     1 .strtab
       0        0      4ac     1         <internal>:(.strtab)
