     VMA      LMA     Size Align Out     In      Symbol
       0        0        0     1 PROVIDE(__stack = 0xC000)
       0        0        0     1 PROVIDE(__f256_start = 0x300)
       0        0        0     1 PROVIDE(__BLOCK_SIZE = 0x2000)
       0        0        0     1 PROVIDE(__SLOT_ADDR = 0xC000)
       0        0        0     1 __rc0 = 0x10
       0        0        0     1 __rc1 = __rc0 + 1
       0        0        0     1 PROVIDE(__rc2 = __rc1 + 1)
       0        0        0     1 __rc3 = __rc2 + 1
       0        0        0     1 PROVIDE(__rc4 = __rc3 + 1)
       0        0        0     1 __rc5 = __rc4 + 1
       0        0        0     1 PROVIDE(__rc6 = __rc5 + 1)
       0        0        0     1 __rc7 = __rc6 + 1
       0        0        0     1 PROVIDE(__rc8 = __rc7 + 1)
       0        0        0     1 __rc9 = __rc8 + 1
       0        0        0     1 PROVIDE(__rc10 = __rc9 + 1)
       0        0        0     1 __rc11 = __rc10 + 1
       0        0        0     1 PROVIDE(__rc12 = __rc11 + 1)
       0        0        0     1 __rc13 = __rc12 + 1
       0        0        0     1 PROVIDE(__rc14 = __rc13 + 1)
       0        0        0     1 __rc15 = __rc14 + 1
       0        0        0     1 PROVIDE(__rc16 = __rc15 + 1)
       0        0        0     1 __rc17 = __rc16 + 1
       0        0        0     1 PROVIDE(__rc18 = __rc17 + 1)
       0        0        0     1 __rc19 = __rc18 + 1
       0        0        0     1 PROVIDE(__rc20 = __rc19 + 1)
       0        0        0     1 __rc21 = __rc20 + 1
       0        0        0     1 PROVIDE(__rc22 = __rc21 + 1)
       0        0        0     1 __rc23 = __rc22 + 1
       0        0        0     1 PROVIDE(__rc24 = __rc23 + 1)
       0        0        0     1 __rc25 = __rc24 + 1
       0        0        0     1 PROVIDE(__rc26 = __rc25 + 1)
       0        0        0     1 __rc27 = __rc26 + 1
       0        0        0     1 PROVIDE(__rc28 = __rc27 + 1)
       0        0        0     1 __rc29 = __rc28 + 1
       0        0        0     1 PROVIDE(__rc30 = __rc29 + 1)
       0        0        0     1 __rc31 = __rc30 + 1
       0        0        0     1 
       0        0        0     1 
       0        0        0     1 __block8_lma = ( 8<<24)|__SLOT_ADDR
       0        0        0     1 __block9_lma = ( 9<<24)|__SLOT_ADDR
       0        0        0     1 __block10_lma = (10<<24)|__SLOT_ADDR
       0        0        0     1 __block11_lma = (11<<24)|__SLOT_ADDR
       0        0        0     1 __block12_lma = (12<<24)|__SLOT_ADDR
       0        0        0     1 __block13_lma = (13<<24)|__SLOT_ADDR
       0        0        0     1 __block14_lma = (14<<24)|__SLOT_ADDR
       0        0        0     1 __block15_lma = (15<<24)|__SLOT_ADDR
       0        0        0     1 __block16_lma = (16<<24)|__SLOT_ADDR
       0        0        0     1 __block17_lma = (17<<24)|__SLOT_ADDR
       0        0        0     1 __block18_lma = (18<<24)|__SLOT_ADDR
       0        0        0     1 __block19_lma = (19<<24)|__SLOT_ADDR
       0        0        0     1 __block20_lma = (20<<24)|__SLOT_ADDR
       0        0        0     1 __block21_lma = (21<<24)|__SLOT_ADDR
       0        0        0     1 __block22_lma = (22<<24)|__SLOT_ADDR
       0        0        0     1 __block23_lma = (23<<24)|__SLOT_ADDR
       0        0        0     1 __palgrudge_lma = 0x10000
       0        0        0     1 __palgrudge_size = 0x400
       0        0        0     1 __boy1_lma = 0x10400
       0        0        0     1 __boy1_size = 0x400
       0        0        0     1 __thing_lma = 0x10800
       0        0        0     1 __thing_size = 0x400
       0        0        0     1 __girl1_lma = 0x10c00
       0        0        0     1 __girl1_size = 0x400
       0        0        0     1 __cath_lma = 0x11000
       0        0        0     1 __cath_size = 0x400
       0        0        0     1 __cat_lma = 0x11400
       0        0        0     1 __cat_size = 0x400
       0        0        0     1 __dash_lma = 0x13000
       0        0        0     1 __dash_size = 0x800
      30      300        6     1 .zp.data
      30      300        0     1         __zp_data_start = .
      30      300        6     1         grudge.lto.o:(.zp.data)
      30      300        6     1                 stateDelays
      36      306        0     1 __zp_data_load_start = LOADADDR(.zp.data)
      36      306        0     1 __zp_data_size = SIZEOF(.zp.data)
      36       36       12     1 .zp.bss
      36       36        0     1         __zp_bss_start = .
      36       36       12     1         grudge.lto.o:(.zp.bss)
      36       36        1     1                 _ccolor
      37       37        1     1                 _col
      38       38        1     1                 _row
      39       39        2     1                 __putchar.s
      3b       3b        1     1                 padTimer.1
      3c       3c        7     1                 kernelEventData
      43       43        1     1                 (anonymous namespace)::initialized
      44       44        2     1                 (anonymous namespace)::free_size
      46       46        2     1                 (anonymous namespace)::free_list
      48       48        0     1 __zp_bss_size = SIZEOF(.zp.bss)
      48       48       6c     1 .zp
      48       48       6c     1         grudge.lto.o:(.zp.noinit)
     306      306     339a     2 .text
     306      306        0     1         _init = .
     306      306        0     1         _start = .
     306      306        8     1         D:\F256\llvm-mos\f256dev\llvm-mos\bin/../mos-platform/f256/lib\libcrt0.a(init-stack.S.obj):(.init.100)
     306      306        0     1                 __do_init_stack
     30e      30e        3     1         D:\F256\llvm-mos\f256dev\llvm-mos\bin/../mos-platform/f256/lib\libcrt0.a(zero-bss.c.obj):(.init.200)
     30e      30e        0     1                 __do_zero_bss
     311      311        3     1         D:\F256\llvm-mos\f256dev\llvm-mos\bin/../mos-platform/f256/lib\libcrt0.a(zero-zp-bss.c.obj):(.init.200)
     311      311        0     1                 __do_zero_zp_bss
     314      314        3     1         D:\F256\llvm-mos\f256dev\llvm-mos\bin/../mos-platform/f256/lib\libcrt0.a(copy-zp-data.c.obj):(.init.200)
     314      314        0     1                 __do_copy_zp_data
     317      317        3     1         D:\F256\llvm-mos\f256dev\llvm-mos\bin/../mos-platform/common/lib\crt0.o:(.call_main)
     31a      31a        3     1         D:\F256\llvm-mos\f256dev\llvm-mos\bin/../mos-platform/f256/lib\libcrt0.a(exit-custom.S.obj):(.after_main)
     31a      31a        0     1                 __after_main
     31d      31d        0     1         _fini = .
     31d      31d        1     1         D:\F256\llvm-mos\f256dev\llvm-mos\bin/../mos-platform/common/lib\crt0.o:(.fini_rts)
     31e      31e      135     2         grudge.lto.o:(.text._ZN12_GLOBAL__N_19FreeChunk6insertEPvj)
     31e      31e      135     1                 (anonymous namespace)::FreeChunk::insert(void*, unsigned int)
     453      453       13     1         D:\F256\llvm-mos\f256dev\llvm-mos\bin/../mos-platform/f256/lib\libcrt0.a(zero-bss.c.obj):(.text.__zero_bss)
     453      453       13     1                 __zero_bss
     466      466       13     1         D:\F256\llvm-mos\f256dev\llvm-mos\bin/../mos-platform/f256/lib\libcrt0.a(zero-zp-bss.c.obj):(.text.__zero_zp_bss)
     466      466       13     1                 __zero_zp_bss
     479      479       17     1         D:\F256\llvm-mos\f256dev\llvm-mos\bin/../mos-platform/f256/lib\libcrt0.a(copy-zp-data.c.obj):(.text.__copy_zp_data)
     479      479       17     1                 __copy_zp_data
     490      490      3ed     1         grudge.lto.o:(.text.f256Init)
     490      490      3ed     1                 f256Init
     87d      87d        6     1         grudge.lto.o:(.text.main)
     87d      87d        6     1                 main
     883      883     1277     1         grudge.lto.o:(.text.f256main)
     883      883     1277     1                 f256main
    1afa     1afa      58a     1         grudge.lto.o:(.text.checkPads)
    1afa     1afa      58a     1                 checkPads
    2084     2084      340     1         grudge.lto.o:(.text.updateFrames)
    2084     2084      340     1                 updateFrames
    23c4     23c4        5     1         grudge.lto.o:(.text.exit)
    23c4     23c4        5     1                 exit
    23c9     23c9       d3     1         grudge.lto.o:(.text._ZN12_GLOBAL__N_13putEcP6Status)
    23c9     23c9       d3     1                 (anonymous namespace)::put(char, Status*)
    249c     249c      10c     1         grudge.lto.o:(.text._ZN12_GLOBAL__N_112print_stringEPKcP6Status)
    249c     249c      10c     1                 (anonymous namespace)::print_string(char const*, Status*)
    25a8     25a8      bd3     1         grudge.lto.o:(.text.printf)
    25a8     25a8      bd3     1                 printf
    317b     317b      1fb     1         grudge.lto.o:(.text.putchar)
    317b     317b      1fb     1                 putchar
    3376     3376      2ac     1         grudge.lto.o:(.text.malloc)
    3376     3376      2ac     1                 malloc
    3622     3622       2c     1         grudge.lto.o:(.text.memcpy)
    3622     3622       2c     1                 memcpy
    364e     364e       20     1         grudge.lto.o:(.text.__memset)
    364e     364e       20     1                 __memset
    366e     366e       32     1         grudge.lto.o:(.text.__mulhi3)
    366e     366e       32     1                 __mulhi3
    36a0     36a0        0     1         __init_array_start = .
    36a0     36a0        0     1         __init_array_end = .
    36a0     36a0        0     1         __fini_array_start = .
    36a0     36a0        0     1         __fini_array_end = .
    36a0     36a0     2505     1 .rodata
    36a0     36a0        1     1         D:\F256\llvm-mos\f256dev\llvm-mos\bin/../mos-platform/common/lib\libcrt.a(const.S.obj):(.rodata)
    36a0     36a0        0     1                 __set_v
    36a1     36a1       3a     1         grudge.lto.o:(.rodata.printf)
    36db     36db       30     1         grudge.lto.o:(.rodata.textColors)
    36db     36db       30     1                 textColors
    370b     370b       24     1         <internal>:(.rodata.str1.1)
    372f     372f     2476     1         grudge.lto.o:(.rodata.bigpatch)
    372f     372f     2476     1                 bigpatch
    5ba5     5ba5        0     1 .data
    5ba5     5ba5        0     1         __data_start = .
    5ba5     5ba5        0     1         __data_end = .
    5ba5     5ba5        0     1 __data_load_start = LOADADDR(.data)
    5ba5     5ba5        0     1 __data_size = SIZEOF(.data)
    5ba5     5ba5      221     1 .bss
    5ba5     5ba5        0     1         __bss_start = .
    5ba5     5ba5       40     1         grudge.lto.o:(.bss._spriteCtl)
    5ba5     5ba5       40     1                 _spriteCtl
    5be5     5be5      1e0     1         grudge.lto.o:(.bss.spriteStatuses)
    5be5     5be5      1e0     1                 spriteStatuses
    5dc5     5dc5        1     1         grudge.lto.o:(.bss.kernelError)
    5dc5     5dc5        1     1                 kernelError
    5dc6     5dc6        0     1         __bss_end = .
    5dc6     5dc6        0     1 __bss_size = SIZEOF(.bss)
    5dc6     5dc6        0     1 .noinit
    5dc6     5dc6        0     1         __heap_start = ALIGN(., 2)
    5dc6     5dc6        0     1 end_block8 = .
    5dc6     5dc6        0     1 end_block9 = .
    5dc6     5dc6        0     1 end_block10 = .
    5dc6     5dc6        0     1 end_block11 = .
    5dc6     5dc6        0     1 end_block12 = .
    5dc6     5dc6        0     1 end_block13 = .
    5dc6     5dc6        0     1 end_block14 = .
    5dc6     5dc6        0     1 end_block15 = .
    5dc6     5dc6        0     1 end_block16 = .
    5dc6     5dc6        0     1 end_block17 = .
    5dc6     5dc6        0     1 end_block18 = .
    5dc6     5dc6        0     1 end_block19 = .
    5dc6     5dc6        0     1 end_block20 = .
    5dc6     5dc6        0     1 end_block21 = .
    5dc6     5dc6        0     1 end_block22 = .
    5dc6     5dc6        0     1 end_block23 = .
   10000    10000      400    16 .palgrudge
   10000    10000      400    16         grudge.lto.o:(.palgrudge)
   10000    10000        0     1                 palgrudge_start
   10400    10400        0     1                 palgrudge_end
   10400    10400        0     1 end_palgrudge = .
   10400    10400      400    16 .boy1
   10400    10400      400    16         grudge.lto.o:(.boy1)
   10400    10400        0     1                 boy1_start
   10800    10800        0     1                 boy1_end
   10800    10800        0     1 end_boy1 = .
   10800    10800      400    16 .thing
   10800    10800      400    16         grudge.lto.o:(.thing)
   10800    10800        0     1                 thing_start
   10c00    10c00        0     1                 thing_end
   10c00    10c00        0     1 end_thing = .
   10c00    10c00      400    16 .girl1
   10c00    10c00      400    16         grudge.lto.o:(.girl1)
   10c00    10c00        0     1                 girl1_start
   11000    11000        0     1                 girl1_end
   11000    11000        0     1 end_girl1 = .
   11000    11000      400    16 .cath
   11000    11000      400    16         grudge.lto.o:(.cath)
   11000    11000        0     1                 cath_start
   11400    11400        0     1                 cath_end
   11400    11400        0     1 end_cath = .
   11400    11400      400    16 .cat
   11400    11400      400    16         grudge.lto.o:(.cat)
   11400    11400        0     1                 cat_start
   11800    11800        0     1                 cat_end
   11800    11800        0     1 end_cat = .
   13000    13000      800    16 .dash
   13000    13000      800    16         grudge.lto.o:(.dash)
   13000    13000        0     1                 dash_start
   13800    13800        0     1                 dash_end
   13800    13800        0     1 end_dash = .
       0        0      138     1 .comment
       0        0      138     1         <internal>:(.comment)
       0        0      a80     4 .symtab
       0        0      a80     4         <internal>:(.symtab)
       0        0       8a     1 .shstrtab
       0        0       8a     1         <internal>:(.shstrtab)
       0        0      7ae     1 .strtab
       0        0      7ae     1         <internal>:(.strtab)
