     VMA      LMA     Size Align Out     In      Symbol
       0        0        0     1 PROVIDE(__stack = 0xA000)
       0        0        0     1 PROVIDE(__f256_start = 0x300)
       0        0        0     1 PROVIDE(__BLOCK_SIZE = 0x2000)
       0        0        0     1 PROVIDE(__SLOT_ADDR = 0xA000)
       0        0        0     1 __rc0 = 0x10
       0        0        0     1 __rc1 = __rc0 + 1
       0        0        0     1 PROVIDE(__rc2 = __rc1 + 1)
       0        0        0     1 __rc3 = __rc2 + 1
       0        0        0     1 PROVIDE(__rc4 = __rc3 + 1)
       0        0        0     1 __rc5 = __rc4 + 1
       0        0        0     1 PROVIDE(__rc6 = __rc5 + 1)
       0        0        0     1 __rc7 = __rc6 + 1
       0        0        0     1 PROVIDE(__rc8 = __rc7 + 1)
       0        0        0     1 __rc9 = __rc8 + 1
       0        0        0     1 PROVIDE(__rc10 = __rc9 + 1)
       0        0        0     1 __rc11 = __rc10 + 1
       0        0        0     1 PROVIDE(__rc12 = __rc11 + 1)
       0        0        0     1 __rc13 = __rc12 + 1
       0        0        0     1 PROVIDE(__rc14 = __rc13 + 1)
       0        0        0     1 __rc15 = __rc14 + 1
       0        0        0     1 PROVIDE(__rc16 = __rc15 + 1)
       0        0        0     1 __rc17 = __rc16 + 1
       0        0        0     1 PROVIDE(__rc18 = __rc17 + 1)
       0        0        0     1 __rc19 = __rc18 + 1
       0        0        0     1 PROVIDE(__rc20 = __rc19 + 1)
       0        0        0     1 __rc21 = __rc20 + 1
       0        0        0     1 PROVIDE(__rc22 = __rc21 + 1)
       0        0        0     1 __rc23 = __rc22 + 1
       0        0        0     1 PROVIDE(__rc24 = __rc23 + 1)
       0        0        0     1 __rc25 = __rc24 + 1
       0        0        0     1 PROVIDE(__rc26 = __rc25 + 1)
       0        0        0     1 __rc27 = __rc26 + 1
       0        0        0     1 PROVIDE(__rc28 = __rc27 + 1)
       0        0        0     1 __rc29 = __rc28 + 1
       0        0        0     1 PROVIDE(__rc30 = __rc29 + 1)
       0        0        0     1 __rc31 = __rc30 + 1
       0        0        0     1 
       0        0        0     1 
       0        0        0     1 __block8_lma = ( 8<<24)|__SLOT_ADDR
       0        0        0     1 __block9_lma = ( 9<<24)|__SLOT_ADDR
       0        0        0     1 __block10_lma = (10<<24)|__SLOT_ADDR
       0        0        0     1 __block11_lma = (11<<24)|__SLOT_ADDR
       0        0        0     1 __block12_lma = (12<<24)|__SLOT_ADDR
       0        0        0     1 __block13_lma = (13<<24)|__SLOT_ADDR
       0        0        0     1 __block14_lma = (14<<24)|__SLOT_ADDR
       0        0        0     1 __block15_lma = (15<<24)|__SLOT_ADDR
       0        0        0     1 __block16_lma = (16<<24)|__SLOT_ADDR
       0        0        0     1 __block17_lma = (17<<24)|__SLOT_ADDR
       0        0        0     1 __block18_lma = (18<<24)|__SLOT_ADDR
       0        0        0     1 __block19_lma = (19<<24)|__SLOT_ADDR
       0        0        0     1 __block20_lma = (20<<24)|__SLOT_ADDR
       0        0        0     1 __block21_lma = (21<<24)|__SLOT_ADDR
       0        0        0     1 __block22_lma = (22<<24)|__SLOT_ADDR
       0        0        0     1 __block23_lma = (23<<24)|__SLOT_ADDR
       0        0        0     1 __cozyLCD_lma = 0x30000
       0        0        0     1 __cozyLCD_size = 0x20d00
       0        0        0     1 __midiinst_lma = 0x20000
       0        0        0     1 __midiinst_size = 0xa80
      30      300        1     1 .zp.data
      30      300        0     1         __zp_data_start = .
      30      300        1     1         midisam2.lto.o:(.zp.data)
      30      300        1     1                 _ccolor
      31      301        0     1 __zp_data_load_start = LOADADDR(.zp.data)
      31      301        0     1 __zp_data_size = SIZEOF(.zp.data)
      31       31       4e     1 .zp.bss
      31       31        0     1         __zp_bss_start = .
      31       31       4e     1         midisam2.lto.o:(.zp.bss)
      31       31        1     1                 _col
      32       32        1     1                 _row
      33       33        4     1                 _BITMAP_BASE.0
      37       37        4     1                 _BITMAP_BASE.1
      3b       3b        4     1                 _BITMAP_BASE.2
      3f       3f        2     1                 __putchar.s
      41       41        1     1                 isPaused
      42       42        1     1                 isTrulyDone
      43       43        1     1                 isLightShow
      44       44        1     1                 repeatFlag
      45       45        1     1                 shimmerTimer.1
      46       46        2     1                 myRecord.0
      48       48        2     1                 myRecord.1
      4a       4a        2     1                 myRecord.2
      4c       4c        1     1                 myRecord.14
      4d       4d        1     1                 midiChip
      4e       4e       10     1                 shimmerBuffer
      5e       5e        2     1                 theOne.0
      60       60        2     1                 theOne.1
      62       62        4     1                 theOne.2
      66       66        1     1                 theOne.4
      67       67        4     1                 theOne.5
      6b       6b        2     1                 theOne.6
      6d       6d        2     1                 theOne.7
      6f       6f        2     1                 theOne.8
      71       71        1     1                 kernelError
      72       72        7     1                 kernelEventData
      79       79        1     1                 (anonymous namespace)::initialized
      7a       7a        1     1                 (anonymous namespace)::last_free
      7b       7b        2     1                 (anonymous namespace)::free_size
      7d       7d        2     1                 (anonymous namespace)::free_list
      7f       7f        0     1 __zp_bss_size = SIZEOF(.zp.bss)
      7f       7f       6f     1 .zp
      7f       7f       6f     1         midisam2.lto.o:(.zp.noinit)
     302      302     d0c2     2 .text
     302      302        0     1         _init = .
     302      302        0     1         _start = .
     302      302        8     1         D:\F256\llvm-mos\f256dev\llvm-mos\bin/../mos-platform/f256/lib\libcrt0.a(init-stack.S.obj):(.init.100)
     302      302        0     1                 __do_init_stack
     30a      30a        3     1         D:\F256\llvm-mos\f256dev\llvm-mos\bin/../mos-platform/f256/lib\libcrt0.a(zero-bss.c.obj):(.init.200)
     30a      30a        0     1                 __do_zero_bss
     30d      30d        3     1         D:\F256\llvm-mos\f256dev\llvm-mos\bin/../mos-platform/f256/lib\libcrt0.a(zero-zp-bss.c.obj):(.init.200)
     30d      30d        0     1                 __do_zero_zp_bss
     310      310        3     1         D:\F256\llvm-mos\f256dev\llvm-mos\bin/../mos-platform/f256/lib\libcrt0.a(copy-zp-data.c.obj):(.init.200)
     310      310        0     1                 __do_copy_zp_data
     313      313        3     1         D:\F256\llvm-mos\f256dev\llvm-mos\bin/../mos-platform/common/lib\crt0.o:(.call_main)
     316      316        3     1         D:\F256\llvm-mos\f256dev\llvm-mos\bin/../mos-platform/f256/lib\libcrt0.a(exit-custom.S.obj):(.after_main)
     316      316        0     1                 __after_main
     319      319        0     1         _fini = .
     319      319        1     1         D:\F256\llvm-mos\f256dev\llvm-mos\bin/../mos-platform/common/lib\crt0.o:(.fini_rts)
     31a      31a      14b     2         midisam2.lto.o:(.text._ZN12_GLOBAL__N_19FreeChunk6insertEPvj)
     31a      31a      14b     1                 (anonymous namespace)::FreeChunk::insert(void*, unsigned int)
     466      466       e8     2         midisam2.lto.o:(.text._ZN12_GLOBAL__N_19FreeChunk6removeEv)
     466      466       e8     1                 (anonymous namespace)::FreeChunk::remove()
     54e      54e       13     1         D:\F256\llvm-mos\f256dev\llvm-mos\bin/../mos-platform/f256/lib\libcrt0.a(zero-bss.c.obj):(.text.__zero_bss)
     54e      54e       13     1                 __zero_bss
     561      561       13     1         D:\F256\llvm-mos\f256dev\llvm-mos\bin/../mos-platform/f256/lib\libcrt0.a(zero-zp-bss.c.obj):(.text.__zero_zp_bss)
     561      561       13     1                 __zero_zp_bss
     574      574       17     1         D:\F256\llvm-mos\f256dev\llvm-mos\bin/../mos-platform/f256/lib\libcrt0.a(copy-zp-data.c.obj):(.text.__copy_zp_data)
     574      574       17     1                 __copy_zp_data
     58b      58b       21     1         midisam2.lto.o:(.text.FAR_PEEK)
     58b      58b       21     1                 FAR_PEEK
     5ac      5ac       2a     1         midisam2.lto.o:(.text.FAR_PEEKW)
     5ac      5ac       2a     1                 FAR_PEEKW
     5d6      5d6       23     1         midisam2.lto.o:(.text.FAR_POKE)
     5d6      5d6       23     1                 FAR_POKE
     5f9      5f9       1c     1         midisam2.lto.o:(.text.FAR_POKEW)
     5f9      5f9       1c     1                 FAR_POKEW
     615      615      4b5     1         midisam2.lto.o:(.text.main)
     615      615      4b5     1                 main
     aca      aca     51c6     1         midisam2.lto.o:(.text.f256main)
     aca      aca     51c6     1                 f256main
    5c90     5c90      379     1         midisam2.lto.o:(.text.textPrint)
    5c90     5c90      379     1                 textPrint
    6009     6009       11     1         midisam2.lto.o:(.text.textGotoXY)
    6009     6009       11     1                 textGotoXY
    601a     601a       f3     1         midisam2.lto.o:(.text.fileReadDir)
    601a     601a       f3     1                 fileReadDir
    610d     610d      aec     1         midisam2.lto.o:(.text.getTheFile_far)
    610d     610d      aec     1                 getTheFile_far
    6bf9     6bf9      605     1         midisam2.lto.o:(.text.readDirectory_far)
    6bf9     6bf9      605     1                 readDirectory_far
    71fe     71fe      5e4     1         midisam2.lto.o:(.text.sortFileList_far)
    71fe     71fe      5e4     1                 sortFileList_far
    77e2     77e2      44f     1         midisam2.lto.o:(.text.displayFileList_far)
    77e2     77e2      44f     1                 displayFileList_far
    7c31     7c31     1029     1         midisam2.lto.o:(.text.pickFile_far)
    7c31     7c31     1029     1                 pickFile_far
    8c5a     8c5a      3ef     1         midisam2.lto.o:(.text.wipeArea_far)
    8c5a     8c5a      3ef     1                 wipeArea_far
    9049     9049      144     1         midisam2.lto.o:(.text.endsWithExt)
    9049     9049      144     1                 endsWithExt
    918d     918d      4a7     1         midisam2.lto.o:(.text.displayImage)
    918d     918d      4a7     1                 displayImage
    9634     9634      4df     1         midisam2.lto.o:(.text.initMidiRecord)
    9634     9634      4df     1                 initMidiRecord
    9b13     9b13       be     1         midisam2.lto.o:(.text.loadSMFile)
    9b13     9b13       be     1                 loadSMFile
    9bd1     9bd1      27e     1         midisam2.lto.o:(.text.detectStructure)
    9bd1     9bd1      27e     1                 detectStructure
    9e4f     9e4f      4c1     1         midisam2.lto.o:(.text.readDelta)
    9e4f     9e4f      4c1     1                 readDelta
    a310     a310      5c5     1         midisam2.lto.o:(.text.readMIDICmd)
    a310     a310      5c5     1                 readMIDICmd
    a8d5     a8d5      216     1         midisam2.lto.o:(.text.skipWhenFFCmd)
    a8d5     a8d5      216     1                 skipWhenFFCmd
    aaeb     aaeb      a09     1         midisam2.lto.o:(.text.performMIDICmd)
    aaeb     aaeb      a09     1                 performMIDICmd
    b4f4     b4f4      52c     1         midisam2.lto.o:(.text.initTrack)
    b4f4     b4f4      52c     1                 initTrack
    ba20     ba20      496     1         midisam2.lto.o:(.text.displayInfo)
    ba20     ba20      496     1                 displayInfo
    beb6     beb6      138     1         midisam2.lto.o:(.text.superExtraInfo)
    beb6     beb6      138     1                 superExtraInfo
    bfee     bfee        5     1         midisam2.lto.o:(.text.exit)
    bfee     bfee        5     1                 exit
    bff3     bff3      b76     1         midisam2.lto.o:(.text._ZN12_GLOBAL__N_15printEPKcP6Status)
    bff3     bff3      b76     1                 (anonymous namespace)::print(char const*, Status*)
    cb69     cb69       df     1         midisam2.lto.o:(.text._ZN12_GLOBAL__N_13putEcP6Status)
    cb69     cb69       df     1                 (anonymous namespace)::put(char, Status*)
    cc48     cc48      10f     1         midisam2.lto.o:(.text._ZN12_GLOBAL__N_112print_stringEPKcP6Status)
    cc48     cc48      10f     1                 (anonymous namespace)::print_string(char const*, Status*)
    cd57     cd57       90     1         midisam2.lto.o:(.text.printf)
    cd57     cd57       90     1                 printf
    cde7     cde7       e2     1         midisam2.lto.o:(.text.sprintf)
    cde7     cde7       e2     1                 sprintf
    cec9     cec9      1e2     1         midisam2.lto.o:(.text.malloc)
    cec9     cec9      1e2     1                 malloc
    d0ab     d0ab       2c     1         midisam2.lto.o:(.text.memcpy)
    d0ab     d0ab       2c     1                 memcpy
    d0d7     d0d7       20     1         midisam2.lto.o:(.text.__memset)
    d0d7     d0d7       20     1                 __memset
    d0f7     d0f7       13     1         midisam2.lto.o:(.text.__ashlhi3)
    d0f7     d0f7       13     1                 __ashlhi3
    d10a     d10a       b9     1         midisam2.lto.o:(.text.__udivhi3)
    d10a     d10a       b9     1                 __udivhi3
    d1c3     d1c3      15f     1         midisam2.lto.o:(.text.__udivsi3)
    d1c3     d1c3      15f     1                 __udivsi3
    d322     d322       32     1         midisam2.lto.o:(.text.__mulhi3)
    d322     d322       32     1                 __mulhi3
    d354     d354       70     1         midisam2.lto.o:(.text.__mulsi3)
    d354     d354       70     1                 __mulsi3
    d3c4     d3c4        0     1         __init_array_start = .
    d3c4     d3c4        0     1         __init_array_end = .
    d3c4     d3c4        0     1         __fini_array_start = .
    d3c4     d3c4        0     1         __fini_array_end = .
    d3c4     d3c4      463     1 .rodata
    d3c4     d3c4       16     1         midisam2.lto.o:(.rodata.fileReadDir)
    d3da     d3da        8     1         midisam2.lto.o:(.rodata.getTheFile_far)
    d3e2     d3e2       50     1         midisam2.lto.o:(.rodata.pickFile_far)
    d432     d432       b4     1         midisam2.lto.o:(.rodata.skipWhenFFCmd)
    d4e6     d4e6       3a     1         midisam2.lto.o:(.rodata._ZN12_GLOBAL__N_15printEPKcP6Status)
    d520     d520       30     1         midisam2.lto.o:(.rodata.textColors)
    d520     d520       30     1                 textColors
    d550     d550      27f     1         <internal>:(.rodata.str1.1)
    d7cf     d7cf       20     1         <internal>:(.rodata.cst32)
    d7ef     d7ef       38     1         midisam2.lto.o:(.rodata.rtmplugin)
    d7ef     d7ef       38     1                 rtmplugin
    d827     d827       4a     1 .data
    d827     d827        0     1         __data_start = .
    d827     d827       4a     1         midisam2.lto.o:(.data.nameVersion)
    d827     d827       4a     1                 nameVersion
    d871     d871        0     1         __data_end = .
    d871     d871        0     1 __data_load_start = LOADADDR(.data)
    d871     d871        0     1 __data_size = SIZEOF(.data)
    d871     d871      182     1 .bss
    d871     d871        0     1         __bss_start = .
    d871     d871        8     1         midisam2.lto.o:(.bss._dirStream)
    d871     d871        8     1                 _dirStream
    d879     d879      102     1         midisam2.lto.o:(.bss.fileReadDir.fileDirEntS)
    d879     d879      102     1                 fileReadDir.fileDirEntS
    d97b     d97b       78     1         midisam2.lto.o:(.bss.name)
    d97b     d97b       78     1                 name
    d9f3     d9f3        0     1         __bss_end = .
    d9f3     d9f3        0     1 __bss_size = SIZEOF(.bss)
    d9f3     d9f3        0     1 .noinit
    d9f3     d9f3        0     1         __heap_start = ALIGN(., 2)
 800a000  800a000      b0f     1 .block8
 800a000  800a000      b0f     1         midisam2.lto.o:(.block8)
 800a000  800a000      b0f     1                 FAR8_loadSMFile
 800ab0f  800ab0f        0     1 end_block8 = .
 800ab0f  800ab0f        0     1 end_block9 = .
 800ab0f  800ab0f        0     1 end_block10 = .
 800ab0f  800ab0f        0     1 end_block11 = .
 800ab0f  800ab0f        0     1 end_block12 = .
 800ab0f  800ab0f        0     1 end_block13 = .
 800ab0f  800ab0f        0     1 end_block14 = .
 800ab0f  800ab0f        0     1 end_block15 = .
 800ab0f  800ab0f        0     1 end_block16 = .
 800ab0f  800ab0f        0     1 end_block17 = .
 800ab0f  800ab0f        0     1 end_block18 = .
 800ab0f  800ab0f        0     1 end_block19 = .
 800ab0f  800ab0f        0     1 end_block20 = .
 800ab0f  800ab0f        0     1 end_block21 = .
 800ab0f  800ab0f        0     1 end_block22 = .
 800ab0f  800ab0f        0     1 end_block23 = .
   30000    30000    20d00    16 .cozyLCD
   30000    30000    20d00    16         midisam2.lto.o:(.cozyLCD)
   30000    30000        0     1                 cozyLCD_start
   50d00    50d00        0     1                 cozyLCD_end
   50d00    50d00        0     1 end_cozyLCD = .
   20000    20000      a80    16 .midiinst
   20000    20000      a80    16         midisam2.lto.o:(.midiinst)
   20000    20000        0     1                 midiinst_start
   20a80    20a80        0     1                 midiinst_end
   20a80    20a80        0     1 end_midiinst = .
       0        0      138     1 .comment
       0        0      138     1         <internal>:(.comment)
       0        0      c30     4 .symtab
       0        0      c30     4         <internal>:(.symtab)
       0        0       75     1 .shstrtab
       0        0       75     1         <internal>:(.shstrtab)
       0        0      963     1 .strtab
       0        0      963     1         <internal>:(.strtab)
