     VMA      LMA     Size Align Out     In      Symbol
       0        0        0     1 PROVIDE(__stack = 0xC000)
       0        0        0     1 PROVIDE(__f256_start = 0x300)
       0        0        0     1 PROVIDE(__BLOCK_SIZE = 0x2000)
       0        0        0     1 PROVIDE(__SLOT_ADDR = 0xC000)
       0        0        0     1 __rc0 = 0x10
       0        0        0     1 __rc1 = __rc0 + 1
       0        0        0     1 PROVIDE(__rc2 = __rc1 + 1)
       0        0        0     1 __rc3 = __rc2 + 1
       0        0        0     1 PROVIDE(__rc4 = __rc3 + 1)
       0        0        0     1 __rc5 = __rc4 + 1
       0        0        0     1 PROVIDE(__rc6 = __rc5 + 1)
       0        0        0     1 __rc7 = __rc6 + 1
       0        0        0     1 PROVIDE(__rc8 = __rc7 + 1)
       0        0        0     1 __rc9 = __rc8 + 1
       0        0        0     1 PROVIDE(__rc10 = __rc9 + 1)
       0        0        0     1 __rc11 = __rc10 + 1
       0        0        0     1 PROVIDE(__rc12 = __rc11 + 1)
       0        0        0     1 __rc13 = __rc12 + 1
       0        0        0     1 PROVIDE(__rc14 = __rc13 + 1)
       0        0        0     1 __rc15 = __rc14 + 1
       0        0        0     1 PROVIDE(__rc16 = __rc15 + 1)
       0        0        0     1 __rc17 = __rc16 + 1
       0        0        0     1 PROVIDE(__rc18 = __rc17 + 1)
       0        0        0     1 __rc19 = __rc18 + 1
       0        0        0     1 PROVIDE(__rc20 = __rc19 + 1)
       0        0        0     1 __rc21 = __rc20 + 1
       0        0        0     1 PROVIDE(__rc22 = __rc21 + 1)
       0        0        0     1 __rc23 = __rc22 + 1
       0        0        0     1 PROVIDE(__rc24 = __rc23 + 1)
       0        0        0     1 __rc25 = __rc24 + 1
       0        0        0     1 PROVIDE(__rc26 = __rc25 + 1)
       0        0        0     1 __rc27 = __rc26 + 1
       0        0        0     1 PROVIDE(__rc28 = __rc27 + 1)
       0        0        0     1 __rc29 = __rc28 + 1
       0        0        0     1 PROVIDE(__rc30 = __rc29 + 1)
       0        0        0     1 __rc31 = __rc30 + 1
       0        0        0     1 
       0        0        0     1 
       0        0        0     1 __block8_lma = ( 8<<24)|__SLOT_ADDR
       0        0        0     1 __block9_lma = ( 9<<24)|__SLOT_ADDR
       0        0        0     1 __block10_lma = (10<<24)|__SLOT_ADDR
       0        0        0     1 __block11_lma = (11<<24)|__SLOT_ADDR
       0        0        0     1 __block12_lma = (12<<24)|__SLOT_ADDR
       0        0        0     1 __block13_lma = (13<<24)|__SLOT_ADDR
       0        0        0     1 __block14_lma = (14<<24)|__SLOT_ADDR
       0        0        0     1 __block15_lma = (15<<24)|__SLOT_ADDR
       0        0        0     1 __block16_lma = (16<<24)|__SLOT_ADDR
       0        0        0     1 __block17_lma = (17<<24)|__SLOT_ADDR
       0        0        0     1 __block18_lma = (18<<24)|__SLOT_ADDR
       0        0        0     1 __block19_lma = (19<<24)|__SLOT_ADDR
       0        0        0     1 __block20_lma = (20<<24)|__SLOT_ADDR
       0        0        0     1 __block21_lma = (21<<24)|__SLOT_ADDR
       0        0        0     1 __block22_lma = (22<<24)|__SLOT_ADDR
       0        0        0     1 __block23_lma = (23<<24)|__SLOT_ADDR
      30      300       31     1 .zp.data
      30      300        0     1         __zp_data_start = .
      30      300       31     1         midisam2.lto.o:(.zp.data)
      30      300       30     1                 textColors
      60      330        1     1                 _ccolor
      61      331        0     1 __zp_data_load_start = LOADADDR(.zp.data)
      61      331        0     1 __zp_data_size = SIZEOF(.zp.data)
      61       61       33     1 .zp.bss
      61       61        0     1         __zp_bss_start = .
      61       61       33     1         midisam2.lto.o:(.zp.bss)
      61       61        1     1                 _col
      62       62        1     1                 _row
      63       63        4     1                 _BITMAP_BASE.0
      67       67        4     1                 _BITMAP_BASE.1
      6b       6b        4     1                 _BITMAP_BASE.2
      6f       6f        2     1                 __putchar.s
      71       71        1     1                 isPaused
      72       72        1     1                 repeatFlag
      73       73        1     1                 midiChip
      74       74        1     1                 shimmerTimer.1
      75       75        2     1                 theOne.0
      77       77        2     1                 theOne.1
      79       79        4     1                 theOne.2
      7d       7d        1     1                 theOne.3
      7e       7e        4     1                 theOne.4
      82       82        2     1                 theOne.5
      84       84        2     1                 theOne.6
      86       86        1     1                 kernelError
      87       87        7     1                 kernelEventData
      8e       8e        1     1                 (anonymous namespace)::initialized
      8f       8f        1     1                 (anonymous namespace)::last_free
      90       90        2     1                 (anonymous namespace)::free_size
      92       92        2     1                 (anonymous namespace)::free_list
      94       94        0     1 __zp_bss_size = SIZEOF(.zp.bss)
      94       94       57     1 .zp
      94       94       57     1         midisam2.lto.o:(.zp.noinit)
     332      332     8adc     2 .text
     332      332        0     1         _init = .
     332      332        0     1         _start = .
     332      332        8     1         D:\F256\llvm-mos\f256dev\llvm-mos\bin/../mos-platform/f256/lib\libcrt0.a(init-stack.S.obj):(.init.100)
     332      332        0     1                 __do_init_stack
     33a      33a        3     1         D:\F256\llvm-mos\f256dev\llvm-mos\bin/../mos-platform/f256/lib\libcrt0.a(zero-bss.c.obj):(.init.200)
     33a      33a        0     1                 __do_zero_bss
     33d      33d        3     1         D:\F256\llvm-mos\f256dev\llvm-mos\bin/../mos-platform/f256/lib\libcrt0.a(zero-zp-bss.c.obj):(.init.200)
     33d      33d        0     1                 __do_zero_zp_bss
     340      340        3     1         D:\F256\llvm-mos\f256dev\llvm-mos\bin/../mos-platform/f256/lib\libcrt0.a(copy-zp-data.c.obj):(.init.200)
     340      340        0     1                 __do_copy_zp_data
     343      343        3     1         D:\F256\llvm-mos\f256dev\llvm-mos\bin/../mos-platform/common/lib\crt0.o:(.call_main)
     346      346        3     1         D:\F256\llvm-mos\f256dev\llvm-mos\bin/../mos-platform/f256/lib\libcrt0.a(exit-custom.S.obj):(.after_main)
     346      346        0     1                 __after_main
     349      349        0     1         _fini = .
     349      349        1     1         D:\F256\llvm-mos\f256dev\llvm-mos\bin/../mos-platform/common/lib\crt0.o:(.fini_rts)
     34a      34a      135     2         midisam2.lto.o:(.text._ZN12_GLOBAL__N_19FreeChunk6insertEPvj)
     34a      34a      135     1                 (anonymous namespace)::FreeChunk::insert(void*, unsigned int)
     480      480       d7     2         midisam2.lto.o:(.text._ZN12_GLOBAL__N_19FreeChunk6removeEv)
     480      480       d7     1                 (anonymous namespace)::FreeChunk::remove()
     557      557       13     1         D:\F256\llvm-mos\f256dev\llvm-mos\bin/../mos-platform/f256/lib\libcrt0.a(zero-bss.c.obj):(.text.__zero_bss)
     557      557       13     1                 __zero_bss
     56a      56a       13     1         D:\F256\llvm-mos\f256dev\llvm-mos\bin/../mos-platform/f256/lib\libcrt0.a(zero-zp-bss.c.obj):(.text.__zero_zp_bss)
     56a      56a       13     1                 __zero_zp_bss
     57d      57d       17     1         D:\F256\llvm-mos\f256dev\llvm-mos\bin/../mos-platform/f256/lib\libcrt0.a(copy-zp-data.c.obj):(.text.__copy_zp_data)
     57d      57d       17     1                 __copy_zp_data
     594      594      479     1         midisam2.lto.o:(.text.main)
     594      594      479     1                 main
     a0d      a0d     5a6d     1         midisam2.lto.o:(.text.f256main)
     a0d      a0d     5a6d     1                 f256main
    647a     647a      36f     1         midisam2.lto.o:(.text.textPrint)
    647a     647a      36f     1                 textPrint
    67e9     67e9      470     1         midisam2.lto.o:(.text.readDelta)
    67e9     67e9      470     1                 readDelta
    6c59     6c59      636     1         midisam2.lto.o:(.text.readMIDICmd)
    6c59     6c59      636     1                 readMIDICmd
    728f     728f      205     1         midisam2.lto.o:(.text.skipWhenFFCmd)
    728f     728f      205     1                 skipWhenFFCmd
    7494     7494      701     1         midisam2.lto.o:(.text.exhaustZeroes)
    7494     7494      701     1                 exhaustZeroes
    7b95     7b95        5     1         midisam2.lto.o:(.text.exit)
    7b95     7b95        5     1                 exit
    7b9a     7b9a       db     1         midisam2.lto.o:(.text._ZN12_GLOBAL__N_13putEcP6Status)
    7b9a     7b9a       db     1                 (anonymous namespace)::put(char, Status*)
    7c75     7c75      10c     1         midisam2.lto.o:(.text._ZN12_GLOBAL__N_112print_stringEPKcP6Status)
    7c75     7c75      10c     1                 (anonymous namespace)::print_string(char const*, Status*)
    7d81     7d81      c2c     1         midisam2.lto.o:(.text.printf)
    7d81     7d81      c2c     1                 printf
    89ad     89ad      1cf     1         midisam2.lto.o:(.text.malloc)
    89ad     89ad      1cf     1                 malloc
    8b7c     8b7c       2c     1         midisam2.lto.o:(.text.memcpy)
    8b7c     8b7c       2c     1                 memcpy
    8ba8     8ba8       20     1         midisam2.lto.o:(.text.__memset)
    8ba8     8ba8       20     1                 __memset
    8bc8     8bc8       32     1         midisam2.lto.o:(.text.__mulhi3)
    8bc8     8bc8       32     1                 __mulhi3
    8bfa     8bfa      16f     1         midisam2.lto.o:(.text.__udivsi3)
    8bfa     8bfa      16f     1                 __udivsi3
    8d69     8d69       a5     1         midisam2.lto.o:(.text.__umodhi3)
    8d69     8d69       a5     1                 __umodhi3
    8e0e     8e0e        0     1         __init_array_start = .
    8e0e     8e0e        0     1         __init_array_end = .
    8e0e     8e0e        0     1         __fini_array_start = .
    8e0e     8e0e        0     1         __fini_array_end = .
    8e0e     8e0e      2f5     1 .rodata
    8e0e     8e0e        1     1         D:\F256\llvm-mos\f256dev\llvm-mos\bin/../mos-platform/common/lib\libcrt.a(const.S.obj):(.rodata)
    8e0e     8e0e        0     1                 __set_v
    8e0f     8e0f       b4     1         midisam2.lto.o:(.rodata.skipWhenFFCmd)
    8ec3     8ec3       3a     1         midisam2.lto.o:(.rodata.printf)
    8efd     8efd      1ce     1         <internal>:(.rodata.str1.1)
    90cb     90cb       38     1         midisam2.lto.o:(.rodata.rtmplugin)
    90cb     90cb       38     1                 rtmplugin
    9103     9103        0     1 .data
    9103     9103        0     1         __data_start = .
    9103     9103        0     1         __data_end = .
    9103     9103        0     1 __data_load_start = LOADADDR(.data)
    9103     9103        0     1 __data_size = SIZEOF(.data)
    9103     9103      100     1 .bss
    9103     9103        0     1         __bss_start = .
    9103     9103       80     1         midisam2.lto.o:(.bss.shimmerChanged)
    9103     9103       80     1                 shimmerChanged
    9183     9183       80     1         midisam2.lto.o:(.bss.shimmerBuffer)
    9183     9183       80     1                 shimmerBuffer
    9203     9203        0     1         __bss_end = .
    9203     9203        0     1 __bss_size = SIZEOF(.bss)
    9203     9203        0     1 .noinit
    9203     9203        0     1         __heap_start = ALIGN(., 2)
    9203     9203        0     1 end_block8 = .
    9203     9203        0     1 end_block9 = .
    9203     9203        0     1 end_block10 = .
    9203     9203        0     1 end_block11 = .
    9203     9203        0     1 end_block12 = .
    9203     9203        0     1 end_block13 = .
    9203     9203        0     1 end_block14 = .
    9203     9203        0     1 end_block15 = .
    9203     9203        0     1 end_block16 = .
    9203     9203        0     1 end_block17 = .
    9203     9203        0     1 end_block18 = .
    9203     9203        0     1 end_block19 = .
    9203     9203        0     1 end_block20 = .
    9203     9203        0     1 end_block21 = .
    9203     9203        0     1 end_block22 = .
    9203     9203        0     1 end_block23 = .
       0        0      138     1 .comment
       0        0      138     1         <internal>:(.comment)
       0        0      960     4 .symtab
       0        0      960     4         <internal>:(.symtab)
       0        0       5a     1 .shstrtab
       0        0       5a     1         <internal>:(.shstrtab)
       0        0      713     1 .strtab
       0        0      713     1         <internal>:(.strtab)
