     VMA      LMA     Size Align Out     In      Symbol
       0        0        0     1 PROVIDE(__stack = 0xA000)
       0        0        0     1 PROVIDE(__f256_start = 0x300)
       0        0        0     1 PROVIDE(__BLOCK_SIZE = 0x2000)
       0        0        0     1 PROVIDE(__SLOT_ADDR = 0xA000)
       0        0        0     1 __rc0 = 0x10
       0        0        0     1 __rc1 = __rc0 + 1
       0        0        0     1 PROVIDE(__rc2 = __rc1 + 1)
       0        0        0     1 __rc3 = __rc2 + 1
       0        0        0     1 PROVIDE(__rc4 = __rc3 + 1)
       0        0        0     1 __rc5 = __rc4 + 1
       0        0        0     1 PROVIDE(__rc6 = __rc5 + 1)
       0        0        0     1 __rc7 = __rc6 + 1
       0        0        0     1 PROVIDE(__rc8 = __rc7 + 1)
       0        0        0     1 __rc9 = __rc8 + 1
       0        0        0     1 PROVIDE(__rc10 = __rc9 + 1)
       0        0        0     1 __rc11 = __rc10 + 1
       0        0        0     1 PROVIDE(__rc12 = __rc11 + 1)
       0        0        0     1 __rc13 = __rc12 + 1
       0        0        0     1 PROVIDE(__rc14 = __rc13 + 1)
       0        0        0     1 __rc15 = __rc14 + 1
       0        0        0     1 PROVIDE(__rc16 = __rc15 + 1)
       0        0        0     1 __rc17 = __rc16 + 1
       0        0        0     1 PROVIDE(__rc18 = __rc17 + 1)
       0        0        0     1 __rc19 = __rc18 + 1
       0        0        0     1 PROVIDE(__rc20 = __rc19 + 1)
       0        0        0     1 __rc21 = __rc20 + 1
       0        0        0     1 PROVIDE(__rc22 = __rc21 + 1)
       0        0        0     1 __rc23 = __rc22 + 1
       0        0        0     1 PROVIDE(__rc24 = __rc23 + 1)
       0        0        0     1 __rc25 = __rc24 + 1
       0        0        0     1 PROVIDE(__rc26 = __rc25 + 1)
       0        0        0     1 __rc27 = __rc26 + 1
       0        0        0     1 PROVIDE(__rc28 = __rc27 + 1)
       0        0        0     1 __rc29 = __rc28 + 1
       0        0        0     1 PROVIDE(__rc30 = __rc29 + 1)
       0        0        0     1 __rc31 = __rc30 + 1
       0        0        0     1 
       0        0        0     1 
       0        0        0     1 __block8_lma = ( 8<<24)|__SLOT_ADDR
       0        0        0     1 __block9_lma = ( 9<<24)|__SLOT_ADDR
       0        0        0     1 __block10_lma = (10<<24)|__SLOT_ADDR
       0        0        0     1 __block11_lma = (11<<24)|__SLOT_ADDR
       0        0        0     1 __block12_lma = (12<<24)|__SLOT_ADDR
       0        0        0     1 __block13_lma = (13<<24)|__SLOT_ADDR
       0        0        0     1 __block14_lma = (14<<24)|__SLOT_ADDR
       0        0        0     1 __block15_lma = (15<<24)|__SLOT_ADDR
       0        0        0     1 __block16_lma = (16<<24)|__SLOT_ADDR
       0        0        0     1 __block17_lma = (17<<24)|__SLOT_ADDR
       0        0        0     1 __block18_lma = (18<<24)|__SLOT_ADDR
       0        0        0     1 __block19_lma = (19<<24)|__SLOT_ADDR
       0        0        0     1 __block20_lma = (20<<24)|__SLOT_ADDR
       0        0        0     1 __block21_lma = (21<<24)|__SLOT_ADDR
       0        0        0     1 __block22_lma = (22<<24)|__SLOT_ADDR
       0        0        0     1 __block23_lma = (23<<24)|__SLOT_ADDR
       0        0        0     1 __cozyLCD_lma = 0x30000
       0        0        0     1 __cozyLCD_size = 0x20d00
       0        0        0     1 __midiinst_lma = 0x25400
       0        0        0     1 __midiinst_size = 0xa80
       0        0        0     1 __midigfxbounce_lma = 0x24c00
       0        0        0     1 __midigfxbounce_size = 0x400
       0        0        0     1 __midigfxpal_lma = 0x25000
       0        0        0     1 __midigfxpal_size = 0x80
      30      300       14     1 .zp.data
      30      300        0     1         __zp_data_start = .
      30      300       14     1         midisam2.lto.o:(.zp.data)
      30      300        1     1                 _ccolor
      44      314        0     1 __zp_data_load_start = LOADADDR(.zp.data)
      44      314        0     1 __zp_data_size = SIZEOF(.zp.data)
      44       44       3c     1 .zp.bss
      44       44        0     1         __zp_bss_start = .
      44       44       3c     1         midisam2.lto.o:(.zp.bss)
      44       44        1     1                 _col
      45       45        1     1                 _row
      46       46        4     1                 _BITMAP_BASE.0
      4a       4a        1     1                 _color
      4b       4b        1     1                 _MAX_X
      4c       4c        2     1                 __putchar.s
      4e       4e        1     1                 isPaused
      4f       4f        1     1                 isLightShow
      50       50        1     1                 repeatFlag
      51       51        1     1                 shimmerTimer.1
      52       52        2     1                 myRecord.0
      54       54        2     1                 myRecord.2
      56       56        1     1                 myRecord.14
      57       57        1     1                 fileOpenedErrorCode
      58       58        1     1                 midiChip
      59       59       10     1                 shimmerBuffer
      69       69        2     1                 theOne.0
      6b       6b        1     1                 theOne.4
      6c       6c        4     1                 theOne.5
      70       70        2     1                 theOne.6
      72       72        2     1                 theOne.8
      74       74        1     1                 kernelError
      75       75        7     1                 kernelEventData
      7c       7c        2     1                 (anonymous namespace)::free_size
      7e       7e        2     1                 (anonymous namespace)::free_list
      80       80        0     1 __zp_bss_size = SIZEOF(.zp.bss)
      80       80       70     1 .zp
      80       80       70     1         midisam2.lto.o:(.zp.noinit)
     314      314     83cb     2 .text
     314      314        0     1         _init = .
     314      314        0     1         _start = .
     314      314        8     1         D:\F256\llvm-mos\f256dev\llvm-mos\bin/../mos-platform/f256/lib\libcrt0.a(init-stack.S.obj):(.init.100)
     314      314        0     1                 __do_init_stack
     31c      31c        3     1         D:\F256\llvm-mos\f256dev\llvm-mos\bin/../mos-platform/f256/lib\libcrt0.a(zero-bss.c.obj):(.init.200)
     31c      31c        0     1                 __do_zero_bss
     31f      31f        3     1         D:\F256\llvm-mos\f256dev\llvm-mos\bin/../mos-platform/f256/lib\libcrt0.a(zero-zp-bss.c.obj):(.init.200)
     31f      31f        0     1                 __do_zero_zp_bss
     322      322        3     1         D:\F256\llvm-mos\f256dev\llvm-mos\bin/../mos-platform/f256/lib\libcrt0.a(copy-zp-data.c.obj):(.init.200)
     322      322        0     1                 __do_copy_zp_data
     325      325        3     1         D:\F256\llvm-mos\f256dev\llvm-mos\bin/../mos-platform/common/lib\crt0.o:(.call_main)
     328      328        3     1         D:\F256\llvm-mos\f256dev\llvm-mos\bin/../mos-platform/f256/lib\libcrt0.a(exit-custom.S.obj):(.after_main)
     328      328        0     1                 __after_main
     32b      32b        0     1         _fini = .
     32b      32b        1     1         D:\F256\llvm-mos\f256dev\llvm-mos\bin/../mos-platform/common/lib\crt0.o:(.fini_rts)
     32c      32c      14b     2         midisam2.lto.o:(.text._ZN12_GLOBAL__N_19FreeChunk6insertEPvj)
     32c      32c      14b     1                 (anonymous namespace)::FreeChunk::insert(void*, unsigned int)
     478      478       e8     2         midisam2.lto.o:(.text._ZN12_GLOBAL__N_19FreeChunk6removeEv)
     478      478       e8     1                 (anonymous namespace)::FreeChunk::remove()
     560      560       13     1         D:\F256\llvm-mos\f256dev\llvm-mos\bin/../mos-platform/f256/lib\libcrt0.a(zero-bss.c.obj):(.text.__zero_bss)
     560      560       13     1                 __zero_bss
     573      573       13     1         D:\F256\llvm-mos\f256dev\llvm-mos\bin/../mos-platform/f256/lib\libcrt0.a(zero-zp-bss.c.obj):(.text.__zero_zp_bss)
     573      573       13     1                 __zero_zp_bss
     586      586       17     1         D:\F256\llvm-mos\f256dev\llvm-mos\bin/../mos-platform/f256/lib\libcrt0.a(copy-zp-data.c.obj):(.text.__copy_zp_data)
     586      586       17     1                 __copy_zp_data
     59d      59d       21     1         midisam2.lto.o:(.text.FAR_PEEK)
     59d      59d       21     1                 FAR_PEEK
     5be      5be       2a     1         midisam2.lto.o:(.text.FAR_PEEKW)
     5be      5be       2a     1                 FAR_PEEKW
     5e8      5e8       23     1         midisam2.lto.o:(.text.FAR_POKE)
     5e8      5e8       23     1                 FAR_POKE
     60b      60b       1c     1         midisam2.lto.o:(.text.FAR_POKEW)
     60b      60b       1c     1                 FAR_POKEW
     627      627     21b8     1         midisam2.lto.o:(.text.main)
     627      627     21b8     1                 main
    27df     27df       45     1         midisam2.lto.o:(.text.zeroOutStuff)
    27df     27df       45     1                 zeroOutStuff
    2824     2824      120     1         midisam2.lto.o:(.text.fileOpenDir)
    2824     2824      120     1                 fileOpenDir
    2944     2944       4b     1         midisam2.lto.o:(.text.fileCloseDir)
    2944     2944       4b     1                 fileCloseDir
    298f     298f      119     1         midisam2.lto.o:(.text.fetchNextPLEntry)
    298f     298f      119     1                 fetchNextPLEntry
    2aa8     2aa8      130     1         midisam2.lto.o:(.text.fileOpen)
    2aa8     2aa8      130     1                 fileOpen
    2bd8     2bd8      1ce     1         midisam2.lto.o:(.text.textPrint)
    2bd8     2bd8      1ce     1                 textPrint
    2da6     2da6      17b     1         midisam2.lto.o:(.text.fileRead)
    2da6     2da6      17b     1                 fileRead
    2f21     2f21       11     1         midisam2.lto.o:(.text.textGotoXY)
    2f21     2f21       11     1                 textGotoXY
    2f32     2f32      437     1         midisam2.lto.o:(.text.bitmapLine)
    2f32     2f32      437     1                 bitmapLine
    3369     3369       f3     1         midisam2.lto.o:(.text.fileReadDir)
    3369     3369       f3     1                 fileReadDir
    345c     345c       48     1         midisam2.lto.o:(.text.fpr_set_currentPath)
    345c     345c       48     1                 fpr_set_currentPath
    34a4     34a4      508     1         midisam2.lto.o:(.text.readDirectory_far)
    34a4     34a4      508     1                 readDirectory_far
    39ac     39ac      5b7     1         midisam2.lto.o:(.text.sortFileList_far)
    39ac     39ac      5b7     1                 sortFileList_far
    3f63     3f63      44d     1         midisam2.lto.o:(.text.displayFileList_far)
    3f63     3f63      44d     1                 displayFileList_far
    43b0     43b0     1029     1         midisam2.lto.o:(.text.pickFile_far)
    43b0     43b0     1029     1                 pickFile_far
    53d9     53d9      116     1         midisam2.lto.o:(.text.reprepFPR_far)
    53d9     53d9      116     1                 reprepFPR_far
    54ef     54ef       99     1         midisam2.lto.o:(.text.wipeArea_far)
    54ef     54ef       99     1                 wipeArea_far
    5588     5588      4a7     1         midisam2.lto.o:(.text.displayImage)
    5588     5588      4a7     1                 displayImage
    5a2f     5a2f       c2     1         midisam2.lto.o:(.text.loadSMFile)
    5a2f     5a2f       c2     1                 loadSMFile
    5af1     5af1      280     1         midisam2.lto.o:(.text.detectStructure)
    5af1     5af1      280     1                 detectStructure
    5d71     5d71      b8e     1         midisam2.lto.o:(.text.chainEvent)
    5d71     5d71      b8e     1                 chainEvent
    68ff     68ff      238     1         midisam2.lto.o:(.text.performMIDICmd)
    68ff     68ff      238     1                 performMIDICmd
    6b37     6b37       f6     1         midisam2.lto.o:(.text.exhaustZeroes)
    6b37     6b37       f6     1                 exhaustZeroes
    6c2d     6c2d      3f8     1         midisam2.lto.o:(.text.initTrack)
    6c2d     6c2d      3f8     1                 initTrack
    7025     7025       5c     1         midisam2.lto.o:(.text.lilpause)
    7025     7025       5c     1                 lilpause
    7081     7081       f7     1         midisam2.lto.o:(.text.setColors)
    7081     7081       f7     1                 setColors
    7178     7178        5     1         midisam2.lto.o:(.text.exit)
    7178     7178        5     1                 exit
    717d     717d      b76     1         midisam2.lto.o:(.text._ZN12_GLOBAL__N_15printEPKcP6Status)
    717d     717d      b76     1                 (anonymous namespace)::print(char const*, Status*)
    7cf3     7cf3       df     1         midisam2.lto.o:(.text._ZN12_GLOBAL__N_13putEcP6Status)
    7cf3     7cf3       df     1                 (anonymous namespace)::put(char, Status*)
    7dd2     7dd2      10f     1         midisam2.lto.o:(.text._ZN12_GLOBAL__N_112print_stringEPKcP6Status)
    7dd2     7dd2      10f     1                 (anonymous namespace)::print_string(char const*, Status*)
    7ee1     7ee1       90     1         midisam2.lto.o:(.text.printf)
    7ee1     7ee1       90     1                 printf
    7f71     7f71       e2     1         midisam2.lto.o:(.text.sprintf)
    7f71     7f71       e2     1                 sprintf
    8053     8053      1e6     1         midisam2.lto.o:(.text.malloc)
    8053     8053      1e6     1                 malloc
    8239     8239      18d     1         midisam2.lto.o:(.text.free)
    8239     8239      18d     1                 free
    83c6     83c6       2c     1         midisam2.lto.o:(.text.memcpy)
    83c6     83c6       2c     1                 memcpy
    83f2     83f2       20     1         midisam2.lto.o:(.text.__memset)
    83f2     83f2       20     1                 __memset
    8412     8412       13     1         midisam2.lto.o:(.text.__ashlhi3)
    8412     8412       13     1                 __ashlhi3
    8425     8425       b9     1         midisam2.lto.o:(.text.__udivhi3)
    8425     8425       b9     1                 __udivhi3
    84de     84de      15f     1         midisam2.lto.o:(.text.__udivsi3)
    84de     84de      15f     1                 __udivsi3
    863d     863d       32     1         midisam2.lto.o:(.text.__mulhi3)
    863d     863d       32     1                 __mulhi3
    866f     866f       70     1         midisam2.lto.o:(.text.__mulsi3)
    866f     866f       70     1                 __mulsi3
    86df     86df        0     1         __init_array_start = .
    86df     86df        0     1         __init_array_end = .
    86df     86df        0     1         __fini_array_start = .
    86df     86df        0     1         __fini_array_end = .
    86df     86df      3dc     1 .rodata
    86df     86df        8     1         midisam2.lto.o:(.rodata.main)
    86e7     86e7       16     1         midisam2.lto.o:(.rodata.fileReadDir)
    86fd     86fd       50     1         midisam2.lto.o:(.rodata.pickFile_far)
    874d     874d       12     1         midisam2.lto.o:(.rodata.chainEvent)
    875f     875f       3a     1         midisam2.lto.o:(.rodata._ZN12_GLOBAL__N_15printEPKcP6Status)
    8799     8799       30     1         midisam2.lto.o:(.rodata.textColors)
    8799     8799       30     1                 textColors
    87c9     87c9      29a     1         <internal>:(.rodata.str1.1)
    8a63     8a63       20     1         <internal>:(.rodata.cst32)
    8a83     8a83       38     1         midisam2.lto.o:(.rodata.rtmplugin)
    8a83     8a83       38     1                 rtmplugin
    8abb     8abb       4a     1 .data
    8abb     8abb        0     1         __data_start = .
    8abb     8abb       4a     1         midisam2.lto.o:(.data.nameVersion)
    8abb     8abb       4a     1                 nameVersion
    8b05     8b05        0     1         __data_end = .
    8b05     8b05        0     1 __data_load_start = LOADADDR(.data)
    8b05     8b05        0     1 __data_size = SIZEOF(.data)
    8b05     8b05      1d7     1 .bss
    8b05     8b05        0     1         __bss_start = .
    8b05     8b05        1     1         midisam2.lto.o:(.bss.freakoutCoundDown)
    8b05     8b05        1     1                 freakoutCoundDown
    8b06     8b06        1     1         midisam2.lto.o:(.bss.isFreakingOut)
    8b06     8b06        1     1                 isFreakingOut
    8b07     8b07        2     1         midisam2.lto.o:(.bss.midiSpr_x)
    8b07     8b07        2     1                 midiSpr_x
    8b09     8b09        2     1         midisam2.lto.o:(.bss.midiSpr_y)
    8b09     8b09        2     1                 midiSpr_y
    8b0b     8b0b        1     1         midisam2.lto.o:(.bss.midiSpr_vx)
    8b0b     8b0b        1     1                 midiSpr_vx
    8b0c     8b0c        1     1         midisam2.lto.o:(.bss.midiSpr_vy)
    8b0c     8b0c        1     1                 midiSpr_vy
    8b0d     8b0d       40     1         midisam2.lto.o:(.bss._spriteCtl)
    8b0d     8b0d       40     1                 _spriteCtl
    8b4d     8b4d        8     1         midisam2.lto.o:(.bss._dirStream)
    8b4d     8b4d        8     1                 _dirStream
    8b55     8b55      102     1         midisam2.lto.o:(.bss.fileReadDir.fileDirEntS)
    8b55     8b55      102     1                 fileReadDir.fileDirEntS
    8c57     8c57        1     1         midisam2.lto.o:(.bss.isTrulyDone)
    8c57     8c57        1     1                 isTrulyDone
    8c58     8c58        2     1         midisam2.lto.o:(.bss.myRecord.1)
    8c58     8c58        2     1                 myRecord.1
    8c5a     8c5a        2     1         midisam2.lto.o:(.bss.theOne.1)
    8c5a     8c5a        2     1                 theOne.1
    8c5c     8c5c        4     1         midisam2.lto.o:(.bss.theOne.2)
    8c5c     8c5c        4     1                 theOne.2
    8c60     8c60        2     1         midisam2.lto.o:(.bss.theOne.7)
    8c60     8c60        2     1                 theOne.7
    8c62     8c62       78     1         midisam2.lto.o:(.bss.name)
    8c62     8c62       78     1                 name
    8cda     8cda        1     1         midisam2.lto.o:(.bss._ZN12_GLOBAL__N_111initializedE)
    8cda     8cda        1     1                 (anonymous namespace)::initialized
    8cdb     8cdb        1     1         midisam2.lto.o:(.bss._ZN12_GLOBAL__N_19last_freeE)
    8cdb     8cdb        1     1                 (anonymous namespace)::last_free
    8cdc     8cdc        0     1         __bss_end = .
    8cdc     8cdc        0     1 __bss_size = SIZEOF(.bss)
    8cdc     8cdc        0     1 .noinit
    8cdc     8cdc        0     1         __heap_start = ALIGN(., 2)
 800a000  800a000      1fa     1 .block8
 800a000  800a000      1fa     1         midisam2.lto.o:(.block8)
 800a000  800a000      1fa     1                 FAR8_loadSMFile
 800a1fa  800a1fa        0     1 end_block8 = .
 800a1fa  800a1fa        0     1 end_block9 = .
 800a1fa  800a1fa        0     1 end_block10 = .
 800a1fa  800a1fa        0     1 end_block11 = .
 800a1fa  800a1fa        0     1 end_block12 = .
 800a1fa  800a1fa        0     1 end_block13 = .
 800a1fa  800a1fa        0     1 end_block14 = .
 800a1fa  800a1fa        0     1 end_block15 = .
 800a1fa  800a1fa        0     1 end_block16 = .
 800a1fa  800a1fa        0     1 end_block17 = .
 800a1fa  800a1fa        0     1 end_block18 = .
 800a1fa  800a1fa        0     1 end_block19 = .
 800a1fa  800a1fa        0     1 end_block20 = .
 800a1fa  800a1fa        0     1 end_block21 = .
 800a1fa  800a1fa        0     1 end_block22 = .
 800a1fa  800a1fa        0     1 end_block23 = .
   30000    30000    20d00    16 .cozyLCD
   30000    30000    20d00    16         midisam2.lto.o:(.cozyLCD)
   30000    30000        0     1                 cozyLCD_start
   50d00    50d00        0     1                 cozyLCD_end
   50d00    50d00        0     1 end_cozyLCD = .
   25400    25400      a80    16 .midiinst
   25400    25400      a80    16         midisam2.lto.o:(.midiinst)
   25400    25400        0     1                 midiinst_start
   25e80    25e80        0     1                 midiinst_end
   25e80    25e80        0     1 end_midiinst = .
   24c00    24c00      400    16 .midigfxbounce
   24c00    24c00      400    16         midisam2.lto.o:(.midigfxbounce)
   24c00    24c00        0     1                 midigfxbounce_start
   25000    25000        0     1                 midigfxbounce_end
   25000    25000        0     1 end_midigfxbounce = .
   25000    25000       80    16 .midigfxpal
   25000    25000       80    16         midisam2.lto.o:(.midigfxpal)
   25000    25000        0     1                 midigfxpal_start
   25080    25080        0     1                 midigfxpal_end
   25080    25080        0     1 end_midigfxpal = .
       0        0      138     1 .comment
       0        0      138     1         <internal>:(.comment)
       0        0      da0     4 .symtab
       0        0      da0     4         <internal>:(.symtab)
       0        0       90     1 .shstrtab
       0        0       90     1         <internal>:(.shstrtab)
       0        0      aa4     1 .strtab
       0        0      aa4     1         <internal>:(.strtab)
