     VMA      LMA     Size Align Out     In      Symbol
       0        0        0     1 PROVIDE(__stack = 0xC000)
       0        0        0     1 PROVIDE(__f256_start = 0x300)
       0        0        0     1 PROVIDE(__BLOCK_SIZE = 0x2000)
       0        0        0     1 PROVIDE(__SLOT_ADDR = 0xC000)
       0        0        0     1 __rc0 = 0x10
       0        0        0     1 __rc1 = __rc0 + 1
       0        0        0     1 PROVIDE(__rc2 = __rc1 + 1)
       0        0        0     1 __rc3 = __rc2 + 1
       0        0        0     1 PROVIDE(__rc4 = __rc3 + 1)
       0        0        0     1 __rc5 = __rc4 + 1
       0        0        0     1 PROVIDE(__rc6 = __rc5 + 1)
       0        0        0     1 __rc7 = __rc6 + 1
       0        0        0     1 PROVIDE(__rc8 = __rc7 + 1)
       0        0        0     1 __rc9 = __rc8 + 1
       0        0        0     1 PROVIDE(__rc10 = __rc9 + 1)
       0        0        0     1 __rc11 = __rc10 + 1
       0        0        0     1 PROVIDE(__rc12 = __rc11 + 1)
       0        0        0     1 __rc13 = __rc12 + 1
       0        0        0     1 PROVIDE(__rc14 = __rc13 + 1)
       0        0        0     1 __rc15 = __rc14 + 1
       0        0        0     1 PROVIDE(__rc16 = __rc15 + 1)
       0        0        0     1 __rc17 = __rc16 + 1
       0        0        0     1 PROVIDE(__rc18 = __rc17 + 1)
       0        0        0     1 __rc19 = __rc18 + 1
       0        0        0     1 PROVIDE(__rc20 = __rc19 + 1)
       0        0        0     1 __rc21 = __rc20 + 1
       0        0        0     1 PROVIDE(__rc22 = __rc21 + 1)
       0        0        0     1 __rc23 = __rc22 + 1
       0        0        0     1 PROVIDE(__rc24 = __rc23 + 1)
       0        0        0     1 __rc25 = __rc24 + 1
       0        0        0     1 PROVIDE(__rc26 = __rc25 + 1)
       0        0        0     1 __rc27 = __rc26 + 1
       0        0        0     1 PROVIDE(__rc28 = __rc27 + 1)
       0        0        0     1 __rc29 = __rc28 + 1
       0        0        0     1 PROVIDE(__rc30 = __rc29 + 1)
       0        0        0     1 __rc31 = __rc30 + 1
       0        0        0     1 
       0        0        0     1 
       0        0        0     1 __block8_lma = ( 8<<24)|__SLOT_ADDR
       0        0        0     1 __block9_lma = ( 9<<24)|__SLOT_ADDR
       0        0        0     1 __block10_lma = (10<<24)|__SLOT_ADDR
       0        0        0     1 __block11_lma = (11<<24)|__SLOT_ADDR
       0        0        0     1 __block12_lma = (12<<24)|__SLOT_ADDR
       0        0        0     1 __block13_lma = (13<<24)|__SLOT_ADDR
       0        0        0     1 __block14_lma = (14<<24)|__SLOT_ADDR
       0        0        0     1 __block15_lma = (15<<24)|__SLOT_ADDR
       0        0        0     1 __block16_lma = (16<<24)|__SLOT_ADDR
       0        0        0     1 __block17_lma = (17<<24)|__SLOT_ADDR
       0        0        0     1 __block18_lma = (18<<24)|__SLOT_ADDR
       0        0        0     1 __block19_lma = (19<<24)|__SLOT_ADDR
       0        0        0     1 __block20_lma = (20<<24)|__SLOT_ADDR
       0        0        0     1 __block21_lma = (21<<24)|__SLOT_ADDR
       0        0        0     1 __block22_lma = (22<<24)|__SLOT_ADDR
       0        0        0     1 __block23_lma = (23<<24)|__SLOT_ADDR
      30      300       31     1 .zp.data
      30      300        0     1         __zp_data_start = .
      30      300       31     1         midisam2.lto.o:(.zp.data)
      30      300       30     1                 textColors
      60      330        1     1                 _ccolor
      61      331        0     1 __zp_data_load_start = LOADADDR(.zp.data)
      61      331        0     1 __zp_data_size = SIZEOF(.zp.data)
      61       61       26     1 .zp.bss
      61       61        0     1         __zp_bss_start = .
      61       61       26     1         midisam2.lto.o:(.zp.bss)
      61       61        1     1                 _col
      62       62        1     1                 _row
      63       63        2     1                 __putchar.s
      65       65        1     1                 isPaused
      66       66        1     1                 repeatFlag
      67       67        2     1                 theOne.0
      69       69        2     1                 theOne.1
      6b       6b        4     1                 theOne.2
      6f       6f        1     1                 theOne.3
      70       70        4     1                 theOne.4
      74       74        2     1                 theOne.5
      76       76        2     1                 theOne.6
      78       78        1     1                 midiChip
      79       79        1     1                 kernelError
      7a       7a        7     1                 kernelEventData
      81       81        1     1                 (anonymous namespace)::initialized
      82       82        1     1                 (anonymous namespace)::last_free
      83       83        2     1                 (anonymous namespace)::free_size
      85       85        2     1                 (anonymous namespace)::free_list
      87       87        0     1 __zp_bss_size = SIZEOF(.zp.bss)
      87       87       58     1 .zp
      87       87       58     1         midisam2.lto.o:(.zp.noinit)
     332      332     46f7     2 .text
     332      332        0     1         _init = .
     332      332        0     1         _start = .
     332      332        8     1         D:\F256\llvm-mos\f256dev\llvm-mos\bin/../mos-platform/f256/lib\libcrt0.a(init-stack.S.obj):(.init.100)
     332      332        0     1                 __do_init_stack
     33a      33a        3     1         D:\F256\llvm-mos\f256dev\llvm-mos\bin/../mos-platform/f256/lib\libcrt0.a(zero-zp-bss.c.obj):(.init.200)
     33a      33a        0     1                 __do_zero_zp_bss
     33d      33d        3     1         D:\F256\llvm-mos\f256dev\llvm-mos\bin/../mos-platform/f256/lib\libcrt0.a(copy-zp-data.c.obj):(.init.200)
     33d      33d        0     1                 __do_copy_zp_data
     340      340        3     1         D:\F256\llvm-mos\f256dev\llvm-mos\bin/../mos-platform/common/lib\crt0.o:(.call_main)
     343      343        3     1         D:\F256\llvm-mos\f256dev\llvm-mos\bin/../mos-platform/f256/lib\libcrt0.a(exit-custom.S.obj):(.after_main)
     343      343        0     1                 __after_main
     346      346        0     1         _fini = .
     346      346        1     1         D:\F256\llvm-mos\f256dev\llvm-mos\bin/../mos-platform/common/lib\crt0.o:(.fini_rts)
     348      348      135     2         midisam2.lto.o:(.text._ZN12_GLOBAL__N_19FreeChunk6insertEPvj)
     348      348      135     1                 (anonymous namespace)::FreeChunk::insert(void*, unsigned int)
     47e      47e       d7     2         midisam2.lto.o:(.text._ZN12_GLOBAL__N_19FreeChunk6removeEv)
     47e      47e       d7     1                 (anonymous namespace)::FreeChunk::remove()
     555      555       13     1         D:\F256\llvm-mos\f256dev\llvm-mos\bin/../mos-platform/f256/lib\libcrt0.a(zero-zp-bss.c.obj):(.text.__zero_zp_bss)
     555      555       13     1                 __zero_zp_bss
     568      568       17     1         D:\F256\llvm-mos\f256dev\llvm-mos\bin/../mos-platform/f256/lib\libcrt0.a(copy-zp-data.c.obj):(.text.__copy_zp_data)
     568      568       17     1                 __copy_zp_data
     57f      57f     20c8     1         midisam2.lto.o:(.text.main)
     57f      57f     20c8     1                 main
    2647     2647      1e7     1         midisam2.lto.o:(.text.textPrint)
    2647     2647      1e7     1                 textPrint
    282e     282e      470     1         midisam2.lto.o:(.text.readDelta)
    282e     282e      470     1                 readDelta
    2c9e     2c9e      62f     1         midisam2.lto.o:(.text.readMIDICmd)
    2c9e     2c9e      62f     1                 readMIDICmd
    32cd     32cd      205     1         midisam2.lto.o:(.text.skipWhenFFCmd)
    32cd     32cd      205     1                 skipWhenFFCmd
    34d2     34d2      313     1         midisam2.lto.o:(.text.exhaustZeroes)
    34d2     34d2      313     1                 exhaustZeroes
    37e5     37e5        5     1         midisam2.lto.o:(.text.exit)
    37e5     37e5        5     1                 exit
    37ea     37ea       db     1         midisam2.lto.o:(.text._ZN12_GLOBAL__N_13putEcP6Status)
    37ea     37ea       db     1                 (anonymous namespace)::put(char, Status*)
    38c5     38c5      10c     1         midisam2.lto.o:(.text._ZN12_GLOBAL__N_112print_stringEPKcP6Status)
    38c5     38c5      10c     1                 (anonymous namespace)::print_string(char const*, Status*)
    39d1     39d1      c2c     1         midisam2.lto.o:(.text.printf)
    39d1     39d1      c2c     1                 printf
    45fd     45fd      1cf     1         midisam2.lto.o:(.text.malloc)
    45fd     45fd      1cf     1                 malloc
    47cc     47cc       2c     1         midisam2.lto.o:(.text.memcpy)
    47cc     47cc       2c     1                 memcpy
    47f8     47f8       20     1         midisam2.lto.o:(.text.__memset)
    47f8     47f8       20     1                 __memset
    4818     4818       32     1         midisam2.lto.o:(.text.__mulhi3)
    4818     4818       32     1                 __mulhi3
    484a     484a       70     1         midisam2.lto.o:(.text.__mulsi3)
    484a     484a       70     1                 __mulsi3
    48ba     48ba      16f     1         midisam2.lto.o:(.text.__udivsi3)
    48ba     48ba      16f     1                 __udivsi3
    4a29     4a29        0     1         __init_array_start = .
    4a29     4a29        0     1         __init_array_end = .
    4a29     4a29        0     1         __fini_array_start = .
    4a29     4a29        0     1         __fini_array_end = .
    4a29     4a29      2f5     1 .rodata
    4a29     4a29        1     1         D:\F256\llvm-mos\f256dev\llvm-mos\bin/../mos-platform/common/lib\libcrt.a(const.S.obj):(.rodata)
    4a29     4a29        0     1                 __set_v
    4a2a     4a2a       b4     1         midisam2.lto.o:(.rodata.skipWhenFFCmd)
    4ade     4ade       3a     1         midisam2.lto.o:(.rodata.printf)
    4b18     4b18      1ce     1         <internal>:(.rodata.str1.1)
    4ce6     4ce6       38     1         midisam2.lto.o:(.rodata.rtmplugin)
    4ce6     4ce6       38     1                 rtmplugin
    4d1e     4d1e        0     1 .data
    4d1e     4d1e        0     1         __data_start = .
    4d1e     4d1e        0     1         __data_end = .
    4d1e     4d1e        0     1 __data_load_start = LOADADDR(.data)
    4d1e     4d1e        0     1 __data_size = SIZEOF(.data)
    4d1e     4d1e        0     1 .bss
    4d1e     4d1e        0     1         __bss_start = .
    4d1e     4d1e        0     1         __bss_end = .
    4d1e     4d1e        0     1 __bss_size = SIZEOF(.bss)
    4d1e     4d1e        0     1 .noinit
    4d1e     4d1e        0     1         __heap_start = ALIGN(., 2)
    4d1e     4d1e        0     1 end_block8 = .
    4d1e     4d1e        0     1 end_block9 = .
    4d1e     4d1e        0     1 end_block10 = .
    4d1e     4d1e        0     1 end_block11 = .
    4d1e     4d1e        0     1 end_block12 = .
    4d1e     4d1e        0     1 end_block13 = .
    4d1e     4d1e        0     1 end_block14 = .
    4d1e     4d1e        0     1 end_block15 = .
    4d1e     4d1e        0     1 end_block16 = .
    4d1e     4d1e        0     1 end_block17 = .
    4d1e     4d1e        0     1 end_block18 = .
    4d1e     4d1e        0     1 end_block19 = .
    4d1e     4d1e        0     1 end_block20 = .
    4d1e     4d1e        0     1 end_block21 = .
    4d1e     4d1e        0     1 end_block22 = .
    4d1e     4d1e        0     1 end_block23 = .
       0        0      138     1 .comment
       0        0      138     1         <internal>:(.comment)
       0        0      8c0     4 .symtab
       0        0      8c0     4         <internal>:(.symtab)
       0        0       5a     1 .shstrtab
       0        0       5a     1         <internal>:(.shstrtab)
       0        0      68c     1 .strtab
       0        0      68c     1         <internal>:(.strtab)
