     VMA      LMA     Size Align Out     In      Symbol
       0        0        0     1 PROVIDE(__stack = 0xC000)
       0        0        0     1 PROVIDE(__f256_start = 0x300)
       0        0        0     1 PROVIDE(__BLOCK_SIZE = 0x2000)
       0        0        0     1 PROVIDE(__SLOT_ADDR = 0xC000)
       0        0        0     1 __rc0 = 0x10
       0        0        0     1 __rc1 = __rc0 + 1
       0        0        0     1 PROVIDE(__rc2 = __rc1 + 1)
       0        0        0     1 __rc3 = __rc2 + 1
       0        0        0     1 PROVIDE(__rc4 = __rc3 + 1)
       0        0        0     1 __rc5 = __rc4 + 1
       0        0        0     1 PROVIDE(__rc6 = __rc5 + 1)
       0        0        0     1 __rc7 = __rc6 + 1
       0        0        0     1 PROVIDE(__rc8 = __rc7 + 1)
       0        0        0     1 __rc9 = __rc8 + 1
       0        0        0     1 PROVIDE(__rc10 = __rc9 + 1)
       0        0        0     1 __rc11 = __rc10 + 1
       0        0        0     1 PROVIDE(__rc12 = __rc11 + 1)
       0        0        0     1 __rc13 = __rc12 + 1
       0        0        0     1 PROVIDE(__rc14 = __rc13 + 1)
       0        0        0     1 __rc15 = __rc14 + 1
       0        0        0     1 PROVIDE(__rc16 = __rc15 + 1)
       0        0        0     1 __rc17 = __rc16 + 1
       0        0        0     1 PROVIDE(__rc18 = __rc17 + 1)
       0        0        0     1 __rc19 = __rc18 + 1
       0        0        0     1 PROVIDE(__rc20 = __rc19 + 1)
       0        0        0     1 __rc21 = __rc20 + 1
       0        0        0     1 PROVIDE(__rc22 = __rc21 + 1)
       0        0        0     1 __rc23 = __rc22 + 1
       0        0        0     1 PROVIDE(__rc24 = __rc23 + 1)
       0        0        0     1 __rc25 = __rc24 + 1
       0        0        0     1 PROVIDE(__rc26 = __rc25 + 1)
       0        0        0     1 __rc27 = __rc26 + 1
       0        0        0     1 PROVIDE(__rc28 = __rc27 + 1)
       0        0        0     1 __rc29 = __rc28 + 1
       0        0        0     1 PROVIDE(__rc30 = __rc29 + 1)
       0        0        0     1 __rc31 = __rc30 + 1
       0        0        0     1 
       0        0        0     1 
       0        0        0     1 __block8_lma = ( 8<<24)|__SLOT_ADDR
       0        0        0     1 __block9_lma = ( 9<<24)|__SLOT_ADDR
       0        0        0     1 __block10_lma = (10<<24)|__SLOT_ADDR
       0        0        0     1 __block11_lma = (11<<24)|__SLOT_ADDR
       0        0        0     1 __block12_lma = (12<<24)|__SLOT_ADDR
       0        0        0     1 __block13_lma = (13<<24)|__SLOT_ADDR
       0        0        0     1 __block14_lma = (14<<24)|__SLOT_ADDR
       0        0        0     1 __block15_lma = (15<<24)|__SLOT_ADDR
       0        0        0     1 __block16_lma = (16<<24)|__SLOT_ADDR
       0        0        0     1 __block17_lma = (17<<24)|__SLOT_ADDR
       0        0        0     1 __block18_lma = (18<<24)|__SLOT_ADDR
       0        0        0     1 __block19_lma = (19<<24)|__SLOT_ADDR
       0        0        0     1 __block20_lma = (20<<24)|__SLOT_ADDR
       0        0        0     1 __block21_lma = (21<<24)|__SLOT_ADDR
       0        0        0     1 __block22_lma = (22<<24)|__SLOT_ADDR
       0        0        0     1 __block23_lma = (23<<24)|__SLOT_ADDR
       0        0        0     1 __cozyLCD_lma = 0x30000
       0        0        0     1 __cozyLCD_size = 0x20d00
      30      300        8     1 .zp.data
      30      300        0     1         __zp_data_start = .
      30      300        8     1         midisam2.lto.o:(.zp.data)
      30      300        1     1                 _ccolor
      38      308        0     1 __zp_data_load_start = LOADADDR(.zp.data)
      38      308        0     1 __zp_data_size = SIZEOF(.zp.data)
      38       38       39     1 .zp.bss
      38       38        0     1         __zp_bss_start = .
      38       38       39     1         midisam2.lto.o:(.zp.bss)
      38       38        1     1                 _col
      39       39        1     1                 _row
      3a       3a        8     1                 _dirStream
      42       42        2     1                 __putchar.s
      44       44        1     1                 isPaused
      45       45        1     1                 isTrulyDone
      46       46        1     1                 repeatFlag
      47       47        1     1                 shimmerTimer.1
      48       48        2     1                 myRecord.0
      4a       4a        2     1                 myRecord.1
      4c       4c        2     1                 myRecord.2
      4e       4e        1     1                 myRecord.14
      4f       4f        2     1                 theOne.0
      51       51        2     1                 theOne.1
      53       53        4     1                 theOne.2
      57       57        1     1                 theOne.4
      58       58        4     1                 theOne.5
      5c       5c        2     1                 theOne.6
      5e       5e        2     1                 theOne.7
      60       60        2     1                 theOne.8
      62       62        1     1                 midiChip
      63       63        1     1                 kernelError
      64       64        7     1                 kernelEventData
      6b       6b        1     1                 (anonymous namespace)::initialized
      6c       6c        1     1                 (anonymous namespace)::last_free
      6d       6d        2     1                 (anonymous namespace)::free_size
      6f       6f        2     1                 (anonymous namespace)::free_list
      71       71        0     1 __zp_bss_size = SIZEOF(.zp.bss)
      71       71       7f     1 .zp
      71       71       7f     1         midisam2.lto.o:(.zp.noinit)
     308      308     8185     2 .text
     308      308        0     1         _init = .
     308      308        0     1         _start = .
     308      308        8     1         D:\F256\llvm-mos\f256dev\llvm-mos\bin/../mos-platform/f256/lib\libcrt0.a(init-stack.S.obj):(.init.100)
     308      308        0     1                 __do_init_stack
     310      310        3     1         D:\F256\llvm-mos\f256dev\llvm-mos\bin/../mos-platform/f256/lib\libcrt0.a(zero-bss.c.obj):(.init.200)
     310      310        0     1                 __do_zero_bss
     313      313        3     1         D:\F256\llvm-mos\f256dev\llvm-mos\bin/../mos-platform/f256/lib\libcrt0.a(zero-zp-bss.c.obj):(.init.200)
     313      313        0     1                 __do_zero_zp_bss
     316      316        3     1         D:\F256\llvm-mos\f256dev\llvm-mos\bin/../mos-platform/f256/lib\libcrt0.a(copy-zp-data.c.obj):(.init.200)
     316      316        0     1                 __do_copy_zp_data
     319      319        3     1         D:\F256\llvm-mos\f256dev\llvm-mos\bin/../mos-platform/common/lib\crt0.o:(.call_main)
     31c      31c        3     1         D:\F256\llvm-mos\f256dev\llvm-mos\bin/../mos-platform/f256/lib\libcrt0.a(exit-custom.S.obj):(.after_main)
     31c      31c        0     1                 __after_main
     31f      31f        0     1         _fini = .
     31f      31f        1     1         D:\F256\llvm-mos\f256dev\llvm-mos\bin/../mos-platform/common/lib\crt0.o:(.fini_rts)
     320      320      135     2         midisam2.lto.o:(.text._ZN12_GLOBAL__N_19FreeChunk6insertEPvj)
     320      320      135     1                 (anonymous namespace)::FreeChunk::insert(void*, unsigned int)
     456      456       d7     2         midisam2.lto.o:(.text._ZN12_GLOBAL__N_19FreeChunk6removeEv)
     456      456       d7     1                 (anonymous namespace)::FreeChunk::remove()
     52d      52d       13     1         D:\F256\llvm-mos\f256dev\llvm-mos\bin/../mos-platform/f256/lib\libcrt0.a(zero-bss.c.obj):(.text.__zero_bss)
     52d      52d       13     1                 __zero_bss
     540      540       13     1         D:\F256\llvm-mos\f256dev\llvm-mos\bin/../mos-platform/f256/lib\libcrt0.a(zero-zp-bss.c.obj):(.text.__zero_zp_bss)
     540      540       13     1                 __zero_zp_bss
     553      553       17     1         D:\F256\llvm-mos\f256dev\llvm-mos\bin/../mos-platform/f256/lib\libcrt0.a(copy-zp-data.c.obj):(.text.__copy_zp_data)
     553      553       17     1                 __copy_zp_data
     56a      56a     2b06     1         midisam2.lto.o:(.text.main)
     56a      56a     2b06     1                 main
    3070     3070      114     1         midisam2.lto.o:(.text.fileOpenDir)
    3070     3070      114     1                 fileOpenDir
    3184     3184      1e7     1         midisam2.lto.o:(.text.textPrint)
    3184     3184      1e7     1                 textPrint
    336b     336b       11     1         midisam2.lto.o:(.text.textGotoXY)
    336b     336b       11     1                 textGotoXY
    337c     337c       df     1         midisam2.lto.o:(.text.fileReadDir)
    337c     337c       df     1                 fileReadDir
    345b     345b      34c     1         midisam2.lto.o:(.text.sortFileList)
    345b     345b      34c     1                 sortFileList
    37a7     37a7      c4d     1         midisam2.lto.o:(.text.pickFile)
    37a7     37a7      c4d     1                 pickFile
    43f4     43f4      3a8     1         midisam2.lto.o:(.text.displayFileList)
    43f4     43f4      3a8     1                 displayFileList
    479c     479c      401     1         midisam2.lto.o:(.text.readDirectory)
    479c     479c      401     1                 readDirectory
    4b9d     4b9d      3c2     1         midisam2.lto.o:(.text.filePickModal)
    4b9d     4b9d      3c2     1                 filePickModal
    4f5f     4f5f      299     1         midisam2.lto.o:(.text.detectStructure)
    4f5f     4f5f      299     1                 detectStructure
    51f8     51f8      396     1         midisam2.lto.o:(.text.loadSMFile)
    51f8     51f8      396     1                 loadSMFile
    558e     558e      470     1         midisam2.lto.o:(.text.readDelta)
    558e     558e      470     1                 readDelta
    59fe     59fe      62f     1         midisam2.lto.o:(.text.readMIDICmd)
    59fe     59fe      62f     1                 readMIDICmd
    602d     602d      205     1         midisam2.lto.o:(.text.skipWhenFFCmd)
    602d     602d      205     1                 skipWhenFFCmd
    6232     6232      3f1     1         midisam2.lto.o:(.text.performMIDICmd)
    6232     6232      3f1     1                 performMIDICmd
    6623     6623      52b     1         midisam2.lto.o:(.text.initTrack)
    6623     6623      52b     1                 initTrack
    6b4e     6b4e      3ee     1         midisam2.lto.o:(.text.displayInfo)
    6b4e     6b4e      3ee     1                 displayInfo
    6f3c     6f3c      108     1         midisam2.lto.o:(.text.superExtraInfo)
    6f3c     6f3c      108     1                 superExtraInfo
    7044     7044        5     1         midisam2.lto.o:(.text.exit)
    7044     7044        5     1                 exit
    7049     7049      b34     1         midisam2.lto.o:(.text._ZN12_GLOBAL__N_15printEPKcP6Status)
    7049     7049      b34     1                 (anonymous namespace)::print(char const*, Status*)
    7b7d     7b7d       db     1         midisam2.lto.o:(.text._ZN12_GLOBAL__N_13putEcP6Status)
    7b7d     7b7d       db     1                 (anonymous namespace)::put(char, Status*)
    7c58     7c58      10c     1         midisam2.lto.o:(.text._ZN12_GLOBAL__N_112print_stringEPKcP6Status)
    7c58     7c58      10c     1                 (anonymous namespace)::print_string(char const*, Status*)
    7d64     7d64       88     1         midisam2.lto.o:(.text.printf)
    7d64     7d64       88     1                 printf
    7dec     7dec       da     1         midisam2.lto.o:(.text.sprintf)
    7dec     7dec       da     1                 sprintf
    7ec6     7ec6      1cf     1         midisam2.lto.o:(.text.malloc)
    7ec6     7ec6      1cf     1                 malloc
    8095     8095      190     1         midisam2.lto.o:(.text.free)
    8095     8095      190     1                 free
    8225     8225       2c     1         midisam2.lto.o:(.text.memcpy)
    8225     8225       2c     1                 memcpy
    8251     8251       20     1         midisam2.lto.o:(.text.__memset)
    8251     8251       20     1                 __memset
    8271     8271        b     1         midisam2.lto.o:(.text.__ashlqi3)
    8271     8271        b     1                 __ashlqi3
    827c     827c       32     1         midisam2.lto.o:(.text.__mulhi3)
    827c     827c       32     1                 __mulhi3
    82ae     82ae       70     1         midisam2.lto.o:(.text.__mulsi3)
    82ae     82ae       70     1                 __mulsi3
    831e     831e      16f     1         midisam2.lto.o:(.text.__udivsi3)
    831e     831e      16f     1                 __udivsi3
    848d     848d        0     1         __init_array_start = .
    848d     848d        0     1         __init_array_end = .
    848d     848d        0     1         __fini_array_start = .
    848d     848d        0     1         __fini_array_end = .
    848d     848d      c5b     1 .rodata
    848d     848d        1     1         D:\F256\llvm-mos\f256dev\llvm-mos\bin/../mos-platform/common/lib\libcrt.a(const.S.obj):(.rodata)
    848d     848d        0     1                 __set_v
    848e     848e       16     1         midisam2.lto.o:(.rodata.fileReadDir)
    84a4     84a4       50     1         midisam2.lto.o:(.rodata.pickFile)
    84f4     84f4        8     1         midisam2.lto.o:(.rodata.filePickModal)
    84fc     84fc       b4     1         midisam2.lto.o:(.rodata.skipWhenFFCmd)
    85b0     85b0       3a     1         midisam2.lto.o:(.rodata._ZN12_GLOBAL__N_15printEPKcP6Status)
    85ea     85ea       30     1         midisam2.lto.o:(.rodata.textColors)
    85ea     85ea       30     1                 textColors
    861a     861a      92a     1         <internal>:(.rodata.str1.1)
    8f44     8f44       40     1         <internal>:(.rodata.cst32)
    8f84     8f84       2c     1         midisam2.lto.o:(.rodata..Lstr.7)
    8fb0     8fb0      100     1         midisam2.lto.o:(.rodata.midi_instruments)
    8fb0     8fb0      100     1                 midi_instruments
    90b0     90b0       38     1         midisam2.lto.o:(.rodata.rtmplugin)
    90b0     90b0       38     1                 rtmplugin
    90e8     90e8       47     1 .data
    90e8     90e8        0     1         __data_start = .
    90e8     90e8       47     1         midisam2.lto.o:(.data.nameVersion)
    90e8     90e8       47     1                 nameVersion
    912f     912f        0     1         __data_end = .
    912f     912f        0     1 __data_load_start = LOADADDR(.data)
    912f     912f        0     1 __data_size = SIZEOF(.data)
    912f     912f     13f8     1 .bss
    912f     912f        0     1         __bss_start = .
    912f     912f      102     1         midisam2.lto.o:(.bss.fileReadDir.fileDirEntS)
    912f     912f      102     1                 fileReadDir.fileDirEntS
    9231     9231     11f6     1         midisam2.lto.o:(.bss.fpr)
    9231     9231     11f6     1                 fpr
    a427     a427       80     1         midisam2.lto.o:(.bss.shimmerChanged)
    a427     a427       80     1                 shimmerChanged
    a4a7     a4a7       80     1         midisam2.lto.o:(.bss.shimmerBuffer)
    a4a7     a4a7       80     1                 shimmerBuffer
    a527     a527        0     1         __bss_end = .
    a527     a527        0     1 __bss_size = SIZEOF(.bss)
    a527     a527       6c     1 .noinit
    a527     a527       6c     1         midisam2.lto.o:(.noinit..Lstatic_stack)
    a593     a593        0     1         __heap_start = ALIGN(., 2)
    a593     a593        0     1 end_block8 = .
    a593     a593        0     1 end_block9 = .
    a593     a593        0     1 end_block10 = .
    a593     a593        0     1 end_block11 = .
    a593     a593        0     1 end_block12 = .
    a593     a593        0     1 end_block13 = .
    a593     a593        0     1 end_block14 = .
    a593     a593        0     1 end_block15 = .
    a593     a593        0     1 end_block16 = .
    a593     a593        0     1 end_block17 = .
    a593     a593        0     1 end_block18 = .
    a593     a593        0     1 end_block19 = .
    a593     a593        0     1 end_block20 = .
    a593     a593        0     1 end_block21 = .
    a593     a593        0     1 end_block22 = .
    a593     a593        0     1 end_block23 = .
   30000    30000    20d00    16 .cozyLCD
   30000    30000    20d00    16         midisam2.lto.o:(.cozyLCD)
   30000    30000        0     1                 cozyLCD_start
   50d00    50d00        0     1                 cozyLCD_end
   50d00    50d00        0     1 end_cozyLCD = .
       0        0      138     1 .comment
       0        0      138     1         <internal>:(.comment)
       0        0      b30     4 .symtab
       0        0      b30     4         <internal>:(.symtab)
       0        0       63     1 .shstrtab
       0        0       63     1         <internal>:(.shstrtab)
       0        0      886     1 .strtab
       0        0      886     1         <internal>:(.strtab)
