     VMA      LMA     Size Align Out     In      Symbol
       0        0        0     1 PROVIDE(__stack = 0xA000)
       0        0        0     1 PROVIDE(__f256_start = 0x300)
       0        0        0     1 PROVIDE(__BLOCK_SIZE = 0x2000)
       0        0        0     1 PROVIDE(__SLOT_ADDR = 0xA000)
       0        0        0     1 __rc0 = 0x10
       0        0        0     1 __rc1 = __rc0 + 1
       0        0        0     1 PROVIDE(__rc2 = __rc1 + 1)
       0        0        0     1 __rc3 = __rc2 + 1
       0        0        0     1 PROVIDE(__rc4 = __rc3 + 1)
       0        0        0     1 __rc5 = __rc4 + 1
       0        0        0     1 PROVIDE(__rc6 = __rc5 + 1)
       0        0        0     1 __rc7 = __rc6 + 1
       0        0        0     1 PROVIDE(__rc8 = __rc7 + 1)
       0        0        0     1 __rc9 = __rc8 + 1
       0        0        0     1 PROVIDE(__rc10 = __rc9 + 1)
       0        0        0     1 __rc11 = __rc10 + 1
       0        0        0     1 PROVIDE(__rc12 = __rc11 + 1)
       0        0        0     1 __rc13 = __rc12 + 1
       0        0        0     1 PROVIDE(__rc14 = __rc13 + 1)
       0        0        0     1 __rc15 = __rc14 + 1
       0        0        0     1 PROVIDE(__rc16 = __rc15 + 1)
       0        0        0     1 __rc17 = __rc16 + 1
       0        0        0     1 PROVIDE(__rc18 = __rc17 + 1)
       0        0        0     1 __rc19 = __rc18 + 1
       0        0        0     1 PROVIDE(__rc20 = __rc19 + 1)
       0        0        0     1 __rc21 = __rc20 + 1
       0        0        0     1 PROVIDE(__rc22 = __rc21 + 1)
       0        0        0     1 __rc23 = __rc22 + 1
       0        0        0     1 PROVIDE(__rc24 = __rc23 + 1)
       0        0        0     1 __rc25 = __rc24 + 1
       0        0        0     1 PROVIDE(__rc26 = __rc25 + 1)
       0        0        0     1 __rc27 = __rc26 + 1
       0        0        0     1 PROVIDE(__rc28 = __rc27 + 1)
       0        0        0     1 __rc29 = __rc28 + 1
       0        0        0     1 PROVIDE(__rc30 = __rc29 + 1)
       0        0        0     1 __rc31 = __rc30 + 1
       0        0        0     1 
       0        0        0     1 
       0        0        0     1 __block8_lma = ( 8<<24)|__SLOT_ADDR
       0        0        0     1 __block9_lma = ( 9<<24)|__SLOT_ADDR
       0        0        0     1 __block10_lma = (10<<24)|__SLOT_ADDR
       0        0        0     1 __block11_lma = (11<<24)|__SLOT_ADDR
       0        0        0     1 __block12_lma = (12<<24)|__SLOT_ADDR
       0        0        0     1 __block13_lma = (13<<24)|__SLOT_ADDR
       0        0        0     1 __block14_lma = (14<<24)|__SLOT_ADDR
       0        0        0     1 __block15_lma = (15<<24)|__SLOT_ADDR
       0        0        0     1 __block16_lma = (16<<24)|__SLOT_ADDR
       0        0        0     1 __block17_lma = (17<<24)|__SLOT_ADDR
       0        0        0     1 __block18_lma = (18<<24)|__SLOT_ADDR
       0        0        0     1 __block19_lma = (19<<24)|__SLOT_ADDR
       0        0        0     1 __block20_lma = (20<<24)|__SLOT_ADDR
       0        0        0     1 __block21_lma = (21<<24)|__SLOT_ADDR
       0        0        0     1 __block22_lma = (22<<24)|__SLOT_ADDR
       0        0        0     1 __block23_lma = (23<<24)|__SLOT_ADDR
      30      300        1     1 .zp.data
      30      300        0     1         __zp_data_start = .
      30      300        1     1         midisam.lto.o:(.zp.data)
      30      300        1     1                 _ccolor
      31      301        0     1 __zp_data_load_start = LOADADDR(.zp.data)
      31      301        0     1 __zp_data_size = SIZEOF(.zp.data)
      31       31        e     1 .zp.bss
      31       31        0     1         __zp_bss_start = .
      31       31        e     1         midisam.lto.o:(.zp.bss)
      31       31        1     1                 _col
      32       32        1     1                 _row
      33       33        2     1                 __putchar.s
      35       35        1     1                 kernelError
      36       36        7     1                 kernelEventData
      3d       3d        2     1                 (anonymous namespace)::free_size
      3f       3f        0     1 __zp_bss_size = SIZEOF(.zp.bss)
      3f       3f       5d     1 .zp
      3f       3f       5d     1         midisam.lto.o:(.zp.noinit)
     302      302     9922     2 .text
     302      302        0     1         _init = .
     302      302        0     1         _start = .
     302      302        8     1         D:\F256\llvm-mos\f256dev\llvm-mos\bin/../mos-platform/f256/lib\libcrt0.a(init-stack.S.obj):(.init.100)
     302      302        0     1                 __do_init_stack
     30a      30a        3     1         D:\F256\llvm-mos\f256dev\llvm-mos\bin/../mos-platform/f256/lib\libcrt0.a(zero-bss.c.obj):(.init.200)
     30a      30a        0     1                 __do_zero_bss
     30d      30d        3     1         D:\F256\llvm-mos\f256dev\llvm-mos\bin/../mos-platform/f256/lib\libcrt0.a(zero-zp-bss.c.obj):(.init.200)
     30d      30d        0     1                 __do_zero_zp_bss
     310      310        3     1         D:\F256\llvm-mos\f256dev\llvm-mos\bin/../mos-platform/f256/lib\libcrt0.a(copy-zp-data.c.obj):(.init.200)
     310      310        0     1                 __do_copy_zp_data
     313      313        3     1         D:\F256\llvm-mos\f256dev\llvm-mos\bin/../mos-platform/common/lib\crt0.o:(.call_main)
     316      316        3     1         D:\F256\llvm-mos\f256dev\llvm-mos\bin/../mos-platform/f256/lib\libcrt0.a(exit-custom.S.obj):(.after_main)
     316      316        0     1                 __after_main
     319      319        0     1         _fini = .
     319      319        1     1         D:\F256\llvm-mos\f256dev\llvm-mos\bin/../mos-platform/common/lib\crt0.o:(.fini_rts)
     31a      31a      135     2         midisam.lto.o:(.text._ZN12_GLOBAL__N_19FreeChunk6insertEPvj)
     31a      31a      135     1                 (anonymous namespace)::FreeChunk::insert(void*, unsigned int)
     450      450       db     2         midisam.lto.o:(.text._ZN12_GLOBAL__N_19FreeChunk6removeEv)
     450      450       db     1                 (anonymous namespace)::FreeChunk::remove()
     52b      52b       13     1         D:\F256\llvm-mos\f256dev\llvm-mos\bin/../mos-platform/f256/lib\libcrt0.a(zero-bss.c.obj):(.text.__zero_bss)
     52b      52b       13     1                 __zero_bss
     53e      53e       13     1         D:\F256\llvm-mos\f256dev\llvm-mos\bin/../mos-platform/f256/lib\libcrt0.a(zero-zp-bss.c.obj):(.text.__zero_zp_bss)
     53e      53e       13     1                 __zero_zp_bss
     551      551       17     1         D:\F256\llvm-mos\f256dev\llvm-mos\bin/../mos-platform/f256/lib\libcrt0.a(copy-zp-data.c.obj):(.text.__copy_zp_data)
     551      551       17     1                 __copy_zp_data
     568      568     2629     1         midisam.lto.o:(.text.main)
     568      568     2629     1                 main
    2b91     2b91      1fa     1         midisam.lto.o:(.text.displayInfo)
    2b91     2b91      1fa     1                 displayInfo
    2d8b     2d8b     2306     1         midisam.lto.o:(.text.parse)
    2d8b     2d8b     2306     1                 parse
    5091     5091      1b8     1         midisam.lto.o:(.text.textPrint)
    5091     5091      1b8     1                 textPrint
    5249     5249      10e     1         midisam.lto.o:(.text.sendAME)
    5249     5249      10e     1                 sendAME
    5357     5357       31     1         midisam.lto.o:(.text.updateProgress)
    5357     5357       31     1                 updateProgress
    5388     5388        d     1         midisam.lto.o:(.text.__putchar)
    5388     5388        d     1                 __putchar
    5395     5395        5     1         midisam.lto.o:(.text.exit)
    5395     5395        5     1                 exit
    539a     539a       d1     1         midisam.lto.o:(.text._ZN12_GLOBAL__N_13putEcP6Status)
    539a     539a       d1     1                 (anonymous namespace)::put(char, Status*)
    546b     546b      10d     1         midisam.lto.o:(.text._ZN12_GLOBAL__N_112print_stringEPKcP6Status)
    546b     546b      10d     1                 (anonymous namespace)::print_string(char const*, Status*)
    5578     5578      bb0     1         midisam.lto.o:(.text.printf)
    5578     5578      bb0     1                 printf
    6128     6128        c     1         midisam.lto.o:(.text.putchar)
    6128     6128        c     1                 putchar
    6134     6134       18     1         midisam.lto.o:(.text.puts)
    6134     6134       18     1                 puts
    614c     614c      1d6     1         midisam.lto.o:(.text.malloc)
    614c     614c      1d6     1                 malloc
    6322     6322      192     1         midisam.lto.o:(.text.free)
    6322     6322      192     1                 free
    64b4     64b4       2c     1         midisam.lto.o:(.text.memcpy)
    64b4     64b4       2c     1                 memcpy
    64e0     64e0       20     1         midisam.lto.o:(.text.__memset)
    64e0     64e0       20     1                 __memset
    6500     6500       39     1         midisam.lto.o:(.text.strlen)
    6500     6500       39     1                 strlen
    6539     6539       74     1         midisam.lto.o:(.text.strstr)
    6539     6539       74     1                 strstr
    65ad     65ad       13     1         midisam.lto.o:(.text.__ashlhi3)
    65ad     65ad       13     1                 __ashlhi3
    65c0     65c0       1f     1         midisam.lto.o:(.text.__ashldi3)
    65c0     65c0       1f     1                 __ashldi3
    65df     65df       1f     1         midisam.lto.o:(.text.__lshrdi3)
    65df     65df       1f     1                 __lshrdi3
    65fe     65fe       32     1         midisam.lto.o:(.text.__mulhi3)
    65fe     65fe       32     1                 __mulhi3
    6630     6630       70     1         midisam.lto.o:(.text.__mulsi3)
    6630     6630       70     1                 __mulsi3
    66a0     66a0       f8     1         midisam.lto.o:(.text.__muldi3)
    66a0     66a0       f8     1                 __muldi3
    6798     6798       c0     1         midisam.lto.o:(.text.__udivhi3)
    6798     6798       c0     1                 __udivhi3
    6858     6858      16f     1         midisam.lto.o:(.text.__udivsi3)
    6858     6858      16f     1                 __udivsi3
    69c7     69c7      1b1     1         midisam.lto.o:(.text.__udivmodsi4)
    69c7     69c7      1b1     1                 __udivmodsi4
    6b78     6b78     13e4     1         midisam.lto.o:(.text.__muldf3)
    6b78     6b78     13e4     1                 __muldf3
    7f5c     7f5c     19c1     1         midisam.lto.o:(.text.__divdf3)
    7f5c     7f5c     19c1     1                 __divdf3
    991d     991d       83     1         midisam.lto.o:(.text.__fixunsdfsi)
    991d     991d       83     1                 __fixunsdfsi
    99a0     99a0      284     1         midisam.lto.o:(.text.__floatunsidf)
    99a0     99a0      284     1                 __floatunsidf
    9c24     9c24        0     1         __init_array_start = .
    9c24     9c24        0     1         __init_array_end = .
    9c24     9c24        0     1         __fini_array_start = .
    9c24     9c24        0     1         __fini_array_end = .
    9c24     9c24      a61     1 .rodata
    9c24     9c24        1     1         D:\F256\llvm-mos\f256dev\llvm-mos\bin/../mos-platform/common/lib\libcrt.a(const.S.obj):(.rodata)
    9c24     9c24        0     1                 __set_v
    9c25     9c25       22     1         midisam.lto.o:(.rodata.parse)
    9c47     9c47       3a     1         midisam.lto.o:(.rodata.printf)
    9c81     9c81       30     1         midisam.lto.o:(.rodata.textColors)
    9c81     9c81       30     1                 textColors
    9cb1     9cb1      8d4     1         <internal>:(.rodata.str1.1)
    a585     a585      100     1         midisam.lto.o:(.rodata.midi_instruments)
    a585     a585      100     1                 midi_instruments
    a685     a685        0     1 .data
    a685     a685        0     1         __data_start = .
    a685     a685        0     1         __data_end = .
    a685     a685        0     1 __data_load_start = LOADADDR(.data)
    a685     a685        0     1 __data_size = SIZEOF(.data)
    a685     a685        d     1 .bss
    a685     a685        0     1         __bss_start = .
    a685     a685        8     1         midisam.lto.o:(.bss.time_data)
    a685     a685        8     1                 time_data
    a68d     a68d        1     1         midisam.lto.o:(.bss.playbackTimer.1)
    a68d     a68d        1     1                 playbackTimer.1
    a68e     a68e        1     1         midisam.lto.o:(.bss._ZN12_GLOBAL__N_111initializedE)
    a68e     a68e        1     1                 (anonymous namespace)::initialized
    a68f     a68f        1     1         midisam.lto.o:(.bss._ZN12_GLOBAL__N_19last_freeE)
    a68f     a68f        1     1                 (anonymous namespace)::last_free
    a690     a690        2     1         midisam.lto.o:(.bss._ZN12_GLOBAL__N_19free_listE)
    a690     a690        2     1                 (anonymous namespace)::free_list
    a692     a692        0     1         __bss_end = .
    a692     a692        0     1 __bss_size = SIZEOF(.bss)
    a692     a692        0     1 .noinit
    a692     a692        0     1         __heap_start = ALIGN(., 2)
    a692     a692        0     1 end_block8 = .
    a692     a692        0     1 end_block9 = .
    a692     a692        0     1 end_block10 = .
    a692     a692        0     1 end_block11 = .
    a692     a692        0     1 end_block12 = .
    a692     a692        0     1 end_block13 = .
    a692     a692        0     1 end_block14 = .
    a692     a692        0     1 end_block15 = .
    a692     a692        0     1 end_block16 = .
    a692     a692        0     1 end_block17 = .
    a692     a692        0     1 end_block18 = .
    a692     a692        0     1 end_block19 = .
    a692     a692        0     1 end_block20 = .
    a692     a692        0     1 end_block21 = .
    a692     a692        0     1 end_block22 = .
    a692     a692        0     1 end_block23 = .
       0        0      138     1 .comment
       0        0      138     1         <internal>:(.comment)
       0        0      970     4 .symtab
       0        0      970     4         <internal>:(.symtab)
       0        0       5a     1 .shstrtab
       0        0       5a     1         <internal>:(.shstrtab)
       0        0      701     1 .strtab
       0        0      701     1         <internal>:(.strtab)
