     VMA      LMA     Size Align Out     In      Symbol
       0        0        0     1 PROVIDE(__stack = 0xA000)
       0        0        0     1 PROVIDE(__f256_start = 0x300)
       0        0        0     1 PROVIDE(__BLOCK_SIZE = 0x2000)
       0        0        0     1 PROVIDE(__SLOT_ADDR = 0xA000)
       0        0        0     1 __rc0 = 0x10
       0        0        0     1 __rc1 = __rc0 + 1
       0        0        0     1 PROVIDE(__rc2 = __rc1 + 1)
       0        0        0     1 __rc3 = __rc2 + 1
       0        0        0     1 PROVIDE(__rc4 = __rc3 + 1)
       0        0        0     1 __rc5 = __rc4 + 1
       0        0        0     1 PROVIDE(__rc6 = __rc5 + 1)
       0        0        0     1 __rc7 = __rc6 + 1
       0        0        0     1 PROVIDE(__rc8 = __rc7 + 1)
       0        0        0     1 __rc9 = __rc8 + 1
       0        0        0     1 PROVIDE(__rc10 = __rc9 + 1)
       0        0        0     1 __rc11 = __rc10 + 1
       0        0        0     1 PROVIDE(__rc12 = __rc11 + 1)
       0        0        0     1 __rc13 = __rc12 + 1
       0        0        0     1 PROVIDE(__rc14 = __rc13 + 1)
       0        0        0     1 __rc15 = __rc14 + 1
       0        0        0     1 PROVIDE(__rc16 = __rc15 + 1)
       0        0        0     1 __rc17 = __rc16 + 1
       0        0        0     1 PROVIDE(__rc18 = __rc17 + 1)
       0        0        0     1 __rc19 = __rc18 + 1
       0        0        0     1 PROVIDE(__rc20 = __rc19 + 1)
       0        0        0     1 __rc21 = __rc20 + 1
       0        0        0     1 PROVIDE(__rc22 = __rc21 + 1)
       0        0        0     1 __rc23 = __rc22 + 1
       0        0        0     1 PROVIDE(__rc24 = __rc23 + 1)
       0        0        0     1 __rc25 = __rc24 + 1
       0        0        0     1 PROVIDE(__rc26 = __rc25 + 1)
       0        0        0     1 __rc27 = __rc26 + 1
       0        0        0     1 PROVIDE(__rc28 = __rc27 + 1)
       0        0        0     1 __rc29 = __rc28 + 1
       0        0        0     1 PROVIDE(__rc30 = __rc29 + 1)
       0        0        0     1 __rc31 = __rc30 + 1
       0        0        0     1 
       0        0        0     1 
       0        0        0     1 __block8_lma = ( 8<<24)|__SLOT_ADDR
       0        0        0     1 __block9_lma = ( 9<<24)|__SLOT_ADDR
       0        0        0     1 __block10_lma = (10<<24)|__SLOT_ADDR
       0        0        0     1 __block11_lma = (11<<24)|__SLOT_ADDR
       0        0        0     1 __block12_lma = (12<<24)|__SLOT_ADDR
       0        0        0     1 __block13_lma = (13<<24)|__SLOT_ADDR
       0        0        0     1 __block14_lma = (14<<24)|__SLOT_ADDR
       0        0        0     1 __block15_lma = (15<<24)|__SLOT_ADDR
       0        0        0     1 __block16_lma = (16<<24)|__SLOT_ADDR
       0        0        0     1 __block17_lma = (17<<24)|__SLOT_ADDR
       0        0        0     1 __block18_lma = (18<<24)|__SLOT_ADDR
       0        0        0     1 __block19_lma = (19<<24)|__SLOT_ADDR
       0        0        0     1 __block20_lma = (20<<24)|__SLOT_ADDR
       0        0        0     1 __block21_lma = (21<<24)|__SLOT_ADDR
       0        0        0     1 __block22_lma = (22<<24)|__SLOT_ADDR
       0        0        0     1 __block23_lma = (23<<24)|__SLOT_ADDR
      30      300        1     1 .zp.data
      30      300        0     1         __zp_data_start = .
      30      300        1     1         midisam.lto.o:(.zp.data)
      30      300        1     1                 _ccolor
      31      301        0     1 __zp_data_load_start = LOADADDR(.zp.data)
      31      301        0     1 __zp_data_size = SIZEOF(.zp.data)
      31       31        e     1 .zp.bss
      31       31        0     1         __zp_bss_start = .
      31       31        e     1         midisam.lto.o:(.zp.bss)
      31       31        1     1                 _col
      32       32        1     1                 _row
      33       33        2     1                 __putchar.s
      35       35        1     1                 kernelError
      36       36        7     1                 kernelEventData
      3d       3d        2     1                 (anonymous namespace)::free_size
      3f       3f        0     1 __zp_bss_size = SIZEOF(.zp.bss)
      3f       3f       5d     1 .zp
      3f       3f       5d     1         midisam.lto.o:(.zp.noinit)
     302      302     99b5     2 .text
     302      302        0     1         _init = .
     302      302        0     1         _start = .
     302      302        8     1         D:\F256\llvm-mos\f256dev\llvm-mos\bin/../mos-platform/f256/lib\libcrt0.a(init-stack.S.obj):(.init.100)
     302      302        0     1                 __do_init_stack
     30a      30a        3     1         D:\F256\llvm-mos\f256dev\llvm-mos\bin/../mos-platform/f256/lib\libcrt0.a(zero-bss.c.obj):(.init.200)
     30a      30a        0     1                 __do_zero_bss
     30d      30d        3     1         D:\F256\llvm-mos\f256dev\llvm-mos\bin/../mos-platform/f256/lib\libcrt0.a(zero-zp-bss.c.obj):(.init.200)
     30d      30d        0     1                 __do_zero_zp_bss
     310      310        3     1         D:\F256\llvm-mos\f256dev\llvm-mos\bin/../mos-platform/f256/lib\libcrt0.a(copy-zp-data.c.obj):(.init.200)
     310      310        0     1                 __do_copy_zp_data
     313      313        3     1         D:\F256\llvm-mos\f256dev\llvm-mos\bin/../mos-platform/common/lib\crt0.o:(.call_main)
     316      316        3     1         D:\F256\llvm-mos\f256dev\llvm-mos\bin/../mos-platform/f256/lib\libcrt0.a(exit-custom.S.obj):(.after_main)
     316      316        0     1                 __after_main
     319      319        0     1         _fini = .
     319      319        1     1         D:\F256\llvm-mos\f256dev\llvm-mos\bin/../mos-platform/common/lib\crt0.o:(.fini_rts)
     31a      31a      135     2         midisam.lto.o:(.text._ZN12_GLOBAL__N_19FreeChunk6insertEPvj)
     31a      31a      135     1                 (anonymous namespace)::FreeChunk::insert(void*, unsigned int)
     450      450       db     2         midisam.lto.o:(.text._ZN12_GLOBAL__N_19FreeChunk6removeEv)
     450      450       db     1                 (anonymous namespace)::FreeChunk::remove()
     52b      52b       13     1         D:\F256\llvm-mos\f256dev\llvm-mos\bin/../mos-platform/f256/lib\libcrt0.a(zero-bss.c.obj):(.text.__zero_bss)
     52b      52b       13     1                 __zero_bss
     53e      53e       13     1         D:\F256\llvm-mos\f256dev\llvm-mos\bin/../mos-platform/f256/lib\libcrt0.a(zero-zp-bss.c.obj):(.text.__zero_zp_bss)
     53e      53e       13     1                 __zero_zp_bss
     551      551       17     1         D:\F256\llvm-mos\f256dev\llvm-mos\bin/../mos-platform/f256/lib\libcrt0.a(copy-zp-data.c.obj):(.text.__copy_zp_data)
     551      551       17     1                 __copy_zp_data
     568      568     26bc     1         midisam.lto.o:(.text.main)
     568      568     26bc     1                 main
    2c24     2c24      1fa     1         midisam.lto.o:(.text.displayInfo)
    2c24     2c24      1fa     1                 displayInfo
    2e1e     2e1e     2306     1         midisam.lto.o:(.text.parse)
    2e1e     2e1e     2306     1                 parse
    5124     5124      1b8     1         midisam.lto.o:(.text.textPrint)
    5124     5124      1b8     1                 textPrint
    52dc     52dc      10e     1         midisam.lto.o:(.text.sendAME)
    52dc     52dc      10e     1                 sendAME
    53ea     53ea       31     1         midisam.lto.o:(.text.updateProgress)
    53ea     53ea       31     1                 updateProgress
    541b     541b        d     1         midisam.lto.o:(.text.__putchar)
    541b     541b        d     1                 __putchar
    5428     5428        5     1         midisam.lto.o:(.text.exit)
    5428     5428        5     1                 exit
    542d     542d       d1     1         midisam.lto.o:(.text._ZN12_GLOBAL__N_13putEcP6Status)
    542d     542d       d1     1                 (anonymous namespace)::put(char, Status*)
    54fe     54fe      10d     1         midisam.lto.o:(.text._ZN12_GLOBAL__N_112print_stringEPKcP6Status)
    54fe     54fe      10d     1                 (anonymous namespace)::print_string(char const*, Status*)
    560b     560b      bb0     1         midisam.lto.o:(.text.printf)
    560b     560b      bb0     1                 printf
    61bb     61bb        c     1         midisam.lto.o:(.text.putchar)
    61bb     61bb        c     1                 putchar
    61c7     61c7       18     1         midisam.lto.o:(.text.puts)
    61c7     61c7       18     1                 puts
    61df     61df      1d6     1         midisam.lto.o:(.text.malloc)
    61df     61df      1d6     1                 malloc
    63b5     63b5      192     1         midisam.lto.o:(.text.free)
    63b5     63b5      192     1                 free
    6547     6547       2c     1         midisam.lto.o:(.text.memcpy)
    6547     6547       2c     1                 memcpy
    6573     6573       20     1         midisam.lto.o:(.text.__memset)
    6573     6573       20     1                 __memset
    6593     6593       39     1         midisam.lto.o:(.text.strlen)
    6593     6593       39     1                 strlen
    65cc     65cc       74     1         midisam.lto.o:(.text.strstr)
    65cc     65cc       74     1                 strstr
    6640     6640       13     1         midisam.lto.o:(.text.__ashlhi3)
    6640     6640       13     1                 __ashlhi3
    6653     6653       1f     1         midisam.lto.o:(.text.__ashldi3)
    6653     6653       1f     1                 __ashldi3
    6672     6672       1f     1         midisam.lto.o:(.text.__lshrdi3)
    6672     6672       1f     1                 __lshrdi3
    6691     6691       32     1         midisam.lto.o:(.text.__mulhi3)
    6691     6691       32     1                 __mulhi3
    66c3     66c3       70     1         midisam.lto.o:(.text.__mulsi3)
    66c3     66c3       70     1                 __mulsi3
    6733     6733       f8     1         midisam.lto.o:(.text.__muldi3)
    6733     6733       f8     1                 __muldi3
    682b     682b       c0     1         midisam.lto.o:(.text.__udivhi3)
    682b     682b       c0     1                 __udivhi3
    68eb     68eb      16f     1         midisam.lto.o:(.text.__udivsi3)
    68eb     68eb      16f     1                 __udivsi3
    6a5a     6a5a      1b1     1         midisam.lto.o:(.text.__udivmodsi4)
    6a5a     6a5a      1b1     1                 __udivmodsi4
    6c0b     6c0b     13e4     1         midisam.lto.o:(.text.__muldf3)
    6c0b     6c0b     13e4     1                 __muldf3
    7fef     7fef     19c1     1         midisam.lto.o:(.text.__divdf3)
    7fef     7fef     19c1     1                 __divdf3
    99b0     99b0       83     1         midisam.lto.o:(.text.__fixunsdfsi)
    99b0     99b0       83     1                 __fixunsdfsi
    9a33     9a33      284     1         midisam.lto.o:(.text.__floatunsidf)
    9a33     9a33      284     1                 __floatunsidf
    9cb7     9cb7        0     1         __init_array_start = .
    9cb7     9cb7        0     1         __init_array_end = .
    9cb7     9cb7        0     1         __fini_array_start = .
    9cb7     9cb7        0     1         __fini_array_end = .
    9cb7     9cb7      a99     1 .rodata
    9cb7     9cb7        1     1         D:\F256\llvm-mos\f256dev\llvm-mos\bin/../mos-platform/common/lib\libcrt.a(const.S.obj):(.rodata)
    9cb7     9cb7        0     1                 __set_v
    9cb8     9cb8       22     1         midisam.lto.o:(.rodata.parse)
    9cda     9cda       3a     1         midisam.lto.o:(.rodata.printf)
    9d14     9d14       30     1         midisam.lto.o:(.rodata.textColors)
    9d14     9d14       30     1                 textColors
    9d44     9d44      8d4     1         <internal>:(.rodata.str1.1)
    a618     a618      100     1         midisam.lto.o:(.rodata.midi_instruments)
    a618     a618      100     1                 midi_instruments
    a718     a718       38     1         midisam.lto.o:(.rodata.plugin)
    a718     a718       38     1                 plugin
    a750     a750        0     1 .data
    a750     a750        0     1         __data_start = .
    a750     a750        0     1         __data_end = .
    a750     a750        0     1 __data_load_start = LOADADDR(.data)
    a750     a750        0     1 __data_size = SIZEOF(.data)
    a750     a750        d     1 .bss
    a750     a750        0     1         __bss_start = .
    a750     a750        8     1         midisam.lto.o:(.bss.time_data)
    a750     a750        8     1                 time_data
    a758     a758        1     1         midisam.lto.o:(.bss.playbackTimer.1)
    a758     a758        1     1                 playbackTimer.1
    a759     a759        1     1         midisam.lto.o:(.bss._ZN12_GLOBAL__N_111initializedE)
    a759     a759        1     1                 (anonymous namespace)::initialized
    a75a     a75a        1     1         midisam.lto.o:(.bss._ZN12_GLOBAL__N_19last_freeE)
    a75a     a75a        1     1                 (anonymous namespace)::last_free
    a75b     a75b        2     1         midisam.lto.o:(.bss._ZN12_GLOBAL__N_19free_listE)
    a75b     a75b        2     1                 (anonymous namespace)::free_list
    a75d     a75d        0     1         __bss_end = .
    a75d     a75d        0     1 __bss_size = SIZEOF(.bss)
    a75d     a75d        0     1 .noinit
    a75d     a75d        0     1         __heap_start = ALIGN(., 2)
    a75d     a75d        0     1 end_block8 = .
    a75d     a75d        0     1 end_block9 = .
    a75d     a75d        0     1 end_block10 = .
    a75d     a75d        0     1 end_block11 = .
    a75d     a75d        0     1 end_block12 = .
    a75d     a75d        0     1 end_block13 = .
    a75d     a75d        0     1 end_block14 = .
    a75d     a75d        0     1 end_block15 = .
    a75d     a75d        0     1 end_block16 = .
    a75d     a75d        0     1 end_block17 = .
    a75d     a75d        0     1 end_block18 = .
    a75d     a75d        0     1 end_block19 = .
    a75d     a75d        0     1 end_block20 = .
    a75d     a75d        0     1 end_block21 = .
    a75d     a75d        0     1 end_block22 = .
    a75d     a75d        0     1 end_block23 = .
       0        0      138     1 .comment
       0        0      138     1         <internal>:(.comment)
       0        0      980     4 .symtab
       0        0      980     4         <internal>:(.symtab)
       0        0       5a     1 .shstrtab
       0        0       5a     1         <internal>:(.shstrtab)
       0        0      708     1 .strtab
       0        0      708     1         <internal>:(.strtab)
