     VMA      LMA     Size Align Out     In      Symbol
       0        0        0     1 PROVIDE(__stack = 0xC000)
       0        0        0     1 PROVIDE(__f256_start = 0x300)
       0        0        0     1 PROVIDE(__BLOCK_SIZE = 0x2000)
       0        0        0     1 PROVIDE(__SLOT_ADDR = 0xC000)
       0        0        0     1 __rc0 = 0x10
       0        0        0     1 __rc1 = __rc0 + 1
       0        0        0     1 PROVIDE(__rc2 = __rc1 + 1)
       0        0        0     1 __rc3 = __rc2 + 1
       0        0        0     1 PROVIDE(__rc4 = __rc3 + 1)
       0        0        0     1 __rc5 = __rc4 + 1
       0        0        0     1 PROVIDE(__rc6 = __rc5 + 1)
       0        0        0     1 __rc7 = __rc6 + 1
       0        0        0     1 PROVIDE(__rc8 = __rc7 + 1)
       0        0        0     1 __rc9 = __rc8 + 1
       0        0        0     1 PROVIDE(__rc10 = __rc9 + 1)
       0        0        0     1 __rc11 = __rc10 + 1
       0        0        0     1 PROVIDE(__rc12 = __rc11 + 1)
       0        0        0     1 __rc13 = __rc12 + 1
       0        0        0     1 PROVIDE(__rc14 = __rc13 + 1)
       0        0        0     1 __rc15 = __rc14 + 1
       0        0        0     1 PROVIDE(__rc16 = __rc15 + 1)
       0        0        0     1 __rc17 = __rc16 + 1
       0        0        0     1 PROVIDE(__rc18 = __rc17 + 1)
       0        0        0     1 __rc19 = __rc18 + 1
       0        0        0     1 PROVIDE(__rc20 = __rc19 + 1)
       0        0        0     1 __rc21 = __rc20 + 1
       0        0        0     1 PROVIDE(__rc22 = __rc21 + 1)
       0        0        0     1 __rc23 = __rc22 + 1
       0        0        0     1 PROVIDE(__rc24 = __rc23 + 1)
       0        0        0     1 __rc25 = __rc24 + 1
       0        0        0     1 PROVIDE(__rc26 = __rc25 + 1)
       0        0        0     1 __rc27 = __rc26 + 1
       0        0        0     1 PROVIDE(__rc28 = __rc27 + 1)
       0        0        0     1 __rc29 = __rc28 + 1
       0        0        0     1 PROVIDE(__rc30 = __rc29 + 1)
       0        0        0     1 __rc31 = __rc30 + 1
       0        0        0     1 
       0        0        0     1 
       0        0        0     1 __block8_lma = ( 8<<24)|__SLOT_ADDR
       0        0        0     1 __block9_lma = ( 9<<24)|__SLOT_ADDR
       0        0        0     1 __block10_lma = (10<<24)|__SLOT_ADDR
       0        0        0     1 __block11_lma = (11<<24)|__SLOT_ADDR
       0        0        0     1 __block12_lma = (12<<24)|__SLOT_ADDR
       0        0        0     1 __block13_lma = (13<<24)|__SLOT_ADDR
       0        0        0     1 __block14_lma = (14<<24)|__SLOT_ADDR
       0        0        0     1 __block15_lma = (15<<24)|__SLOT_ADDR
       0        0        0     1 __block16_lma = (16<<24)|__SLOT_ADDR
       0        0        0     1 __block17_lma = (17<<24)|__SLOT_ADDR
       0        0        0     1 __block18_lma = (18<<24)|__SLOT_ADDR
       0        0        0     1 __block19_lma = (19<<24)|__SLOT_ADDR
       0        0        0     1 __block20_lma = (20<<24)|__SLOT_ADDR
       0        0        0     1 __block21_lma = (21<<24)|__SLOT_ADDR
       0        0        0     1 __block22_lma = (22<<24)|__SLOT_ADDR
       0        0        0     1 __block23_lma = (23<<24)|__SLOT_ADDR
      30      300        1     1 .zp.data
      30      300        0     1         __zp_data_start = .
      30      300        1     1         midisam.lto.o:(.zp.data)
      30      300        1     1                 _ccolor
      31      301        0     1 __zp_data_load_start = LOADADDR(.zp.data)
      31      301        0     1 __zp_data_size = SIZEOF(.zp.data)
      31       31        c     1 .zp.bss
      31       31        0     1         __zp_bss_start = .
      31       31        c     1         midisam.lto.o:(.zp.bss)
      31       31        1     1                 _col
      32       32        1     1                 _row
      33       33        2     1                 __putchar.s
      35       35        1     1                 kernelError
      36       36        7     1                 kernelEventData
      3d       3d        0     1 __zp_bss_size = SIZEOF(.zp.bss)
      3d       3d       5e     1 .zp
      3d       3d       5e     1         midisam.lto.o:(.zp.noinit)
     302      302     909a     2 .text
     302      302        0     1         _init = .
     302      302        0     1         _start = .
     302      302        8     1         D:\F256\llvm-mos\f256dev\llvm-mos\bin/../mos-platform/f256/lib\libcrt0.a(init-stack.S.obj):(.init.100)
     302      302        0     1                 __do_init_stack
     30a      30a        3     1         D:\F256\llvm-mos\f256dev\llvm-mos\bin/../mos-platform/f256/lib\libcrt0.a(zero-bss.c.obj):(.init.200)
     30a      30a        0     1                 __do_zero_bss
     30d      30d        3     1         D:\F256\llvm-mos\f256dev\llvm-mos\bin/../mos-platform/f256/lib\libcrt0.a(zero-zp-bss.c.obj):(.init.200)
     30d      30d        0     1                 __do_zero_zp_bss
     310      310        3     1         D:\F256\llvm-mos\f256dev\llvm-mos\bin/../mos-platform/f256/lib\libcrt0.a(copy-zp-data.c.obj):(.init.200)
     310      310        0     1                 __do_copy_zp_data
     313      313        3     1         D:\F256\llvm-mos\f256dev\llvm-mos\bin/../mos-platform/common/lib\crt0.o:(.call_main)
     316      316        3     1         D:\F256\llvm-mos\f256dev\llvm-mos\bin/../mos-platform/f256/lib\libcrt0.a(exit-custom.S.obj):(.after_main)
     316      316        0     1                 __after_main
     319      319        0     1         _fini = .
     319      319        1     1         D:\F256\llvm-mos\f256dev\llvm-mos\bin/../mos-platform/common/lib\crt0.o:(.fini_rts)
     31a      31a      13d     2         midisam.lto.o:(.text._ZN12_GLOBAL__N_19FreeChunk6insertEPvj)
     31a      31a      13d     1                 (anonymous namespace)::FreeChunk::insert(void*, unsigned int)
     458      458       df     2         midisam.lto.o:(.text._ZN12_GLOBAL__N_19FreeChunk6removeEv)
     458      458       df     1                 (anonymous namespace)::FreeChunk::remove()
     537      537       13     1         D:\F256\llvm-mos\f256dev\llvm-mos\bin/../mos-platform/f256/lib\libcrt0.a(zero-bss.c.obj):(.text.__zero_bss)
     537      537       13     1                 __zero_bss
     54a      54a       13     1         D:\F256\llvm-mos\f256dev\llvm-mos\bin/../mos-platform/f256/lib\libcrt0.a(zero-zp-bss.c.obj):(.text.__zero_zp_bss)
     54a      54a       13     1                 __zero_zp_bss
     55d      55d       17     1         D:\F256\llvm-mos\f256dev\llvm-mos\bin/../mos-platform/f256/lib\libcrt0.a(copy-zp-data.c.obj):(.text.__copy_zp_data)
     55d      55d       17     1                 __copy_zp_data
     574      574     29bd     1         midisam.lto.o:(.text.main)
     574      574     29bd     1                 main
    2f31     2f31      1e0     1         midisam.lto.o:(.text.displayInfo)
    2f31     2f31      1e0     1                 displayInfo
    3111     3111     155a     1         midisam.lto.o:(.text.parse)
    3111     3111     155a     1                 parse
    466b     466b      1e6     1         midisam.lto.o:(.text.sendAME)
    466b     466b      1e6     1                 sendAME
    4851     4851      317     1         midisam.lto.o:(.text.optimizedMIDIShimmering)
    4851     4851      317     1                 optimizedMIDIShimmering
    4b68     4b68      1b8     1         midisam.lto.o:(.text.textPrint)
    4b68     4b68      1b8     1                 textPrint
    4d20     4d20       31     1         midisam.lto.o:(.text.updateProgress)
    4d20     4d20       31     1                 updateProgress
    4d51     4d51        5     1         midisam.lto.o:(.text.exit)
    4d51     4d51        5     1                 exit
    4d56     4d56       db     1         midisam.lto.o:(.text._ZN12_GLOBAL__N_13putEcP6Status)
    4d56     4d56       db     1                 (anonymous namespace)::put(char, Status*)
    4e31     4e31      10c     1         midisam.lto.o:(.text._ZN12_GLOBAL__N_112print_stringEPKcP6Status)
    4e31     4e31      10c     1                 (anonymous namespace)::print_string(char const*, Status*)
    4f3d     4f3d      c2c     1         midisam.lto.o:(.text.printf)
    4f3d     4f3d      c2c     1                 printf
    5b69     5b69      1d5     1         midisam.lto.o:(.text.malloc)
    5b69     5b69      1d5     1                 malloc
    5d3e     5d3e       2c     1         midisam.lto.o:(.text.memcpy)
    5d3e     5d3e       2c     1                 memcpy
    5d6a     5d6a       20     1         midisam.lto.o:(.text.__memset)
    5d6a     5d6a       20     1                 __memset
    5d8a     5d8a        b     1         midisam.lto.o:(.text.__ashlqi3)
    5d8a     5d8a        b     1                 __ashlqi3
    5d95     5d95       13     1         midisam.lto.o:(.text.__ashlhi3)
    5d95     5d95       13     1                 __ashlhi3
    5da8     5da8       1f     1         midisam.lto.o:(.text.__ashldi3)
    5da8     5da8       1f     1                 __ashldi3
    5dc7     5dc7       1f     1         midisam.lto.o:(.text.__lshrdi3)
    5dc7     5dc7       1f     1                 __lshrdi3
    5de6     5de6       32     1         midisam.lto.o:(.text.__mulhi3)
    5de6     5de6       32     1                 __mulhi3
    5e18     5e18       70     1         midisam.lto.o:(.text.__mulsi3)
    5e18     5e18       70     1                 __mulsi3
    5e88     5e88       f8     1         midisam.lto.o:(.text.__muldi3)
    5e88     5e88       f8     1                 __muldi3
    5f80     5f80       c0     1         midisam.lto.o:(.text.__udivhi3)
    5f80     5f80       c0     1                 __udivhi3
    6040     6040      16f     1         midisam.lto.o:(.text.__udivsi3)
    6040     6040      16f     1                 __udivsi3
    61af     61af       db     1         midisam.lto.o:(.text.__udivmodhi4)
    61af     61af       db     1                 __udivmodhi4
    628a     628a     13e4     1         midisam.lto.o:(.text.__muldf3)
    628a     628a     13e4     1                 __muldf3
    766e     766e     1a27     1         midisam.lto.o:(.text.__divdf3)
    766e     766e     1a27     1                 __divdf3
    9095     9095       83     1         midisam.lto.o:(.text.__fixunsdfsi)
    9095     9095       83     1                 __fixunsdfsi
    9118     9118      284     1         midisam.lto.o:(.text.__floatunsidf)
    9118     9118      284     1                 __floatunsidf
    939c     939c        0     1         __init_array_start = .
    939c     939c        0     1         __init_array_end = .
    939c     939c        0     1         __fini_array_start = .
    939c     939c        0     1         __fini_array_end = .
    939c     939c      a52     1 .rodata
    939c     939c        1     1         D:\F256\llvm-mos\f256dev\llvm-mos\bin/../mos-platform/common/lib\libcrt.a(const.S.obj):(.rodata)
    939c     939c        0     1                 __set_v
    939d     939d       22     1         midisam.lto.o:(.rodata.parse)
    93bf     93bf       3a     1         midisam.lto.o:(.rodata.printf)
    93f9     93f9       30     1         midisam.lto.o:(.rodata.textColors)
    93f9     93f9       30     1                 textColors
    9429     9429      88d     1         <internal>:(.rodata.str1.1)
    9cb6     9cb6      100     1         midisam.lto.o:(.rodata.midi_instruments)
    9cb6     9cb6      100     1                 midi_instruments
    9db6     9db6       38     1         midisam.lto.o:(.rodata.rtmplugin)
    9db6     9db6       38     1                 rtmplugin
    9dee     9dee        0     1 .data
    9dee     9dee        0     1         __data_start = .
    9dee     9dee        0     1         __data_end = .
    9dee     9dee        0     1 __data_load_start = LOADADDR(.data)
    9dee     9dee        0     1 __data_size = SIZEOF(.data)
    9dee     9dee      113     1 .bss
    9dee     9dee        0     1         __bss_start = .
    9dee     9dee        1     1         midisam.lto.o:(.bss.isPaused)
    9dee     9dee        1     1                 isPaused
    9def     9def        1     1         midisam.lto.o:(.bss.midiChip)
    9def     9def        1     1                 midiChip
    9df0     9df0       80     1         midisam.lto.o:(.bss.shimmerChanged)
    9df0     9df0       80     1                 shimmerChanged
    9e70     9e70       80     1         midisam.lto.o:(.bss.shimmerBuffer)
    9e70     9e70       80     1                 shimmerBuffer
    9ef0     9ef0        1     1         midisam.lto.o:(.bss.shimmerTimer.1)
    9ef0     9ef0        1     1                 shimmerTimer.1
    9ef1     9ef1        1     1         midisam.lto.o:(.bss.shimmerTimer.2)
    9ef1     9ef1        1     1                 shimmerTimer.2
    9ef2     9ef2        8     1         midisam.lto.o:(.bss.time_data)
    9ef2     9ef2        8     1                 time_data
    9efa     9efa        1     1         midisam.lto.o:(.bss.playbackTimer.1)
    9efa     9efa        1     1                 playbackTimer.1
    9efb     9efb        1     1         midisam.lto.o:(.bss._ZN12_GLOBAL__N_111initializedE)
    9efb     9efb        1     1                 (anonymous namespace)::initialized
    9efc     9efc        1     1         midisam.lto.o:(.bss._ZN12_GLOBAL__N_19last_freeE)
    9efc     9efc        1     1                 (anonymous namespace)::last_free
    9efd     9efd        2     1         midisam.lto.o:(.bss._ZN12_GLOBAL__N_19free_sizeE)
    9efd     9efd        2     1                 (anonymous namespace)::free_size
    9eff     9eff        2     1         midisam.lto.o:(.bss._ZN12_GLOBAL__N_19free_listE)
    9eff     9eff        2     1                 (anonymous namespace)::free_list
    9f01     9f01        0     1         __bss_end = .
    9f01     9f01        0     1 __bss_size = SIZEOF(.bss)
    9f01     9f01        0     1 .noinit
    9f01     9f01        0     1         __heap_start = ALIGN(., 2)
    9f01     9f01        0     1 end_block8 = .
    9f01     9f01        0     1 end_block9 = .
    9f01     9f01        0     1 end_block10 = .
    9f01     9f01        0     1 end_block11 = .
    9f01     9f01        0     1 end_block12 = .
    9f01     9f01        0     1 end_block13 = .
    9f01     9f01        0     1 end_block14 = .
    9f01     9f01        0     1 end_block15 = .
    9f01     9f01        0     1 end_block16 = .
    9f01     9f01        0     1 end_block17 = .
    9f01     9f01        0     1 end_block18 = .
    9f01     9f01        0     1 end_block19 = .
    9f01     9f01        0     1 end_block20 = .
    9f01     9f01        0     1 end_block21 = .
    9f01     9f01        0     1 end_block22 = .
    9f01     9f01        0     1 end_block23 = .
       0        0      138     1 .comment
       0        0      138     1         <internal>:(.comment)
       0        0      9a0     4 .symtab
       0        0      9a0     4         <internal>:(.symtab)
       0        0       5a     1 .shstrtab
       0        0       5a     1         <internal>:(.shstrtab)
       0        0      750     1 .strtab
       0        0      750     1         <internal>:(.strtab)
