     VMA      LMA     Size Align Out     In      Symbol
       0        0        0     1 PROVIDE(__stack = 0xA000)
       0        0        0     1 PROVIDE(__f256_start = 0x300)
       0        0        0     1 PROVIDE(__BLOCK_SIZE = 0x2000)
       0        0        0     1 PROVIDE(__SLOT_ADDR = 0xA000)
       0        0        0     1 __rc0 = 0x10
       0        0        0     1 __rc1 = __rc0 + 1
       0        0        0     1 PROVIDE(__rc2 = __rc1 + 1)
       0        0        0     1 __rc3 = __rc2 + 1
       0        0        0     1 PROVIDE(__rc4 = __rc3 + 1)
       0        0        0     1 __rc5 = __rc4 + 1
       0        0        0     1 PROVIDE(__rc6 = __rc5 + 1)
       0        0        0     1 __rc7 = __rc6 + 1
       0        0        0     1 PROVIDE(__rc8 = __rc7 + 1)
       0        0        0     1 __rc9 = __rc8 + 1
       0        0        0     1 PROVIDE(__rc10 = __rc9 + 1)
       0        0        0     1 __rc11 = __rc10 + 1
       0        0        0     1 PROVIDE(__rc12 = __rc11 + 1)
       0        0        0     1 __rc13 = __rc12 + 1
       0        0        0     1 PROVIDE(__rc14 = __rc13 + 1)
       0        0        0     1 __rc15 = __rc14 + 1
       0        0        0     1 PROVIDE(__rc16 = __rc15 + 1)
       0        0        0     1 __rc17 = __rc16 + 1
       0        0        0     1 PROVIDE(__rc18 = __rc17 + 1)
       0        0        0     1 __rc19 = __rc18 + 1
       0        0        0     1 PROVIDE(__rc20 = __rc19 + 1)
       0        0        0     1 __rc21 = __rc20 + 1
       0        0        0     1 PROVIDE(__rc22 = __rc21 + 1)
       0        0        0     1 __rc23 = __rc22 + 1
       0        0        0     1 PROVIDE(__rc24 = __rc23 + 1)
       0        0        0     1 __rc25 = __rc24 + 1
       0        0        0     1 PROVIDE(__rc26 = __rc25 + 1)
       0        0        0     1 __rc27 = __rc26 + 1
       0        0        0     1 PROVIDE(__rc28 = __rc27 + 1)
       0        0        0     1 __rc29 = __rc28 + 1
       0        0        0     1 PROVIDE(__rc30 = __rc29 + 1)
       0        0        0     1 __rc31 = __rc30 + 1
       0        0        0     1 
       0        0        0     1 
       0        0        0     1 __block8_lma = ( 8<<24)|__SLOT_ADDR
       0        0        0     1 __block9_lma = ( 9<<24)|__SLOT_ADDR
       0        0        0     1 __block10_lma = (10<<24)|__SLOT_ADDR
       0        0        0     1 __block11_lma = (11<<24)|__SLOT_ADDR
       0        0        0     1 __block12_lma = (12<<24)|__SLOT_ADDR
       0        0        0     1 __block13_lma = (13<<24)|__SLOT_ADDR
       0        0        0     1 __block14_lma = (14<<24)|__SLOT_ADDR
       0        0        0     1 __block15_lma = (15<<24)|__SLOT_ADDR
       0        0        0     1 __block16_lma = (16<<24)|__SLOT_ADDR
       0        0        0     1 __block17_lma = (17<<24)|__SLOT_ADDR
       0        0        0     1 __block18_lma = (18<<24)|__SLOT_ADDR
       0        0        0     1 __block19_lma = (19<<24)|__SLOT_ADDR
       0        0        0     1 __block20_lma = (20<<24)|__SLOT_ADDR
       0        0        0     1 __block21_lma = (21<<24)|__SLOT_ADDR
       0        0        0     1 __block22_lma = (22<<24)|__SLOT_ADDR
       0        0        0     1 __block23_lma = (23<<24)|__SLOT_ADDR
      30      300        1     1 .zp.data
      30      300        0     1         __zp_data_start = .
      30      300        1     1         midisam.lto.o:(.zp.data)
      30      300        1     1                 _ccolor
      31      301        0     1 __zp_data_load_start = LOADADDR(.zp.data)
      31      301        0     1 __zp_data_size = SIZEOF(.zp.data)
      31       31        c     1 .zp.bss
      31       31        0     1         __zp_bss_start = .
      31       31        c     1         midisam.lto.o:(.zp.bss)
      31       31        1     1                 _col
      32       32        1     1                 _row
      33       33        2     1                 __putchar.s
      35       35        1     1                 kernelError
      36       36        7     1                 kernelEventData
      3d       3d        0     1 __zp_bss_size = SIZEOF(.zp.bss)
      3d       3d       5d     1 .zp
      3d       3d       5d     1         midisam.lto.o:(.zp.noinit)
     302      302     8a9e     2 .text
     302      302        0     1         _init = .
     302      302        0     1         _start = .
     302      302        8     1         D:\F256\llvm-mos\f256dev\llvm-mos\bin/../mos-platform/f256/lib\libcrt0.a(init-stack.S.obj):(.init.100)
     302      302        0     1                 __do_init_stack
     30a      30a        3     1         D:\F256\llvm-mos\f256dev\llvm-mos\bin/../mos-platform/f256/lib\libcrt0.a(zero-bss.c.obj):(.init.200)
     30a      30a        0     1                 __do_zero_bss
     30d      30d        3     1         D:\F256\llvm-mos\f256dev\llvm-mos\bin/../mos-platform/f256/lib\libcrt0.a(zero-zp-bss.c.obj):(.init.200)
     30d      30d        0     1                 __do_zero_zp_bss
     310      310        3     1         D:\F256\llvm-mos\f256dev\llvm-mos\bin/../mos-platform/f256/lib\libcrt0.a(copy-zp-data.c.obj):(.init.200)
     310      310        0     1                 __do_copy_zp_data
     313      313        3     1         D:\F256\llvm-mos\f256dev\llvm-mos\bin/../mos-platform/common/lib\crt0.o:(.call_main)
     316      316        3     1         D:\F256\llvm-mos\f256dev\llvm-mos\bin/../mos-platform/f256/lib\libcrt0.a(exit-custom.S.obj):(.after_main)
     316      316        0     1                 __after_main
     319      319        0     1         _fini = .
     319      319        1     1         D:\F256\llvm-mos\f256dev\llvm-mos\bin/../mos-platform/common/lib\crt0.o:(.fini_rts)
     31a      31a      139     2         midisam.lto.o:(.text._ZN12_GLOBAL__N_19FreeChunk6insertEPvj)
     31a      31a      139     1                 (anonymous namespace)::FreeChunk::insert(void*, unsigned int)
     454      454       df     2         midisam.lto.o:(.text._ZN12_GLOBAL__N_19FreeChunk6removeEv)
     454      454       df     1                 (anonymous namespace)::FreeChunk::remove()
     533      533       13     1         D:\F256\llvm-mos\f256dev\llvm-mos\bin/../mos-platform/f256/lib\libcrt0.a(zero-bss.c.obj):(.text.__zero_bss)
     533      533       13     1                 __zero_bss
     546      546       13     1         D:\F256\llvm-mos\f256dev\llvm-mos\bin/../mos-platform/f256/lib\libcrt0.a(zero-zp-bss.c.obj):(.text.__zero_zp_bss)
     546      546       13     1                 __zero_zp_bss
     559      559       17     1         D:\F256\llvm-mos\f256dev\llvm-mos\bin/../mos-platform/f256/lib\libcrt0.a(copy-zp-data.c.obj):(.text.__copy_zp_data)
     559      559       17     1                 __copy_zp_data
     570      570     24e6     1         midisam.lto.o:(.text.main)
     570      570     24e6     1                 main
    2a56     2a56      1db     1         midisam.lto.o:(.text.displayInfo)
    2a56     2a56      1db     1                 displayInfo
    2c31     2c31     16f6     1         midisam.lto.o:(.text.parse)
    2c31     2c31     16f6     1                 parse
    4327     4327      1b8     1         midisam.lto.o:(.text.textPrint)
    4327     4327      1b8     1                 textPrint
    44df     44df       31     1         midisam.lto.o:(.text.updateProgress)
    44df     44df       31     1                 updateProgress
    4510     4510        d     1         midisam.lto.o:(.text.__putchar)
    4510     4510        d     1                 __putchar
    451d     451d        5     1         midisam.lto.o:(.text.exit)
    451d     451d        5     1                 exit
    4522     4522       d1     1         midisam.lto.o:(.text._ZN12_GLOBAL__N_13putEcP6Status)
    4522     4522       d1     1                 (anonymous namespace)::put(char, Status*)
    45f3     45f3      10d     1         midisam.lto.o:(.text._ZN12_GLOBAL__N_112print_stringEPKcP6Status)
    45f3     45f3      10d     1                 (anonymous namespace)::print_string(char const*, Status*)
    4700     4700      bb0     1         midisam.lto.o:(.text.printf)
    4700     4700      bb0     1                 printf
    52b0     52b0       18     1         midisam.lto.o:(.text.puts)
    52b0     52b0       18     1                 puts
    52c8     52c8      1d6     1         midisam.lto.o:(.text.malloc)
    52c8     52c8      1d6     1                 malloc
    549e     549e      192     1         midisam.lto.o:(.text.free)
    549e     549e      192     1                 free
    5630     5630       2c     1         midisam.lto.o:(.text.memcpy)
    5630     5630       2c     1                 memcpy
    565c     565c       20     1         midisam.lto.o:(.text.__memset)
    565c     565c       20     1                 __memset
    567c     567c       39     1         midisam.lto.o:(.text.strlen)
    567c     567c       39     1                 strlen
    56b5     56b5       74     1         midisam.lto.o:(.text.strstr)
    56b5     56b5       74     1                 strstr
    5729     5729       13     1         midisam.lto.o:(.text.__ashlhi3)
    5729     5729       13     1                 __ashlhi3
    573c     573c       1f     1         midisam.lto.o:(.text.__ashldi3)
    573c     573c       1f     1                 __ashldi3
    575b     575b       1f     1         midisam.lto.o:(.text.__lshrdi3)
    575b     575b       1f     1                 __lshrdi3
    577a     577a       32     1         midisam.lto.o:(.text.__mulhi3)
    577a     577a       32     1                 __mulhi3
    57ac     57ac       70     1         midisam.lto.o:(.text.__mulsi3)
    57ac     57ac       70     1                 __mulsi3
    581c     581c       f8     1         midisam.lto.o:(.text.__muldi3)
    581c     581c       f8     1                 __muldi3
    5914     5914       c0     1         midisam.lto.o:(.text.__udivhi3)
    5914     5914       c0     1                 __udivhi3
    59d4     59d4      16f     1         midisam.lto.o:(.text.__udivsi3)
    59d4     59d4      16f     1                 __udivsi3
    5b43     5b43      1b1     1         midisam.lto.o:(.text.__udivmodsi4)
    5b43     5b43      1b1     1                 __udivmodsi4
    5cf4     5cf4     13e4     1         midisam.lto.o:(.text.__muldf3)
    5cf4     5cf4     13e4     1                 __muldf3
    70d8     70d8     19c1     1         midisam.lto.o:(.text.__divdf3)
    70d8     70d8     19c1     1                 __divdf3
    8a99     8a99       83     1         midisam.lto.o:(.text.__fixunsdfsi)
    8a99     8a99       83     1                 __fixunsdfsi
    8b1c     8b1c      284     1         midisam.lto.o:(.text.__floatunsidf)
    8b1c     8b1c      284     1                 __floatunsidf
    8da0     8da0        0     1         __init_array_start = .
    8da0     8da0        0     1         __init_array_end = .
    8da0     8da0        0     1         __fini_array_start = .
    8da0     8da0        0     1         __fini_array_end = .
    8da0     8da0      241     1 .rodata
    8da0     8da0        1     1         D:\F256\llvm-mos\f256dev\llvm-mos\bin/../mos-platform/common/lib\libcrt.a(const.S.obj):(.rodata)
    8da0     8da0        0     1                 __set_v
    8da1     8da1       22     1         midisam.lto.o:(.rodata.parse)
    8dc3     8dc3       3a     1         midisam.lto.o:(.rodata.printf)
    8dfd     8dfd       30     1         midisam.lto.o:(.rodata.textColors)
    8dfd     8dfd       30     1                 textColors
    8e2d     8e2d      1b4     1         <internal>:(.rodata.str1.1)
    8fe1     8fe1        0     1 .data
    8fe1     8fe1        0     1         __data_start = .
    8fe1     8fe1        0     1         __data_end = .
    8fe1     8fe1        0     1 __data_load_start = LOADADDR(.data)
    8fe1     8fe1        0     1 __data_size = SIZEOF(.data)
    8fe1     8fe1        f     1 .bss
    8fe1     8fe1        0     1         __bss_start = .
    8fe1     8fe1        8     1         midisam.lto.o:(.bss.time_data)
    8fe1     8fe1        8     1                 time_data
    8fe9     8fe9        1     1         midisam.lto.o:(.bss.playbackTimer.1)
    8fe9     8fe9        1     1                 playbackTimer.1
    8fea     8fea        1     1         midisam.lto.o:(.bss._ZN12_GLOBAL__N_111initializedE)
    8fea     8fea        1     1                 (anonymous namespace)::initialized
    8feb     8feb        1     1         midisam.lto.o:(.bss._ZN12_GLOBAL__N_19last_freeE)
    8feb     8feb        1     1                 (anonymous namespace)::last_free
    8fec     8fec        2     1         midisam.lto.o:(.bss._ZN12_GLOBAL__N_19free_sizeE)
    8fec     8fec        2     1                 (anonymous namespace)::free_size
    8fee     8fee        2     1         midisam.lto.o:(.bss._ZN12_GLOBAL__N_19free_listE)
    8fee     8fee        2     1                 (anonymous namespace)::free_list
    8ff0     8ff0        0     1         __bss_end = .
    8ff0     8ff0        0     1 __bss_size = SIZEOF(.bss)
    8ff0     8ff0        0     1 .noinit
    8ff0     8ff0        0     1         __heap_start = ALIGN(., 2)
    8ff0     8ff0        0     1 end_block8 = .
    8ff0     8ff0        0     1 end_block9 = .
    8ff0     8ff0        0     1 end_block10 = .
    8ff0     8ff0        0     1 end_block11 = .
    8ff0     8ff0        0     1 end_block12 = .
    8ff0     8ff0        0     1 end_block13 = .
    8ff0     8ff0        0     1 end_block14 = .
    8ff0     8ff0        0     1 end_block15 = .
    8ff0     8ff0        0     1 end_block16 = .
    8ff0     8ff0        0     1 end_block17 = .
    8ff0     8ff0        0     1 end_block18 = .
    8ff0     8ff0        0     1 end_block19 = .
    8ff0     8ff0        0     1 end_block20 = .
    8ff0     8ff0        0     1 end_block21 = .
    8ff0     8ff0        0     1 end_block22 = .
    8ff0     8ff0        0     1 end_block23 = .
       0        0      138     1 .comment
       0        0      138     1         <internal>:(.comment)
       0        0      940     4 .symtab
       0        0      940     4         <internal>:(.symtab)
       0        0       5a     1 .shstrtab
       0        0       5a     1         <internal>:(.shstrtab)
       0        0      6e0     1 .strtab
       0        0      6e0     1         <internal>:(.strtab)
