     VMA      LMA     Size Align Out     In      Symbol
       0        0        0     1 PROVIDE(__stack = 0xA000)
       0        0        0     1 PROVIDE(__f256_start = 0x300)
       0        0        0     1 PROVIDE(__BLOCK_SIZE = 0x2000)
       0        0        0     1 PROVIDE(__SLOT_ADDR = 0xA000)
       0        0        0     1 __rc0 = 0x10
       0        0        0     1 __rc1 = __rc0 + 1
       0        0        0     1 PROVIDE(__rc2 = __rc1 + 1)
       0        0        0     1 __rc3 = __rc2 + 1
       0        0        0     1 PROVIDE(__rc4 = __rc3 + 1)
       0        0        0     1 __rc5 = __rc4 + 1
       0        0        0     1 PROVIDE(__rc6 = __rc5 + 1)
       0        0        0     1 __rc7 = __rc6 + 1
       0        0        0     1 PROVIDE(__rc8 = __rc7 + 1)
       0        0        0     1 __rc9 = __rc8 + 1
       0        0        0     1 PROVIDE(__rc10 = __rc9 + 1)
       0        0        0     1 __rc11 = __rc10 + 1
       0        0        0     1 PROVIDE(__rc12 = __rc11 + 1)
       0        0        0     1 __rc13 = __rc12 + 1
       0        0        0     1 PROVIDE(__rc14 = __rc13 + 1)
       0        0        0     1 __rc15 = __rc14 + 1
       0        0        0     1 PROVIDE(__rc16 = __rc15 + 1)
       0        0        0     1 __rc17 = __rc16 + 1
       0        0        0     1 PROVIDE(__rc18 = __rc17 + 1)
       0        0        0     1 __rc19 = __rc18 + 1
       0        0        0     1 PROVIDE(__rc20 = __rc19 + 1)
       0        0        0     1 __rc21 = __rc20 + 1
       0        0        0     1 PROVIDE(__rc22 = __rc21 + 1)
       0        0        0     1 __rc23 = __rc22 + 1
       0        0        0     1 PROVIDE(__rc24 = __rc23 + 1)
       0        0        0     1 __rc25 = __rc24 + 1
       0        0        0     1 PROVIDE(__rc26 = __rc25 + 1)
       0        0        0     1 __rc27 = __rc26 + 1
       0        0        0     1 PROVIDE(__rc28 = __rc27 + 1)
       0        0        0     1 __rc29 = __rc28 + 1
       0        0        0     1 PROVIDE(__rc30 = __rc29 + 1)
       0        0        0     1 __rc31 = __rc30 + 1
       0        0        0     1 
       0        0        0     1 
       0        0        0     1 __block8_lma = ( 8<<24)|__SLOT_ADDR
       0        0        0     1 __block9_lma = ( 9<<24)|__SLOT_ADDR
       0        0        0     1 __block10_lma = (10<<24)|__SLOT_ADDR
       0        0        0     1 __block11_lma = (11<<24)|__SLOT_ADDR
       0        0        0     1 __block12_lma = (12<<24)|__SLOT_ADDR
       0        0        0     1 __block13_lma = (13<<24)|__SLOT_ADDR
       0        0        0     1 __block14_lma = (14<<24)|__SLOT_ADDR
       0        0        0     1 __block15_lma = (15<<24)|__SLOT_ADDR
       0        0        0     1 __block16_lma = (16<<24)|__SLOT_ADDR
       0        0        0     1 __block17_lma = (17<<24)|__SLOT_ADDR
       0        0        0     1 __block18_lma = (18<<24)|__SLOT_ADDR
       0        0        0     1 __block19_lma = (19<<24)|__SLOT_ADDR
       0        0        0     1 __block20_lma = (20<<24)|__SLOT_ADDR
       0        0        0     1 __block21_lma = (21<<24)|__SLOT_ADDR
       0        0        0     1 __block22_lma = (22<<24)|__SLOT_ADDR
       0        0        0     1 __block23_lma = (23<<24)|__SLOT_ADDR
      30      300        1     1 .zp.data
      30      300        0     1         __zp_data_start = .
      30      300        1     1         midisam.lto.o:(.zp.data)
      30      300        1     1                 _ccolor
      31      301        0     1 __zp_data_load_start = LOADADDR(.zp.data)
      31      301        0     1 __zp_data_size = SIZEOF(.zp.data)
      31       31        c     1 .zp.bss
      31       31        0     1         __zp_bss_start = .
      31       31        c     1         midisam.lto.o:(.zp.bss)
      31       31        1     1                 _col
      32       32        1     1                 _row
      33       33        2     1                 __putchar.s
      35       35        1     1                 kernelError
      36       36        7     1                 kernelEventData
      3d       3d        0     1 __zp_bss_size = SIZEOF(.zp.bss)
      3d       3d       5d     1 .zp
      3d       3d       5d     1         midisam.lto.o:(.zp.noinit)
     302      302     8a71     2 .text
     302      302        0     1         _init = .
     302      302        0     1         _start = .
     302      302        8     1         D:\F256\llvm-mos\f256dev\llvm-mos\bin/../mos-platform/f256/lib\libcrt0.a(init-stack.S.obj):(.init.100)
     302      302        0     1                 __do_init_stack
     30a      30a        3     1         D:\F256\llvm-mos\f256dev\llvm-mos\bin/../mos-platform/f256/lib\libcrt0.a(zero-bss.c.obj):(.init.200)
     30a      30a        0     1                 __do_zero_bss
     30d      30d        3     1         D:\F256\llvm-mos\f256dev\llvm-mos\bin/../mos-platform/f256/lib\libcrt0.a(zero-zp-bss.c.obj):(.init.200)
     30d      30d        0     1                 __do_zero_zp_bss
     310      310        3     1         D:\F256\llvm-mos\f256dev\llvm-mos\bin/../mos-platform/f256/lib\libcrt0.a(copy-zp-data.c.obj):(.init.200)
     310      310        0     1                 __do_copy_zp_data
     313      313        3     1         D:\F256\llvm-mos\f256dev\llvm-mos\bin/../mos-platform/common/lib\crt0.o:(.call_main)
     316      316        3     1         D:\F256\llvm-mos\f256dev\llvm-mos\bin/../mos-platform/f256/lib\libcrt0.a(exit-custom.S.obj):(.after_main)
     316      316        0     1                 __after_main
     319      319        0     1         _fini = .
     319      319        1     1         D:\F256\llvm-mos\f256dev\llvm-mos\bin/../mos-platform/common/lib\crt0.o:(.fini_rts)
     31a      31a      139     2         midisam.lto.o:(.text._ZN12_GLOBAL__N_19FreeChunk6insertEPvj)
     31a      31a      139     1                 (anonymous namespace)::FreeChunk::insert(void*, unsigned int)
     454      454       df     2         midisam.lto.o:(.text._ZN12_GLOBAL__N_19FreeChunk6removeEv)
     454      454       df     1                 (anonymous namespace)::FreeChunk::remove()
     533      533       13     1         D:\F256\llvm-mos\f256dev\llvm-mos\bin/../mos-platform/f256/lib\libcrt0.a(zero-bss.c.obj):(.text.__zero_bss)
     533      533       13     1                 __zero_bss
     546      546       13     1         D:\F256\llvm-mos\f256dev\llvm-mos\bin/../mos-platform/f256/lib\libcrt0.a(zero-zp-bss.c.obj):(.text.__zero_zp_bss)
     546      546       13     1                 __zero_zp_bss
     559      559       17     1         D:\F256\llvm-mos\f256dev\llvm-mos\bin/../mos-platform/f256/lib\libcrt0.a(copy-zp-data.c.obj):(.text.__copy_zp_data)
     559      559       17     1                 __copy_zp_data
     570      570     2607     1         midisam.lto.o:(.text.main)
     570      570     2607     1                 main
    2b77     2b77      1e0     1         midisam.lto.o:(.text.displayInfo)
    2b77     2b77      1e0     1                 displayInfo
    2d57     2d57     155f     1         midisam.lto.o:(.text.parse)
    2d57     2d57     155f     1                 parse
    42b6     42b6      1b8     1         midisam.lto.o:(.text.textPrint)
    42b6     42b6      1b8     1                 textPrint
    446e     446e      10e     1         midisam.lto.o:(.text.sendAME)
    446e     446e      10e     1                 sendAME
    457c     457c       31     1         midisam.lto.o:(.text.updateProgress)
    457c     457c       31     1                 updateProgress
    45ad     45ad        d     1         midisam.lto.o:(.text.__putchar)
    45ad     45ad        d     1                 __putchar
    45ba     45ba        5     1         midisam.lto.o:(.text.exit)
    45ba     45ba        5     1                 exit
    45bf     45bf       d1     1         midisam.lto.o:(.text._ZN12_GLOBAL__N_13putEcP6Status)
    45bf     45bf       d1     1                 (anonymous namespace)::put(char, Status*)
    4690     4690      10d     1         midisam.lto.o:(.text._ZN12_GLOBAL__N_112print_stringEPKcP6Status)
    4690     4690      10d     1                 (anonymous namespace)::print_string(char const*, Status*)
    479d     479d      bb0     1         midisam.lto.o:(.text.printf)
    479d     479d      bb0     1                 printf
    534d     534d        c     1         midisam.lto.o:(.text.putchar)
    534d     534d        c     1                 putchar
    5359     5359       18     1         midisam.lto.o:(.text.puts)
    5359     5359       18     1                 puts
    5371     5371      1d6     1         midisam.lto.o:(.text.malloc)
    5371     5371      1d6     1                 malloc
    5547     5547      192     1         midisam.lto.o:(.text.free)
    5547     5547      192     1                 free
    56d9     56d9       2c     1         midisam.lto.o:(.text.memcpy)
    56d9     56d9       2c     1                 memcpy
    5705     5705       20     1         midisam.lto.o:(.text.__memset)
    5705     5705       20     1                 __memset
    5725     5725       39     1         midisam.lto.o:(.text.strlen)
    5725     5725       39     1                 strlen
    575e     575e       74     1         midisam.lto.o:(.text.strstr)
    575e     575e       74     1                 strstr
    57d2     57d2       13     1         midisam.lto.o:(.text.__ashlhi3)
    57d2     57d2       13     1                 __ashlhi3
    57e5     57e5       1f     1         midisam.lto.o:(.text.__ashldi3)
    57e5     57e5       1f     1                 __ashldi3
    5804     5804       1f     1         midisam.lto.o:(.text.__lshrdi3)
    5804     5804       1f     1                 __lshrdi3
    5823     5823       32     1         midisam.lto.o:(.text.__mulhi3)
    5823     5823       32     1                 __mulhi3
    5855     5855       70     1         midisam.lto.o:(.text.__mulsi3)
    5855     5855       70     1                 __mulsi3
    58c5     58c5       f8     1         midisam.lto.o:(.text.__muldi3)
    58c5     58c5       f8     1                 __muldi3
    59bd     59bd       c0     1         midisam.lto.o:(.text.__udivhi3)
    59bd     59bd       c0     1                 __udivhi3
    5a7d     5a7d      16f     1         midisam.lto.o:(.text.__udivsi3)
    5a7d     5a7d      16f     1                 __udivsi3
    5bec     5bec       db     1         midisam.lto.o:(.text.__udivmodhi4)
    5bec     5bec       db     1                 __udivmodhi4
    5cc7     5cc7     13e4     1         midisam.lto.o:(.text.__muldf3)
    5cc7     5cc7     13e4     1                 __muldf3
    70ab     70ab     19c1     1         midisam.lto.o:(.text.__divdf3)
    70ab     70ab     19c1     1                 __divdf3
    8a6c     8a6c       83     1         midisam.lto.o:(.text.__fixunsdfsi)
    8a6c     8a6c       83     1                 __fixunsdfsi
    8aef     8aef      284     1         midisam.lto.o:(.text.__floatunsidf)
    8aef     8aef      284     1                 __floatunsidf
    8d73     8d73        0     1         __init_array_start = .
    8d73     8d73        0     1         __init_array_end = .
    8d73     8d73        0     1         __fini_array_start = .
    8d73     8d73        0     1         __fini_array_end = .
    8d73     8d73      9aa     1 .rodata
    8d73     8d73        1     1         D:\F256\llvm-mos\f256dev\llvm-mos\bin/../mos-platform/common/lib\libcrt.a(const.S.obj):(.rodata)
    8d73     8d73        0     1                 __set_v
    8d74     8d74       22     1         midisam.lto.o:(.rodata.parse)
    8d96     8d96       3a     1         midisam.lto.o:(.rodata.printf)
    8dd0     8dd0       30     1         midisam.lto.o:(.rodata.textColors)
    8dd0     8dd0       30     1                 textColors
    8e00     8e00      81d     1         <internal>:(.rodata.str1.1)
    961d     961d      100     1         midisam.lto.o:(.rodata.midi_instruments)
    961d     961d      100     1                 midi_instruments
    971d     971d        0     1 .data
    971d     971d        0     1         __data_start = .
    971d     971d        0     1         __data_end = .
    971d     971d        0     1 __data_load_start = LOADADDR(.data)
    971d     971d        0     1 __data_size = SIZEOF(.data)
    971d     971d        f     1 .bss
    971d     971d        0     1         __bss_start = .
    971d     971d        8     1         midisam.lto.o:(.bss.time_data)
    971d     971d        8     1                 time_data
    9725     9725        1     1         midisam.lto.o:(.bss.playbackTimer.1)
    9725     9725        1     1                 playbackTimer.1
    9726     9726        1     1         midisam.lto.o:(.bss._ZN12_GLOBAL__N_111initializedE)
    9726     9726        1     1                 (anonymous namespace)::initialized
    9727     9727        1     1         midisam.lto.o:(.bss._ZN12_GLOBAL__N_19last_freeE)
    9727     9727        1     1                 (anonymous namespace)::last_free
    9728     9728        2     1         midisam.lto.o:(.bss._ZN12_GLOBAL__N_19free_sizeE)
    9728     9728        2     1                 (anonymous namespace)::free_size
    972a     972a        2     1         midisam.lto.o:(.bss._ZN12_GLOBAL__N_19free_listE)
    972a     972a        2     1                 (anonymous namespace)::free_list
    972c     972c        0     1         __bss_end = .
    972c     972c        0     1 __bss_size = SIZEOF(.bss)
    972c     972c        0     1 .noinit
    972c     972c        0     1         __heap_start = ALIGN(., 2)
    972c     972c        0     1 end_block8 = .
    972c     972c        0     1 end_block9 = .
    972c     972c        0     1 end_block10 = .
    972c     972c        0     1 end_block11 = .
    972c     972c        0     1 end_block12 = .
    972c     972c        0     1 end_block13 = .
    972c     972c        0     1 end_block14 = .
    972c     972c        0     1 end_block15 = .
    972c     972c        0     1 end_block16 = .
    972c     972c        0     1 end_block17 = .
    972c     972c        0     1 end_block18 = .
    972c     972c        0     1 end_block19 = .
    972c     972c        0     1 end_block20 = .
    972c     972c        0     1 end_block21 = .
    972c     972c        0     1 end_block22 = .
    972c     972c        0     1 end_block23 = .
       0        0      138     1 .comment
       0        0      138     1         <internal>:(.comment)
       0        0      970     4 .symtab
       0        0      970     4         <internal>:(.symtab)
       0        0       5a     1 .shstrtab
       0        0       5a     1         <internal>:(.shstrtab)
       0        0      701     1 .strtab
       0        0      701     1         <internal>:(.strtab)
