     VMA      LMA     Size Align Out     In      Symbol
       0        0        0     1 PROVIDE(__stack = 0xA000)
       0        0        0     1 PROVIDE(__f256_start = 0x300)
       0        0        0     1 PROVIDE(__BLOCK_SIZE = 0x2000)
       0        0        0     1 PROVIDE(__SLOT_ADDR = 0xA000)
       0        0        0     1 __rc0 = 0x10
       0        0        0     1 __rc1 = __rc0 + 1
       0        0        0     1 PROVIDE(__rc2 = __rc1 + 1)
       0        0        0     1 __rc3 = __rc2 + 1
       0        0        0     1 PROVIDE(__rc4 = __rc3 + 1)
       0        0        0     1 __rc5 = __rc4 + 1
       0        0        0     1 PROVIDE(__rc6 = __rc5 + 1)
       0        0        0     1 __rc7 = __rc6 + 1
       0        0        0     1 PROVIDE(__rc8 = __rc7 + 1)
       0        0        0     1 __rc9 = __rc8 + 1
       0        0        0     1 PROVIDE(__rc10 = __rc9 + 1)
       0        0        0     1 __rc11 = __rc10 + 1
       0        0        0     1 PROVIDE(__rc12 = __rc11 + 1)
       0        0        0     1 __rc13 = __rc12 + 1
       0        0        0     1 PROVIDE(__rc14 = __rc13 + 1)
       0        0        0     1 __rc15 = __rc14 + 1
       0        0        0     1 PROVIDE(__rc16 = __rc15 + 1)
       0        0        0     1 __rc17 = __rc16 + 1
       0        0        0     1 PROVIDE(__rc18 = __rc17 + 1)
       0        0        0     1 __rc19 = __rc18 + 1
       0        0        0     1 PROVIDE(__rc20 = __rc19 + 1)
       0        0        0     1 __rc21 = __rc20 + 1
       0        0        0     1 PROVIDE(__rc22 = __rc21 + 1)
       0        0        0     1 __rc23 = __rc22 + 1
       0        0        0     1 PROVIDE(__rc24 = __rc23 + 1)
       0        0        0     1 __rc25 = __rc24 + 1
       0        0        0     1 PROVIDE(__rc26 = __rc25 + 1)
       0        0        0     1 __rc27 = __rc26 + 1
       0        0        0     1 PROVIDE(__rc28 = __rc27 + 1)
       0        0        0     1 __rc29 = __rc28 + 1
       0        0        0     1 PROVIDE(__rc30 = __rc29 + 1)
       0        0        0     1 __rc31 = __rc30 + 1
       0        0        0     1 
       0        0        0     1 
       0        0        0     1 __block8_lma = ( 8<<24)|__SLOT_ADDR
       0        0        0     1 __block9_lma = ( 9<<24)|__SLOT_ADDR
       0        0        0     1 __block10_lma = (10<<24)|__SLOT_ADDR
       0        0        0     1 __block11_lma = (11<<24)|__SLOT_ADDR
       0        0        0     1 __block12_lma = (12<<24)|__SLOT_ADDR
       0        0        0     1 __block13_lma = (13<<24)|__SLOT_ADDR
       0        0        0     1 __block14_lma = (14<<24)|__SLOT_ADDR
       0        0        0     1 __block15_lma = (15<<24)|__SLOT_ADDR
       0        0        0     1 __block16_lma = (16<<24)|__SLOT_ADDR
       0        0        0     1 __block17_lma = (17<<24)|__SLOT_ADDR
       0        0        0     1 __block18_lma = (18<<24)|__SLOT_ADDR
       0        0        0     1 __block19_lma = (19<<24)|__SLOT_ADDR
       0        0        0     1 __block20_lma = (20<<24)|__SLOT_ADDR
       0        0        0     1 __block21_lma = (21<<24)|__SLOT_ADDR
       0        0        0     1 __block22_lma = (22<<24)|__SLOT_ADDR
       0        0        0     1 __block23_lma = (23<<24)|__SLOT_ADDR
      30      300        1     1 .zp.data
      30      300        0     1         __zp_data_start = .
      30      300        1     1         midisam.lto.o:(.zp.data)
      30      300        1     1                 _ccolor
      31      301        0     1 __zp_data_load_start = LOADADDR(.zp.data)
      31      301        0     1 __zp_data_size = SIZEOF(.zp.data)
      31       31        e     1 .zp.bss
      31       31        0     1         __zp_bss_start = .
      31       31        e     1         midisam.lto.o:(.zp.bss)
      31       31        1     1                 _col
      32       32        1     1                 _row
      33       33        2     1                 __putchar.s
      35       35        1     1                 kernelError
      36       36        7     1                 kernelEventData
      3d       3d        2     1                 (anonymous namespace)::free_size
      3f       3f        0     1 __zp_bss_size = SIZEOF(.zp.bss)
      3f       3f       5d     1 .zp
      3f       3f       5d     1         midisam.lto.o:(.zp.noinit)
     302      302     96b5     2 .text
     302      302        0     1         _init = .
     302      302        0     1         _start = .
     302      302        8     1         D:\F256\llvm-mos\f256dev\llvm-mos\bin/../mos-platform/f256/lib\libcrt0.a(init-stack.S.obj):(.init.100)
     302      302        0     1                 __do_init_stack
     30a      30a        3     1         D:\F256\llvm-mos\f256dev\llvm-mos\bin/../mos-platform/f256/lib\libcrt0.a(zero-bss.c.obj):(.init.200)
     30a      30a        0     1                 __do_zero_bss
     30d      30d        3     1         D:\F256\llvm-mos\f256dev\llvm-mos\bin/../mos-platform/f256/lib\libcrt0.a(zero-zp-bss.c.obj):(.init.200)
     30d      30d        0     1                 __do_zero_zp_bss
     310      310        3     1         D:\F256\llvm-mos\f256dev\llvm-mos\bin/../mos-platform/f256/lib\libcrt0.a(copy-zp-data.c.obj):(.init.200)
     310      310        0     1                 __do_copy_zp_data
     313      313        3     1         D:\F256\llvm-mos\f256dev\llvm-mos\bin/../mos-platform/common/lib\crt0.o:(.call_main)
     316      316        3     1         D:\F256\llvm-mos\f256dev\llvm-mos\bin/../mos-platform/f256/lib\libcrt0.a(exit-custom.S.obj):(.after_main)
     316      316        0     1                 __after_main
     319      319        0     1         _fini = .
     319      319        1     1         D:\F256\llvm-mos\f256dev\llvm-mos\bin/../mos-platform/common/lib\crt0.o:(.fini_rts)
     31a      31a      135     2         midisam.lto.o:(.text._ZN12_GLOBAL__N_19FreeChunk6insertEPvj)
     31a      31a      135     1                 (anonymous namespace)::FreeChunk::insert(void*, unsigned int)
     450      450       db     2         midisam.lto.o:(.text._ZN12_GLOBAL__N_19FreeChunk6removeEv)
     450      450       db     1                 (anonymous namespace)::FreeChunk::remove()
     52b      52b       13     1         D:\F256\llvm-mos\f256dev\llvm-mos\bin/../mos-platform/f256/lib\libcrt0.a(zero-bss.c.obj):(.text.__zero_bss)
     52b      52b       13     1                 __zero_bss
     53e      53e       13     1         D:\F256\llvm-mos\f256dev\llvm-mos\bin/../mos-platform/f256/lib\libcrt0.a(zero-zp-bss.c.obj):(.text.__zero_zp_bss)
     53e      53e       13     1                 __zero_zp_bss
     551      551       17     1         D:\F256\llvm-mos\f256dev\llvm-mos\bin/../mos-platform/f256/lib\libcrt0.a(copy-zp-data.c.obj):(.text.__copy_zp_data)
     551      551       17     1                 __copy_zp_data
     568      568     24fd     1         midisam.lto.o:(.text.main)
     568      568     24fd     1                 main
    2a65     2a65      1fa     1         midisam.lto.o:(.text.displayInfo)
    2a65     2a65      1fa     1                 displayInfo
    2c5f     2c5f     22df     1         midisam.lto.o:(.text.parse)
    2c5f     2c5f     22df     1                 parse
    4f3e     4f3e      1b8     1         midisam.lto.o:(.text.textPrint)
    4f3e     4f3e      1b8     1                 textPrint
    50f6     50f6       31     1         midisam.lto.o:(.text.updateProgress)
    50f6     50f6       31     1                 updateProgress
    5127     5127        d     1         midisam.lto.o:(.text.__putchar)
    5127     5127        d     1                 __putchar
    5134     5134        5     1         midisam.lto.o:(.text.exit)
    5134     5134        5     1                 exit
    5139     5139       d1     1         midisam.lto.o:(.text._ZN12_GLOBAL__N_13putEcP6Status)
    5139     5139       d1     1                 (anonymous namespace)::put(char, Status*)
    520a     520a      10d     1         midisam.lto.o:(.text._ZN12_GLOBAL__N_112print_stringEPKcP6Status)
    520a     520a      10d     1                 (anonymous namespace)::print_string(char const*, Status*)
    5317     5317      bb0     1         midisam.lto.o:(.text.printf)
    5317     5317      bb0     1                 printf
    5ec7     5ec7       18     1         midisam.lto.o:(.text.puts)
    5ec7     5ec7       18     1                 puts
    5edf     5edf      1d6     1         midisam.lto.o:(.text.malloc)
    5edf     5edf      1d6     1                 malloc
    60b5     60b5      192     1         midisam.lto.o:(.text.free)
    60b5     60b5      192     1                 free
    6247     6247       2c     1         midisam.lto.o:(.text.memcpy)
    6247     6247       2c     1                 memcpy
    6273     6273       20     1         midisam.lto.o:(.text.__memset)
    6273     6273       20     1                 __memset
    6293     6293       39     1         midisam.lto.o:(.text.strlen)
    6293     6293       39     1                 strlen
    62cc     62cc       74     1         midisam.lto.o:(.text.strstr)
    62cc     62cc       74     1                 strstr
    6340     6340       13     1         midisam.lto.o:(.text.__ashlhi3)
    6340     6340       13     1                 __ashlhi3
    6353     6353       1f     1         midisam.lto.o:(.text.__ashldi3)
    6353     6353       1f     1                 __ashldi3
    6372     6372       1f     1         midisam.lto.o:(.text.__lshrdi3)
    6372     6372       1f     1                 __lshrdi3
    6391     6391       32     1         midisam.lto.o:(.text.__mulhi3)
    6391     6391       32     1                 __mulhi3
    63c3     63c3       70     1         midisam.lto.o:(.text.__mulsi3)
    63c3     63c3       70     1                 __mulsi3
    6433     6433       f8     1         midisam.lto.o:(.text.__muldi3)
    6433     6433       f8     1                 __muldi3
    652b     652b       c0     1         midisam.lto.o:(.text.__udivhi3)
    652b     652b       c0     1                 __udivhi3
    65eb     65eb      16f     1         midisam.lto.o:(.text.__udivsi3)
    65eb     65eb      16f     1                 __udivsi3
    675a     675a      1b1     1         midisam.lto.o:(.text.__udivmodsi4)
    675a     675a      1b1     1                 __udivmodsi4
    690b     690b     13e4     1         midisam.lto.o:(.text.__muldf3)
    690b     690b     13e4     1                 __muldf3
    7cef     7cef     19c1     1         midisam.lto.o:(.text.__divdf3)
    7cef     7cef     19c1     1                 __divdf3
    96b0     96b0       83     1         midisam.lto.o:(.text.__fixunsdfsi)
    96b0     96b0       83     1                 __fixunsdfsi
    9733     9733      284     1         midisam.lto.o:(.text.__floatunsidf)
    9733     9733      284     1                 __floatunsidf
    99b7     99b7        0     1         __init_array_start = .
    99b7     99b7        0     1         __init_array_end = .
    99b7     99b7        0     1         __fini_array_start = .
    99b7     99b7        0     1         __fini_array_end = .
    99b7     99b7      2d2     1 .rodata
    99b7     99b7        1     1         D:\F256\llvm-mos\f256dev\llvm-mos\bin/../mos-platform/common/lib\libcrt.a(const.S.obj):(.rodata)
    99b7     99b7        0     1                 __set_v
    99b8     99b8       22     1         midisam.lto.o:(.rodata.parse)
    99da     99da       3a     1         midisam.lto.o:(.rodata.printf)
    9a14     9a14       30     1         midisam.lto.o:(.rodata.textColors)
    9a14     9a14       30     1                 textColors
    9a44     9a44      245     1         <internal>:(.rodata.str1.1)
    9c89     9c89        0     1 .data
    9c89     9c89        0     1         __data_start = .
    9c89     9c89        0     1         __data_end = .
    9c89     9c89        0     1 __data_load_start = LOADADDR(.data)
    9c89     9c89        0     1 __data_size = SIZEOF(.data)
    9c89     9c89        d     1 .bss
    9c89     9c89        0     1         __bss_start = .
    9c89     9c89        8     1         midisam.lto.o:(.bss.time_data)
    9c89     9c89        8     1                 time_data
    9c91     9c91        1     1         midisam.lto.o:(.bss.playbackTimer.1)
    9c91     9c91        1     1                 playbackTimer.1
    9c92     9c92        1     1         midisam.lto.o:(.bss._ZN12_GLOBAL__N_111initializedE)
    9c92     9c92        1     1                 (anonymous namespace)::initialized
    9c93     9c93        1     1         midisam.lto.o:(.bss._ZN12_GLOBAL__N_19last_freeE)
    9c93     9c93        1     1                 (anonymous namespace)::last_free
    9c94     9c94        2     1         midisam.lto.o:(.bss._ZN12_GLOBAL__N_19free_listE)
    9c94     9c94        2     1                 (anonymous namespace)::free_list
    9c96     9c96        0     1         __bss_end = .
    9c96     9c96        0     1 __bss_size = SIZEOF(.bss)
    9c96     9c96        0     1 .noinit
    9c96     9c96        0     1         __heap_start = ALIGN(., 2)
    9c96     9c96        0     1 end_block8 = .
    9c96     9c96        0     1 end_block9 = .
    9c96     9c96        0     1 end_block10 = .
    9c96     9c96        0     1 end_block11 = .
    9c96     9c96        0     1 end_block12 = .
    9c96     9c96        0     1 end_block13 = .
    9c96     9c96        0     1 end_block14 = .
    9c96     9c96        0     1 end_block15 = .
    9c96     9c96        0     1 end_block16 = .
    9c96     9c96        0     1 end_block17 = .
    9c96     9c96        0     1 end_block18 = .
    9c96     9c96        0     1 end_block19 = .
    9c96     9c96        0     1 end_block20 = .
    9c96     9c96        0     1 end_block21 = .
    9c96     9c96        0     1 end_block22 = .
    9c96     9c96        0     1 end_block23 = .
       0        0      138     1 .comment
       0        0      138     1         <internal>:(.comment)
       0        0      940     4 .symtab
       0        0      940     4         <internal>:(.symtab)
       0        0       5a     1 .shstrtab
       0        0       5a     1         <internal>:(.shstrtab)
       0        0      6e0     1 .strtab
       0        0      6e0     1         <internal>:(.strtab)
