     VMA      LMA     Size Align Out     In      Symbol
       0        0        0     1 PROVIDE(__stack = 0xC000)
       0        0        0     1 PROVIDE(__f256_start = 0x300)
       0        0        0     1 PROVIDE(__BLOCK_SIZE = 0x2000)
       0        0        0     1 PROVIDE(__SLOT_ADDR = 0xC000)
       0        0        0     1 __rc0 = 0x10
       0        0        0     1 __rc1 = __rc0 + 1
       0        0        0     1 PROVIDE(__rc2 = __rc1 + 1)
       0        0        0     1 __rc3 = __rc2 + 1
       0        0        0     1 PROVIDE(__rc4 = __rc3 + 1)
       0        0        0     1 __rc5 = __rc4 + 1
       0        0        0     1 PROVIDE(__rc6 = __rc5 + 1)
       0        0        0     1 __rc7 = __rc6 + 1
       0        0        0     1 PROVIDE(__rc8 = __rc7 + 1)
       0        0        0     1 __rc9 = __rc8 + 1
       0        0        0     1 PROVIDE(__rc10 = __rc9 + 1)
       0        0        0     1 __rc11 = __rc10 + 1
       0        0        0     1 PROVIDE(__rc12 = __rc11 + 1)
       0        0        0     1 __rc13 = __rc12 + 1
       0        0        0     1 PROVIDE(__rc14 = __rc13 + 1)
       0        0        0     1 __rc15 = __rc14 + 1
       0        0        0     1 PROVIDE(__rc16 = __rc15 + 1)
       0        0        0     1 __rc17 = __rc16 + 1
       0        0        0     1 PROVIDE(__rc18 = __rc17 + 1)
       0        0        0     1 __rc19 = __rc18 + 1
       0        0        0     1 PROVIDE(__rc20 = __rc19 + 1)
       0        0        0     1 __rc21 = __rc20 + 1
       0        0        0     1 PROVIDE(__rc22 = __rc21 + 1)
       0        0        0     1 __rc23 = __rc22 + 1
       0        0        0     1 PROVIDE(__rc24 = __rc23 + 1)
       0        0        0     1 __rc25 = __rc24 + 1
       0        0        0     1 PROVIDE(__rc26 = __rc25 + 1)
       0        0        0     1 __rc27 = __rc26 + 1
       0        0        0     1 PROVIDE(__rc28 = __rc27 + 1)
       0        0        0     1 __rc29 = __rc28 + 1
       0        0        0     1 PROVIDE(__rc30 = __rc29 + 1)
       0        0        0     1 __rc31 = __rc30 + 1
       0        0        0     1 
       0        0        0     1 
       0        0        0     1 __block8_lma = ( 8<<24)|__SLOT_ADDR
       0        0        0     1 __block9_lma = ( 9<<24)|__SLOT_ADDR
       0        0        0     1 __block10_lma = (10<<24)|__SLOT_ADDR
       0        0        0     1 __block11_lma = (11<<24)|__SLOT_ADDR
       0        0        0     1 __block12_lma = (12<<24)|__SLOT_ADDR
       0        0        0     1 __block13_lma = (13<<24)|__SLOT_ADDR
       0        0        0     1 __block14_lma = (14<<24)|__SLOT_ADDR
       0        0        0     1 __block15_lma = (15<<24)|__SLOT_ADDR
       0        0        0     1 __block16_lma = (16<<24)|__SLOT_ADDR
       0        0        0     1 __block17_lma = (17<<24)|__SLOT_ADDR
       0        0        0     1 __block18_lma = (18<<24)|__SLOT_ADDR
       0        0        0     1 __block19_lma = (19<<24)|__SLOT_ADDR
       0        0        0     1 __block20_lma = (20<<24)|__SLOT_ADDR
       0        0        0     1 __block21_lma = (21<<24)|__SLOT_ADDR
       0        0        0     1 __block22_lma = (22<<24)|__SLOT_ADDR
       0        0        0     1 __block23_lma = (23<<24)|__SLOT_ADDR
      30      300        1     1 .zp.data
      30      300        0     1         __zp_data_start = .
      30      300        1     1         midisam.lto.o:(.zp.data)
      30      300        1     1                 _ccolor
      31      301        0     1 __zp_data_load_start = LOADADDR(.zp.data)
      31      301        0     1 __zp_data_size = SIZEOF(.zp.data)
      31       31        e     1 .zp.bss
      31       31        0     1         __zp_bss_start = .
      31       31        e     1         midisam.lto.o:(.zp.bss)
      31       31        1     1                 _col
      32       32        1     1                 _row
      33       33        2     1                 __putchar.s
      35       35        1     1                 midiChip
      36       36        1     1                 shimmerTimer.1
      37       37        1     1                 kernelError
      38       38        7     1                 kernelEventData
      3f       3f        0     1 __zp_bss_size = SIZEOF(.zp.bss)
      3f       3f       5c     1 .zp
      3f       3f       5c     1         midisam.lto.o:(.zp.noinit)
     302      302     91c3     2 .text
     302      302        0     1         _init = .
     302      302        0     1         _start = .
     302      302        8     1         D:\F256\llvm-mos\f256dev\llvm-mos\bin/../mos-platform/f256/lib\libcrt0.a(init-stack.S.obj):(.init.100)
     302      302        0     1                 __do_init_stack
     30a      30a        3     1         D:\F256\llvm-mos\f256dev\llvm-mos\bin/../mos-platform/f256/lib\libcrt0.a(zero-bss.c.obj):(.init.200)
     30a      30a        0     1                 __do_zero_bss
     30d      30d        3     1         D:\F256\llvm-mos\f256dev\llvm-mos\bin/../mos-platform/f256/lib\libcrt0.a(zero-zp-bss.c.obj):(.init.200)
     30d      30d        0     1                 __do_zero_zp_bss
     310      310        3     1         D:\F256\llvm-mos\f256dev\llvm-mos\bin/../mos-platform/f256/lib\libcrt0.a(copy-zp-data.c.obj):(.init.200)
     310      310        0     1                 __do_copy_zp_data
     313      313        3     1         D:\F256\llvm-mos\f256dev\llvm-mos\bin/../mos-platform/common/lib\crt0.o:(.call_main)
     316      316        3     1         D:\F256\llvm-mos\f256dev\llvm-mos\bin/../mos-platform/f256/lib\libcrt0.a(exit-custom.S.obj):(.after_main)
     316      316        0     1                 __after_main
     319      319        0     1         _fini = .
     319      319        1     1         D:\F256\llvm-mos\f256dev\llvm-mos\bin/../mos-platform/common/lib\crt0.o:(.fini_rts)
     31a      31a      13d     2         midisam.lto.o:(.text._ZN12_GLOBAL__N_19FreeChunk6insertEPvj)
     31a      31a      13d     1                 (anonymous namespace)::FreeChunk::insert(void*, unsigned int)
     458      458       df     2         midisam.lto.o:(.text._ZN12_GLOBAL__N_19FreeChunk6removeEv)
     458      458       df     1                 (anonymous namespace)::FreeChunk::remove()
     537      537       13     1         D:\F256\llvm-mos\f256dev\llvm-mos\bin/../mos-platform/f256/lib\libcrt0.a(zero-bss.c.obj):(.text.__zero_bss)
     537      537       13     1                 __zero_bss
     54a      54a       13     1         D:\F256\llvm-mos\f256dev\llvm-mos\bin/../mos-platform/f256/lib\libcrt0.a(zero-zp-bss.c.obj):(.text.__zero_zp_bss)
     54a      54a       13     1                 __zero_zp_bss
     55d      55d       17     1         D:\F256\llvm-mos\f256dev\llvm-mos\bin/../mos-platform/f256/lib\libcrt0.a(copy-zp-data.c.obj):(.text.__copy_zp_data)
     55d      55d       17     1                 __copy_zp_data
     574      574     2aa9     1         midisam.lto.o:(.text.main)
     574      574     2aa9     1                 main
    301d     301d      1e0     1         midisam.lto.o:(.text.displayInfo)
    301d     301d      1e0     1                 displayInfo
    31fd     31fd     155a     1         midisam.lto.o:(.text.parse)
    31fd     31fd     155a     1                 parse
    4757     4757      1e6     1         midisam.lto.o:(.text.sendAME)
    4757     4757      1e6     1                 sendAME
    493d     493d      354     1         midisam.lto.o:(.text.optimizedMIDIShimmering)
    493d     493d      354     1                 optimizedMIDIShimmering
    4c91     4c91      1b8     1         midisam.lto.o:(.text.textPrint)
    4c91     4c91      1b8     1                 textPrint
    4e49     4e49       31     1         midisam.lto.o:(.text.updateProgress)
    4e49     4e49       31     1                 updateProgress
    4e7a     4e7a        5     1         midisam.lto.o:(.text.exit)
    4e7a     4e7a        5     1                 exit
    4e7f     4e7f       db     1         midisam.lto.o:(.text._ZN12_GLOBAL__N_13putEcP6Status)
    4e7f     4e7f       db     1                 (anonymous namespace)::put(char, Status*)
    4f5a     4f5a      10c     1         midisam.lto.o:(.text._ZN12_GLOBAL__N_112print_stringEPKcP6Status)
    4f5a     4f5a      10c     1                 (anonymous namespace)::print_string(char const*, Status*)
    5066     5066      c2c     1         midisam.lto.o:(.text.printf)
    5066     5066      c2c     1                 printf
    5c92     5c92      1d5     1         midisam.lto.o:(.text.malloc)
    5c92     5c92      1d5     1                 malloc
    5e67     5e67       2c     1         midisam.lto.o:(.text.memcpy)
    5e67     5e67       2c     1                 memcpy
    5e93     5e93       20     1         midisam.lto.o:(.text.__memset)
    5e93     5e93       20     1                 __memset
    5eb3     5eb3        b     1         midisam.lto.o:(.text.__ashlqi3)
    5eb3     5eb3        b     1                 __ashlqi3
    5ebe     5ebe       13     1         midisam.lto.o:(.text.__ashlhi3)
    5ebe     5ebe       13     1                 __ashlhi3
    5ed1     5ed1       1f     1         midisam.lto.o:(.text.__ashldi3)
    5ed1     5ed1       1f     1                 __ashldi3
    5ef0     5ef0       1f     1         midisam.lto.o:(.text.__lshrdi3)
    5ef0     5ef0       1f     1                 __lshrdi3
    5f0f     5f0f       32     1         midisam.lto.o:(.text.__mulhi3)
    5f0f     5f0f       32     1                 __mulhi3
    5f41     5f41       70     1         midisam.lto.o:(.text.__mulsi3)
    5f41     5f41       70     1                 __mulsi3
    5fb1     5fb1       f8     1         midisam.lto.o:(.text.__muldi3)
    5fb1     5fb1       f8     1                 __muldi3
    60a9     60a9       c0     1         midisam.lto.o:(.text.__udivhi3)
    60a9     60a9       c0     1                 __udivhi3
    6169     6169      16f     1         midisam.lto.o:(.text.__udivsi3)
    6169     6169      16f     1                 __udivsi3
    62d8     62d8       db     1         midisam.lto.o:(.text.__udivmodhi4)
    62d8     62d8       db     1                 __udivmodhi4
    63b3     63b3     13e4     1         midisam.lto.o:(.text.__muldf3)
    63b3     63b3     13e4     1                 __muldf3
    7797     7797     1a27     1         midisam.lto.o:(.text.__divdf3)
    7797     7797     1a27     1                 __divdf3
    91be     91be       83     1         midisam.lto.o:(.text.__fixunsdfsi)
    91be     91be       83     1                 __fixunsdfsi
    9241     9241      284     1         midisam.lto.o:(.text.__floatunsidf)
    9241     9241      284     1                 __floatunsidf
    94c5     94c5        0     1         __init_array_start = .
    94c5     94c5        0     1         __init_array_end = .
    94c5     94c5        0     1         __fini_array_start = .
    94c5     94c5        0     1         __fini_array_end = .
    94c5     94c5      a75     1 .rodata
    94c5     94c5        1     1         D:\F256\llvm-mos\f256dev\llvm-mos\bin/../mos-platform/common/lib\libcrt.a(const.S.obj):(.rodata)
    94c5     94c5        0     1                 __set_v
    94c6     94c6       22     1         midisam.lto.o:(.rodata.parse)
    94e8     94e8       3a     1         midisam.lto.o:(.rodata.printf)
    9522     9522       30     1         midisam.lto.o:(.rodata.textColors)
    9522     9522       30     1                 textColors
    9552     9552      8b0     1         <internal>:(.rodata.str1.1)
    9e02     9e02      100     1         midisam.lto.o:(.rodata.midi_instruments)
    9e02     9e02      100     1                 midi_instruments
    9f02     9f02       38     1         midisam.lto.o:(.rodata.rtmplugin)
    9f02     9f02       38     1                 rtmplugin
    9f3a     9f3a        0     1 .data
    9f3a     9f3a        0     1         __data_start = .
    9f3a     9f3a        0     1         __data_end = .
    9f3a     9f3a        0     1 __data_load_start = LOADADDR(.data)
    9f3a     9f3a        0     1 __data_size = SIZEOF(.data)
    9f3a     9f3a      112     1 .bss
    9f3a     9f3a        0     1         __bss_start = .
    9f3a     9f3a        1     1         midisam.lto.o:(.bss.isPaused)
    9f3a     9f3a        1     1                 isPaused
    9f3b     9f3b        1     1         midisam.lto.o:(.bss.repeatFlag)
    9f3b     9f3b        1     1                 repeatFlag
    9f3c     9f3c       80     1         midisam.lto.o:(.bss.shimmerChanged)
    9f3c     9f3c       80     1                 shimmerChanged
    9fbc     9fbc       80     1         midisam.lto.o:(.bss.shimmerBuffer)
    9fbc     9fbc       80     1                 shimmerBuffer
    a03c     a03c        1     1         midisam.lto.o:(.bss.shimmerTimer.2)
    a03c     a03c        1     1                 shimmerTimer.2
    a03d     a03d        8     1         midisam.lto.o:(.bss.time_data)
    a03d     a03d        8     1                 time_data
    a045     a045        1     1         midisam.lto.o:(.bss.playbackTimer.1)
    a045     a045        1     1                 playbackTimer.1
    a046     a046        1     1         midisam.lto.o:(.bss._ZN12_GLOBAL__N_111initializedE)
    a046     a046        1     1                 (anonymous namespace)::initialized
    a047     a047        1     1         midisam.lto.o:(.bss._ZN12_GLOBAL__N_19last_freeE)
    a047     a047        1     1                 (anonymous namespace)::last_free
    a048     a048        2     1         midisam.lto.o:(.bss._ZN12_GLOBAL__N_19free_sizeE)
    a048     a048        2     1                 (anonymous namespace)::free_size
    a04a     a04a        2     1         midisam.lto.o:(.bss._ZN12_GLOBAL__N_19free_listE)
    a04a     a04a        2     1                 (anonymous namespace)::free_list
    a04c     a04c        0     1         __bss_end = .
    a04c     a04c        0     1 __bss_size = SIZEOF(.bss)
    a04c     a04c        0     1 .noinit
    a04c     a04c        0     1         __heap_start = ALIGN(., 2)
    a04c     a04c        0     1 end_block8 = .
    a04c     a04c        0     1 end_block9 = .
    a04c     a04c        0     1 end_block10 = .
    a04c     a04c        0     1 end_block11 = .
    a04c     a04c        0     1 end_block12 = .
    a04c     a04c        0     1 end_block13 = .
    a04c     a04c        0     1 end_block14 = .
    a04c     a04c        0     1 end_block15 = .
    a04c     a04c        0     1 end_block16 = .
    a04c     a04c        0     1 end_block17 = .
    a04c     a04c        0     1 end_block18 = .
    a04c     a04c        0     1 end_block19 = .
    a04c     a04c        0     1 end_block20 = .
    a04c     a04c        0     1 end_block21 = .
    a04c     a04c        0     1 end_block22 = .
    a04c     a04c        0     1 end_block23 = .
       0        0      138     1 .comment
       0        0      138     1         <internal>:(.comment)
       0        0      9b0     4 .symtab
       0        0      9b0     4         <internal>:(.symtab)
       0        0       5a     1 .shstrtab
       0        0       5a     1         <internal>:(.shstrtab)
       0        0      75b     1 .strtab
       0        0      75b     1         <internal>:(.strtab)
