     VMA      LMA     Size Align Out     In      Symbol
       0        0        0     1 PROVIDE(__stack = 0xA000)
       0        0        0     1 PROVIDE(__f256_start = 0x300)
       0        0        0     1 PROVIDE(__BLOCK_SIZE = 0x2000)
       0        0        0     1 PROVIDE(__SLOT_ADDR = 0xA000)
       0        0        0     1 __rc0 = 0x10
       0        0        0     1 __rc1 = __rc0 + 1
       0        0        0     1 PROVIDE(__rc2 = __rc1 + 1)
       0        0        0     1 __rc3 = __rc2 + 1
       0        0        0     1 PROVIDE(__rc4 = __rc3 + 1)
       0        0        0     1 __rc5 = __rc4 + 1
       0        0        0     1 PROVIDE(__rc6 = __rc5 + 1)
       0        0        0     1 __rc7 = __rc6 + 1
       0        0        0     1 PROVIDE(__rc8 = __rc7 + 1)
       0        0        0     1 __rc9 = __rc8 + 1
       0        0        0     1 PROVIDE(__rc10 = __rc9 + 1)
       0        0        0     1 __rc11 = __rc10 + 1
       0        0        0     1 PROVIDE(__rc12 = __rc11 + 1)
       0        0        0     1 __rc13 = __rc12 + 1
       0        0        0     1 PROVIDE(__rc14 = __rc13 + 1)
       0        0        0     1 __rc15 = __rc14 + 1
       0        0        0     1 PROVIDE(__rc16 = __rc15 + 1)
       0        0        0     1 __rc17 = __rc16 + 1
       0        0        0     1 PROVIDE(__rc18 = __rc17 + 1)
       0        0        0     1 __rc19 = __rc18 + 1
       0        0        0     1 PROVIDE(__rc20 = __rc19 + 1)
       0        0        0     1 __rc21 = __rc20 + 1
       0        0        0     1 PROVIDE(__rc22 = __rc21 + 1)
       0        0        0     1 __rc23 = __rc22 + 1
       0        0        0     1 PROVIDE(__rc24 = __rc23 + 1)
       0        0        0     1 __rc25 = __rc24 + 1
       0        0        0     1 PROVIDE(__rc26 = __rc25 + 1)
       0        0        0     1 __rc27 = __rc26 + 1
       0        0        0     1 PROVIDE(__rc28 = __rc27 + 1)
       0        0        0     1 __rc29 = __rc28 + 1
       0        0        0     1 PROVIDE(__rc30 = __rc29 + 1)
       0        0        0     1 __rc31 = __rc30 + 1
       0        0        0     1 
       0        0        0     1 
       0        0        0     1 __block8_lma = ( 8<<24)|__SLOT_ADDR
       0        0        0     1 __block9_lma = ( 9<<24)|__SLOT_ADDR
       0        0        0     1 __block10_lma = (10<<24)|__SLOT_ADDR
       0        0        0     1 __block11_lma = (11<<24)|__SLOT_ADDR
       0        0        0     1 __block12_lma = (12<<24)|__SLOT_ADDR
       0        0        0     1 __block13_lma = (13<<24)|__SLOT_ADDR
       0        0        0     1 __block14_lma = (14<<24)|__SLOT_ADDR
       0        0        0     1 __block15_lma = (15<<24)|__SLOT_ADDR
       0        0        0     1 __block16_lma = (16<<24)|__SLOT_ADDR
       0        0        0     1 __block17_lma = (17<<24)|__SLOT_ADDR
       0        0        0     1 __block18_lma = (18<<24)|__SLOT_ADDR
       0        0        0     1 __block19_lma = (19<<24)|__SLOT_ADDR
       0        0        0     1 __block20_lma = (20<<24)|__SLOT_ADDR
       0        0        0     1 __block21_lma = (21<<24)|__SLOT_ADDR
       0        0        0     1 __block22_lma = (22<<24)|__SLOT_ADDR
       0        0        0     1 __block23_lma = (23<<24)|__SLOT_ADDR
      30       30        0     1 .zp.data
      30       30        0     1         __zp_data_start = .
      30       30        0     1 __zp_data_load_start = LOADADDR(.zp.data)
      30       30        0     1 __zp_data_size = SIZEOF(.zp.data)
      30       30        c     1 .zp.bss
      30       30        0     1         __zp_bss_start = .
      30       30        c     1         badapple.lto.o:(.zp.bss)
      30       30        1     1                 _col
      31       31        1     1                 _row
      32       32        2     1                 __putchar.s
      34       34        1     1                 kernelError
      35       35        7     1                 kernelEventData
      3c       3c        0     1 __zp_bss_size = SIZEOF(.zp.bss)
      3c       3c       5d     1 .zp
      3c       3c       5d     1         badapple.lto.o:(.zp.noinit)
     300      300     3154     2 .text
     300      300        0     1         _init = .
     300      300        0     1         _start = .
     300      300        8     1         D:\F256\llvm-mos\f256dev\llvm-mos\bin/../mos-platform/f256/lib\libcrt0.a(init-stack.S.obj):(.init.100)
     300      300        0     1                 __do_init_stack
     308      308        3     1         D:\F256\llvm-mos\f256dev\llvm-mos\bin/../mos-platform/f256/lib\libcrt0.a(zero-bss.c.obj):(.init.200)
     308      308        0     1                 __do_zero_bss
     30b      30b        3     1         D:\F256\llvm-mos\f256dev\llvm-mos\bin/../mos-platform/f256/lib\libcrt0.a(zero-zp-bss.c.obj):(.init.200)
     30b      30b        0     1                 __do_zero_zp_bss
     30e      30e        3     1         D:\F256\llvm-mos\f256dev\llvm-mos\bin/../mos-platform/common/lib\crt0.o:(.call_main)
     311      311        3     1         D:\F256\llvm-mos\f256dev\llvm-mos\bin/../mos-platform/f256/lib\libcrt0.a(exit-custom.S.obj):(.after_main)
     311      311        0     1                 __after_main
     314      314        0     1         _fini = .
     314      314        1     1         D:\F256\llvm-mos\f256dev\llvm-mos\bin/../mos-platform/common/lib\crt0.o:(.fini_rts)
     316      316      153     2         badapple.lto.o:(.text._ZN12_GLOBAL__N_19FreeChunk6insertEPvj)
     316      316      153     1                 (anonymous namespace)::FreeChunk::insert(void*, unsigned int)
     46a      46a       f0     2         badapple.lto.o:(.text._ZN12_GLOBAL__N_19FreeChunk6removeEv)
     46a      46a       f0     1                 (anonymous namespace)::FreeChunk::remove()
     55a      55a       13     1         D:\F256\llvm-mos\f256dev\llvm-mos\bin/../mos-platform/f256/lib\libcrt0.a(zero-bss.c.obj):(.text.__zero_bss)
     55a      55a       13     1                 __zero_bss
     56d      56d       13     1         D:\F256\llvm-mos\f256dev\llvm-mos\bin/../mos-platform/f256/lib\libcrt0.a(zero-zp-bss.c.obj):(.text.__zero_zp_bss)
     56d      56d       13     1                 __zero_zp_bss
     580      580      452     1         badapple.lto.o:(.text.main)
     580      580      452     1                 main
     9d2      9d2      e43     1         badapple.lto.o:(.text.f256main)
     9d2      9d2      e43     1                 f256main
    1815     1815       40     1         badapple.lto.o:(.text.setTextColorMatrix)
    1815     1815       40     1                 setTextColorMatrix
    1855     1855       40     1         badapple.lto.o:(.text.fillFrame)
    1855     1855       40     1                 fillFrame
    1895     1895       57     1         badapple.lto.o:(.text.initNibbleTable)
    1895     1895       57     1                 initNibbleTable
    18ec     18ec      13c     1         badapple.lto.o:(.text.fileOpen)
    18ec     18ec      13c     1                 fileOpen
    1a28     1a28       43     1         badapple.lto.o:(.text.read8KChunk)
    1a28     1a28       43     1                 read8KChunk
    1a6b     1a6b      179     1         badapple.lto.o:(.text.fileRead)
    1a6b     1a6b      179     1                 fileRead
    1be4     1be4      4b2     1         badapple.lto.o:(.text.fileClose)
    1be4     1be4      4b2     1                 fileClose
    2096     2096       17     1         badapple.lto.o:(.text.openAllCODEC)
    2096     2096       17     1                 openAllCODEC
    20ad     20ad       2d     1         badapple.lto.o:(.text.hitspace)
    20ad     20ad       2d     1                 hitspace
    20da     20da       1e     1         badapple.lto.o:(.text.boostVSClock)
    20da     20da       1e     1                 boostVSClock
    20f8     20f8        5     1         badapple.lto.o:(.text.exit)
    20f8     20f8        5     1                 exit
    20fd     20fd       d7     1         badapple.lto.o:(.text._ZN12_GLOBAL__N_13putEcP6Status)
    20fd     20fd       d7     1                 (anonymous namespace)::put(char, Status*)
    21d4     21d4      10f     1         badapple.lto.o:(.text._ZN12_GLOBAL__N_112print_stringEPKcP6Status)
    21d4     21d4      10f     1                 (anonymous namespace)::print_string(char const*, Status*)
    22e3     22e3      d3a     1         badapple.lto.o:(.text.printf)
    22e3     22e3      d3a     1                 printf
    301d     301d      203     1         badapple.lto.o:(.text.putchar)
    301d     301d      203     1                 putchar
    3220     3220      1e8     1         badapple.lto.o:(.text.malloc)
    3220     3220      1e8     1                 malloc
    3408     3408       2c     1         badapple.lto.o:(.text.memcpy)
    3408     3408       2c     1                 memcpy
    3434     3434       20     1         badapple.lto.o:(.text.__memset)
    3434     3434       20     1                 __memset
    3454     3454        0     1         __init_array_start = .
    3454     3454        0     1         __init_array_end = .
    3454     3454        0     1         __fini_array_start = .
    3454     3454        0     1         __fini_array_end = .
    3454     3454       cc     1 .rodata
    3454     3454       3a     1         badapple.lto.o:(.rodata.printf)
    348e     348e       30     1         badapple.lto.o:(.rodata.textColors)
    348e     348e       30     1                 textColors
    34be     34be       62     1         <internal>:(.rodata.str1.1)
    3520     3520        0     1 .data
    3520     3520        0     1         __data_start = .
    3520     3520        0     1         __data_end = .
    3520     3520        0     1 __data_load_start = LOADADDR(.data)
    3520     3520        0     1 __data_size = SIZEOF(.data)
    3520     3520       46     1 .bss
    3520     3520        0     1         __bss_start = .
    3520     3520       40     1         badapple.lto.o:(.bss.expandNibble)
    3520     3520       40     1                 expandNibble
    3560     3560        1     1         badapple.lto.o:(.bss._ZN12_GLOBAL__N_111initializedE)
    3560     3560        1     1                 (anonymous namespace)::initialized
    3561     3561        1     1         badapple.lto.o:(.bss._ZN12_GLOBAL__N_19last_freeE)
    3561     3561        1     1                 (anonymous namespace)::last_free
    3562     3562        2     1         badapple.lto.o:(.bss._ZN12_GLOBAL__N_19free_sizeE)
    3562     3562        2     1                 (anonymous namespace)::free_size
    3564     3564        2     1         badapple.lto.o:(.bss._ZN12_GLOBAL__N_19free_listE)
    3564     3564        2     1                 (anonymous namespace)::free_list
    3566     3566        0     1         __bss_end = .
    3566     3566        0     1 __bss_size = SIZEOF(.bss)
    3566     3566        0     1 .noinit
    3566     3566        0     1         __heap_start = ALIGN(., 2)
    3566     3566        0     1 end_block8 = .
    3566     3566        0     1 end_block9 = .
    3566     3566        0     1 end_block10 = .
    3566     3566        0     1 end_block11 = .
    3566     3566        0     1 end_block12 = .
    3566     3566        0     1 end_block13 = .
    3566     3566        0     1 end_block14 = .
    3566     3566        0     1 end_block15 = .
    3566     3566        0     1 end_block16 = .
    3566     3566        0     1 end_block17 = .
    3566     3566        0     1 end_block18 = .
    3566     3566        0     1 end_block19 = .
    3566     3566        0     1 end_block20 = .
    3566     3566        0     1 end_block21 = .
    3566     3566        0     1 end_block22 = .
    3566     3566        0     1 end_block23 = .
       0        0      138     1 .comment
       0        0      138     1         <internal>:(.comment)
       0        0      840     4 .symtab
       0        0      840     4         <internal>:(.symtab)
       0        0       5a     1 .shstrtab
       0        0       5a     1         <internal>:(.shstrtab)
       0        0      648     1 .strtab
       0        0      648     1         <internal>:(.strtab)
