     VMA      LMA     Size Align Out     In      Symbol
       0        0        0     1 PROVIDE(__stack = 0xA000)
       0        0        0     1 PROVIDE(__f256_start = 0x300)
       0        0        0     1 PROVIDE(__BLOCK_SIZE = 0x2000)
       0        0        0     1 PROVIDE(__SLOT_ADDR = 0xA000)
       0        0        0     1 __rc0 = 0x10
       0        0        0     1 __rc1 = __rc0 + 1
       0        0        0     1 PROVIDE(__rc2 = __rc1 + 1)
       0        0        0     1 __rc3 = __rc2 + 1
       0        0        0     1 PROVIDE(__rc4 = __rc3 + 1)
       0        0        0     1 __rc5 = __rc4 + 1
       0        0        0     1 PROVIDE(__rc6 = __rc5 + 1)
       0        0        0     1 __rc7 = __rc6 + 1
       0        0        0     1 PROVIDE(__rc8 = __rc7 + 1)
       0        0        0     1 __rc9 = __rc8 + 1
       0        0        0     1 PROVIDE(__rc10 = __rc9 + 1)
       0        0        0     1 __rc11 = __rc10 + 1
       0        0        0     1 PROVIDE(__rc12 = __rc11 + 1)
       0        0        0     1 __rc13 = __rc12 + 1
       0        0        0     1 PROVIDE(__rc14 = __rc13 + 1)
       0        0        0     1 __rc15 = __rc14 + 1
       0        0        0     1 PROVIDE(__rc16 = __rc15 + 1)
       0        0        0     1 __rc17 = __rc16 + 1
       0        0        0     1 PROVIDE(__rc18 = __rc17 + 1)
       0        0        0     1 __rc19 = __rc18 + 1
       0        0        0     1 PROVIDE(__rc20 = __rc19 + 1)
       0        0        0     1 __rc21 = __rc20 + 1
       0        0        0     1 PROVIDE(__rc22 = __rc21 + 1)
       0        0        0     1 __rc23 = __rc22 + 1
       0        0        0     1 PROVIDE(__rc24 = __rc23 + 1)
       0        0        0     1 __rc25 = __rc24 + 1
       0        0        0     1 PROVIDE(__rc26 = __rc25 + 1)
       0        0        0     1 __rc27 = __rc26 + 1
       0        0        0     1 PROVIDE(__rc28 = __rc27 + 1)
       0        0        0     1 __rc29 = __rc28 + 1
       0        0        0     1 PROVIDE(__rc30 = __rc29 + 1)
       0        0        0     1 __rc31 = __rc30 + 1
       0        0        0     1 
       0        0        0     1 
       0        0        0     1 __block8_lma = ( 8<<24)|__SLOT_ADDR
       0        0        0     1 __block9_lma = ( 9<<24)|__SLOT_ADDR
       0        0        0     1 __block10_lma = (10<<24)|__SLOT_ADDR
       0        0        0     1 __block11_lma = (11<<24)|__SLOT_ADDR
       0        0        0     1 __block12_lma = (12<<24)|__SLOT_ADDR
       0        0        0     1 __block13_lma = (13<<24)|__SLOT_ADDR
       0        0        0     1 __block14_lma = (14<<24)|__SLOT_ADDR
       0        0        0     1 __block15_lma = (15<<24)|__SLOT_ADDR
       0        0        0     1 __block16_lma = (16<<24)|__SLOT_ADDR
       0        0        0     1 __block17_lma = (17<<24)|__SLOT_ADDR
       0        0        0     1 __block18_lma = (18<<24)|__SLOT_ADDR
       0        0        0     1 __block19_lma = (19<<24)|__SLOT_ADDR
       0        0        0     1 __block20_lma = (20<<24)|__SLOT_ADDR
       0        0        0     1 __block21_lma = (21<<24)|__SLOT_ADDR
       0        0        0     1 __block22_lma = (22<<24)|__SLOT_ADDR
       0        0        0     1 __block23_lma = (23<<24)|__SLOT_ADDR
       0        0        0     1 __daft1_lma = 0x10000
       0        0        0     1 __daft1_size = 0x8000
       0        0        0     1 __daft2_lma = 0x18000
       0        0        0     1 __daft2_size = 0x8000
       0        0        0     1 __daft3_lma = 0x20000
       0        0        0     1 __daft3_size = 0x2c00
       0        0        0     1 __palpiano_lma = 0x28000
       0        0        0     1 __palpiano_size = 0x3fc
       0        0        0     1 __paldaft_lma = 0x28400
       0        0        0     1 __paldaft_size = 0x400
       0        0        0     1 __pia1_lma = 0x30000
       0        0        0     1 __pia1_size = 0x8000
       0        0        0     1 __pia2_lma = 0x38000
       0        0        0     1 __pia2_size = 0x8000
       0        0        0     1 __pia3_lma = 0x40000
       0        0        0     1 __pia3_size = 0x2c00
      30      300       58     1 .zp.data
      30      300        0     1         __zp_data_start = .
      30      300       58     1         Aero.lto.o:(.zp.data)
      30      300       58     1                 noteColors
      88      358        0     1 __zp_data_load_start = LOADADDR(.zp.data)
      88      358        0     1 __zp_data_size = SIZEOF(.zp.data)
      88       88       11     1 .zp.bss
      88       88        0     1         __zp_bss_start = .
      88       88       11     1         Aero.lto.o:(.zp.bss)
      88       88        7     1                 kernelEventData
      8f       8f        1     1                 _col
      90       90        1     1                 _row
      91       91        1     1                 _active
      92       92        2     1                 __putchar.s
      94       94        1     1                 midiTimer.1
      95       95        1     1                 refTimer.1
      96       96        1     1                 bassTimer.1
      97       97        1     1                 snareTimer.1
      98       98        1     1                 kickTimer.1
      99       99        0     1 __zp_bss_size = SIZEOF(.zp.bss)
      99       99       57     1 .zp
      99       99       57     1         Aero.lto.o:(.zp.noinit)
     358      358     1c3d     1 .text
     358      358        0     1         _init = .
     358      358        0     1         _start = .
     358      358        8     1         D:\F256\llvm-mos\f256dev\llvm-mos\bin/../mos-platform/f256/lib\libcrt0.a(init-stack.S.obj):(.init.100)
     358      358        0     1                 __do_init_stack
     360      360        3     1         D:\F256\llvm-mos\f256dev\llvm-mos\bin/../mos-platform/f256/lib\libcrt0.a(zero-bss.c.obj):(.init.200)
     360      360        0     1                 __do_zero_bss
     363      363        3     1         D:\F256\llvm-mos\f256dev\llvm-mos\bin/../mos-platform/f256/lib\libcrt0.a(zero-zp-bss.c.obj):(.init.200)
     363      363        0     1                 __do_zero_zp_bss
     366      366        3     1         D:\F256\llvm-mos\f256dev\llvm-mos\bin/../mos-platform/f256/lib\libcrt0.a(copy-zp-data.c.obj):(.init.200)
     366      366        0     1                 __do_copy_zp_data
     369      369        3     1         D:\F256\llvm-mos\f256dev\llvm-mos\bin/../mos-platform/common/lib\crt0.o:(.call_main)
     36c      36c        3     1         D:\F256\llvm-mos\f256dev\llvm-mos\bin/../mos-platform/f256/lib\libcrt0.a(exit-custom.S.obj):(.after_main)
     36c      36c        0     1                 __after_main
     36f      36f        0     1         _fini = .
     36f      36f        1     1         D:\F256\llvm-mos\f256dev\llvm-mos\bin/../mos-platform/common/lib\crt0.o:(.fini_rts)
     370      370       13     1         D:\F256\llvm-mos\f256dev\llvm-mos\bin/../mos-platform/f256/lib\libcrt0.a(zero-bss.c.obj):(.text.__zero_bss)
     370      370       13     1                 __zero_bss
     383      383       13     1         D:\F256\llvm-mos\f256dev\llvm-mos\bin/../mos-platform/f256/lib\libcrt0.a(zero-zp-bss.c.obj):(.text.__zero_zp_bss)
     383      383       13     1                 __zero_zp_bss
     396      396       17     1         D:\F256\llvm-mos\f256dev\llvm-mos\bin/../mos-platform/f256/lib\libcrt0.a(copy-zp-data.c.obj):(.text.__copy_zp_data)
     396      396       17     1                 __copy_zp_data
     3ad      3ad      328     1         Aero.lto.o:(.text.f256Init)
     3ad      3ad      328     1                 f256Init
     6d5      6d5       9a     1         Aero.lto.o:(.text.textClear)
     6d5      6d5       9a     1                 textClear
     76f      76f        6     1         Aero.lto.o:(.text.main)
     76f      76f        6     1                 main
     775      775      887     1         Aero.lto.o:(.text.f256main)
     775      775      887     1                 f256main
     ffc      ffc      1ba     1         Aero.lto.o:(.text.__putchar)
     ffc      ffc      1ba     1                 __putchar
    11b6     11b6        5     1         Aero.lto.o:(.text.exit)
    11b6     11b6        5     1                 exit
    11bb     11bb       d1     1         Aero.lto.o:(.text._ZN12_GLOBAL__N_13putEcP6Status)
    11bb     11bb       d1     1                 (anonymous namespace)::put(char, Status*)
    128c     128c      10d     1         Aero.lto.o:(.text._ZN12_GLOBAL__N_112print_stringEPKcP6Status)
    128c     128c      10d     1                 (anonymous namespace)::print_string(char const*, Status*)
    1399     1399      bb0     1         Aero.lto.o:(.text.printf)
    1399     1399      bb0     1                 printf
    1f49     1f49       2c     1         Aero.lto.o:(.text.memcpy)
    1f49     1f49       2c     1                 memcpy
    1f75     1f75       20     1         Aero.lto.o:(.text.__memset)
    1f75     1f75       20     1                 __memset
    1f95     1f95        0     1         __init_array_start = .
    1f95     1f95        0     1         __init_array_end = .
    1f95     1f95        0     1         __fini_array_start = .
    1f95     1f95        0     1         __fini_array_end = .
    1f95     1f95       b0     1 .rodata
    1f95     1f95        1     1         D:\F256\llvm-mos\f256dev\llvm-mos\bin/../mos-platform/common/lib\libcrt.a(const.S.obj):(.rodata)
    1f95     1f95        0     1                 __set_v
    1f96     1f96       12     1         Aero.lto.o:(.rodata.f256main)
    1fa8     1fa8       3a     1         Aero.lto.o:(.rodata.printf)
    1fe2     1fe2       30     1         Aero.lto.o:(.rodata.textColors)
    1fe2     1fe2       30     1                 textColors
    2012     2012        c     1         Aero.lto.o:(.rodata.bassNotes)
    2012     2012        c     1                 bassNotes
    201e     201e        c     1         Aero.lto.o:(.rodata.bassDelays)
    201e     201e        c     1                 bassDelays
    202a     202a        4     1         <internal>:(.rodata.cst4)
    202e     202e        5     1         Aero.lto.o:(.rodata.kickNotes)
    202e     202e        5     1                 kickNotes
    2033     2033        5     1         Aero.lto.o:(.rodata.kickDelays)
    2033     2033        5     1                 kickDelays
    2038     2038        d     1         <internal>:(.rodata.str1.1)
    2045     2045        0     1 .data
    2045     2045        0     1         __data_start = .
    2045     2045        0     1         __data_end = .
    2045     2045        0     1 __data_load_start = LOADADDR(.data)
    2045     2045        0     1 __data_size = SIZEOF(.data)
    2045     2045        c     1 .bss
    2045     2045        0     1         __bss_start = .
    2045     2045        1     1         Aero.lto.o:(.bss.kernelError)
    2045     2045        1     1                 kernelError
    2046     2046        4     1         Aero.lto.o:(.bss._BITMAP_BASE.0)
    2046     2046        4     1                 _BITMAP_BASE.0
    204a     204a        4     1         Aero.lto.o:(.bss._BITMAP_BASE.1)
    204a     204a        4     1                 _BITMAP_BASE.1
    204e     204e        3     1         Aero.lto.o:(.bss._BITMAP_CLUT)
    204e     204e        3     1                 _BITMAP_CLUT
    2051     2051        0     1         __bss_end = .
    2051     2051        0     1 __bss_size = SIZEOF(.bss)
    2051     2051        0     1 .noinit
    2051     2051        0     1         __heap_start = ALIGN(., 2)
    2051     2051        0     1 end_block8 = .
    2051     2051        0     1 end_block9 = .
    2051     2051        0     1 end_block10 = .
    2051     2051        0     1 end_block11 = .
    2051     2051        0     1 end_block12 = .
    2051     2051        0     1 end_block13 = .
    2051     2051        0     1 end_block14 = .
    2051     2051        0     1 end_block15 = .
    2051     2051        0     1 end_block16 = .
    2051     2051        0     1 end_block17 = .
    2051     2051        0     1 end_block18 = .
    2051     2051        0     1 end_block19 = .
    2051     2051        0     1 end_block20 = .
    2051     2051        0     1 end_block21 = .
    2051     2051        0     1 end_block22 = .
    2051     2051        0     1 end_block23 = .
   10000    10000     8000    16 .daft1
   10000    10000     8000    16         Aero.lto.o:(.daft1)
   10000    10000        0     1                 daft1_start
   18000    18000        0     1                 daft1_end
   18000    18000        0     1 end_daft1 = .
   18000    18000     8000    16 .daft2
   18000    18000     8000    16         Aero.lto.o:(.daft2)
   18000    18000        0     1                 daft2_start
   20000    20000        0     1                 daft2_end
   20000    20000        0     1 end_daft2 = .
   20000    20000     2c00    16 .daft3
   20000    20000     2c00    16         Aero.lto.o:(.daft3)
   20000    20000        0     1                 daft3_start
   22c00    22c00        0     1                 daft3_end
   22c00    22c00        0     1 end_daft3 = .
   28000    28000      3fc    16 .palpiano
   28000    28000      3fc    16         Aero.lto.o:(.palpiano)
   28000    28000        0     1                 palpiano_start
   283fc    283fc        0     1                 palpiano_end
   283fc    283fc        0     1 end_palpiano = .
   28400    28400      400    16 .paldaft
   28400    28400      400    16         Aero.lto.o:(.paldaft)
   28400    28400        0     1                 paldaft_start
   28800    28800        0     1                 paldaft_end
   28800    28800        0     1 end_paldaft = .
   30000    30000     8000    16 .pia1
   30000    30000     8000    16         Aero.lto.o:(.pia1)
   30000    30000        0     1                 pia1_start
   38000    38000        0     1                 pia1_end
   38000    38000        0     1 end_pia1 = .
   38000    38000     8000    16 .pia2
   38000    38000     8000    16         Aero.lto.o:(.pia2)
   38000    38000        0     1                 pia2_start
   40000    40000        0     1                 pia2_end
   40000    40000        0     1 end_pia2 = .
   40000    40000     2c00    16 .pia3
   40000    40000     2c00    16         Aero.lto.o:(.pia3)
   40000    40000        0     1                 pia3_start
   42c00    42c00        0     1                 pia3_end
   42c00    42c00        0     1 end_pia3 = .
       0        0      138     1 .comment
       0        0      138     1         <internal>:(.comment)
       0        0      af0     4 .symtab
       0        0      af0     4         <internal>:(.symtab)
       0        0       94     1 .shstrtab
       0        0       94     1         <internal>:(.shstrtab)
       0        0      7c7     1 .strtab
       0        0      7c7     1         <internal>:(.strtab)
