     VMA      LMA     Size Align Out     In      Symbol
       0        0        0     1 PROVIDE(__stack = 0xA000)
       0        0        0     1 PROVIDE(__f256_start = 0x300)
       0        0        0     1 PROVIDE(__BLOCK_SIZE = 0x2000)
       0        0        0     1 PROVIDE(__SLOT_ADDR = 0xA000)
       0        0        0     1 __rc0 = 0x10
       0        0        0     1 __rc1 = __rc0 + 1
       0        0        0     1 PROVIDE(__rc2 = __rc1 + 1)
       0        0        0     1 __rc3 = __rc2 + 1
       0        0        0     1 PROVIDE(__rc4 = __rc3 + 1)
       0        0        0     1 __rc5 = __rc4 + 1
       0        0        0     1 PROVIDE(__rc6 = __rc5 + 1)
       0        0        0     1 __rc7 = __rc6 + 1
       0        0        0     1 PROVIDE(__rc8 = __rc7 + 1)
       0        0        0     1 __rc9 = __rc8 + 1
       0        0        0     1 PROVIDE(__rc10 = __rc9 + 1)
       0        0        0     1 __rc11 = __rc10 + 1
       0        0        0     1 PROVIDE(__rc12 = __rc11 + 1)
       0        0        0     1 __rc13 = __rc12 + 1
       0        0        0     1 PROVIDE(__rc14 = __rc13 + 1)
       0        0        0     1 __rc15 = __rc14 + 1
       0        0        0     1 PROVIDE(__rc16 = __rc15 + 1)
       0        0        0     1 __rc17 = __rc16 + 1
       0        0        0     1 PROVIDE(__rc18 = __rc17 + 1)
       0        0        0     1 __rc19 = __rc18 + 1
       0        0        0     1 PROVIDE(__rc20 = __rc19 + 1)
       0        0        0     1 __rc21 = __rc20 + 1
       0        0        0     1 PROVIDE(__rc22 = __rc21 + 1)
       0        0        0     1 __rc23 = __rc22 + 1
       0        0        0     1 PROVIDE(__rc24 = __rc23 + 1)
       0        0        0     1 __rc25 = __rc24 + 1
       0        0        0     1 PROVIDE(__rc26 = __rc25 + 1)
       0        0        0     1 __rc27 = __rc26 + 1
       0        0        0     1 PROVIDE(__rc28 = __rc27 + 1)
       0        0        0     1 __rc29 = __rc28 + 1
       0        0        0     1 PROVIDE(__rc30 = __rc29 + 1)
       0        0        0     1 __rc31 = __rc30 + 1
       0        0        0     1 
       0        0        0     1 
       0        0        0     1 __block8_lma = ( 8<<24)|__SLOT_ADDR
       0        0        0     1 __block9_lma = ( 9<<24)|__SLOT_ADDR
       0        0        0     1 __block10_lma = (10<<24)|__SLOT_ADDR
       0        0        0     1 __block11_lma = (11<<24)|__SLOT_ADDR
       0        0        0     1 __block12_lma = (12<<24)|__SLOT_ADDR
       0        0        0     1 __block13_lma = (13<<24)|__SLOT_ADDR
       0        0        0     1 __block14_lma = (14<<24)|__SLOT_ADDR
       0        0        0     1 __block15_lma = (15<<24)|__SLOT_ADDR
       0        0        0     1 __block16_lma = (16<<24)|__SLOT_ADDR
       0        0        0     1 __block17_lma = (17<<24)|__SLOT_ADDR
       0        0        0     1 __block18_lma = (18<<24)|__SLOT_ADDR
       0        0        0     1 __block19_lma = (19<<24)|__SLOT_ADDR
       0        0        0     1 __block20_lma = (20<<24)|__SLOT_ADDR
       0        0        0     1 __block21_lma = (21<<24)|__SLOT_ADDR
       0        0        0     1 __block22_lma = (22<<24)|__SLOT_ADDR
       0        0        0     1 __block23_lma = (23<<24)|__SLOT_ADDR
      30      300        2     1 .zp.data
      30      300        0     1         __zp_data_start = .
      30      300        2     1         midiStuff.lto.o:(.zp.data)
      30      300        2     1                 note
      32      302        0     1 __zp_data_load_start = LOADADDR(.zp.data)
      32      302        0     1 __zp_data_size = SIZEOF(.zp.data)
      32       32       11     1 .zp.bss
      32       32        0     1         __zp_bss_start = .
      32       32       11     1         midiStuff.lto.o:(.zp.bss)
      32       32        7     1                 kernelEventData
      39       39        1     1                 _col
      3a       3a        1     1                 _row
      3b       3b        2     1                 __putchar.s
      3d       3d        2     1                 prgInst
      3f       3f        1     1                 midiTimer.1
      40       40        1     1                 refTimer.1
      41       41        2     1                 oldnote
      43       43        0     1 __zp_bss_size = SIZEOF(.zp.bss)
      43       43       61     1 .zp
      43       43       61     1         midiStuff.lto.o:(.zp.noinit)
     302      302     1757     1 .text
     302      302        0     1         _init = .
     302      302        0     1         _start = .
     302      302        8     1         D:\F256\llvm-mos\f256dev\llvm-mos\bin/../mos-platform/f256/lib\libcrt0.a(init-stack.S.obj):(.init.100)
     302      302        0     1                 __do_init_stack
     30a      30a        3     1         D:\F256\llvm-mos\f256dev\llvm-mos\bin/../mos-platform/f256/lib\libcrt0.a(zero-bss.c.obj):(.init.200)
     30a      30a        0     1                 __do_zero_bss
     30d      30d        3     1         D:\F256\llvm-mos\f256dev\llvm-mos\bin/../mos-platform/f256/lib\libcrt0.a(zero-zp-bss.c.obj):(.init.200)
     30d      30d        0     1                 __do_zero_zp_bss
     310      310        3     1         D:\F256\llvm-mos\f256dev\llvm-mos\bin/../mos-platform/f256/lib\libcrt0.a(copy-zp-data.c.obj):(.init.200)
     310      310        0     1                 __do_copy_zp_data
     313      313        3     1         D:\F256\llvm-mos\f256dev\llvm-mos\bin/../mos-platform/common/lib\crt0.o:(.call_main)
     316      316        3     1         D:\F256\llvm-mos\f256dev\llvm-mos\bin/../mos-platform/f256/lib\libcrt0.a(exit-custom.S.obj):(.after_main)
     316      316        0     1                 __after_main
     319      319        0     1         _fini = .
     319      319        1     1         D:\F256\llvm-mos\f256dev\llvm-mos\bin/../mos-platform/common/lib\crt0.o:(.fini_rts)
     31a      31a       13     1         D:\F256\llvm-mos\f256dev\llvm-mos\bin/../mos-platform/f256/lib\libcrt0.a(zero-bss.c.obj):(.text.__zero_bss)
     31a      31a       13     1                 __zero_bss
     32d      32d       13     1         D:\F256\llvm-mos\f256dev\llvm-mos\bin/../mos-platform/f256/lib\libcrt0.a(zero-zp-bss.c.obj):(.text.__zero_zp_bss)
     32d      32d       13     1                 __zero_zp_bss
     340      340       17     1         D:\F256\llvm-mos\f256dev\llvm-mos\bin/../mos-platform/f256/lib\libcrt0.a(copy-zp-data.c.obj):(.text.__copy_zp_data)
     340      340       17     1                 __copy_zp_data
     357      357      2ea     1         midiStuff.lto.o:(.text.f256Init)
     357      357      2ea     1                 f256Init
     641      641       9a     1         midiStuff.lto.o:(.text.textClear)
     641      641       9a     1                 textClear
     6db      6db        6     1         midiStuff.lto.o:(.text.main)
     6db      6db        6     1                 main
     6e1      6e1      3d4     1         midiStuff.lto.o:(.text.f256main)
     6e1      6e1      3d4     1                 f256main
     ab5      ab5      1b8     1         midiStuff.lto.o:(.text.textPrint)
     ab5      ab5      1b8     1                 textPrint
     c6d      c6d        d     1         midiStuff.lto.o:(.text.__putchar)
     c6d      c6d        d     1                 __putchar
     c7a      c7a        5     1         midiStuff.lto.o:(.text.exit)
     c7a      c7a        5     1                 exit
     c7f      c7f       d1     1         midiStuff.lto.o:(.text._ZN12_GLOBAL__N_13putEcP6Status)
     c7f      c7f       d1     1                 (anonymous namespace)::put(char, Status*)
     d50      d50      10d     1         midiStuff.lto.o:(.text._ZN12_GLOBAL__N_112print_stringEPKcP6Status)
     d50      d50      10d     1                 (anonymous namespace)::print_string(char const*, Status*)
     e5d      e5d      bb0     1         midiStuff.lto.o:(.text.printf)
     e5d      e5d      bb0     1                 printf
    1a0d     1a0d       2c     1         midiStuff.lto.o:(.text.memcpy)
    1a0d     1a0d       2c     1                 memcpy
    1a39     1a39       20     1         midiStuff.lto.o:(.text.__memset)
    1a39     1a39       20     1                 __memset
    1a59     1a59        0     1         __init_array_start = .
    1a59     1a59        0     1         __init_array_end = .
    1a59     1a59        0     1         __fini_array_start = .
    1a59     1a59        0     1         __fini_array_end = .
    1a59     1a59      10e     1 .rodata
    1a59     1a59        1     1         D:\F256\llvm-mos\f256dev\llvm-mos\bin/../mos-platform/common/lib\libcrt.a(const.S.obj):(.rodata)
    1a59     1a59        0     1                 __set_v
    1a5a     1a5a        8     1         midiStuff.lto.o:(.rodata.f256main)
    1a62     1a62       3a     1         midiStuff.lto.o:(.rodata.printf)
    1a9c     1a9c       30     1         midiStuff.lto.o:(.rodata.textColors)
    1a9c     1a9c       30     1                 textColors
    1acc     1acc       9b     1         <internal>:(.rodata.str1.1)
    1b67     1b67        0     1 .data
    1b67     1b67        0     1         __data_start = .
    1b67     1b67        0     1         __data_end = .
    1b67     1b67        0     1 __data_load_start = LOADADDR(.data)
    1b67     1b67        0     1 __data_size = SIZEOF(.data)
    1b67     1b67        1     1 .bss
    1b67     1b67        0     1         __bss_start = .
    1b67     1b67        1     1         midiStuff.lto.o:(.bss.kernelError)
    1b67     1b67        1     1                 kernelError
    1b68     1b68        0     1         __bss_end = .
    1b68     1b68        0     1 __bss_size = SIZEOF(.bss)
    1b68     1b68        0     1 .noinit
    1b68     1b68        0     1         __heap_start = ALIGN(., 2)
    1b68     1b68        0     1 end_block8 = .
    1b68     1b68        0     1 end_block9 = .
    1b68     1b68        0     1 end_block10 = .
    1b68     1b68        0     1 end_block11 = .
    1b68     1b68        0     1 end_block12 = .
    1b68     1b68        0     1 end_block13 = .
    1b68     1b68        0     1 end_block14 = .
    1b68     1b68        0     1 end_block15 = .
    1b68     1b68        0     1 end_block16 = .
    1b68     1b68        0     1 end_block17 = .
    1b68     1b68        0     1 end_block18 = .
    1b68     1b68        0     1 end_block19 = .
    1b68     1b68        0     1 end_block20 = .
    1b68     1b68        0     1 end_block21 = .
    1b68     1b68        0     1 end_block22 = .
    1b68     1b68        0     1 end_block23 = .
       0        0      138     1 .comment
       0        0      138     1         <internal>:(.comment)
       0        0      7e0     4 .symtab
       0        0      7e0     4         <internal>:(.symtab)
       0        0       5a     1 .shstrtab
       0        0       5a     1         <internal>:(.shstrtab)
       0        0      57c     1 .strtab
       0        0      57c     1         <internal>:(.strtab)
