     VMA      LMA     Size Align Out     In      Symbol
       0        0        0     1 PROVIDE(__stack = 0xA000)
       0        0        0     1 PROVIDE(__f256_start = 0x300)
       0        0        0     1 PROVIDE(__BLOCK_SIZE = 0x2000)
       0        0        0     1 PROVIDE(__SLOT_ADDR = 0xA000)
       0        0        0     1 __rc0 = 0x10
       0        0        0     1 __rc1 = __rc0 + 1
       0        0        0     1 PROVIDE(__rc2 = __rc1 + 1)
       0        0        0     1 __rc3 = __rc2 + 1
       0        0        0     1 PROVIDE(__rc4 = __rc3 + 1)
       0        0        0     1 __rc5 = __rc4 + 1
       0        0        0     1 PROVIDE(__rc6 = __rc5 + 1)
       0        0        0     1 __rc7 = __rc6 + 1
       0        0        0     1 PROVIDE(__rc8 = __rc7 + 1)
       0        0        0     1 __rc9 = __rc8 + 1
       0        0        0     1 PROVIDE(__rc10 = __rc9 + 1)
       0        0        0     1 __rc11 = __rc10 + 1
       0        0        0     1 PROVIDE(__rc12 = __rc11 + 1)
       0        0        0     1 __rc13 = __rc12 + 1
       0        0        0     1 PROVIDE(__rc14 = __rc13 + 1)
       0        0        0     1 __rc15 = __rc14 + 1
       0        0        0     1 PROVIDE(__rc16 = __rc15 + 1)
       0        0        0     1 __rc17 = __rc16 + 1
       0        0        0     1 PROVIDE(__rc18 = __rc17 + 1)
       0        0        0     1 __rc19 = __rc18 + 1
       0        0        0     1 PROVIDE(__rc20 = __rc19 + 1)
       0        0        0     1 __rc21 = __rc20 + 1
       0        0        0     1 PROVIDE(__rc22 = __rc21 + 1)
       0        0        0     1 __rc23 = __rc22 + 1
       0        0        0     1 PROVIDE(__rc24 = __rc23 + 1)
       0        0        0     1 __rc25 = __rc24 + 1
       0        0        0     1 PROVIDE(__rc26 = __rc25 + 1)
       0        0        0     1 __rc27 = __rc26 + 1
       0        0        0     1 PROVIDE(__rc28 = __rc27 + 1)
       0        0        0     1 __rc29 = __rc28 + 1
       0        0        0     1 PROVIDE(__rc30 = __rc29 + 1)
       0        0        0     1 __rc31 = __rc30 + 1
       0        0        0     1 
       0        0        0     1 
       0        0        0     1 __block8_lma = ( 8<<24)|__SLOT_ADDR
       0        0        0     1 __block9_lma = ( 9<<24)|__SLOT_ADDR
       0        0        0     1 __block10_lma = (10<<24)|__SLOT_ADDR
       0        0        0     1 __block11_lma = (11<<24)|__SLOT_ADDR
       0        0        0     1 __block12_lma = (12<<24)|__SLOT_ADDR
       0        0        0     1 __block13_lma = (13<<24)|__SLOT_ADDR
       0        0        0     1 __block14_lma = (14<<24)|__SLOT_ADDR
       0        0        0     1 __block15_lma = (15<<24)|__SLOT_ADDR
       0        0        0     1 __block16_lma = (16<<24)|__SLOT_ADDR
       0        0        0     1 __block17_lma = (17<<24)|__SLOT_ADDR
       0        0        0     1 __block18_lma = (18<<24)|__SLOT_ADDR
       0        0        0     1 __block19_lma = (19<<24)|__SLOT_ADDR
       0        0        0     1 __block20_lma = (20<<24)|__SLOT_ADDR
       0        0        0     1 __block21_lma = (21<<24)|__SLOT_ADDR
       0        0        0     1 __block22_lma = (22<<24)|__SLOT_ADDR
       0        0        0     1 __block23_lma = (23<<24)|__SLOT_ADDR
      30       30        0     1 .zp.data
      30       30        0     1         __zp_data_start = .
      30       30        0     1 __zp_data_load_start = LOADADDR(.zp.data)
      30       30        0     1 __zp_data_size = SIZEOF(.zp.data)
      30       30        e     1 .zp.bss
      30       30        0     1         __zp_bss_start = .
      30       30        e     1         mustart.lto.o:(.zp.bss)
      30       30        1     1                 _ccolor
      31       31        1     1                 _col
      32       32        1     1                 _row
      33       33        2     1                 __putchar.s
      35       35        1     1                 selected
      36       36        7     1                 kernelEventData
      3d       3d        1     1                 kernelError
      3e       3e        0     1 __zp_bss_size = SIZEOF(.zp.bss)
      3e       3e       5c     1 .zp
      3e       3e       5c     1         mustart.lto.o:(.zp.noinit)
     300      300     1ef4     2 .text
     300      300        0     1         _init = .
     300      300        0     1         _start = .
     300      300        8     1         D:\F256\llvm-mos\f256dev\llvm-mos\bin/../mos-platform/f256/lib\libcrt0.a(init-stack.S.obj):(.init.100)
     300      300        0     1                 __do_init_stack
     308      308        3     1         D:\F256\llvm-mos\f256dev\llvm-mos\bin/../mos-platform/f256/lib\libcrt0.a(zero-bss.c.obj):(.init.200)
     308      308        0     1                 __do_zero_bss
     30b      30b        3     1         D:\F256\llvm-mos\f256dev\llvm-mos\bin/../mos-platform/f256/lib\libcrt0.a(zero-zp-bss.c.obj):(.init.200)
     30b      30b        0     1                 __do_zero_zp_bss
     30e      30e        3     1         D:\F256\llvm-mos\f256dev\llvm-mos\bin/../mos-platform/common/lib\crt0.o:(.call_main)
     311      311        3     1         D:\F256\llvm-mos\f256dev\llvm-mos\bin/../mos-platform/f256/lib\libcrt0.a(exit-custom.S.obj):(.after_main)
     311      311        0     1                 __after_main
     314      314        0     1         _fini = .
     314      314        1     1         D:\F256\llvm-mos\f256dev\llvm-mos\bin/../mos-platform/common/lib\crt0.o:(.fini_rts)
     316      316      153     2         mustart.lto.o:(.text._ZN12_GLOBAL__N_19FreeChunk6insertEPvj)
     316      316      153     1                 (anonymous namespace)::FreeChunk::insert(void*, unsigned int)
     469      469       13     1         D:\F256\llvm-mos\f256dev\llvm-mos\bin/../mos-platform/f256/lib\libcrt0.a(zero-bss.c.obj):(.text.__zero_bss)
     469      469       13     1                 __zero_bss
     47c      47c       13     1         D:\F256\llvm-mos\f256dev\llvm-mos\bin/../mos-platform/f256/lib\libcrt0.a(zero-zp-bss.c.obj):(.text.__zero_zp_bss)
     47c      47c       13     1                 __zero_zp_bss
     48f      48f      947     1         mustart.lto.o:(.text.main)
     48f      48f      947     1                 main
     dd6      dd6        5     1         mustart.lto.o:(.text.exit)
     dd6      dd6        5     1                 exit
     ddb      ddb       d7     1         mustart.lto.o:(.text._ZN12_GLOBAL__N_13putEcP6Status)
     ddb      ddb       d7     1                 (anonymous namespace)::put(char, Status*)
     eb2      eb2      10f     1         mustart.lto.o:(.text._ZN12_GLOBAL__N_112print_stringEPKcP6Status)
     eb2      eb2      10f     1                 (anonymous namespace)::print_string(char const*, Status*)
     fc1      fc1      d31     1         mustart.lto.o:(.text.printf)
     fc1      fc1      d31     1                 printf
    1cf2     1cf2      1e0     1         mustart.lto.o:(.text.putchar)
    1cf2     1cf2      1e0     1                 putchar
    1ed2     1ed2      2d6     1         mustart.lto.o:(.text.malloc)
    1ed2     1ed2      2d6     1                 malloc
    21a8     21a8       2c     1         mustart.lto.o:(.text.memcpy)
    21a8     21a8       2c     1                 memcpy
    21d4     21d4       20     1         mustart.lto.o:(.text.__memset)
    21d4     21d4       20     1                 __memset
    21f4     21f4        0     1         __init_array_start = .
    21f4     21f4        0     1         __init_array_end = .
    21f4     21f4        0     1         __fini_array_start = .
    21f4     21f4        0     1         __fini_array_end = .
    21f4     21f4       7b     1 .rodata
    21f4     21f4       3a     1         mustart.lto.o:(.rodata.printf)
    222e     222e       11     1         <internal>:(.rodata.str1.1)
    223f     223f       30     1         mustart.lto.o:(.rodata.textColors)
    223f     223f       30     1                 textColors
    226f     226f        0     1 .data
    226f     226f        0     1         __data_start = .
    226f     226f        0     1         __data_end = .
    226f     226f        0     1 __data_load_start = LOADADDR(.data)
    226f     226f        0     1 __data_size = SIZEOF(.data)
    226f     226f      4b5     1 .bss
    226f     226f        0     1         __bss_start = .
    226f     226f      4b0     1         mustart.lto.o:(.bss.menuItems)
    226f     226f      4b0     1                 menuItems
    271f     271f        1     1         mustart.lto.o:(.bss._ZN12_GLOBAL__N_111initializedE)
    271f     271f        1     1                 (anonymous namespace)::initialized
    2720     2720        2     1         mustart.lto.o:(.bss._ZN12_GLOBAL__N_19free_sizeE)
    2720     2720        2     1                 (anonymous namespace)::free_size
    2722     2722        2     1         mustart.lto.o:(.bss._ZN12_GLOBAL__N_19free_listE)
    2722     2722        2     1                 (anonymous namespace)::free_list
    2724     2724        0     1         __bss_end = .
    2724     2724        0     1 __bss_size = SIZEOF(.bss)
    2724     2724        0     1 .noinit
    2724     2724        0     1         __heap_start = ALIGN(., 2)
    2724     2724        0     1 end_block8 = .
    2724     2724        0     1 end_block9 = .
    2724     2724        0     1 end_block10 = .
    2724     2724        0     1 end_block11 = .
    2724     2724        0     1 end_block12 = .
    2724     2724        0     1 end_block13 = .
    2724     2724        0     1 end_block14 = .
    2724     2724        0     1 end_block15 = .
    2724     2724        0     1 end_block16 = .
    2724     2724        0     1 end_block17 = .
    2724     2724        0     1 end_block18 = .
    2724     2724        0     1 end_block19 = .
    2724     2724        0     1 end_block20 = .
    2724     2724        0     1 end_block21 = .
    2724     2724        0     1 end_block22 = .
    2724     2724        0     1 end_block23 = .
       0        0      138     1 .comment
       0        0      138     1         <internal>:(.comment)
       0        0      790     4 .symtab
       0        0      790     4         <internal>:(.symtab)
       0        0       5a     1 .shstrtab
       0        0       5a     1         <internal>:(.shstrtab)
       0        0      593     1 .strtab
       0        0      593     1         <internal>:(.strtab)
