     VMA      LMA     Size Align Out     In      Symbol
       0        0        0     1 PROVIDE(__stack = 0xA000)
       0        0        0     1 PROVIDE(__f256_start = 0x300)
       0        0        0     1 PROVIDE(__BLOCK_SIZE = 0x2000)
       0        0        0     1 PROVIDE(__SLOT_ADDR = 0xA000)
       0        0        0     1 __rc0 = 0x10
       0        0        0     1 __rc1 = __rc0 + 1
       0        0        0     1 PROVIDE(__rc2 = __rc1 + 1)
       0        0        0     1 __rc3 = __rc2 + 1
       0        0        0     1 PROVIDE(__rc4 = __rc3 + 1)
       0        0        0     1 __rc5 = __rc4 + 1
       0        0        0     1 PROVIDE(__rc6 = __rc5 + 1)
       0        0        0     1 __rc7 = __rc6 + 1
       0        0        0     1 PROVIDE(__rc8 = __rc7 + 1)
       0        0        0     1 __rc9 = __rc8 + 1
       0        0        0     1 PROVIDE(__rc10 = __rc9 + 1)
       0        0        0     1 __rc11 = __rc10 + 1
       0        0        0     1 PROVIDE(__rc12 = __rc11 + 1)
       0        0        0     1 __rc13 = __rc12 + 1
       0        0        0     1 PROVIDE(__rc14 = __rc13 + 1)
       0        0        0     1 __rc15 = __rc14 + 1
       0        0        0     1 PROVIDE(__rc16 = __rc15 + 1)
       0        0        0     1 __rc17 = __rc16 + 1
       0        0        0     1 PROVIDE(__rc18 = __rc17 + 1)
       0        0        0     1 __rc19 = __rc18 + 1
       0        0        0     1 PROVIDE(__rc20 = __rc19 + 1)
       0        0        0     1 __rc21 = __rc20 + 1
       0        0        0     1 PROVIDE(__rc22 = __rc21 + 1)
       0        0        0     1 __rc23 = __rc22 + 1
       0        0        0     1 PROVIDE(__rc24 = __rc23 + 1)
       0        0        0     1 __rc25 = __rc24 + 1
       0        0        0     1 PROVIDE(__rc26 = __rc25 + 1)
       0        0        0     1 __rc27 = __rc26 + 1
       0        0        0     1 PROVIDE(__rc28 = __rc27 + 1)
       0        0        0     1 __rc29 = __rc28 + 1
       0        0        0     1 PROVIDE(__rc30 = __rc29 + 1)
       0        0        0     1 __rc31 = __rc30 + 1
       0        0        0     1 
       0        0        0     1 
       0        0        0     1 __block8_lma = ( 8<<24)|__SLOT_ADDR
       0        0        0     1 __block9_lma = ( 9<<24)|__SLOT_ADDR
       0        0        0     1 __block10_lma = (10<<24)|__SLOT_ADDR
       0        0        0     1 __block11_lma = (11<<24)|__SLOT_ADDR
       0        0        0     1 __block12_lma = (12<<24)|__SLOT_ADDR
       0        0        0     1 __block13_lma = (13<<24)|__SLOT_ADDR
       0        0        0     1 __block14_lma = (14<<24)|__SLOT_ADDR
       0        0        0     1 __block15_lma = (15<<24)|__SLOT_ADDR
       0        0        0     1 __block16_lma = (16<<24)|__SLOT_ADDR
       0        0        0     1 __block17_lma = (17<<24)|__SLOT_ADDR
       0        0        0     1 __block18_lma = (18<<24)|__SLOT_ADDR
       0        0        0     1 __block19_lma = (19<<24)|__SLOT_ADDR
       0        0        0     1 __block20_lma = (20<<24)|__SLOT_ADDR
       0        0        0     1 __block21_lma = (21<<24)|__SLOT_ADDR
       0        0        0     1 __block22_lma = (22<<24)|__SLOT_ADDR
       0        0        0     1 __block23_lma = (23<<24)|__SLOT_ADDR
       0        0        0     1 __pal_lma = 0x10000
       0        0        0     1 __pal_size = 0x400
       0        0        0     1 __bmmenu_lma = 0x10400
       0        0        0     1 __bmmenu_size = 0x12c00
      30      300        1     1 .zp.data
      30      300        0     1         __zp_data_start = .
      30      300        1     1         mustart.lto.o:(.zp.data)
      30      300        1     1                 _ccolor
      31      301        0     1 __zp_data_load_start = LOADADDR(.zp.data)
      31      301        0     1 __zp_data_size = SIZEOF(.zp.data)
      31       31       10     1 .zp.bss
      31       31        0     1         __zp_bss_start = .
      31       31       10     1         mustart.lto.o:(.zp.bss)
      31       31        1     1                 menuSoundTimer.1
      32       32        1     1                 menuSoundTimer.2
      33       33        1     1                 _col
      34       34        1     1                 _row
      35       35        2     1                 __putchar.s
      37       37        1     1                 selected
      38       38        1     1                 catSelected
      39       39        7     1                 kernelEventData
      40       40        1     1                 kernelError
      41       41        0     1 __zp_bss_size = SIZEOF(.zp.bss)
      41       41       6c     1 .zp
      41       41       6c     1         mustart.lto.o:(.zp.noinit)
     302      302     3eb5     2 .text
     302      302        0     1         _init = .
     302      302        0     1         _start = .
     302      302        8     1         D:\F256\llvm-mos\f256dev\llvm-mos\bin/../mos-platform/f256/lib\libcrt0.a(init-stack.S.obj):(.init.100)
     302      302        0     1                 __do_init_stack
     30a      30a        3     1         D:\F256\llvm-mos\f256dev\llvm-mos\bin/../mos-platform/f256/lib\libcrt0.a(zero-bss.c.obj):(.init.200)
     30a      30a        0     1                 __do_zero_bss
     30d      30d        3     1         D:\F256\llvm-mos\f256dev\llvm-mos\bin/../mos-platform/f256/lib\libcrt0.a(zero-zp-bss.c.obj):(.init.200)
     30d      30d        0     1                 __do_zero_zp_bss
     310      310        3     1         D:\F256\llvm-mos\f256dev\llvm-mos\bin/../mos-platform/f256/lib\libcrt0.a(copy-zp-data.c.obj):(.init.200)
     310      310        0     1                 __do_copy_zp_data
     313      313        3     1         D:\F256\llvm-mos\f256dev\llvm-mos\bin/../mos-platform/common/lib\crt0.o:(.call_main)
     316      316        3     1         D:\F256\llvm-mos\f256dev\llvm-mos\bin/../mos-platform/f256/lib\libcrt0.a(exit-custom.S.obj):(.after_main)
     316      316        0     1                 __after_main
     319      319        0     1         _fini = .
     319      319        1     1         D:\F256\llvm-mos\f256dev\llvm-mos\bin/../mos-platform/common/lib\crt0.o:(.fini_rts)
     31a      31a      153     2         mustart.lto.o:(.text._ZN12_GLOBAL__N_19FreeChunk6insertEPvj)
     31a      31a      153     1                 (anonymous namespace)::FreeChunk::insert(void*, unsigned int)
     46e      46e       f0     2         mustart.lto.o:(.text._ZN12_GLOBAL__N_19FreeChunk6removeEv)
     46e      46e       f0     1                 (anonymous namespace)::FreeChunk::remove()
     55e      55e       13     1         D:\F256\llvm-mos\f256dev\llvm-mos\bin/../mos-platform/f256/lib\libcrt0.a(zero-bss.c.obj):(.text.__zero_bss)
     55e      55e       13     1                 __zero_bss
     571      571       13     1         D:\F256\llvm-mos\f256dev\llvm-mos\bin/../mos-platform/f256/lib\libcrt0.a(zero-zp-bss.c.obj):(.text.__zero_zp_bss)
     571      571       13     1                 __zero_zp_bss
     584      584       17     1         D:\F256\llvm-mos\f256dev\llvm-mos\bin/../mos-platform/f256/lib\libcrt0.a(copy-zp-data.c.obj):(.text.__copy_zp_data)
     584      584       17     1                 __copy_zp_data
     59b      59b      8b3     1         mustart.lto.o:(.text.goLeftOrRight)
     59b      59b      8b3     1                 goLeftOrRight
     e4e      e4e       d7     1         mustart.lto.o:(.text.displayCats)
     e4e      e4e       d7     1                 displayCats
     f25      f25      1e8     1         mustart.lto.o:(.text.goUpOrDown)
     f25      f25      1e8     1                 goUpOrDown
    110d     110d      780     1         mustart.lto.o:(.text.readLine)
    110d     110d      780     1                 readLine
    188d     188d     13f0     1         mustart.lto.o:(.text.main)
    188d     188d     13f0     1                 main
    2c7d     2c7d       da     1         mustart.lto.o:(.text.fileRead)
    2c7d     2c7d       da     1                 fileRead
    2d57     2d57        5     1         mustart.lto.o:(.text.exit)
    2d57     2d57        5     1                 exit
    2d5c     2d5c       d7     1         mustart.lto.o:(.text._ZN12_GLOBAL__N_13putEcP6Status)
    2d5c     2d5c       d7     1                 (anonymous namespace)::put(char, Status*)
    2e33     2e33      10f     1         mustart.lto.o:(.text._ZN12_GLOBAL__N_112print_stringEPKcP6Status)
    2e33     2e33      10f     1                 (anonymous namespace)::print_string(char const*, Status*)
    2f42     2f42      d31     1         mustart.lto.o:(.text.printf)
    2f42     2f42      d31     1                 printf
    3c73     3c73      1f7     1         mustart.lto.o:(.text.putchar)
    3c73     3c73      1f7     1                 putchar
    3e6a     3e6a       e7     1         mustart.lto.o:(.text.atoi)
    3e6a     3e6a       e7     1                 atoi
    3f51     3f51      1e8     1         mustart.lto.o:(.text.malloc)
    3f51     3f51      1e8     1                 malloc
    4139     4139       2c     1         mustart.lto.o:(.text.memcpy)
    4139     4139       2c     1                 memcpy
    4165     4165       20     1         mustart.lto.o:(.text.__memset)
    4165     4165       20     1                 __memset
    4185     4185       32     1         mustart.lto.o:(.text.__mulhi3)
    4185     4185       32     1                 __mulhi3
    41b7     41b7        0     1         __init_array_start = .
    41b7     41b7        0     1         __init_array_end = .
    41b7     41b7        0     1         __fini_array_start = .
    41b7     41b7        0     1         __fini_array_end = .
    41b7     41b7       a4     1 .rodata
    41b7     41b7        8     1         mustart.lto.o:(.rodata.readLine)
    41bf     41bf       3a     1         mustart.lto.o:(.rodata.printf)
    41f9     41f9       18     1         mustart.lto.o:(.rodata.catNames)
    41f9     41f9       18     1                 catNames
    4211     4211       1a     1         <internal>:(.rodata.str1.1)
    422b     422b       30     1         mustart.lto.o:(.rodata.textColors)
    422b     422b       30     1                 textColors
    425b     425b        0     1 .data
    425b     425b        0     1         __data_start = .
    425b     425b        0     1         __data_end = .
    425b     425b        0     1 __data_load_start = LOADADDR(.data)
    425b     425b        0     1 __data_size = SIZEOF(.data)
    425b     425b     11de     1 .bss
    425b     425b        0     1         __bss_start = .
    425b     425b        4     1         mustart.lto.o:(.bss._BITMAP_BASE.0)
    425b     425b        4     1                 _BITMAP_BASE.0
    425f     425f     11d4     1         mustart.lto.o:(.bss.cats)
    425f     425f     11d4     1                 cats
    5433     5433        1     1         mustart.lto.o:(.bss._ZN12_GLOBAL__N_111initializedE)
    5433     5433        1     1                 (anonymous namespace)::initialized
    5434     5434        1     1         mustart.lto.o:(.bss._ZN12_GLOBAL__N_19last_freeE)
    5434     5434        1     1                 (anonymous namespace)::last_free
    5435     5435        2     1         mustart.lto.o:(.bss._ZN12_GLOBAL__N_19free_sizeE)
    5435     5435        2     1                 (anonymous namespace)::free_size
    5437     5437        2     1         mustart.lto.o:(.bss._ZN12_GLOBAL__N_19free_listE)
    5437     5437        2     1                 (anonymous namespace)::free_list
    5439     5439        0     1         __bss_end = .
    5439     5439        0     1 __bss_size = SIZEOF(.bss)
    5439     5439        0     1 .noinit
    5439     5439        0     1         __heap_start = ALIGN(., 2)
    5439     5439        0     1 end_block8 = .
    5439     5439        0     1 end_block9 = .
    5439     5439        0     1 end_block10 = .
    5439     5439        0     1 end_block11 = .
    5439     5439        0     1 end_block12 = .
    5439     5439        0     1 end_block13 = .
    5439     5439        0     1 end_block14 = .
    5439     5439        0     1 end_block15 = .
    5439     5439        0     1 end_block16 = .
    5439     5439        0     1 end_block17 = .
    5439     5439        0     1 end_block18 = .
    5439     5439        0     1 end_block19 = .
    5439     5439        0     1 end_block20 = .
    5439     5439        0     1 end_block21 = .
    5439     5439        0     1 end_block22 = .
    5439     5439        0     1 end_block23 = .
   10000    10000      400    16 .pal
   10000    10000      400    16         mustart.lto.o:(.pal)
   10000    10000        0     1                 pal_start
   10400    10400        0     1                 pal_end
   10400    10400        0     1 end_pal = .
   10400    10400    12c00    16 .bmmenu
   10400    10400    12c00    16         mustart.lto.o:(.bmmenu)
   10400    10400        0     1                 bmmenu_start
   23000    23000        0     1                 bmmenu_end
   23000    23000        0     1 end_bmmenu = .
       0        0      138     1 .comment
       0        0      138     1         <internal>:(.comment)
       0        0      940     4 .symtab
       0        0      940     4         <internal>:(.symtab)
       0        0       67     1 .shstrtab
       0        0       67     1         <internal>:(.shstrtab)
       0        0      6f8     1 .strtab
       0        0      6f8     1         <internal>:(.strtab)
