     VMA      LMA     Size Align Out     In      Symbol
       0        0        0     1 PROVIDE(__stack = 0xA000)
       0        0        0     1 PROVIDE(__f256_start = 0x300)
       0        0        0     1 PROVIDE(__BLOCK_SIZE = 0x2000)
       0        0        0     1 PROVIDE(__SLOT_ADDR = 0xA000)
       0        0        0     1 __rc0 = 0x10
       0        0        0     1 __rc1 = __rc0 + 1
       0        0        0     1 PROVIDE(__rc2 = __rc1 + 1)
       0        0        0     1 __rc3 = __rc2 + 1
       0        0        0     1 PROVIDE(__rc4 = __rc3 + 1)
       0        0        0     1 __rc5 = __rc4 + 1
       0        0        0     1 PROVIDE(__rc6 = __rc5 + 1)
       0        0        0     1 __rc7 = __rc6 + 1
       0        0        0     1 PROVIDE(__rc8 = __rc7 + 1)
       0        0        0     1 __rc9 = __rc8 + 1
       0        0        0     1 PROVIDE(__rc10 = __rc9 + 1)
       0        0        0     1 __rc11 = __rc10 + 1
       0        0        0     1 PROVIDE(__rc12 = __rc11 + 1)
       0        0        0     1 __rc13 = __rc12 + 1
       0        0        0     1 PROVIDE(__rc14 = __rc13 + 1)
       0        0        0     1 __rc15 = __rc14 + 1
       0        0        0     1 PROVIDE(__rc16 = __rc15 + 1)
       0        0        0     1 __rc17 = __rc16 + 1
       0        0        0     1 PROVIDE(__rc18 = __rc17 + 1)
       0        0        0     1 __rc19 = __rc18 + 1
       0        0        0     1 PROVIDE(__rc20 = __rc19 + 1)
       0        0        0     1 __rc21 = __rc20 + 1
       0        0        0     1 PROVIDE(__rc22 = __rc21 + 1)
       0        0        0     1 __rc23 = __rc22 + 1
       0        0        0     1 PROVIDE(__rc24 = __rc23 + 1)
       0        0        0     1 __rc25 = __rc24 + 1
       0        0        0     1 PROVIDE(__rc26 = __rc25 + 1)
       0        0        0     1 __rc27 = __rc26 + 1
       0        0        0     1 PROVIDE(__rc28 = __rc27 + 1)
       0        0        0     1 __rc29 = __rc28 + 1
       0        0        0     1 PROVIDE(__rc30 = __rc29 + 1)
       0        0        0     1 __rc31 = __rc30 + 1
       0        0        0     1 
       0        0        0     1 
       0        0        0     1 __block8_lma = ( 8<<24)|__SLOT_ADDR
       0        0        0     1 __block9_lma = ( 9<<24)|__SLOT_ADDR
       0        0        0     1 __block10_lma = (10<<24)|__SLOT_ADDR
       0        0        0     1 __block11_lma = (11<<24)|__SLOT_ADDR
       0        0        0     1 __block12_lma = (12<<24)|__SLOT_ADDR
       0        0        0     1 __block13_lma = (13<<24)|__SLOT_ADDR
       0        0        0     1 __block14_lma = (14<<24)|__SLOT_ADDR
       0        0        0     1 __block15_lma = (15<<24)|__SLOT_ADDR
       0        0        0     1 __block16_lma = (16<<24)|__SLOT_ADDR
       0        0        0     1 __block17_lma = (17<<24)|__SLOT_ADDR
       0        0        0     1 __block18_lma = (18<<24)|__SLOT_ADDR
       0        0        0     1 __block19_lma = (19<<24)|__SLOT_ADDR
       0        0        0     1 __block20_lma = (20<<24)|__SLOT_ADDR
       0        0        0     1 __block21_lma = (21<<24)|__SLOT_ADDR
       0        0        0     1 __block22_lma = (22<<24)|__SLOT_ADDR
       0        0        0     1 __block23_lma = (23<<24)|__SLOT_ADDR
       0        0        0     1 __pal_lma = 0x10000
       0        0        0     1 __pal_size = 0x400
       0        0        0     1 __bmmenu_lma = 0x10400
       0        0        0     1 __bmmenu_size = 0x12c00
       0        0        0     1 __canyon_lma = 0x30000
       0        0        0     1 __canyon_size = 0x14b4
      30      300        1     1 .zp.data
      30      300        0     1         __zp_data_start = .
      30      300        1     1         mustart.lto.o:(.zp.data)
      30      300        1     1                 _ccolor
      31      301        0     1 __zp_data_load_start = LOADADDR(.zp.data)
      31      301        0     1 __zp_data_size = SIZEOF(.zp.data)
      31       31       4c     1 .zp.bss
      31       31        0     1         __zp_bss_start = .
      31       31       4c     1         mustart.lto.o:(.zp.bss)
      31       31        1     1                 menuSoundTimer.1
      32       32        1     1                 menuSoundTimer.2
      33       33        1     1                 doneWithFudge
      34       34        1     1                 _col
      35       35        1     1                 _row
      36       36        4     1                 _BITMAP_BASE.0
      3a       3a        4     1                 _BITMAP_BASE.1
      3e       3e        4     1                 _BITMAP_BASE.2
      42       42        2     1                 __putchar.s
      44       44        1     1                 selected
      45       45        1     1                 catSelected
      46       46        1     1                 readyForPads
      47       47        1     1                 isJingleActive
      48       48        1     1                 padDelayTimer.1
      49       49        1     1                 padDelayTimer.2
      4a       4a        1     1                 chipActive
      4b       4b       10     1                 chipXChannel
      5b       5b        1     1                 fudge
      5c       5c        2     1                 theOne.0
      5e       5e        2     1                 theOne.1
      60       60        4     1                 theOne.2
      64       64        1     1                 theOne.4
      65       65        4     1                 theOne.5
      69       69        2     1                 theOne.6
      6b       6b        2     1                 theOne.7
      6d       6d        2     1                 theOne.8
      6f       6f        7     1                 kernelEventData
      76       76        1     1                 kernelError
      77       77        1     1                 (anonymous namespace)::initialized
      78       78        1     1                 (anonymous namespace)::last_free
      79       79        2     1                 (anonymous namespace)::free_size
      7b       7b        2     1                 (anonymous namespace)::free_list
      7d       7d        0     1 __zp_bss_size = SIZEOF(.zp.bss)
      7d       7d       6e     1 .zp
      7d       7d       6e     1         mustart.lto.o:(.zp.noinit)
     302      302     76b2     2 .text
     302      302        0     1         _init = .
     302      302        0     1         _start = .
     302      302        8     1         D:\F256\llvm-mos\f256dev\llvm-mos\bin/../mos-platform/f256/lib\libcrt0.a(init-stack.S.obj):(.init.100)
     302      302        0     1                 __do_init_stack
     30a      30a        3     1         D:\F256\llvm-mos\f256dev\llvm-mos\bin/../mos-platform/f256/lib\libcrt0.a(zero-bss.c.obj):(.init.200)
     30a      30a        0     1                 __do_zero_bss
     30d      30d        3     1         D:\F256\llvm-mos\f256dev\llvm-mos\bin/../mos-platform/f256/lib\libcrt0.a(zero-zp-bss.c.obj):(.init.200)
     30d      30d        0     1                 __do_zero_zp_bss
     310      310        3     1         D:\F256\llvm-mos\f256dev\llvm-mos\bin/../mos-platform/f256/lib\libcrt0.a(copy-zp-data.c.obj):(.init.200)
     310      310        0     1                 __do_copy_zp_data
     313      313        3     1         D:\F256\llvm-mos\f256dev\llvm-mos\bin/../mos-platform/common/lib\crt0.o:(.call_main)
     316      316        3     1         D:\F256\llvm-mos\f256dev\llvm-mos\bin/../mos-platform/f256/lib\libcrt0.a(exit-custom.S.obj):(.after_main)
     316      316        0     1                 __after_main
     319      319        0     1         _fini = .
     319      319        1     1         D:\F256\llvm-mos\f256dev\llvm-mos\bin/../mos-platform/common/lib\crt0.o:(.fini_rts)
     31a      31a      14b     2         mustart.lto.o:(.text._ZN12_GLOBAL__N_19FreeChunk6insertEPvj)
     31a      31a      14b     1                 (anonymous namespace)::FreeChunk::insert(void*, unsigned int)
     466      466       e8     2         mustart.lto.o:(.text._ZN12_GLOBAL__N_19FreeChunk6removeEv)
     466      466       e8     1                 (anonymous namespace)::FreeChunk::remove()
     54e      54e       13     1         D:\F256\llvm-mos\f256dev\llvm-mos\bin/../mos-platform/f256/lib\libcrt0.a(zero-bss.c.obj):(.text.__zero_bss)
     54e      54e       13     1                 __zero_bss
     561      561       13     1         D:\F256\llvm-mos\f256dev\llvm-mos\bin/../mos-platform/f256/lib\libcrt0.a(zero-zp-bss.c.obj):(.text.__zero_zp_bss)
     561      561       13     1                 __zero_zp_bss
     574      574       17     1         D:\F256\llvm-mos\f256dev\llvm-mos\bin/../mos-platform/f256/lib\libcrt0.a(copy-zp-data.c.obj):(.text.__copy_zp_data)
     574      574       17     1                 __copy_zp_data
     58b      58b      191     1         mustart.lto.o:(.text.killSound)
     58b      58b      191     1                 killSound
     71c      71c       ef     1         mustart.lto.o:(.text.updateSoundStatus)
     71c      71c       ef     1                 updateSoundStatus
     80b      80b      907     1         mustart.lto.o:(.text.goLeftOrRight)
     80b      80b      907     1                 goLeftOrRight
    1112     1112       f7     1         mustart.lto.o:(.text.displayCats)
    1112     1112       f7     1                 displayCats
    1209     1209      227     1         mustart.lto.o:(.text.goUpOrDown)
    1209     1209      227     1                 goUpOrDown
    1430     1430      780     1         mustart.lto.o:(.text.readLine)
    1430     1430      780     1                 readLine
    1bb0     1bb0      4c1     1         mustart.lto.o:(.text.readDelta)
    1bb0     1bb0      4c1     1                 readDelta
    2071     2071      5c5     1         mustart.lto.o:(.text.readMIDICmd)
    2071     2071      5c5     1                 readMIDICmd
    2636     2636      216     1         mustart.lto.o:(.text.skipWhenFFCmd)
    2636     2636      216     1                 skipWhenFFCmd
    284c     284c      3a4     1         mustart.lto.o:(.text.performMIDICmd)
    284c     284c      3a4     1                 performMIDICmd
    2bf0     2bf0      536     1         mustart.lto.o:(.text.initTrack)
    2bf0     2bf0      536     1                 initTrack
    3126     3126      487     1         mustart.lto.o:(.text.destroyTrack)
    3126     3126      487     1                 destroyTrack
    35ad     35ad     2bd7     1         mustart.lto.o:(.text.main)
    35ad     35ad     2bd7     1                 main
    6184     6184       4d     1         mustart.lto.o:(.text.resetPadReadiness)
    6184     6184       4d     1                 resetPadReadiness
    61d1     61d1       da     1         mustart.lto.o:(.text.fileRead)
    61d1     61d1       da     1                 fileRead
    62ab     62ab        5     1         mustart.lto.o:(.text.exit)
    62ab     62ab        5     1                 exit
    62b0     62b0       d7     1         mustart.lto.o:(.text._ZN12_GLOBAL__N_13putEcP6Status)
    62b0     62b0       d7     1                 (anonymous namespace)::put(char, Status*)
    6387     6387      10f     1         mustart.lto.o:(.text._ZN12_GLOBAL__N_112print_stringEPKcP6Status)
    6387     6387      10f     1                 (anonymous namespace)::print_string(char const*, Status*)
    6496     6496      d3a     1         mustart.lto.o:(.text.printf)
    6496     6496      d3a     1                 printf
    71d0     71d0      1f7     1         mustart.lto.o:(.text.putchar)
    71d0     71d0      1f7     1                 putchar
    73c7     73c7       e7     1         mustart.lto.o:(.text.atoi)
    73c7     73c7       e7     1                 atoi
    74ae     74ae      1e2     1         mustart.lto.o:(.text.malloc)
    74ae     74ae      1e2     1                 malloc
    7690     7690       2c     1         mustart.lto.o:(.text.memcpy)
    7690     7690       2c     1                 memcpy
    76bc     76bc       20     1         mustart.lto.o:(.text.__memset)
    76bc     76bc       20     1                 __memset
    76dc     76dc      15f     1         mustart.lto.o:(.text.__udivsi3)
    76dc     76dc      15f     1                 __udivsi3
    783b     783b       d7     1         mustart.lto.o:(.text.__udivmodhi4)
    783b     783b       d7     1                 __udivmodhi4
    7912     7912       32     1         mustart.lto.o:(.text.__mulhi3)
    7912     7912       32     1                 __mulhi3
    7944     7944       70     1         mustart.lto.o:(.text.__mulsi3)
    7944     7944       70     1                 __mulsi3
    79b4     79b4        0     1         __init_array_start = .
    79b4     79b4        0     1         __init_array_end = .
    79b4     79b4        0     1         __fini_array_start = .
    79b4     79b4        0     1         __fini_array_end = .
    79b4     79b4      2d8     1 .rodata
    79b4     79b4        1     1         D:\F256\llvm-mos\f256dev\llvm-mos\bin/../mos-platform/common/lib\libcrt.a(const.S.obj):(.rodata)
    79b4     79b4        0     1                 __set_v
    79b5     79b5        8     1         mustart.lto.o:(.rodata.readLine)
    79bd     79bd       b4     1         mustart.lto.o:(.rodata.skipWhenFFCmd)
    7a71     7a71        a     1         mustart.lto.o:(.rodata.performMIDICmd)
    7a7b     7a7b       3a     1         mustart.lto.o:(.rodata.printf)
    7ab5     7ab5        6     1         mustart.lto.o:(.rodata.sidChoiceToVoice)
    7ab5     7ab5        6     1                 sidChoiceToVoice
    7abb     7abb        c     1         mustart.lto.o:(.rodata.psgChoiceToVoice)
    7abb     7abb        c     1                 psgChoiceToVoice
    7ac7     7ac7        6     1         mustart.lto.o:(.rodata.polyPSGChanBits)
    7ac7     7ac7        6     1                 polyPSGChanBits
    7acd     7acd       18     1         mustart.lto.o:(.rodata.catNames)
    7acd     7acd       18     1                 catNames
    7ae5     7ae5       7f     1         <internal>:(.rodata.str1.1)
    7b64     7b64       18     1         mustart.lto.o:(.rodata.opl3_fnums)
    7b64     7b64       18     1                 opl3_fnums
    7b7c     7b7c       40     1         mustart.lto.o:(.rodata.psgLow)
    7b7c     7b7c       40     1                 psgLow
    7bbc     7bbc       40     1         mustart.lto.o:(.rodata.psgHigh)
    7bbc     7bbc       40     1                 psgHigh
    7bfc     7bfc       60     1         mustart.lto.o:(.rodata.sidLow)
    7bfc     7bfc       60     1                 sidLow
    7c5c     7c5c       30     1         mustart.lto.o:(.rodata.textColors)
    7c5c     7c5c       30     1                 textColors
    7c8c     7c8c        0     1 .data
    7c8c     7c8c        0     1         __data_start = .
    7c8c     7c8c        0     1         __data_end = .
    7c8c     7c8c        0     1 __data_load_start = LOADADDR(.data)
    7c8c     7c8c        0     1 __data_size = SIZEOF(.data)
    7c8c     7c8c      d95     1 .bss
    7c8c     7c8c        0     1         __bss_start = .
    7c8c     7c8c       36     1         mustart.lto.o:(.bss.sidInstruments)
    7c8c     7c8c       36     1                 sidInstruments
    7cc2     7cc2      d5f     1         mustart.lto.o:(.bss.cats)
    7cc2     7cc2      d5f     1                 cats
    8a21     8a21        0     1         __bss_end = .
    8a21     8a21        0     1 __bss_size = SIZEOF(.bss)
    8a21     8a21        0     1 .noinit
    8a21     8a21        0     1         __heap_start = ALIGN(., 2)
    8a21     8a21        0     1 end_block8 = .
    8a21     8a21        0     1 end_block9 = .
    8a21     8a21        0     1 end_block10 = .
    8a21     8a21        0     1 end_block11 = .
    8a21     8a21        0     1 end_block12 = .
    8a21     8a21        0     1 end_block13 = .
    8a21     8a21        0     1 end_block14 = .
    8a21     8a21        0     1 end_block15 = .
    8a21     8a21        0     1 end_block16 = .
    8a21     8a21        0     1 end_block17 = .
    8a21     8a21        0     1 end_block18 = .
    8a21     8a21        0     1 end_block19 = .
    8a21     8a21        0     1 end_block20 = .
    8a21     8a21        0     1 end_block21 = .
    8a21     8a21        0     1 end_block22 = .
    8a21     8a21        0     1 end_block23 = .
   10000    10000      400    16 .pal
   10000    10000      400    16         mustart.lto.o:(.pal)
   10000    10000        0     1                 pal_start
   10400    10400        0     1                 pal_end
   10400    10400        0     1 end_pal = .
   10400    10400    12c00    16 .bmmenu
   10400    10400    12c00    16         mustart.lto.o:(.bmmenu)
   10400    10400        0     1                 bmmenu_start
   23000    23000        0     1                 bmmenu_end
   23000    23000        0     1 end_bmmenu = .
   30000    30000     14b4    16 .canyon
   30000    30000     14b4    16         mustart.lto.o:(.canyon)
   30000    30000        0     1                 canyon_start
   314b4    314b4        0     1                 canyon_end
   314b4    314b4        0     1 end_canyon = .
       0        0      138     1 .comment
       0        0      138     1         <internal>:(.comment)
       0        0      c10     4 .symtab
       0        0      c10     4         <internal>:(.symtab)
       0        0       6f     1 .shstrtab
       0        0       6f     1         <internal>:(.shstrtab)
       0        0      90e     1 .strtab
       0        0      90e     1         <internal>:(.strtab)
