     VMA      LMA     Size Align Out     In      Symbol
       0        0        0     1 PROVIDE(__stack = 0xA000)
       0        0        0     1 PROVIDE(__f256_start = 0x300)
       0        0        0     1 PROVIDE(__BLOCK_SIZE = 0x2000)
       0        0        0     1 PROVIDE(__SLOT_ADDR = 0xA000)
       0        0        0     1 __rc0 = 0x10
       0        0        0     1 __rc1 = __rc0 + 1
       0        0        0     1 PROVIDE(__rc2 = __rc1 + 1)
       0        0        0     1 __rc3 = __rc2 + 1
       0        0        0     1 PROVIDE(__rc4 = __rc3 + 1)
       0        0        0     1 __rc5 = __rc4 + 1
       0        0        0     1 PROVIDE(__rc6 = __rc5 + 1)
       0        0        0     1 __rc7 = __rc6 + 1
       0        0        0     1 PROVIDE(__rc8 = __rc7 + 1)
       0        0        0     1 __rc9 = __rc8 + 1
       0        0        0     1 PROVIDE(__rc10 = __rc9 + 1)
       0        0        0     1 __rc11 = __rc10 + 1
       0        0        0     1 PROVIDE(__rc12 = __rc11 + 1)
       0        0        0     1 __rc13 = __rc12 + 1
       0        0        0     1 PROVIDE(__rc14 = __rc13 + 1)
       0        0        0     1 __rc15 = __rc14 + 1
       0        0        0     1 PROVIDE(__rc16 = __rc15 + 1)
       0        0        0     1 __rc17 = __rc16 + 1
       0        0        0     1 PROVIDE(__rc18 = __rc17 + 1)
       0        0        0     1 __rc19 = __rc18 + 1
       0        0        0     1 PROVIDE(__rc20 = __rc19 + 1)
       0        0        0     1 __rc21 = __rc20 + 1
       0        0        0     1 PROVIDE(__rc22 = __rc21 + 1)
       0        0        0     1 __rc23 = __rc22 + 1
       0        0        0     1 PROVIDE(__rc24 = __rc23 + 1)
       0        0        0     1 __rc25 = __rc24 + 1
       0        0        0     1 PROVIDE(__rc26 = __rc25 + 1)
       0        0        0     1 __rc27 = __rc26 + 1
       0        0        0     1 PROVIDE(__rc28 = __rc27 + 1)
       0        0        0     1 __rc29 = __rc28 + 1
       0        0        0     1 PROVIDE(__rc30 = __rc29 + 1)
       0        0        0     1 __rc31 = __rc30 + 1
       0        0        0     1 
       0        0        0     1 
       0        0        0     1 __block8_lma = ( 8<<24)|__SLOT_ADDR
       0        0        0     1 __block9_lma = ( 9<<24)|__SLOT_ADDR
       0        0        0     1 __block10_lma = (10<<24)|__SLOT_ADDR
       0        0        0     1 __block11_lma = (11<<24)|__SLOT_ADDR
       0        0        0     1 __block12_lma = (12<<24)|__SLOT_ADDR
       0        0        0     1 __block13_lma = (13<<24)|__SLOT_ADDR
       0        0        0     1 __block14_lma = (14<<24)|__SLOT_ADDR
       0        0        0     1 __block15_lma = (15<<24)|__SLOT_ADDR
       0        0        0     1 __block16_lma = (16<<24)|__SLOT_ADDR
       0        0        0     1 __block17_lma = (17<<24)|__SLOT_ADDR
       0        0        0     1 __block18_lma = (18<<24)|__SLOT_ADDR
       0        0        0     1 __block19_lma = (19<<24)|__SLOT_ADDR
       0        0        0     1 __block20_lma = (20<<24)|__SLOT_ADDR
       0        0        0     1 __block21_lma = (21<<24)|__SLOT_ADDR
       0        0        0     1 __block22_lma = (22<<24)|__SLOT_ADDR
       0        0        0     1 __block23_lma = (23<<24)|__SLOT_ADDR
       0        0        0     1 __mac_lma = 0x20000
       0        0        0     1 __mac_size = 0x20d00
       0        0        0     1 __pally_lma = 0x52000
       0        0        0     1 __pally_size = 0x400
       0        0        0     1 __logoy_lma = 0x52400
       0        0        0     1 __logoy_size = 0x12c00
       0        0        0     1 __patch_lma = 0x65000
       0        0        0     1 __patch_size = 0x2476
       0        0        0     1 __saplug_lma = 0x67476
       0        0        0     1 __saplug_size = 0x7d0
      30      300        2     1 .zp.data
      30      300        0     1         __zp_data_start = .
      30      300        2     1         mp3wSA.lto.o:(.zp.data)
      32      302        0     1 __zp_data_load_start = LOADADDR(.zp.data)
      32      302        0     1 __zp_data_size = SIZEOF(.zp.data)
      32       32        f     1 .zp.bss
      32       32        0     1         __zp_bss_start = .
      32       32        f     1         mp3wSA.lto.o:(.zp.bss)
      32       32        1     1                 _ccolor
      33       33        1     1                 _col
      34       34        1     1                 _row
      35       35        2     1                 __putchar.s
      37       37        2     1                 theMP3file
      39       39        1     1                 kernelError
      3a       3a        7     1                 kernelEventData
      41       41        0     1 __zp_bss_size = SIZEOF(.zp.bss)
      41       41       6c     1 .zp
      41       41       6c     1         mp3wSA.lto.o:(.zp.noinit)
     302      302     4323     2 .text
     302      302        0     1         _init = .
     302      302        0     1         _start = .
     302      302        8     1         D:\F256\llvm-mos\f256dev\llvm-mos\bin/../mos-platform/f256/lib\libcrt0.a(init-stack.S.obj):(.init.100)
     302      302        0     1                 __do_init_stack
     30a      30a        3     1         D:\F256\llvm-mos\f256dev\llvm-mos\bin/../mos-platform/f256/lib\libcrt0.a(zero-bss.c.obj):(.init.200)
     30a      30a        0     1                 __do_zero_bss
     30d      30d        3     1         D:\F256\llvm-mos\f256dev\llvm-mos\bin/../mos-platform/f256/lib\libcrt0.a(zero-zp-bss.c.obj):(.init.200)
     30d      30d        0     1                 __do_zero_zp_bss
     310      310        3     1         D:\F256\llvm-mos\f256dev\llvm-mos\bin/../mos-platform/f256/lib\libcrt0.a(copy-zp-data.c.obj):(.init.200)
     310      310        0     1                 __do_copy_zp_data
     313      313        3     1         D:\F256\llvm-mos\f256dev\llvm-mos\bin/../mos-platform/common/lib\crt0.o:(.call_main)
     316      316        3     1         D:\F256\llvm-mos\f256dev\llvm-mos\bin/../mos-platform/f256/lib\libcrt0.a(exit-custom.S.obj):(.after_main)
     316      316        0     1                 __after_main
     319      319        0     1         _fini = .
     319      319        1     1         D:\F256\llvm-mos\f256dev\llvm-mos\bin/../mos-platform/common/lib\crt0.o:(.fini_rts)
     31a      31a      13d     2         mp3wSA.lto.o:(.text._ZN12_GLOBAL__N_19FreeChunk6insertEPvj)
     31a      31a      13d     1                 (anonymous namespace)::FreeChunk::insert(void*, unsigned int)
     458      458       df     2         mp3wSA.lto.o:(.text._ZN12_GLOBAL__N_19FreeChunk6removeEv)
     458      458       df     1                 (anonymous namespace)::FreeChunk::remove()
     537      537       13     1         D:\F256\llvm-mos\f256dev\llvm-mos\bin/../mos-platform/f256/lib\libcrt0.a(zero-bss.c.obj):(.text.__zero_bss)
     537      537       13     1                 __zero_bss
     54a      54a       13     1         D:\F256\llvm-mos\f256dev\llvm-mos\bin/../mos-platform/f256/lib\libcrt0.a(zero-zp-bss.c.obj):(.text.__zero_zp_bss)
     54a      54a       13     1                 __zero_zp_bss
     55d      55d       17     1         D:\F256\llvm-mos\f256dev\llvm-mos\bin/../mos-platform/f256/lib\libcrt0.a(copy-zp-data.c.obj):(.text.__copy_zp_data)
     55d      55d       17     1                 __copy_zp_data
     574      574     25cc     1         mp3wSA.lto.o:(.text.main)
     574      574     25cc     1                 main
    2b40     2b40      149     1         mp3wSA.lto.o:(.text.fileRead)
    2b40     2b40      149     1                 fileRead
    2c89     2c89      1f8     1         mp3wSA.lto.o:(.text.textPrint)
    2c89     2c89      1f8     1                 textPrint
    2e81     2e81       11     1         mp3wSA.lto.o:(.text.textGotoXY)
    2e81     2e81       11     1                 textGotoXY
    2e92     2e92        3     1         mp3wSA.lto.o:(.text.textSetColor)
    2e92     2e92        3     1                 textSetColor
    2e95     2e95       df     1         mp3wSA.lto.o:(.text.fileReadDir)
    2e95     2e95       df     1                 fileReadDir
    2f74     2f74      484     1         mp3wSA.lto.o:(.text.pickFile)
    2f74     2f74      484     1                 pickFile
    33f8     33f8        5     1         mp3wSA.lto.o:(.text.exit)
    33f8     33f8        5     1                 exit
    33fd     33fd      b34     1         mp3wSA.lto.o:(.text._ZN12_GLOBAL__N_15printEPKcP6Status)
    33fd     33fd      b34     1                 (anonymous namespace)::print(char const*, Status*)
    3f31     3f31       db     1         mp3wSA.lto.o:(.text._ZN12_GLOBAL__N_13putEcP6Status)
    3f31     3f31       db     1                 (anonymous namespace)::put(char, Status*)
    400c     400c      10c     1         mp3wSA.lto.o:(.text._ZN12_GLOBAL__N_112print_stringEPKcP6Status)
    400c     400c      10c     1                 (anonymous namespace)::print_string(char const*, Status*)
    4118     4118       88     1         mp3wSA.lto.o:(.text.printf)
    4118     4118       88     1                 printf
    41a0     41a0       d2     1         mp3wSA.lto.o:(.text.sprintf)
    41a0     41a0       d2     1                 sprintf
    4272     4272      1d5     1         mp3wSA.lto.o:(.text.malloc)
    4272     4272      1d5     1                 malloc
    4447     4447      192     1         mp3wSA.lto.o:(.text.free)
    4447     4447      192     1                 free
    45d9     45d9       2c     1         mp3wSA.lto.o:(.text.memcpy)
    45d9     45d9       2c     1                 memcpy
    4605     4605       20     1         mp3wSA.lto.o:(.text.__memset)
    4605     4605       20     1                 __memset
    4625     4625        0     1         __init_array_start = .
    4625     4625        0     1         __init_array_end = .
    4625     4625        0     1         __fini_array_start = .
    4625     4625        0     1         __fini_array_end = .
    4625     4625     2e36     1 .rodata
    4625     4625        1     1         D:\F256\llvm-mos\f256dev\llvm-mos\bin/../mos-platform/common/lib\libcrt.a(const.S.obj):(.rodata)
    4625     4625        0     1                 __set_v
    4626     4626       16     1         mp3wSA.lto.o:(.rodata.fileReadDir)
    463c     463c       3a     1         mp3wSA.lto.o:(.rodata._ZN12_GLOBAL__N_15printEPKcP6Status)
    4676     4676       30     1         mp3wSA.lto.o:(.rodata.textColors)
    4676     4676       30     1                 textColors
    46a6     46a6      14f     1         <internal>:(.rodata.str1.1)
    47f5     47f5       20     1         <internal>:(.rodata.cst32)
    4815     4815     2476     1         mp3wSA.lto.o:(.rodata.bigpatch)
    4815     4815     2476     1                 bigpatch
    6c8b     6c8b      7d0     1         mp3wSA.lto.o:(.rodata.saplugin2)
    6c8b     6c8b      7d0     1                 saplugin2
    745b     745b        0     1 .data
    745b     745b        0     1         __data_start = .
    745b     745b        0     1         __data_end = .
    745b     745b        0     1 __data_load_start = LOADADDR(.data)
    745b     745b        0     1 __data_size = SIZEOF(.data)
    745b     745b      e8c     1 .bss
    745b     745b        0     1         __bss_start = .
    745b     745b        4     1         mp3wSA.lto.o:(.bss._BITMAP_BASE.0)
    745b     745b        4     1                 _BITMAP_BASE.0
    745f     745f        8     1         mp3wSA.lto.o:(.bss._dirStream)
    745f     745f        8     1                 _dirStream
    7467     7467      102     1         mp3wSA.lto.o:(.bss.fileReadDir.fileDirEntS)
    7467     7467      102     1                 fileReadDir.fileDirEntS
    7569     7569      d38     1         mp3wSA.lto.o:(.bss.fpr)
    7569     7569      d38     1                 fpr
    82a1     82a1       40     1         mp3wSA.lto.o:(.bss.finalName)
    82a1     82a1       40     1                 finalName
    82e1     82e1        1     1         mp3wSA.lto.o:(.bss._ZN12_GLOBAL__N_111initializedE)
    82e1     82e1        1     1                 (anonymous namespace)::initialized
    82e2     82e2        1     1         mp3wSA.lto.o:(.bss._ZN12_GLOBAL__N_19last_freeE)
    82e2     82e2        1     1                 (anonymous namespace)::last_free
    82e3     82e3        2     1         mp3wSA.lto.o:(.bss._ZN12_GLOBAL__N_19free_sizeE)
    82e3     82e3        2     1                 (anonymous namespace)::free_size
    82e5     82e5        2     1         mp3wSA.lto.o:(.bss._ZN12_GLOBAL__N_19free_listE)
    82e5     82e5        2     1                 (anonymous namespace)::free_list
    82e7     82e7        0     1         __bss_end = .
    82e7     82e7        0     1 __bss_size = SIZEOF(.bss)
    82e7     82e7        0     1 .noinit
    82e7     82e7        0     1         __heap_start = ALIGN(., 2)
    82e7     82e7        0     1 end_block8 = .
    82e7     82e7        0     1 end_block9 = .
    82e7     82e7        0     1 end_block10 = .
    82e7     82e7        0     1 end_block11 = .
    82e7     82e7        0     1 end_block12 = .
    82e7     82e7        0     1 end_block13 = .
    82e7     82e7        0     1 end_block14 = .
    82e7     82e7        0     1 end_block15 = .
    82e7     82e7        0     1 end_block16 = .
    82e7     82e7        0     1 end_block17 = .
    82e7     82e7        0     1 end_block18 = .
    82e7     82e7        0     1 end_block19 = .
    82e7     82e7        0     1 end_block20 = .
    82e7     82e7        0     1 end_block21 = .
    82e7     82e7        0     1 end_block22 = .
    82e7     82e7        0     1 end_block23 = .
   20000    20000    20d00    16 .mac
   20000    20000    20d00    16         mp3wSA.lto.o:(.mac)
   20000    20000        0     1                 mac_start
   40d00    40d00        0     1                 mac_end
   40d00    40d00        0     1 end_mac = .
   52000    52000      400    16 .pally
   52000    52000      400    16         mp3wSA.lto.o:(.pally)
   52000    52000        0     1                 pally_start
   52400    52400        0     1                 pally_end
   52400    52400        0     1 end_pally = .
   52400    52400    12c00    16 .logoy
   52400    52400    12c00    16         mp3wSA.lto.o:(.logoy)
   52400    52400        0     1                 logoy_start
   65000    65000        0     1                 logoy_end
   65000    65000        0     1 end_logoy = .
   65000    65000     2476    16 .patch
   65000    65000     2476    16         mp3wSA.lto.o:(.patch)
   65000    65000        0     1                 patch_start
   67476    67476        0     1                 patch_end
   67476    67476        0     1 end_patch = .
   67480    67480      7d0    16 .saplug
   67480    67480      7d0    16         mp3wSA.lto.o:(.saplug)
   67480    67480        0     1                 saplug_start
   67c50    67c50        0     1                 saplug_end
   67c50    67c50        0     1 end_saplug = .
       0        0      138     1 .comment
       0        0      138     1         <internal>:(.comment)
       0        0      a60     4 .symtab
       0        0      a60     4         <internal>:(.symtab)
       0        0       7c     1 .shstrtab
       0        0       7c     1         <internal>:(.shstrtab)
       0        0      7d9     1 .strtab
       0        0      7d9     1         <internal>:(.strtab)
