     VMA      LMA     Size Align Out     In      Symbol
       0        0        0     1 PROVIDE(__stack = 0xC000)
       0        0        0     1 PROVIDE(__f256_start = 0x300)
       0        0        0     1 PROVIDE(__BLOCK_SIZE = 0x2000)
       0        0        0     1 PROVIDE(__SLOT_ADDR = 0xC000)
       0        0        0     1 __rc0 = 0x10
       0        0        0     1 __rc1 = __rc0 + 1
       0        0        0     1 PROVIDE(__rc2 = __rc1 + 1)
       0        0        0     1 __rc3 = __rc2 + 1
       0        0        0     1 PROVIDE(__rc4 = __rc3 + 1)
       0        0        0     1 __rc5 = __rc4 + 1
       0        0        0     1 PROVIDE(__rc6 = __rc5 + 1)
       0        0        0     1 __rc7 = __rc6 + 1
       0        0        0     1 PROVIDE(__rc8 = __rc7 + 1)
       0        0        0     1 __rc9 = __rc8 + 1
       0        0        0     1 PROVIDE(__rc10 = __rc9 + 1)
       0        0        0     1 __rc11 = __rc10 + 1
       0        0        0     1 PROVIDE(__rc12 = __rc11 + 1)
       0        0        0     1 __rc13 = __rc12 + 1
       0        0        0     1 PROVIDE(__rc14 = __rc13 + 1)
       0        0        0     1 __rc15 = __rc14 + 1
       0        0        0     1 PROVIDE(__rc16 = __rc15 + 1)
       0        0        0     1 __rc17 = __rc16 + 1
       0        0        0     1 PROVIDE(__rc18 = __rc17 + 1)
       0        0        0     1 __rc19 = __rc18 + 1
       0        0        0     1 PROVIDE(__rc20 = __rc19 + 1)
       0        0        0     1 __rc21 = __rc20 + 1
       0        0        0     1 PROVIDE(__rc22 = __rc21 + 1)
       0        0        0     1 __rc23 = __rc22 + 1
       0        0        0     1 PROVIDE(__rc24 = __rc23 + 1)
       0        0        0     1 __rc25 = __rc24 + 1
       0        0        0     1 PROVIDE(__rc26 = __rc25 + 1)
       0        0        0     1 __rc27 = __rc26 + 1
       0        0        0     1 PROVIDE(__rc28 = __rc27 + 1)
       0        0        0     1 __rc29 = __rc28 + 1
       0        0        0     1 PROVIDE(__rc30 = __rc29 + 1)
       0        0        0     1 __rc31 = __rc30 + 1
       0        0        0     1 
       0        0        0     1 
       0        0        0     1 __block8_lma = ( 8<<24)|__SLOT_ADDR
       0        0        0     1 __block9_lma = ( 9<<24)|__SLOT_ADDR
       0        0        0     1 __block10_lma = (10<<24)|__SLOT_ADDR
       0        0        0     1 __block11_lma = (11<<24)|__SLOT_ADDR
       0        0        0     1 __block12_lma = (12<<24)|__SLOT_ADDR
       0        0        0     1 __block13_lma = (13<<24)|__SLOT_ADDR
       0        0        0     1 __block14_lma = (14<<24)|__SLOT_ADDR
       0        0        0     1 __block15_lma = (15<<24)|__SLOT_ADDR
       0        0        0     1 __block16_lma = (16<<24)|__SLOT_ADDR
       0        0        0     1 __block17_lma = (17<<24)|__SLOT_ADDR
       0        0        0     1 __block18_lma = (18<<24)|__SLOT_ADDR
       0        0        0     1 __block19_lma = (19<<24)|__SLOT_ADDR
       0        0        0     1 __block20_lma = (20<<24)|__SLOT_ADDR
       0        0        0     1 __block21_lma = (21<<24)|__SLOT_ADDR
       0        0        0     1 __block22_lma = (22<<24)|__SLOT_ADDR
       0        0        0     1 __block23_lma = (23<<24)|__SLOT_ADDR
       0        0        0     1 __mac_lma = 0x10000
       0        0        0     1 __mac_size = 0x20d00
       0        0        0     1 __mlogopal_lma = 0x31000
       0        0        0     1 __mlogopal_size = 0x400
       0        0        0     1 __mlogo_lma = 0x31400
       0        0        0     1 __mlogo_size = 0x12c00
      30       30        0     1 .zp.data
      30       30        0     1         __zp_data_start = .
      30       30        0     1 __zp_data_load_start = LOADADDR(.zp.data)
      30       30        0     1 __zp_data_size = SIZEOF(.zp.data)
      30       30        d     1 .zp.bss
      30       30        0     1         __zp_bss_start = .
      30       30        d     1         mp3wSA.lto.o:(.zp.bss)
      30       30        1     1                 _ccolor
      31       31        1     1                 _col
      32       32        1     1                 _row
      33       33        2     1                 __putchar.s
      35       35        1     1                 kernelError
      36       36        7     1                 kernelEventData
      3d       3d        0     1 __zp_bss_size = SIZEOF(.zp.bss)
      3d       3d       5a     1 .zp
      3d       3d       5a     1         mp3wSA.lto.o:(.zp.noinit)
     300      300     2d3e     2 .text
     300      300        0     1         _init = .
     300      300        0     1         _start = .
     300      300        8     1         D:\F256\llvm-mos\f256dev\llvm-mos\bin/../mos-platform/f256/lib\libcrt0.a(init-stack.S.obj):(.init.100)
     300      300        0     1                 __do_init_stack
     308      308        3     1         D:\F256\llvm-mos\f256dev\llvm-mos\bin/../mos-platform/f256/lib\libcrt0.a(zero-bss.c.obj):(.init.200)
     308      308        0     1                 __do_zero_bss
     30b      30b        3     1         D:\F256\llvm-mos\f256dev\llvm-mos\bin/../mos-platform/f256/lib\libcrt0.a(zero-zp-bss.c.obj):(.init.200)
     30b      30b        0     1                 __do_zero_zp_bss
     30e      30e        3     1         D:\F256\llvm-mos\f256dev\llvm-mos\bin/../mos-platform/common/lib\crt0.o:(.call_main)
     311      311        3     1         D:\F256\llvm-mos\f256dev\llvm-mos\bin/../mos-platform/f256/lib\libcrt0.a(exit-custom.S.obj):(.after_main)
     311      311        0     1                 __after_main
     314      314        0     1         _fini = .
     314      314        1     1         D:\F256\llvm-mos\f256dev\llvm-mos\bin/../mos-platform/common/lib\crt0.o:(.fini_rts)
     316      316      13d     2         mp3wSA.lto.o:(.text._ZN12_GLOBAL__N_19FreeChunk6insertEPvj)
     316      316      13d     1                 (anonymous namespace)::FreeChunk::insert(void*, unsigned int)
     454      454       df     2         mp3wSA.lto.o:(.text._ZN12_GLOBAL__N_19FreeChunk6removeEv)
     454      454       df     1                 (anonymous namespace)::FreeChunk::remove()
     533      533       13     1         D:\F256\llvm-mos\f256dev\llvm-mos\bin/../mos-platform/f256/lib\libcrt0.a(zero-bss.c.obj):(.text.__zero_bss)
     533      533       13     1                 __zero_bss
     546      546       13     1         D:\F256\llvm-mos\f256dev\llvm-mos\bin/../mos-platform/f256/lib\libcrt0.a(zero-zp-bss.c.obj):(.text.__zero_zp_bss)
     546      546       13     1                 __zero_zp_bss
     559      559     131c     1         mp3wSA.lto.o:(.text.main)
     559      559     131c     1                 main
    1875     1875      14b     1         mp3wSA.lto.o:(.text.fileRead)
    1875     1875      14b     1                 fileRead
    19c0     19c0      1ce     1         mp3wSA.lto.o:(.text.textPrint)
    19c0     19c0      1ce     1                 textPrint
    1b8e     1b8e      1ae     1         mp3wSA.lto.o:(.text.fileClose)
    1b8e     1b8e      1ae     1                 fileClose
    1d3c     1d3c       84     1         mp3wSA.lto.o:(.text.setTextLUT1)
    1d3c     1d3c       84     1                 setTextLUT1
    1dc0     1dc0       82     1         mp3wSA.lto.o:(.text.setTextLUT2)
    1dc0     1dc0       82     1                 setTextLUT2
    1e42     1e42      17e     1         mp3wSA.lto.o:(.text.initVS1053Plugin)
    1e42     1e42      17e     1                 initVS1053Plugin
    1fc0     1fc0        5     1         mp3wSA.lto.o:(.text.exit)
    1fc0     1fc0        5     1                 exit
    1fc5     1fc5       db     1         mp3wSA.lto.o:(.text._ZN12_GLOBAL__N_13putEcP6Status)
    1fc5     1fc5       db     1                 (anonymous namespace)::put(char, Status*)
    20a0     20a0      10c     1         mp3wSA.lto.o:(.text._ZN12_GLOBAL__N_112print_stringEPKcP6Status)
    20a0     20a0      10c     1                 (anonymous namespace)::print_string(char const*, Status*)
    21ac     21ac      c2c     1         mp3wSA.lto.o:(.text.printf)
    21ac     21ac      c2c     1                 printf
    2dd8     2dd8       45     1         mp3wSA.lto.o:(.text.puts)
    2dd8     2dd8       45     1                 puts
    2e1d     2e1d      1d5     1         mp3wSA.lto.o:(.text.malloc)
    2e1d     2e1d      1d5     1                 malloc
    2ff2     2ff2       2c     1         mp3wSA.lto.o:(.text.memcpy)
    2ff2     2ff2       2c     1                 memcpy
    301e     301e       20     1         mp3wSA.lto.o:(.text.__memset)
    301e     301e       20     1                 __memset
    303e     303e        0     1         __init_array_start = .
    303e     303e        0     1         __init_array_end = .
    303e     303e        0     1         __fini_array_start = .
    303e     303e        0     1         __fini_array_end = .
    303e     303e     2e19     1 .rodata
    303e     303e        1     1         D:\F256\llvm-mos\f256dev\llvm-mos\bin/../mos-platform/common/lib\libcrt.a(const.S.obj):(.rodata)
    303e     303e        0     1                 __set_v
    303f     303f       3a     1         mp3wSA.lto.o:(.rodata.printf)
    3079     3079       30     1         mp3wSA.lto.o:(.rodata.textColors)
    3079     3079       30     1                 textColors
    30a9     30a9      168     1         <internal>:(.rodata.str1.1)
    3211     3211     2476     1         mp3wSA.lto.o:(.rodata.bigpatch)
    3211     3211     2476     1                 bigpatch
    5687     5687      7d0     1         mp3wSA.lto.o:(.rodata.saplugin2)
    5687     5687      7d0     1                 saplugin2
    5e57     5e57        0     1 .data
    5e57     5e57        0     1         __data_start = .
    5e57     5e57        0     1         __data_end = .
    5e57     5e57        0     1 __data_load_start = LOADADDR(.data)
    5e57     5e57        0     1 __data_size = SIZEOF(.data)
    5e57     5e57        c     1 .bss
    5e57     5e57        0     1         __bss_start = .
    5e57     5e57        4     1         mp3wSA.lto.o:(.bss._BITMAP_BASE.0)
    5e57     5e57        4     1                 _BITMAP_BASE.0
    5e5b     5e5b        2     1         mp3wSA.lto.o:(.bss.theMP3file)
    5e5b     5e5b        2     1                 theMP3file
    5e5d     5e5d        1     1         mp3wSA.lto.o:(.bss._ZN12_GLOBAL__N_111initializedE)
    5e5d     5e5d        1     1                 (anonymous namespace)::initialized
    5e5e     5e5e        1     1         mp3wSA.lto.o:(.bss._ZN12_GLOBAL__N_19last_freeE)
    5e5e     5e5e        1     1                 (anonymous namespace)::last_free
    5e5f     5e5f        2     1         mp3wSA.lto.o:(.bss._ZN12_GLOBAL__N_19free_sizeE)
    5e5f     5e5f        2     1                 (anonymous namespace)::free_size
    5e61     5e61        2     1         mp3wSA.lto.o:(.bss._ZN12_GLOBAL__N_19free_listE)
    5e61     5e61        2     1                 (anonymous namespace)::free_list
    5e63     5e63        0     1         __bss_end = .
    5e63     5e63        0     1 __bss_size = SIZEOF(.bss)
    5e63     5e63        0     1 .noinit
    5e63     5e63        0     1         __heap_start = ALIGN(., 2)
    5e63     5e63        0     1 end_block8 = .
    5e63     5e63        0     1 end_block9 = .
    5e63     5e63        0     1 end_block10 = .
    5e63     5e63        0     1 end_block11 = .
    5e63     5e63        0     1 end_block12 = .
    5e63     5e63        0     1 end_block13 = .
    5e63     5e63        0     1 end_block14 = .
    5e63     5e63        0     1 end_block15 = .
    5e63     5e63        0     1 end_block16 = .
    5e63     5e63        0     1 end_block17 = .
    5e63     5e63        0     1 end_block18 = .
    5e63     5e63        0     1 end_block19 = .
    5e63     5e63        0     1 end_block20 = .
    5e63     5e63        0     1 end_block21 = .
    5e63     5e63        0     1 end_block22 = .
    5e63     5e63        0     1 end_block23 = .
   10000    10000    20d00    16 .mac
   10000    10000    20d00    16         mp3wSA.lto.o:(.mac)
   10000    10000        0     1                 mac_start
   30d00    30d00        0     1                 mac_end
   30d00    30d00        0     1 end_mac = .
   31000    31000      400    16 .mlogopal
   31000    31000      400    16         mp3wSA.lto.o:(.mlogopal)
   31000    31000        0     1                 mlogopal_start
   31400    31400        0     1                 mlogopal_end
   31400    31400        0     1 end_mlogopal = .
   31400    31400    12c00    16 .mlogo
   31400    31400    12c00    16         mp3wSA.lto.o:(.mlogo)
   31400    31400        0     1                 mlogo_start
   44000    44000        0     1                 mlogo_end
   44000    44000        0     1 end_mlogo = .
       0        0      138     1 .comment
       0        0      138     1         <internal>:(.comment)
       0        0      930     4 .symtab
       0        0      930     4         <internal>:(.symtab)
       0        0       70     1 .shstrtab
       0        0       70     1         <internal>:(.shstrtab)
       0        0      6ea     1 .strtab
       0        0      6ea     1         <internal>:(.strtab)
