     VMA      LMA     Size Align Out     In      Symbol
       0        0        0     1 PROVIDE(__stack = 0xA000)
       0        0        0     1 PROVIDE(__f256_start = 0x300)
       0        0        0     1 PROVIDE(__BLOCK_SIZE = 0x2000)
       0        0        0     1 PROVIDE(__SLOT_ADDR = 0xA000)
       0        0        0     1 __rc0 = 0x10
       0        0        0     1 __rc1 = __rc0 + 1
       0        0        0     1 PROVIDE(__rc2 = __rc1 + 1)
       0        0        0     1 __rc3 = __rc2 + 1
       0        0        0     1 PROVIDE(__rc4 = __rc3 + 1)
       0        0        0     1 __rc5 = __rc4 + 1
       0        0        0     1 PROVIDE(__rc6 = __rc5 + 1)
       0        0        0     1 __rc7 = __rc6 + 1
       0        0        0     1 PROVIDE(__rc8 = __rc7 + 1)
       0        0        0     1 __rc9 = __rc8 + 1
       0        0        0     1 PROVIDE(__rc10 = __rc9 + 1)
       0        0        0     1 __rc11 = __rc10 + 1
       0        0        0     1 PROVIDE(__rc12 = __rc11 + 1)
       0        0        0     1 __rc13 = __rc12 + 1
       0        0        0     1 PROVIDE(__rc14 = __rc13 + 1)
       0        0        0     1 __rc15 = __rc14 + 1
       0        0        0     1 PROVIDE(__rc16 = __rc15 + 1)
       0        0        0     1 __rc17 = __rc16 + 1
       0        0        0     1 PROVIDE(__rc18 = __rc17 + 1)
       0        0        0     1 __rc19 = __rc18 + 1
       0        0        0     1 PROVIDE(__rc20 = __rc19 + 1)
       0        0        0     1 __rc21 = __rc20 + 1
       0        0        0     1 PROVIDE(__rc22 = __rc21 + 1)
       0        0        0     1 __rc23 = __rc22 + 1
       0        0        0     1 PROVIDE(__rc24 = __rc23 + 1)
       0        0        0     1 __rc25 = __rc24 + 1
       0        0        0     1 PROVIDE(__rc26 = __rc25 + 1)
       0        0        0     1 __rc27 = __rc26 + 1
       0        0        0     1 PROVIDE(__rc28 = __rc27 + 1)
       0        0        0     1 __rc29 = __rc28 + 1
       0        0        0     1 PROVIDE(__rc30 = __rc29 + 1)
       0        0        0     1 __rc31 = __rc30 + 1
       0        0        0     1 
       0        0        0     1 
       0        0        0     1 __block8_lma = ( 8<<24)|__SLOT_ADDR
       0        0        0     1 __block9_lma = ( 9<<24)|__SLOT_ADDR
       0        0        0     1 __block10_lma = (10<<24)|__SLOT_ADDR
       0        0        0     1 __block11_lma = (11<<24)|__SLOT_ADDR
       0        0        0     1 __block12_lma = (12<<24)|__SLOT_ADDR
       0        0        0     1 __block13_lma = (13<<24)|__SLOT_ADDR
       0        0        0     1 __block14_lma = (14<<24)|__SLOT_ADDR
       0        0        0     1 __block15_lma = (15<<24)|__SLOT_ADDR
       0        0        0     1 __block16_lma = (16<<24)|__SLOT_ADDR
       0        0        0     1 __block17_lma = (17<<24)|__SLOT_ADDR
       0        0        0     1 __block18_lma = (18<<24)|__SLOT_ADDR
       0        0        0     1 __block19_lma = (19<<24)|__SLOT_ADDR
       0        0        0     1 __block20_lma = (20<<24)|__SLOT_ADDR
       0        0        0     1 __block21_lma = (21<<24)|__SLOT_ADDR
       0        0        0     1 __block22_lma = (22<<24)|__SLOT_ADDR
       0        0        0     1 __block23_lma = (23<<24)|__SLOT_ADDR
      30       30        0     1 .zp.data
      30       30        0     1         __zp_data_start = .
      30       30        0     1 __zp_data_load_start = LOADADDR(.zp.data)
      30       30        0     1 __zp_data_size = SIZEOF(.zp.data)
      30       30        e     1 .zp.bss
      30       30        0     1         __zp_bss_start = .
      30       30        e     1         mp3wSA.lto.o:(.zp.bss)
      30       30        1     1                 _col
      31       31        1     1                 _row
      32       32        2     1                 __putchar.s
      34       34        2     1                 theMP3file
      36       36        1     1                 kernelError
      37       37        7     1                 kernelEventData
      3e       3e        0     1 __zp_bss_size = SIZEOF(.zp.bss)
      3e       3e       5c     1 .zp
      3e       3e       5c     1         mp3wSA.lto.o:(.zp.noinit)
     300      300     1e0d     2 .text
     300      300        0     1         _init = .
     300      300        0     1         _start = .
     300      300        8     1         C:\F256\f256llvm-mos\f256dev\llvm-mos\bin/../mos-platform/f256/lib\libcrt0.a(init-stack.S.obj):(.init.100)
     300      300        0     1                 __do_init_stack
     308      308        3     1         C:\F256\f256llvm-mos\f256dev\llvm-mos\bin/../mos-platform/f256/lib\libcrt0.a(zero-bss.c.obj):(.init.200)
     308      308        0     1                 __do_zero_bss
     30b      30b        3     1         C:\F256\f256llvm-mos\f256dev\llvm-mos\bin/../mos-platform/f256/lib\libcrt0.a(zero-zp-bss.c.obj):(.init.200)
     30b      30b        0     1                 __do_zero_zp_bss
     30e      30e        3     1         C:\F256\f256llvm-mos\f256dev\llvm-mos\bin/../mos-platform/common/lib\crt0.o:(.call_main)
     311      311        3     1         C:\F256\f256llvm-mos\f256dev\llvm-mos\bin/../mos-platform/f256/lib\libcrt0.a(exit-custom.S.obj):(.after_main)
     311      311        0     1                 __after_main
     314      314        0     1         _fini = .
     314      314        1     1         C:\F256\f256llvm-mos\f256dev\llvm-mos\bin/../mos-platform/common/lib\crt0.o:(.fini_rts)
     316      316      139     2         mp3wSA.lto.o:(.text._ZN12_GLOBAL__N_19FreeChunk6insertEPvj)
     316      316      139     1                 (anonymous namespace)::FreeChunk::insert(void*, unsigned int)
     44f      44f       13     1         C:\F256\f256llvm-mos\f256dev\llvm-mos\bin/../mos-platform/f256/lib\libcrt0.a(zero-bss.c.obj):(.text.__zero_bss)
     44f      44f       13     1                 __zero_bss
     462      462       13     1         C:\F256\f256llvm-mos\f256dev\llvm-mos\bin/../mos-platform/f256/lib\libcrt0.a(zero-zp-bss.c.obj):(.text.__zero_zp_bss)
     462      462       13     1                 __zero_zp_bss
     475      475      380     1         mp3wSA.lto.o:(.text.f256Init)
     475      475      380     1                 f256Init
     7f5      7f5        6     1         mp3wSA.lto.o:(.text.main)
     7f5      7f5        6     1                 main
     7fb      7fb      379     1         mp3wSA.lto.o:(.text.f256main)
     7fb      7fb      379     1                 f256main
     b74      b74      131     1         mp3wSA.lto.o:(.text.fileRead)
     b74      b74      131     1                 fileRead
     ca5      ca5      1b8     1         mp3wSA.lto.o:(.text.textPrint)
     ca5      ca5      1b8     1                 textPrint
     e5d      e5d       bb     1         mp3wSA.lto.o:(.text.textPrintUInt)
     e5d      e5d       bb     1                 textPrintUInt
     f18      f18        d     1         mp3wSA.lto.o:(.text.__putchar)
     f18      f18        d     1                 __putchar
     f25      f25        5     1         mp3wSA.lto.o:(.text.exit)
     f25      f25        5     1                 exit
     f2a      f2a       d1     1         mp3wSA.lto.o:(.text._ZN12_GLOBAL__N_13putEcP6Status)
     f2a      f2a       d1     1                 (anonymous namespace)::put(char, Status*)
     ffb      ffb      10d     1         mp3wSA.lto.o:(.text._ZN12_GLOBAL__N_112print_stringEPKcP6Status)
     ffb      ffb      10d     1                 (anonymous namespace)::print_string(char const*, Status*)
    1108     1108      bb6     1         mp3wSA.lto.o:(.text.printf)
    1108     1108      bb6     1                 printf
    1cbe     1cbe      2b7     1         mp3wSA.lto.o:(.text.malloc)
    1cbe     1cbe      2b7     1                 malloc
    1f75     1f75       2c     1         mp3wSA.lto.o:(.text.memcpy)
    1f75     1f75       2c     1                 memcpy
    1fa1     1fa1       20     1         mp3wSA.lto.o:(.text.__memset)
    1fa1     1fa1       20     1                 __memset
    1fc1     1fc1        5     1         mp3wSA.lto.o:(.text.strlen)
    1fc1     1fc1        5     1                 strlen
    1fc6     1fc6      147     1         mp3wSA.lto.o:(.text.__umodsi3)
    1fc6     1fc6      147     1                 __umodsi3
    210d     210d        0     1         __init_array_start = .
    210d     210d        0     1         __init_array_end = .
    210d     210d        0     1         __fini_array_start = .
    210d     210d        0     1         __fini_array_end = .
    210d     210d      161     1 .rodata
    210d     210d        1     1         C:\F256\f256llvm-mos\f256dev\llvm-mos\bin/../mos-platform/common/lib\libcrt.a(const.S.obj):(.rodata)
    210d     210d        0     1                 __set_v
    210e     210e       3a     1         mp3wSA.lto.o:(.rodata.printf)
    2148     2148       30     1         mp3wSA.lto.o:(.rodata.textColors)
    2148     2148       30     1                 textColors
    2178     2178       f6     1         <internal>:(.rodata.str1.1)
    226e     226e        0     1 .data
    226e     226e        0     1         __data_start = .
    226e     226e        0     1         __data_end = .
    226e     226e        0     1 __data_load_start = LOADADDR(.data)
    226e     226e        0     1 __data_size = SIZEOF(.data)
    226e     226e        5     1 .bss
    226e     226e        0     1         __bss_start = .
    226e     226e        1     1         mp3wSA.lto.o:(.bss._ZN12_GLOBAL__N_111initializedE)
    226e     226e        1     1                 (anonymous namespace)::initialized
    226f     226f        2     1         mp3wSA.lto.o:(.bss._ZN12_GLOBAL__N_19free_sizeE)
    226f     226f        2     1                 (anonymous namespace)::free_size
    2271     2271        2     1         mp3wSA.lto.o:(.bss._ZN12_GLOBAL__N_19free_listE)
    2271     2271        2     1                 (anonymous namespace)::free_list
    2273     2273        0     1         __bss_end = .
    2273     2273        0     1 __bss_size = SIZEOF(.bss)
    2273     2273     2000     1 .noinit
    2273     2273     2000     1         mp3wSA.lto.o:(.noinit..Lstatic_stack)
    4273     4273        0     1         __heap_start = ALIGN(., 2)
    4273     4273        0     1 end_block8 = .
    4273     4273        0     1 end_block9 = .
    4273     4273        0     1 end_block10 = .
    4273     4273        0     1 end_block11 = .
    4273     4273        0     1 end_block12 = .
    4273     4273        0     1 end_block13 = .
    4273     4273        0     1 end_block14 = .
    4273     4273        0     1 end_block15 = .
    4273     4273        0     1 end_block16 = .
    4273     4273        0     1 end_block17 = .
    4273     4273        0     1 end_block18 = .
    4273     4273        0     1 end_block19 = .
    4273     4273        0     1 end_block20 = .
    4273     4273        0     1 end_block21 = .
    4273     4273        0     1 end_block22 = .
    4273     4273        0     1 end_block23 = .
       0        0      138     1 .comment
       0        0      138     1         <internal>:(.comment)
       0        0      7f0     4 .symtab
       0        0      7f0     4         <internal>:(.symtab)
       0        0       5a     1 .shstrtab
       0        0       5a     1         <internal>:(.shstrtab)
       0        0      5d1     1 .strtab
       0        0      5d1     1         <internal>:(.strtab)
