     VMA      LMA     Size Align Out     In      Symbol
       0        0        0     1 PROVIDE(__stack = 0xA000)
       0        0        0     1 PROVIDE(__f256_start = 0x300)
       0        0        0     1 PROVIDE(__BLOCK_SIZE = 0x2000)
       0        0        0     1 PROVIDE(__SLOT_ADDR = 0xA000)
       0        0        0     1 __rc0 = 0x10
       0        0        0     1 __rc1 = __rc0 + 1
       0        0        0     1 PROVIDE(__rc2 = __rc1 + 1)
       0        0        0     1 __rc3 = __rc2 + 1
       0        0        0     1 PROVIDE(__rc4 = __rc3 + 1)
       0        0        0     1 __rc5 = __rc4 + 1
       0        0        0     1 PROVIDE(__rc6 = __rc5 + 1)
       0        0        0     1 __rc7 = __rc6 + 1
       0        0        0     1 PROVIDE(__rc8 = __rc7 + 1)
       0        0        0     1 __rc9 = __rc8 + 1
       0        0        0     1 PROVIDE(__rc10 = __rc9 + 1)
       0        0        0     1 __rc11 = __rc10 + 1
       0        0        0     1 PROVIDE(__rc12 = __rc11 + 1)
       0        0        0     1 __rc13 = __rc12 + 1
       0        0        0     1 PROVIDE(__rc14 = __rc13 + 1)
       0        0        0     1 __rc15 = __rc14 + 1
       0        0        0     1 PROVIDE(__rc16 = __rc15 + 1)
       0        0        0     1 __rc17 = __rc16 + 1
       0        0        0     1 PROVIDE(__rc18 = __rc17 + 1)
       0        0        0     1 __rc19 = __rc18 + 1
       0        0        0     1 PROVIDE(__rc20 = __rc19 + 1)
       0        0        0     1 __rc21 = __rc20 + 1
       0        0        0     1 PROVIDE(__rc22 = __rc21 + 1)
       0        0        0     1 __rc23 = __rc22 + 1
       0        0        0     1 PROVIDE(__rc24 = __rc23 + 1)
       0        0        0     1 __rc25 = __rc24 + 1
       0        0        0     1 PROVIDE(__rc26 = __rc25 + 1)
       0        0        0     1 __rc27 = __rc26 + 1
       0        0        0     1 PROVIDE(__rc28 = __rc27 + 1)
       0        0        0     1 __rc29 = __rc28 + 1
       0        0        0     1 PROVIDE(__rc30 = __rc29 + 1)
       0        0        0     1 __rc31 = __rc30 + 1
       0        0        0     1 
       0        0        0     1 
       0        0        0     1 __block8_lma = ( 8<<24)|__SLOT_ADDR
       0        0        0     1 __block9_lma = ( 9<<24)|__SLOT_ADDR
       0        0        0     1 __block10_lma = (10<<24)|__SLOT_ADDR
       0        0        0     1 __block11_lma = (11<<24)|__SLOT_ADDR
       0        0        0     1 __block12_lma = (12<<24)|__SLOT_ADDR
       0        0        0     1 __block13_lma = (13<<24)|__SLOT_ADDR
       0        0        0     1 __block14_lma = (14<<24)|__SLOT_ADDR
       0        0        0     1 __block15_lma = (15<<24)|__SLOT_ADDR
       0        0        0     1 __block16_lma = (16<<24)|__SLOT_ADDR
       0        0        0     1 __block17_lma = (17<<24)|__SLOT_ADDR
       0        0        0     1 __block18_lma = (18<<24)|__SLOT_ADDR
       0        0        0     1 __block19_lma = (19<<24)|__SLOT_ADDR
       0        0        0     1 __block20_lma = (20<<24)|__SLOT_ADDR
       0        0        0     1 __block21_lma = (21<<24)|__SLOT_ADDR
       0        0        0     1 __block22_lma = (22<<24)|__SLOT_ADDR
       0        0        0     1 __block23_lma = (23<<24)|__SLOT_ADDR
      30       30        0     1 .zp.data
      30       30        0     1         __zp_data_start = .
      30       30        0     1 __zp_data_load_start = LOADADDR(.zp.data)
      30       30        0     1 __zp_data_size = SIZEOF(.zp.data)
      30       30        e     1 .zp.bss
      30       30        0     1         __zp_bss_start = .
      30       30        e     1         mp3wSA.lto.o:(.zp.bss)
      30       30        1     1                 _col
      31       31        1     1                 _row
      32       32        2     1                 __putchar.s
      34       34        2     1                 theMP3file
      36       36        1     1                 kernelError
      37       37        7     1                 kernelEventData
      3e       3e        0     1 __zp_bss_size = SIZEOF(.zp.bss)
      3e       3e       79     1 .zp
      3e       3e       79     1         mp3wSA.lto.o:(.zp.noinit)
     300      300     227b     2 .text
     300      300        0     1         _init = .
     300      300        0     1         _start = .
     300      300        8     1         D:\F256\llvm-mos\f256dev\llvm-mos\bin/../mos-platform/f256/lib\libcrt0.a(init-stack.S.obj):(.init.100)
     300      300        0     1                 __do_init_stack
     308      308        3     1         D:\F256\llvm-mos\f256dev\llvm-mos\bin/../mos-platform/f256/lib\libcrt0.a(zero-bss.c.obj):(.init.200)
     308      308        0     1                 __do_zero_bss
     30b      30b        3     1         D:\F256\llvm-mos\f256dev\llvm-mos\bin/../mos-platform/f256/lib\libcrt0.a(zero-zp-bss.c.obj):(.init.200)
     30b      30b        0     1                 __do_zero_zp_bss
     30e      30e        3     1         D:\F256\llvm-mos\f256dev\llvm-mos\bin/../mos-platform/common/lib\crt0.o:(.call_main)
     311      311        3     1         D:\F256\llvm-mos\f256dev\llvm-mos\bin/../mos-platform/f256/lib\libcrt0.a(exit-custom.S.obj):(.after_main)
     311      311        0     1                 __after_main
     314      314        0     1         _fini = .
     314      314        1     1         D:\F256\llvm-mos\f256dev\llvm-mos\bin/../mos-platform/common/lib\crt0.o:(.fini_rts)
     316      316      139     2         mp3wSA.lto.o:(.text._ZN12_GLOBAL__N_19FreeChunk6insertEPvj)
     316      316      139     1                 (anonymous namespace)::FreeChunk::insert(void*, unsigned int)
     44f      44f       13     1         D:\F256\llvm-mos\f256dev\llvm-mos\bin/../mos-platform/f256/lib\libcrt0.a(zero-bss.c.obj):(.text.__zero_bss)
     44f      44f       13     1                 __zero_bss
     462      462       13     1         D:\F256\llvm-mos\f256dev\llvm-mos\bin/../mos-platform/f256/lib\libcrt0.a(zero-zp-bss.c.obj):(.text.__zero_zp_bss)
     462      462       13     1                 __zero_zp_bss
     475      475      380     1         mp3wSA.lto.o:(.text.f256Init)
     475      475      380     1                 f256Init
     7f5      7f5        6     1         mp3wSA.lto.o:(.text.main)
     7f5      7f5        6     1                 main
     7fb      7fb      7ed     1         mp3wSA.lto.o:(.text.f256main)
     7fb      7fb      7ed     1                 f256main
     fe8      fe8      131     1         mp3wSA.lto.o:(.text.fileRead)
     fe8      fe8      131     1                 fileRead
    1119     1119      1b8     1         mp3wSA.lto.o:(.text.textPrint)
    1119     1119      1b8     1                 textPrint
    12d1     12d1       bb     1         mp3wSA.lto.o:(.text.textPrintUInt)
    12d1     12d1       bb     1                 textPrintUInt
    138c     138c        d     1         mp3wSA.lto.o:(.text.__putchar)
    138c     138c        d     1                 __putchar
    1399     1399        5     1         mp3wSA.lto.o:(.text.exit)
    1399     1399        5     1                 exit
    139e     139e       d1     1         mp3wSA.lto.o:(.text._ZN12_GLOBAL__N_13putEcP6Status)
    139e     139e       d1     1                 (anonymous namespace)::put(char, Status*)
    146f     146f      10d     1         mp3wSA.lto.o:(.text._ZN12_GLOBAL__N_112print_stringEPKcP6Status)
    146f     146f      10d     1                 (anonymous namespace)::print_string(char const*, Status*)
    157c     157c      bb0     1         mp3wSA.lto.o:(.text.printf)
    157c     157c      bb0     1                 printf
    212c     212c      2b7     1         mp3wSA.lto.o:(.text.malloc)
    212c     212c      2b7     1                 malloc
    23e3     23e3       2c     1         mp3wSA.lto.o:(.text.memcpy)
    23e3     23e3       2c     1                 memcpy
    240f     240f       20     1         mp3wSA.lto.o:(.text.__memset)
    240f     240f       20     1                 __memset
    242f     242f        5     1         mp3wSA.lto.o:(.text.strlen)
    242f     242f        5     1                 strlen
    2434     2434      147     1         mp3wSA.lto.o:(.text.__umodsi3)
    2434     2434      147     1                 __umodsi3
    257b     257b        0     1         __init_array_start = .
    257b     257b        0     1         __init_array_end = .
    257b     257b        0     1         __fini_array_start = .
    257b     257b        0     1         __fini_array_end = .
    257b     257b      908     1 .rodata
    257b     257b        1     1         D:\F256\llvm-mos\f256dev\llvm-mos\bin/../mos-platform/common/lib\libcrt.a(const.S.obj):(.rodata)
    257b     257b        0     1                 __set_v
    257c     257c       3a     1         mp3wSA.lto.o:(.rodata.printf)
    25b6     25b6       30     1         mp3wSA.lto.o:(.rodata.textColors)
    25b6     25b6       30     1                 textColors
    25e6     25e6      131     1         <internal>:(.rodata.str1.1)
    2717     2717      76c     1         mp3wSA.lto.o:(.rodata.saplugin)
    2717     2717      76c     1                 saplugin
    2e83     2e83        0     1 .data
    2e83     2e83        0     1         __data_start = .
    2e83     2e83        0     1         __data_end = .
    2e83     2e83        0     1 __data_load_start = LOADADDR(.data)
    2e83     2e83        0     1 __data_size = SIZEOF(.data)
    2e83     2e83        5     1 .bss
    2e83     2e83        0     1         __bss_start = .
    2e83     2e83        1     1         mp3wSA.lto.o:(.bss._ZN12_GLOBAL__N_111initializedE)
    2e83     2e83        1     1                 (anonymous namespace)::initialized
    2e84     2e84        2     1         mp3wSA.lto.o:(.bss._ZN12_GLOBAL__N_19free_sizeE)
    2e84     2e84        2     1                 (anonymous namespace)::free_size
    2e86     2e86        2     1         mp3wSA.lto.o:(.bss._ZN12_GLOBAL__N_19free_listE)
    2e86     2e86        2     1                 (anonymous namespace)::free_list
    2e88     2e88        0     1         __bss_end = .
    2e88     2e88        0     1 __bss_size = SIZEOF(.bss)
    2e88     2e88     2000     1 .noinit
    2e88     2e88     2000     1         mp3wSA.lto.o:(.noinit..Lstatic_stack)
    4e88     4e88        0     1         __heap_start = ALIGN(., 2)
    4e88     4e88        0     1 end_block8 = .
    4e88     4e88        0     1 end_block9 = .
    4e88     4e88        0     1 end_block10 = .
    4e88     4e88        0     1 end_block11 = .
    4e88     4e88        0     1 end_block12 = .
    4e88     4e88        0     1 end_block13 = .
    4e88     4e88        0     1 end_block14 = .
    4e88     4e88        0     1 end_block15 = .
    4e88     4e88        0     1 end_block16 = .
    4e88     4e88        0     1 end_block17 = .
    4e88     4e88        0     1 end_block18 = .
    4e88     4e88        0     1 end_block19 = .
    4e88     4e88        0     1 end_block20 = .
    4e88     4e88        0     1 end_block21 = .
    4e88     4e88        0     1 end_block22 = .
    4e88     4e88        0     1 end_block23 = .
       0        0      138     1 .comment
       0        0      138     1         <internal>:(.comment)
       0        0      800     4 .symtab
       0        0      800     4         <internal>:(.symtab)
       0        0       5a     1 .shstrtab
       0        0       5a     1         <internal>:(.shstrtab)
       0        0      5da     1 .strtab
       0        0      5da     1         <internal>:(.strtab)
