     VMA      LMA     Size Align Out     In      Symbol
       0        0        0     1 PROVIDE(__stack = 0xC000)
       0        0        0     1 PROVIDE(__f256_start = 0x300)
       0        0        0     1 PROVIDE(__BLOCK_SIZE = 0x2000)
       0        0        0     1 PROVIDE(__SLOT_ADDR = 0xC000)
       0        0        0     1 __rc0 = 0x10
       0        0        0     1 __rc1 = __rc0 + 1
       0        0        0     1 PROVIDE(__rc2 = __rc1 + 1)
       0        0        0     1 __rc3 = __rc2 + 1
       0        0        0     1 PROVIDE(__rc4 = __rc3 + 1)
       0        0        0     1 __rc5 = __rc4 + 1
       0        0        0     1 PROVIDE(__rc6 = __rc5 + 1)
       0        0        0     1 __rc7 = __rc6 + 1
       0        0        0     1 PROVIDE(__rc8 = __rc7 + 1)
       0        0        0     1 __rc9 = __rc8 + 1
       0        0        0     1 PROVIDE(__rc10 = __rc9 + 1)
       0        0        0     1 __rc11 = __rc10 + 1
       0        0        0     1 PROVIDE(__rc12 = __rc11 + 1)
       0        0        0     1 __rc13 = __rc12 + 1
       0        0        0     1 PROVIDE(__rc14 = __rc13 + 1)
       0        0        0     1 __rc15 = __rc14 + 1
       0        0        0     1 PROVIDE(__rc16 = __rc15 + 1)
       0        0        0     1 __rc17 = __rc16 + 1
       0        0        0     1 PROVIDE(__rc18 = __rc17 + 1)
       0        0        0     1 __rc19 = __rc18 + 1
       0        0        0     1 PROVIDE(__rc20 = __rc19 + 1)
       0        0        0     1 __rc21 = __rc20 + 1
       0        0        0     1 PROVIDE(__rc22 = __rc21 + 1)
       0        0        0     1 __rc23 = __rc22 + 1
       0        0        0     1 PROVIDE(__rc24 = __rc23 + 1)
       0        0        0     1 __rc25 = __rc24 + 1
       0        0        0     1 PROVIDE(__rc26 = __rc25 + 1)
       0        0        0     1 __rc27 = __rc26 + 1
       0        0        0     1 PROVIDE(__rc28 = __rc27 + 1)
       0        0        0     1 __rc29 = __rc28 + 1
       0        0        0     1 PROVIDE(__rc30 = __rc29 + 1)
       0        0        0     1 __rc31 = __rc30 + 1
       0        0        0     1 
       0        0        0     1 
       0        0        0     1 __block8_lma = ( 8<<24)|__SLOT_ADDR
       0        0        0     1 __block9_lma = ( 9<<24)|__SLOT_ADDR
       0        0        0     1 __block10_lma = (10<<24)|__SLOT_ADDR
       0        0        0     1 __block11_lma = (11<<24)|__SLOT_ADDR
       0        0        0     1 __block12_lma = (12<<24)|__SLOT_ADDR
       0        0        0     1 __block13_lma = (13<<24)|__SLOT_ADDR
       0        0        0     1 __block14_lma = (14<<24)|__SLOT_ADDR
       0        0        0     1 __block15_lma = (15<<24)|__SLOT_ADDR
       0        0        0     1 __block16_lma = (16<<24)|__SLOT_ADDR
       0        0        0     1 __block17_lma = (17<<24)|__SLOT_ADDR
       0        0        0     1 __block18_lma = (18<<24)|__SLOT_ADDR
       0        0        0     1 __block19_lma = (19<<24)|__SLOT_ADDR
       0        0        0     1 __block20_lma = (20<<24)|__SLOT_ADDR
       0        0        0     1 __block21_lma = (21<<24)|__SLOT_ADDR
       0        0        0     1 __block22_lma = (22<<24)|__SLOT_ADDR
       0        0        0     1 __block23_lma = (23<<24)|__SLOT_ADDR
       0        0        0     1 __mac_lma = 0x20000
       0        0        0     1 __mac_size = 0x20d00
       0        0        0     1 __pally_lma = 0x52000
       0        0        0     1 __pally_size = 0x400
       0        0        0     1 __logoy_lma = 0x52400
       0        0        0     1 __logoy_size = 0x12c00
       0        0        0     1 __patch_lma = 0x66000
       0        0        0     1 __patch_size = 0x2476
       0        0        0     1 __saplug_lma = 0x69000
       0        0        0     1 __saplug_size = 0x7d0
      30      300        2     1 .zp.data
      30      300        0     1         __zp_data_start = .
      30      300        2     1         mp3wSA.lto.o:(.zp.data)
      32      302        0     1 __zp_data_load_start = LOADADDR(.zp.data)
      32      302        0     1 __zp_data_size = SIZEOF(.zp.data)
      32       32        f     1 .zp.bss
      32       32        0     1         __zp_bss_start = .
      32       32        f     1         mp3wSA.lto.o:(.zp.bss)
      32       32        1     1                 _ccolor
      33       33        1     1                 _col
      34       34        1     1                 _row
      35       35        2     1                 __putchar.s
      37       37        2     1                 theMP3file
      39       39        1     1                 kernelError
      3a       3a        7     1                 kernelEventData
      41       41        0     1 __zp_bss_size = SIZEOF(.zp.bss)
      41       41       6c     1 .zp
      41       41       6c     1         mp3wSA.lto.o:(.zp.noinit)
     302      302     634d     2 .text
     302      302        0     1         _init = .
     302      302        0     1         _start = .
     302      302        8     1         D:\F256\llvm-mos\f256dev\llvm-mos\bin/../mos-platform/f256/lib\libcrt0.a(init-stack.S.obj):(.init.100)
     302      302        0     1                 __do_init_stack
     30a      30a        3     1         D:\F256\llvm-mos\f256dev\llvm-mos\bin/../mos-platform/f256/lib\libcrt0.a(zero-bss.c.obj):(.init.200)
     30a      30a        0     1                 __do_zero_bss
     30d      30d        3     1         D:\F256\llvm-mos\f256dev\llvm-mos\bin/../mos-platform/f256/lib\libcrt0.a(zero-zp-bss.c.obj):(.init.200)
     30d      30d        0     1                 __do_zero_zp_bss
     310      310        3     1         D:\F256\llvm-mos\f256dev\llvm-mos\bin/../mos-platform/f256/lib\libcrt0.a(copy-zp-data.c.obj):(.init.200)
     310      310        0     1                 __do_copy_zp_data
     313      313        3     1         D:\F256\llvm-mos\f256dev\llvm-mos\bin/../mos-platform/common/lib\crt0.o:(.call_main)
     316      316        3     1         D:\F256\llvm-mos\f256dev\llvm-mos\bin/../mos-platform/f256/lib\libcrt0.a(exit-custom.S.obj):(.after_main)
     316      316        0     1                 __after_main
     319      319        0     1         _fini = .
     319      319        1     1         D:\F256\llvm-mos\f256dev\llvm-mos\bin/../mos-platform/common/lib\crt0.o:(.fini_rts)
     31a      31a      13d     2         mp3wSA.lto.o:(.text._ZN12_GLOBAL__N_19FreeChunk6insertEPvj)
     31a      31a      13d     1                 (anonymous namespace)::FreeChunk::insert(void*, unsigned int)
     457      457       13     1         D:\F256\llvm-mos\f256dev\llvm-mos\bin/../mos-platform/f256/lib\libcrt0.a(zero-bss.c.obj):(.text.__zero_bss)
     457      457       13     1                 __zero_bss
     46a      46a       13     1         D:\F256\llvm-mos\f256dev\llvm-mos\bin/../mos-platform/f256/lib\libcrt0.a(zero-zp-bss.c.obj):(.text.__zero_zp_bss)
     46a      46a       13     1                 __zero_zp_bss
     47d      47d       17     1         D:\F256\llvm-mos\f256dev\llvm-mos\bin/../mos-platform/f256/lib\libcrt0.a(copy-zp-data.c.obj):(.text.__copy_zp_data)
     47d      47d       17     1                 __copy_zp_data
     494      494     49f1     1         mp3wSA.lto.o:(.text.main)
     494      494     49f1     1                 main
    4e85     4e85      38d     1         mp3wSA.lto.o:(.text.textPrint)
    4e85     4e85      38d     1                 textPrint
    5212     5212       11     1         mp3wSA.lto.o:(.text.textGotoXY)
    5212     5212       11     1                 textGotoXY
    5223     5223        3     1         mp3wSA.lto.o:(.text.textSetColor)
    5223     5223        3     1                 textSetColor
    5226     5226       df     1         mp3wSA.lto.o:(.text.fileReadDir)
    5226     5226       df     1                 fileReadDir
    5305     5305      484     1         mp3wSA.lto.o:(.text.pickFile)
    5305     5305      484     1                 pickFile
    5789     5789        5     1         mp3wSA.lto.o:(.text.exit)
    5789     5789        5     1                 exit
    578e     578e      b34     1         mp3wSA.lto.o:(.text._ZN12_GLOBAL__N_15printEPKcP6Status)
    578e     578e      b34     1                 (anonymous namespace)::print(char const*, Status*)
    62c2     62c2       db     1         mp3wSA.lto.o:(.text._ZN12_GLOBAL__N_13putEcP6Status)
    62c2     62c2       db     1                 (anonymous namespace)::put(char, Status*)
    639d     639d      10c     1         mp3wSA.lto.o:(.text._ZN12_GLOBAL__N_112print_stringEPKcP6Status)
    639d     639d      10c     1                 (anonymous namespace)::print_string(char const*, Status*)
    64a9     64a9       88     1         mp3wSA.lto.o:(.text.printf)
    64a9     64a9       88     1                 printf
    6531     6531       d2     1         mp3wSA.lto.o:(.text.sprintf)
    6531     6531       d2     1                 sprintf
    6603     6603       2c     1         mp3wSA.lto.o:(.text.memcpy)
    6603     6603       2c     1                 memcpy
    662f     662f       20     1         mp3wSA.lto.o:(.text.__memset)
    662f     662f       20     1                 __memset
    664f     664f        0     1         __init_array_start = .
    664f     664f        0     1         __init_array_end = .
    664f     664f        0     1         __fini_array_start = .
    664f     664f        0     1         __fini_array_end = .
    664f     664f     2e8d     1 .rodata
    664f     664f        1     1         D:\F256\llvm-mos\f256dev\llvm-mos\bin/../mos-platform/common/lib\libcrt.a(const.S.obj):(.rodata)
    664f     664f        0     1                 __set_v
    6650     6650       16     1         mp3wSA.lto.o:(.rodata.fileReadDir)
    6666     6666       3a     1         mp3wSA.lto.o:(.rodata._ZN12_GLOBAL__N_15printEPKcP6Status)
    66a0     66a0       30     1         mp3wSA.lto.o:(.rodata.textColors)
    66a0     66a0       30     1                 textColors
    66d0     66d0      1a6     1         <internal>:(.rodata.str1.1)
    6876     6876       20     1         <internal>:(.rodata.cst32)
    6896     6896     2476     1         mp3wSA.lto.o:(.rodata.bigpatch)
    6896     6896     2476     1                 bigpatch
    8d0c     8d0c      7d0     1         mp3wSA.lto.o:(.rodata.saplugin2)
    8d0c     8d0c      7d0     1                 saplugin2
    94dc     94dc        0     1 .data
    94dc     94dc        0     1         __data_start = .
    94dc     94dc        0     1         __data_end = .
    94dc     94dc        0     1 __data_load_start = LOADADDR(.data)
    94dc     94dc        0     1 __data_size = SIZEOF(.data)
    94dc     94dc      e94     1 .bss
    94dc     94dc        0     1         __bss_start = .
    94dc     94dc        4     1         mp3wSA.lto.o:(.bss._BITMAP_BASE.0)
    94dc     94dc        4     1                 _BITMAP_BASE.0
    94e0     94e0        4     1         mp3wSA.lto.o:(.bss._BITMAP_BASE.1)
    94e0     94e0        4     1                 _BITMAP_BASE.1
    94e4     94e4        4     1         mp3wSA.lto.o:(.bss._BITMAP_BASE.2)
    94e4     94e4        4     1                 _BITMAP_BASE.2
    94e8     94e8        8     1         mp3wSA.lto.o:(.bss._dirStream)
    94e8     94e8        8     1                 _dirStream
    94f0     94f0      102     1         mp3wSA.lto.o:(.bss.fileReadDir.fileDirEntS)
    94f0     94f0      102     1                 fileReadDir.fileDirEntS
    95f2     95f2      d38     1         mp3wSA.lto.o:(.bss.fpr)
    95f2     95f2      d38     1                 fpr
    a32a     a32a       40     1         mp3wSA.lto.o:(.bss.finalName)
    a32a     a32a       40     1                 finalName
    a36a     a36a        1     1         mp3wSA.lto.o:(.bss._ZN12_GLOBAL__N_111initializedE)
    a36a     a36a        1     1                 (anonymous namespace)::initialized
    a36b     a36b        1     1         mp3wSA.lto.o:(.bss._ZN12_GLOBAL__N_19last_freeE)
    a36b     a36b        1     1                 (anonymous namespace)::last_free
    a36c     a36c        2     1         mp3wSA.lto.o:(.bss._ZN12_GLOBAL__N_19free_sizeE)
    a36c     a36c        2     1                 (anonymous namespace)::free_size
    a36e     a36e        2     1         mp3wSA.lto.o:(.bss._ZN12_GLOBAL__N_19free_listE)
    a36e     a36e        2     1                 (anonymous namespace)::free_list
    a370     a370        0     1         __bss_end = .
    a370     a370        0     1 __bss_size = SIZEOF(.bss)
    a370     a370        0     1 .noinit
    a370     a370        0     1         __heap_start = ALIGN(., 2)
    a370     a370        0     1 end_block8 = .
    a370     a370        0     1 end_block9 = .
    a370     a370        0     1 end_block10 = .
    a370     a370        0     1 end_block11 = .
    a370     a370        0     1 end_block12 = .
    a370     a370        0     1 end_block13 = .
    a370     a370        0     1 end_block14 = .
    a370     a370        0     1 end_block15 = .
    a370     a370        0     1 end_block16 = .
    a370     a370        0     1 end_block17 = .
    a370     a370        0     1 end_block18 = .
    a370     a370        0     1 end_block19 = .
    a370     a370        0     1 end_block20 = .
    a370     a370        0     1 end_block21 = .
    a370     a370        0     1 end_block22 = .
    a370     a370        0     1 end_block23 = .
   20000    20000    20d00    16 .mac
   20000    20000    20d00    16         mp3wSA.lto.o:(.mac)
   20000    20000        0     1                 mac_start
   40d00    40d00        0     1                 mac_end
   40d00    40d00        0     1 end_mac = .
   52000    52000      400    16 .pally
   52000    52000      400    16         mp3wSA.lto.o:(.pally)
   52000    52000        0     1                 pally_start
   52400    52400        0     1                 pally_end
   52400    52400        0     1 end_pally = .
   52400    52400    12c00    16 .logoy
   52400    52400    12c00    16         mp3wSA.lto.o:(.logoy)
   52400    52400        0     1                 logoy_start
   65000    65000        0     1                 logoy_end
   65000    65000        0     1 end_logoy = .
   66000    66000     2476    16 .patch
   66000    66000     2476    16         mp3wSA.lto.o:(.patch)
   66000    66000        0     1                 patch_start
   68476    68476        0     1                 patch_end
   68476    68476        0     1 end_patch = .
   69000    69000      7d0    16 .saplug
   69000    69000      7d0    16         mp3wSA.lto.o:(.saplug)
   69000    69000        0     1                 saplug_start
   697d0    697d0        0     1                 saplug_end
   697d0    697d0        0     1 end_saplug = .
       0        0      138     1 .comment
       0        0      138     1         <internal>:(.comment)
       0        0      a40     4 .symtab
       0        0      a40     4         <internal>:(.symtab)
       0        0       7c     1 .shstrtab
       0        0       7c     1         <internal>:(.shstrtab)
       0        0      7bd     1 .strtab
       0        0      7bd     1         <internal>:(.strtab)
