     VMA      LMA     Size Align Out     In      Symbol
       0        0        0     1 PROVIDE(__stack = 0xA000)
       0        0        0     1 PROVIDE(__f256_start = 0x300)
       0        0        0     1 PROVIDE(__BLOCK_SIZE = 0x2000)
       0        0        0     1 PROVIDE(__SLOT_ADDR = 0xA000)
       0        0        0     1 __rc0 = 0x10
       0        0        0     1 __rc1 = __rc0 + 1
       0        0        0     1 PROVIDE(__rc2 = __rc1 + 1)
       0        0        0     1 __rc3 = __rc2 + 1
       0        0        0     1 PROVIDE(__rc4 = __rc3 + 1)
       0        0        0     1 __rc5 = __rc4 + 1
       0        0        0     1 PROVIDE(__rc6 = __rc5 + 1)
       0        0        0     1 __rc7 = __rc6 + 1
       0        0        0     1 PROVIDE(__rc8 = __rc7 + 1)
       0        0        0     1 __rc9 = __rc8 + 1
       0        0        0     1 PROVIDE(__rc10 = __rc9 + 1)
       0        0        0     1 __rc11 = __rc10 + 1
       0        0        0     1 PROVIDE(__rc12 = __rc11 + 1)
       0        0        0     1 __rc13 = __rc12 + 1
       0        0        0     1 PROVIDE(__rc14 = __rc13 + 1)
       0        0        0     1 __rc15 = __rc14 + 1
       0        0        0     1 PROVIDE(__rc16 = __rc15 + 1)
       0        0        0     1 __rc17 = __rc16 + 1
       0        0        0     1 PROVIDE(__rc18 = __rc17 + 1)
       0        0        0     1 __rc19 = __rc18 + 1
       0        0        0     1 PROVIDE(__rc20 = __rc19 + 1)
       0        0        0     1 __rc21 = __rc20 + 1
       0        0        0     1 PROVIDE(__rc22 = __rc21 + 1)
       0        0        0     1 __rc23 = __rc22 + 1
       0        0        0     1 PROVIDE(__rc24 = __rc23 + 1)
       0        0        0     1 __rc25 = __rc24 + 1
       0        0        0     1 PROVIDE(__rc26 = __rc25 + 1)
       0        0        0     1 __rc27 = __rc26 + 1
       0        0        0     1 PROVIDE(__rc28 = __rc27 + 1)
       0        0        0     1 __rc29 = __rc28 + 1
       0        0        0     1 PROVIDE(__rc30 = __rc29 + 1)
       0        0        0     1 __rc31 = __rc30 + 1
       0        0        0     1 
       0        0        0     1 
       0        0        0     1 __block8_lma = ( 8<<24)|__SLOT_ADDR
       0        0        0     1 __block9_lma = ( 9<<24)|__SLOT_ADDR
       0        0        0     1 __block10_lma = (10<<24)|__SLOT_ADDR
       0        0        0     1 __block11_lma = (11<<24)|__SLOT_ADDR
       0        0        0     1 __block12_lma = (12<<24)|__SLOT_ADDR
       0        0        0     1 __block13_lma = (13<<24)|__SLOT_ADDR
       0        0        0     1 __block14_lma = (14<<24)|__SLOT_ADDR
       0        0        0     1 __block15_lma = (15<<24)|__SLOT_ADDR
       0        0        0     1 __block16_lma = (16<<24)|__SLOT_ADDR
       0        0        0     1 __block17_lma = (17<<24)|__SLOT_ADDR
       0        0        0     1 __block18_lma = (18<<24)|__SLOT_ADDR
       0        0        0     1 __block19_lma = (19<<24)|__SLOT_ADDR
       0        0        0     1 __block20_lma = (20<<24)|__SLOT_ADDR
       0        0        0     1 __block21_lma = (21<<24)|__SLOT_ADDR
       0        0        0     1 __block22_lma = (22<<24)|__SLOT_ADDR
       0        0        0     1 __block23_lma = (23<<24)|__SLOT_ADDR
       0        0        0     1 __pianopal_lma = 0x10000
       0        0        0     1 __pianopal_size = 0x3fc
       0        0        0     1 __keys_lma = 0x10400
       0        0        0     1 __keys_size = 0x12c00
       0        0        0     1 __lcdimg_lma = 0x40000
       0        0        0     1 __lcdimg_size = 0x20d00
      30      300       1b     1 .zp.data
      30      300        0     1         __zp_data_start = .
      30      300       1b     1         vgmplayer2.lto.o:(.zp.data)
      34      304        1     1                 _ccolor
      35      305       12     1                 selectableChan
      4b      31b        0     1 __zp_data_load_start = LOADADDR(.zp.data)
      4b      31b        0     1 __zp_data_size = SIZEOF(.zp.data)
      4b       4b       30     1 .zp.bss
      4b       4b        0     1         __zp_bss_start = .
      4b       4b       30     1         vgmplayer2.lto.o:(.zp.bss)
      4b       4b        1     1                 chipAct.0
      4c       4c       12     1                 polyOPL3Buffer
      5e       5e        4     1                 needle
      62       62        7     1                 kernelEventData
      69       69        1     1                 kernelError
      6a       6a        1     1                 _col
      6b       6b        1     1                 _row
      6c       6c        2     1                 __putchar.s
      6e       6e        7     1                 gMID
      75       75        1     1                 playChan
      76       76        1     1                 chip_VT_PERC
      77       77        1     1                 chip_OPL3_PAIRS
      78       78        2     1                 theFile
      7a       7a        1     1                 comeRightTrough
      7b       7b        0     1 __zp_bss_size = SIZEOF(.zp.bss)
      7b       7b       75     1 .zp
      7b       7b       75     1         vgmplayer2.lto.o:(.zp.noinit)
     31c      31c     81f0     2 .text
     31c      31c        0     1         _init = .
     31c      31c        0     1         _start = .
     31c      31c        8     1         D:\F256\llvm-mos\f256dev\llvm-mos\bin/../mos-platform/f256/lib\libcrt0.a(init-stack.S.obj):(.init.100)
     31c      31c        0     1                 __do_init_stack
     324      324        3     1         D:\F256\llvm-mos\f256dev\llvm-mos\bin/../mos-platform/f256/lib\libcrt0.a(zero-bss.c.obj):(.init.200)
     324      324        0     1                 __do_zero_bss
     327      327        3     1         D:\F256\llvm-mos\f256dev\llvm-mos\bin/../mos-platform/f256/lib\libcrt0.a(zero-zp-bss.c.obj):(.init.200)
     327      327        0     1                 __do_zero_zp_bss
     32a      32a        3     1         D:\F256\llvm-mos\f256dev\llvm-mos\bin/../mos-platform/f256/lib\libcrt0.a(copy-zp-data.c.obj):(.init.200)
     32a      32a        0     1                 __do_copy_zp_data
     32d      32d        3     1         D:\F256\llvm-mos\f256dev\llvm-mos\bin/../mos-platform/common/lib\crt0.o:(.call_main)
     330      330        3     1         D:\F256\llvm-mos\f256dev\llvm-mos\bin/../mos-platform/f256/lib\libcrt0.a(exit-custom.S.obj):(.after_main)
     330      330        0     1                 __after_main
     333      333        0     1         _fini = .
     333      333        1     1         D:\F256\llvm-mos\f256dev\llvm-mos\bin/../mos-platform/common/lib\crt0.o:(.fini_rts)
     334      334      153     2         vgmplayer2.lto.o:(.text._ZN12_GLOBAL__N_19FreeChunk6insertEPvj)
     334      334      153     1                 (anonymous namespace)::FreeChunk::insert(void*, unsigned int)
     488      488       f0     2         vgmplayer2.lto.o:(.text._ZN12_GLOBAL__N_19FreeChunk6removeEv)
     488      488       f0     1                 (anonymous namespace)::FreeChunk::remove()
     578      578       13     1         D:\F256\llvm-mos\f256dev\llvm-mos\bin/../mos-platform/f256/lib\libcrt0.a(zero-bss.c.obj):(.text.__zero_bss)
     578      578       13     1                 __zero_bss
     58b      58b       13     1         D:\F256\llvm-mos\f256dev\llvm-mos\bin/../mos-platform/f256/lib\libcrt0.a(zero-zp-bss.c.obj):(.text.__zero_zp_bss)
     58b      58b       13     1                 __zero_zp_bss
     59e      59e       17     1         D:\F256\llvm-mos\f256dev\llvm-mos\bin/../mos-platform/f256/lib\libcrt0.a(copy-zp-data.c.obj):(.text.__copy_zp_data)
     59e      59e       17     1                 __copy_zp_data
     5b5      5b5       46     1         vgmplayer2.lto.o:(.text)
     5b5      5b5        0     1                 PEEK24
     5d7      5d7        0     1                 POKE24
     5fb      5fb      508     1         vgmplayer2.lto.o:(.text.readDirectory_far)
     5fb      5fb      508     1                 readDirectory_far
     b03      b03      5b7     1         vgmplayer2.lto.o:(.text.sortFileList_far)
     b03      b03      5b7     1                 sortFileList_far
    10ba     10ba      44d     1         vgmplayer2.lto.o:(.text.displayFileList_far)
    10ba     10ba      44d     1                 displayFileList_far
    1507     1507     1029     1         vgmplayer2.lto.o:(.text.pickFile_far)
    1507     1507     1029     1                 pickFile_far
    2530     2530      116     1         vgmplayer2.lto.o:(.text.reprepFPR_far)
    2530     2530      116     1                 reprepFPR_far
    2646     2646       99     1         vgmplayer2.lto.o:(.text.wipeArea_far)
    2646     2646       99     1                 wipeArea_far
    26df     26df      4a4     1         vgmplayer2.lto.o:(.text.displayImage)
    26df     26df      4a4     1                 displayImage
    2b83     2b83       58     1         vgmplayer2.lto.o:(.text.opl3_initialize)
    2b83     2b83       58     1                 opl3_initialize
    2bdb     2bdb       39     1         vgmplayer2.lto.o:(.text.opl3_quietAll)
    2bdb     2bdb       39     1                 opl3_quietAll
    2c14     2c14      231     1         vgmplayer2.lto.o:(.text.opl3_setInstrumentAllChannels)
    2c14     2c14      231     1                 opl3_setInstrumentAllChannels
    2e45     2e45      137     1         vgmplayer2.lto.o:(.text.opl3_setInstrument)
    2e45     2e45      137     1                 opl3_setInstrument
    2f7c     2f7c      83e     1         vgmplayer2.lto.o:(.text.opl3_set4OPS)
    2f7c     2f7c      83e     1                 opl3_set4OPS
    37ba     37ba      5cc     1         vgmplayer2.lto.o:(.text.opl3_shadow)
    37ba     37ba      5cc     1                 opl3_shadow
    3d86     3d86       5c     1         vgmplayer2.lto.o:(.text.lilpause)
    3d86     3d86       5c     1                 lilpause
    3de2     3de2      1f4     1         vgmplayer2.lto.o:(.text.copyToRAM)
    3de2     3de2      1f4     1                 copyToRAM
    3fd6     3fd6       a8     1         vgmplayer2.lto.o:(.text.textUI)
    3fd6     3fd6       a8     1                 textUI
    407e     407e       6e     1         vgmplayer2.lto.o:(.text.axes_info)
    407e     407e       6e     1                 axes_info
    40ec     40ec       2b     1         vgmplayer2.lto.o:(.text.wipe_inst)
    40ec     40ec       2b     1                 wipe_inst
    4117     4117       f4     1         vgmplayer2.lto.o:(.text.show_all_inst)
    4117     4117       f4     1                 show_all_inst
    420b     420b      3cd     1         vgmplayer2.lto.o:(.text.show_inst)
    420b     420b      3cd     1                 show_inst
    45d8     45d8       21     1         vgmplayer2.lto.o:(.text.FAR_PEEK)
    45d8     45d8       21     1                 FAR_PEEK
    45f9     45f9       2a     1         vgmplayer2.lto.o:(.text.FAR_PEEKW)
    45f9     45f9       2a     1                 FAR_PEEKW
    4623     4623       23     1         vgmplayer2.lto.o:(.text.FAR_POKE)
    4623     4623       23     1                 FAR_POKE
    4646     4646       1c     1         vgmplayer2.lto.o:(.text.FAR_POKEW)
    4646     4646       1c     1                 FAR_POKEW
    4662     4662     21e6     1         vgmplayer2.lto.o:(.text.main)
    4662     4662     21e6     1                 main
    6848     6848      1b0     1         vgmplayer2.lto.o:(.text.fileClose)
    6848     6848      1b0     1                 fileClose
    69f8     69f8      119     1         vgmplayer2.lto.o:(.text.fetchNextPLEntry)
    69f8     69f8      119     1                 fetchNextPLEntry
    6b11     6b11      134     1         vgmplayer2.lto.o:(.text.fileOpen)
    6b11     6b11      134     1                 fileOpen
    6c45     6c45      17b     1         vgmplayer2.lto.o:(.text.fileRead)
    6c45     6c45      17b     1                 fileRead
    6dc0     6dc0       11     1         vgmplayer2.lto.o:(.text.textGotoXY)
    6dc0     6dc0       11     1                 textGotoXY
    6dd1     6dd1      1ce     1         vgmplayer2.lto.o:(.text.textPrint)
    6dd1     6dd1      1ce     1                 textPrint
    6f9f     6f9f       4b     1         vgmplayer2.lto.o:(.text.fileCloseDir)
    6f9f     6f9f       4b     1                 fileCloseDir
    6fea     6fea      120     1         vgmplayer2.lto.o:(.text.fileOpenDir)
    6fea     6fea      120     1                 fileOpenDir
    710a     710a       f3     1         vgmplayer2.lto.o:(.text.fileReadDir)
    710a     710a       f3     1                 fileReadDir
    71fd     71fd        5     1         vgmplayer2.lto.o:(.text.exit)
    71fd     71fd        5     1                 exit
    7202     7202      b76     1         vgmplayer2.lto.o:(.text._ZN12_GLOBAL__N_15printEPKcP6Status)
    7202     7202      b76     1                 (anonymous namespace)::print(char const*, Status*)
    7d78     7d78       df     1         vgmplayer2.lto.o:(.text._ZN12_GLOBAL__N_13putEcP6Status)
    7d78     7d78       df     1                 (anonymous namespace)::put(char, Status*)
    7e57     7e57      10f     1         vgmplayer2.lto.o:(.text._ZN12_GLOBAL__N_112print_stringEPKcP6Status)
    7e57     7e57      10f     1                 (anonymous namespace)::print_string(char const*, Status*)
    7f66     7f66       90     1         vgmplayer2.lto.o:(.text.printf)
    7f66     7f66       90     1                 printf
    7ff6     7ff6       e2     1         vgmplayer2.lto.o:(.text.sprintf)
    7ff6     7ff6       e2     1                 sprintf
    80d8     80d8      1e8     1         vgmplayer2.lto.o:(.text.malloc)
    80d8     80d8      1e8     1                 malloc
    82c0     82c0       2c     1         vgmplayer2.lto.o:(.text.memcpy)
    82c0     82c0       2c     1                 memcpy
    82ec     82ec       20     1         vgmplayer2.lto.o:(.text.__memset)
    82ec     82ec       20     1                 __memset
    830c     830c       b9     1         vgmplayer2.lto.o:(.text.__udivhi3)
    830c     830c       b9     1                 __udivhi3
    83c5     83c5       d7     1         vgmplayer2.lto.o:(.text.__udivmodhi4)
    83c5     83c5       d7     1                 __udivmodhi4
    849c     849c       70     1         vgmplayer2.lto.o:(.text.__mulsi3)
    849c     849c       70     1                 __mulsi3
    850c     850c        0     1         __init_array_start = .
    850c     850c        0     1         __init_array_end = .
    850c     850c        0     1         __fini_array_start = .
    850c     850c        0     1         __fini_array_end = .
    850c     850c      75a     1 .rodata
    850c     850c       50     1         vgmplayer2.lto.o:(.rodata.pickFile_far)
    855c     855c      1ec     1         vgmplayer2.lto.o:(.rodata.opl3_shadow)
    8748     8748      1a4     1         vgmplayer2.lto.o:(.rodata.main)
    88ec     88ec       16     1         vgmplayer2.lto.o:(.rodata.fileReadDir)
    8902     8902       3a     1         vgmplayer2.lto.o:(.rodata._ZN12_GLOBAL__N_15printEPKcP6Status)
    893c     893c      28a     1         <internal>:(.rodata.str1.1)
    8bc6     8bc6       58     1         vgmplayer2.lto.o:(.rodata.noteColors)
    8bc6     8bc6       58     1                 noteColors
    8c1e     8c1e       18     1         vgmplayer2.lto.o:(.rodata.opl3_fnums)
    8c1e     8c1e       18     1                 opl3_fnums
    8c36     8c36       30     1         vgmplayer2.lto.o:(.rodata.textColors)
    8c36     8c36       30     1                 textColors
    8c66     8c66        0     1 .data
    8c66     8c66        0     1         __data_start = .
    8c66     8c66        0     1         __data_end = .
    8c66     8c66        0     1 __data_load_start = LOADADDR(.data)
    8c66     8c66        0     1 __data_size = SIZEOF(.data)
    8c66     8c66      2b1     1 .bss
    8c66     8c66        0     1         __bss_start = .
    8c66     8c66        4     1         vgmplayer2.lto.o:(.bss.tooBigWait)
    8c66     8c66        4     1                 tooBigWait
    8c6a     8c6a        1     1         vgmplayer2.lto.o:(.bss.oneLoop)
    8c6a     8c6a        1     1                 oneLoop
    8c6b     8c6b        4     1         vgmplayer2.lto.o:(.bss.gd3Location)
    8c6b     8c6b        4     1                 gd3Location
    8c6f     8c6f        4     1         vgmplayer2.lto.o:(.bss.totalWait)
    8c6f     8c6f        4     1                 totalWait
    8c73     8c73        4     1         vgmplayer2.lto.o:(.bss.loopBackTo)
    8c73     8c73        4     1                 loopBackTo
    8c77     8c77        4     1         vgmplayer2.lto.o:(.bss.samplesSoFar)
    8c77     8c77        4     1                 samplesSoFar
    8c7b     8c7b        1     1         vgmplayer2.lto.o:(.bss.chip_enable)
    8c7b     8c7b        1     1                 chip_enable
    8c7c     8c7c        1     1         vgmplayer2.lto.o:(.bss.chip_NOTESEL)
    8c7c     8c7c        1     1                 chip_NOTESEL
    8c7d     8c7d        4     1         vgmplayer2.lto.o:(.bss._BITMAP_BASE.0)
    8c7d     8c7d        4     1                 _BITMAP_BASE.0
    8c81     8c81        8     1         vgmplayer2.lto.o:(.bss._dirStream)
    8c81     8c81        8     1                 _dirStream
    8c89     8c89      102     1         vgmplayer2.lto.o:(.bss.fileReadDir.fileDirEntS)
    8c89     8c89      102     1                 fileReadDir.fileDirEntS
    8d8b     8d8b      10e     1         vgmplayer2.lto.o:(.bss.opl3_instrument_defs)
    8d8b     8d8b      10e     1                 opl3_instrument_defs
    8e99     8e99       78     1         vgmplayer2.lto.o:(.bss.name)
    8e99     8e99       78     1                 name
    8f11     8f11        1     1         vgmplayer2.lto.o:(.bss._ZN12_GLOBAL__N_111initializedE)
    8f11     8f11        1     1                 (anonymous namespace)::initialized
    8f12     8f12        1     1         vgmplayer2.lto.o:(.bss._ZN12_GLOBAL__N_19last_freeE)
    8f12     8f12        1     1                 (anonymous namespace)::last_free
    8f13     8f13        2     1         vgmplayer2.lto.o:(.bss._ZN12_GLOBAL__N_19free_sizeE)
    8f13     8f13        2     1                 (anonymous namespace)::free_size
    8f15     8f15        2     1         vgmplayer2.lto.o:(.bss._ZN12_GLOBAL__N_19free_listE)
    8f15     8f15        2     1                 (anonymous namespace)::free_list
    8f17     8f17        0     1         __bss_end = .
    8f17     8f17        0     1 __bss_size = SIZEOF(.bss)
    8f17     8f17        0     1 .noinit
    8f17     8f17        0     1         __heap_start = ALIGN(., 2)
    8f17     8f17        0     1 end_block8 = .
    8f17     8f17        0     1 end_block9 = .
    8f17     8f17        0     1 end_block10 = .
    8f17     8f17        0     1 end_block11 = .
    8f17     8f17        0     1 end_block12 = .
    8f17     8f17        0     1 end_block13 = .
    8f17     8f17        0     1 end_block14 = .
    8f17     8f17        0     1 end_block15 = .
    8f17     8f17        0     1 end_block16 = .
    8f17     8f17        0     1 end_block17 = .
    8f17     8f17        0     1 end_block18 = .
    8f17     8f17        0     1 end_block19 = .
    8f17     8f17        0     1 end_block20 = .
    8f17     8f17        0     1 end_block21 = .
    8f17     8f17        0     1 end_block22 = .
    8f17     8f17        0     1 end_block23 = .
   10000    10000      3fc    16 .pianopal
   10000    10000      3fc    16         vgmplayer2.lto.o:(.pianopal)
   10000    10000        0     1                 pianopal_start
   103fc    103fc        0     1                 pianopal_end
   103fc    103fc        0     1 end_pianopal = .
   10400    10400    12c00    16 .keys
   10400    10400    12c00    16         vgmplayer2.lto.o:(.keys)
   10400    10400        0     1                 keys_start
   23000    23000        0     1                 keys_end
   23000    23000        0     1 end_keys = .
   40000    40000    20d00    16 .lcdimg
   40000    40000    20d00    16         vgmplayer2.lto.o:(.lcdimg)
   40000    40000        0     1                 lcdimg_start
   60d00    60d00        0     1                 lcdimg_end
   60d00    60d00        0     1 end_lcdimg = .
       0        0      138     1 .comment
       0        0      138     1         <internal>:(.comment)
       0        0      cb0     4 .symtab
       0        0      cb0     4         <internal>:(.symtab)
       0        0       72     1 .shstrtab
       0        0       72     1         <internal>:(.shstrtab)
       0        0      9d3     1 .strtab
       0        0      9d3     1         <internal>:(.strtab)
