     VMA      LMA     Size Align Out     In      Symbol
       0        0        0     1 PROVIDE(__stack = 0xA000)
       0        0        0     1 PROVIDE(__f256_start = 0x300)
       0        0        0     1 PROVIDE(__BLOCK_SIZE = 0x2000)
       0        0        0     1 PROVIDE(__SLOT_ADDR = 0xA000)
       0        0        0     1 __rc0 = 0x10
       0        0        0     1 __rc1 = __rc0 + 1
       0        0        0     1 PROVIDE(__rc2 = __rc1 + 1)
       0        0        0     1 __rc3 = __rc2 + 1
       0        0        0     1 PROVIDE(__rc4 = __rc3 + 1)
       0        0        0     1 __rc5 = __rc4 + 1
       0        0        0     1 PROVIDE(__rc6 = __rc5 + 1)
       0        0        0     1 __rc7 = __rc6 + 1
       0        0        0     1 PROVIDE(__rc8 = __rc7 + 1)
       0        0        0     1 __rc9 = __rc8 + 1
       0        0        0     1 PROVIDE(__rc10 = __rc9 + 1)
       0        0        0     1 __rc11 = __rc10 + 1
       0        0        0     1 PROVIDE(__rc12 = __rc11 + 1)
       0        0        0     1 __rc13 = __rc12 + 1
       0        0        0     1 PROVIDE(__rc14 = __rc13 + 1)
       0        0        0     1 __rc15 = __rc14 + 1
       0        0        0     1 PROVIDE(__rc16 = __rc15 + 1)
       0        0        0     1 __rc17 = __rc16 + 1
       0        0        0     1 PROVIDE(__rc18 = __rc17 + 1)
       0        0        0     1 __rc19 = __rc18 + 1
       0        0        0     1 PROVIDE(__rc20 = __rc19 + 1)
       0        0        0     1 __rc21 = __rc20 + 1
       0        0        0     1 PROVIDE(__rc22 = __rc21 + 1)
       0        0        0     1 __rc23 = __rc22 + 1
       0        0        0     1 PROVIDE(__rc24 = __rc23 + 1)
       0        0        0     1 __rc25 = __rc24 + 1
       0        0        0     1 PROVIDE(__rc26 = __rc25 + 1)
       0        0        0     1 __rc27 = __rc26 + 1
       0        0        0     1 PROVIDE(__rc28 = __rc27 + 1)
       0        0        0     1 __rc29 = __rc28 + 1
       0        0        0     1 PROVIDE(__rc30 = __rc29 + 1)
       0        0        0     1 __rc31 = __rc30 + 1
       0        0        0     1 
       0        0        0     1 
       0        0        0     1 __block8_lma = ( 8<<24)|__SLOT_ADDR
       0        0        0     1 __block9_lma = ( 9<<24)|__SLOT_ADDR
       0        0        0     1 __block10_lma = (10<<24)|__SLOT_ADDR
       0        0        0     1 __block11_lma = (11<<24)|__SLOT_ADDR
       0        0        0     1 __block12_lma = (12<<24)|__SLOT_ADDR
       0        0        0     1 __block13_lma = (13<<24)|__SLOT_ADDR
       0        0        0     1 __block14_lma = (14<<24)|__SLOT_ADDR
       0        0        0     1 __block15_lma = (15<<24)|__SLOT_ADDR
       0        0        0     1 __block16_lma = (16<<24)|__SLOT_ADDR
       0        0        0     1 __block17_lma = (17<<24)|__SLOT_ADDR
       0        0        0     1 __block18_lma = (18<<24)|__SLOT_ADDR
       0        0        0     1 __block19_lma = (19<<24)|__SLOT_ADDR
       0        0        0     1 __block20_lma = (20<<24)|__SLOT_ADDR
       0        0        0     1 __block21_lma = (21<<24)|__SLOT_ADDR
       0        0        0     1 __block22_lma = (22<<24)|__SLOT_ADDR
       0        0        0     1 __block23_lma = (23<<24)|__SLOT_ADDR
       0        0        0     1 __pianopal_lma = 0x10000
       0        0        0     1 __pianopal_size = 0x3fc
       0        0        0     1 __keys_lma = 0x10400
       0        0        0     1 __keys_size = 0x12c00
       0        0        0     1 __lcdimg_lma = 0x40000
       0        0        0     1 __lcdimg_size = 0x20d00
      30      300       13     1 .zp.data
      30      300        0     1         __zp_data_start = .
      30      300       13     1         vgmplayer2.lto.o:(.zp.data)
      30      300        1     1                 _ccolor
      31      301       12     1                 selectableChan
      43      313        0     1 __zp_data_load_start = LOADADDR(.zp.data)
      43      313        0     1 __zp_data_size = SIZEOF(.zp.data)
      43       43       3b     1 .zp.bss
      43       43        0     1         __zp_bss_start = .
      43       43       3b     1         vgmplayer2.lto.o:(.zp.bss)
      43       43        1     1                 chipAct.0
      44       44       12     1                 polyOPL3Buffer
      56       56        4     1                 tooBigWait
      5a       5a        1     1                 oneLoop
      5b       5b        4     1                 gd3Location
      5f       5f        4     1                 needle
      63       63        1     1                 chip_enable
      64       64        1     1                 chip_NOTESEL
      65       65        7     1                 kernelEventData
      6c       6c        1     1                 kernelError
      6d       6d        1     1                 _col
      6e       6e        1     1                 _row
      6f       6f        2     1                 __putchar.s
      71       71        7     1                 gMID
      78       78        1     1                 playChan
      79       79        1     1                 chip_VT_PERC
      7a       7a        1     1                 chip_OPL3_PAIRS
      7b       7b        2     1                 theFile
      7d       7d        1     1                 comeRightTrough
      7e       7e        0     1 __zp_bss_size = SIZEOF(.zp.bss)
      7e       7e       72     1 .zp
      7e       7e       72     1         vgmplayer2.lto.o:(.zp.noinit)
     314      314     c1de     2 .text
     314      314        0     1         _init = .
     314      314        0     1         _start = .
     314      314        8     1         D:\F256\llvm-mos\f256dev\llvm-mos\bin/../mos-platform/f256/lib\libcrt0.a(init-stack.S.obj):(.init.100)
     314      314        0     1                 __do_init_stack
     31c      31c        3     1         D:\F256\llvm-mos\f256dev\llvm-mos\bin/../mos-platform/f256/lib\libcrt0.a(zero-bss.c.obj):(.init.200)
     31c      31c        0     1                 __do_zero_bss
     31f      31f        3     1         D:\F256\llvm-mos\f256dev\llvm-mos\bin/../mos-platform/f256/lib\libcrt0.a(zero-zp-bss.c.obj):(.init.200)
     31f      31f        0     1                 __do_zero_zp_bss
     322      322        3     1         D:\F256\llvm-mos\f256dev\llvm-mos\bin/../mos-platform/f256/lib\libcrt0.a(copy-zp-data.c.obj):(.init.200)
     322      322        0     1                 __do_copy_zp_data
     325      325        3     1         D:\F256\llvm-mos\f256dev\llvm-mos\bin/../mos-platform/common/lib\crt0.o:(.call_main)
     328      328        3     1         D:\F256\llvm-mos\f256dev\llvm-mos\bin/../mos-platform/f256/lib\libcrt0.a(exit-custom.S.obj):(.after_main)
     328      328        0     1                 __after_main
     32b      32b        0     1         _fini = .
     32b      32b        1     1         D:\F256\llvm-mos\f256dev\llvm-mos\bin/../mos-platform/common/lib\crt0.o:(.fini_rts)
     32c      32c      153     2         vgmplayer2.lto.o:(.text._ZN12_GLOBAL__N_19FreeChunk6insertEPvj)
     32c      32c      153     1                 (anonymous namespace)::FreeChunk::insert(void*, unsigned int)
     480      480       f0     2         vgmplayer2.lto.o:(.text._ZN12_GLOBAL__N_19FreeChunk6removeEv)
     480      480       f0     1                 (anonymous namespace)::FreeChunk::remove()
     570      570       13     1         D:\F256\llvm-mos\f256dev\llvm-mos\bin/../mos-platform/f256/lib\libcrt0.a(zero-bss.c.obj):(.text.__zero_bss)
     570      570       13     1                 __zero_bss
     583      583       13     1         D:\F256\llvm-mos\f256dev\llvm-mos\bin/../mos-platform/f256/lib\libcrt0.a(zero-zp-bss.c.obj):(.text.__zero_zp_bss)
     583      583       13     1                 __zero_zp_bss
     596      596       17     1         D:\F256\llvm-mos\f256dev\llvm-mos\bin/../mos-platform/f256/lib\libcrt0.a(copy-zp-data.c.obj):(.text.__copy_zp_data)
     596      596       17     1                 __copy_zp_data
     5ad      5ad       46     1         vgmplayer2.lto.o:(.text)
     5ad      5ad        0     1                 PEEK24
     5cf      5cf        0     1                 POKE24
     5f3      5f3      605     1         vgmplayer2.lto.o:(.text.readDirectory_far)
     5f3      5f3      605     1                 readDirectory_far
     bf8      bf8      5e4     1         vgmplayer2.lto.o:(.text.sortFileList_far)
     bf8      bf8      5e4     1                 sortFileList_far
    11dc     11dc      44f     1         vgmplayer2.lto.o:(.text.displayFileList_far)
    11dc     11dc      44f     1                 displayFileList_far
    162b     162b     1029     1         vgmplayer2.lto.o:(.text.pickFile_far)
    162b     162b     1029     1                 pickFile_far
    2654     2654      3ef     1         vgmplayer2.lto.o:(.text.wipeArea_far)
    2654     2654      3ef     1                 wipeArea_far
    2a43     2a43      144     1         vgmplayer2.lto.o:(.text.endsWithExt)
    2a43     2a43      144     1                 endsWithExt
    2b87     2b87      4a4     1         vgmplayer2.lto.o:(.text.displayImage)
    2b87     2b87      4a4     1                 displayImage
    302b     302b      1bf     1         vgmplayer2.lto.o:(.text.opl3_initialize)
    302b     302b      1bf     1                 opl3_initialize
    31ea     31ea      897     1         vgmplayer2.lto.o:(.text.opl3_setInstrumentAllChannels)
    31ea     31ea      897     1                 opl3_setInstrumentAllChannels
    3a81     3a81      83e     1         vgmplayer2.lto.o:(.text.opl3_set4OPS)
    3a81     3a81      83e     1                 opl3_set4OPS
    42bf     42bf      5c9     1         vgmplayer2.lto.o:(.text.opl3_shadow)
    42bf     42bf      5c9     1                 opl3_shadow
    4888     4888      494     1         vgmplayer2.lto.o:(.text.load_VGM_file)
    4888     4888      494     1                 load_VGM_file
    4d1c     4d1c      1f4     1         vgmplayer2.lto.o:(.text.copyToRAM)
    4d1c     4d1c      1f4     1                 copyToRAM
    4f10     4f10       a8     1         vgmplayer2.lto.o:(.text.textUI)
    4f10     4f10       a8     1                 textUI
    4fb8     4fb8      3db     1         vgmplayer2.lto.o:(.text.axes_info)
    4fb8     4fb8      3db     1                 axes_info
    5393     5393      31b     1         vgmplayer2.lto.o:(.text.wipe_inst)
    5393     5393      31b     1                 wipe_inst
    56ae     56ae      13d     1         vgmplayer2.lto.o:(.text.show_all_inst)
    56ae     56ae      13d     1                 show_all_inst
    57eb     57eb      3cd     1         vgmplayer2.lto.o:(.text.show_inst)
    57eb     57eb      3cd     1                 show_inst
    5bb8     5bb8       21     1         vgmplayer2.lto.o:(.text.FAR_PEEK)
    5bb8     5bb8       21     1                 FAR_PEEK
    5bd9     5bd9       2a     1         vgmplayer2.lto.o:(.text.FAR_PEEKW)
    5bd9     5bd9       2a     1                 FAR_PEEKW
    5c03     5c03       23     1         vgmplayer2.lto.o:(.text.FAR_POKE)
    5c03     5c03       23     1                 FAR_POKE
    5c26     5c26       1c     1         vgmplayer2.lto.o:(.text.FAR_POKEW)
    5c26     5c26       1c     1                 FAR_POKEW
    5c42     5c42      4c9     1         vgmplayer2.lto.o:(.text.main)
    5c42     5c42      4c9     1                 main
    610b     610b     4cca     1         vgmplayer2.lto.o:(.text.f256main)
    610b     610b     4cca     1                 f256main
    add5     add5       11     1         vgmplayer2.lto.o:(.text.textGotoXY)
    add5     add5       11     1                 textGotoXY
    ade6     ade6      379     1         vgmplayer2.lto.o:(.text.textPrint)
    ade6     ade6      379     1                 textPrint
    b15f     b15f      179     1         vgmplayer2.lto.o:(.text.fileRead)
    b15f     b15f      179     1                 fileRead
    b2d8     b2d8       f3     1         vgmplayer2.lto.o:(.text.fileReadDir)
    b2d8     b2d8       f3     1                 fileReadDir
    b3cb     b3cb        5     1         vgmplayer2.lto.o:(.text.exit)
    b3cb     b3cb        5     1                 exit
    b3d0     b3d0      b76     1         vgmplayer2.lto.o:(.text._ZN12_GLOBAL__N_15printEPKcP6Status)
    b3d0     b3d0      b76     1                 (anonymous namespace)::print(char const*, Status*)
    bf46     bf46       df     1         vgmplayer2.lto.o:(.text._ZN12_GLOBAL__N_13putEcP6Status)
    bf46     bf46       df     1                 (anonymous namespace)::put(char, Status*)
    c025     c025      10f     1         vgmplayer2.lto.o:(.text._ZN12_GLOBAL__N_112print_stringEPKcP6Status)
    c025     c025      10f     1                 (anonymous namespace)::print_string(char const*, Status*)
    c134     c134       90     1         vgmplayer2.lto.o:(.text.printf)
    c134     c134       90     1                 printf
    c1c4     c1c4       e2     1         vgmplayer2.lto.o:(.text.sprintf)
    c1c4     c1c4       e2     1                 sprintf
    c2a6     c2a6       2c     1         vgmplayer2.lto.o:(.text.memcpy)
    c2a6     c2a6       2c     1                 memcpy
    c2d2     c2d2       20     1         vgmplayer2.lto.o:(.text.__memset)
    c2d2     c2d2       20     1                 __memset
    c2f2     c2f2       b9     1         vgmplayer2.lto.o:(.text.__udivhi3)
    c2f2     c2f2       b9     1                 __udivhi3
    c3ab     c3ab       d7     1         vgmplayer2.lto.o:(.text.__udivmodhi4)
    c3ab     c3ab       d7     1                 __udivmodhi4
    c482     c482       70     1         vgmplayer2.lto.o:(.text.__mulsi3)
    c482     c482       70     1                 __mulsi3
    c4f2     c4f2        0     1         __init_array_start = .
    c4f2     c4f2        0     1         __init_array_end = .
    c4f2     c4f2        0     1         __fini_array_start = .
    c4f2     c4f2        0     1         __fini_array_end = .
    c4f2     c4f2      772     1 .rodata
    c4f2     c4f2       50     1         vgmplayer2.lto.o:(.rodata.pickFile_far)
    c542     c542      1ec     1         vgmplayer2.lto.o:(.rodata.opl3_shadow)
    c72e     c72e      1c6     1         vgmplayer2.lto.o:(.rodata.f256main)
    c8f4     c8f4       16     1         vgmplayer2.lto.o:(.rodata.fileReadDir)
    c90a     c90a       3a     1         vgmplayer2.lto.o:(.rodata._ZN12_GLOBAL__N_15printEPKcP6Status)
    c944     c944      280     1         <internal>:(.rodata.str1.1)
    cbc4     cbc4       58     1         vgmplayer2.lto.o:(.rodata.noteColors)
    cbc4     cbc4       58     1                 noteColors
    cc1c     cc1c       18     1         vgmplayer2.lto.o:(.rodata.opl3_fnums)
    cc1c     cc1c       18     1                 opl3_fnums
    cc34     cc34       30     1         vgmplayer2.lto.o:(.rodata.textColors)
    cc34     cc34       30     1                 textColors
    cc64     cc64        0     1 .data
    cc64     cc64        0     1         __data_start = .
    cc64     cc64        0     1         __data_end = .
    cc64     cc64        0     1 __data_load_start = LOADADDR(.data)
    cc64     cc64        0     1 __data_size = SIZEOF(.data)
    cc64     cc64      2ae     1 .bss
    cc64     cc64        0     1         __bss_start = .
    cc64     cc64        4     1         vgmplayer2.lto.o:(.bss.totalWait)
    cc64     cc64        4     1                 totalWait
    cc68     cc68        4     1         vgmplayer2.lto.o:(.bss.loopBackTo)
    cc68     cc68        4     1                 loopBackTo
    cc6c     cc6c        4     1         vgmplayer2.lto.o:(.bss.samplesSoFar)
    cc6c     cc6c        4     1                 samplesSoFar
    cc70     cc70        4     1         vgmplayer2.lto.o:(.bss._BITMAP_BASE.0)
    cc70     cc70        4     1                 _BITMAP_BASE.0
    cc74     cc74        4     1         vgmplayer2.lto.o:(.bss._BITMAP_BASE.1)
    cc74     cc74        4     1                 _BITMAP_BASE.1
    cc78     cc78        4     1         vgmplayer2.lto.o:(.bss._BITMAP_BASE.2)
    cc78     cc78        4     1                 _BITMAP_BASE.2
    cc7c     cc7c        8     1         vgmplayer2.lto.o:(.bss._dirStream)
    cc7c     cc7c        8     1                 _dirStream
    cc84     cc84      102     1         vgmplayer2.lto.o:(.bss.fileReadDir.fileDirEntS)
    cc84     cc84      102     1                 fileReadDir.fileDirEntS
    cd86     cd86      10e     1         vgmplayer2.lto.o:(.bss.opl3_instrument_defs)
    cd86     cd86      10e     1                 opl3_instrument_defs
    ce94     ce94       78     1         vgmplayer2.lto.o:(.bss.name)
    ce94     ce94       78     1                 name
    cf0c     cf0c        1     1         vgmplayer2.lto.o:(.bss._ZN12_GLOBAL__N_111initializedE)
    cf0c     cf0c        1     1                 (anonymous namespace)::initialized
    cf0d     cf0d        1     1         vgmplayer2.lto.o:(.bss._ZN12_GLOBAL__N_19last_freeE)
    cf0d     cf0d        1     1                 (anonymous namespace)::last_free
    cf0e     cf0e        2     1         vgmplayer2.lto.o:(.bss._ZN12_GLOBAL__N_19free_sizeE)
    cf0e     cf0e        2     1                 (anonymous namespace)::free_size
    cf10     cf10        2     1         vgmplayer2.lto.o:(.bss._ZN12_GLOBAL__N_19free_listE)
    cf10     cf10        2     1                 (anonymous namespace)::free_list
    cf12     cf12        0     1         __bss_end = .
    cf12     cf12        0     1 __bss_size = SIZEOF(.bss)
    cf12     cf12        0     1 .noinit
    cf12     cf12        0     1         __heap_start = ALIGN(., 2)
    cf12     cf12        0     1 end_block8 = .
    cf12     cf12        0     1 end_block9 = .
    cf12     cf12        0     1 end_block10 = .
    cf12     cf12        0     1 end_block11 = .
    cf12     cf12        0     1 end_block12 = .
    cf12     cf12        0     1 end_block13 = .
    cf12     cf12        0     1 end_block14 = .
    cf12     cf12        0     1 end_block15 = .
    cf12     cf12        0     1 end_block16 = .
    cf12     cf12        0     1 end_block17 = .
    cf12     cf12        0     1 end_block18 = .
    cf12     cf12        0     1 end_block19 = .
    cf12     cf12        0     1 end_block20 = .
    cf12     cf12        0     1 end_block21 = .
    cf12     cf12        0     1 end_block22 = .
    cf12     cf12        0     1 end_block23 = .
   10000    10000      3fc    16 .pianopal
   10000    10000      3fc    16         vgmplayer2.lto.o:(.pianopal)
   10000    10000        0     1                 pianopal_start
   103fc    103fc        0     1                 pianopal_end
   103fc    103fc        0     1 end_pianopal = .
   10400    10400    12c00    16 .keys
   10400    10400    12c00    16         vgmplayer2.lto.o:(.keys)
   10400    10400        0     1                 keys_start
   23000    23000        0     1                 keys_end
   23000    23000        0     1 end_keys = .
   40000    40000    20d00    16 .lcdimg
   40000    40000    20d00    16         vgmplayer2.lto.o:(.lcdimg)
   40000    40000        0     1                 lcdimg_start
   60d00    60d00        0     1                 lcdimg_end
   60d00    60d00        0     1 end_lcdimg = .
       0        0      138     1 .comment
       0        0      138     1         <internal>:(.comment)
       0        0      c60     4 .symtab
       0        0      c60     4         <internal>:(.symtab)
       0        0       72     1 .shstrtab
       0        0       72     1         <internal>:(.shstrtab)
       0        0      998     1 .strtab
       0        0      998     1         <internal>:(.strtab)
