     VMA      LMA     Size Align Out     In      Symbol
       0        0        0     1 PROVIDE(__stack = 0xA000)
       0        0        0     1 PROVIDE(__f256_start = 0x300)
       0        0        0     1 PROVIDE(__BLOCK_SIZE = 0x2000)
       0        0        0     1 PROVIDE(__SLOT_ADDR = 0xA000)
       0        0        0     1 __rc0 = 0x10
       0        0        0     1 __rc1 = __rc0 + 1
       0        0        0     1 PROVIDE(__rc2 = __rc1 + 1)
       0        0        0     1 __rc3 = __rc2 + 1
       0        0        0     1 PROVIDE(__rc4 = __rc3 + 1)
       0        0        0     1 __rc5 = __rc4 + 1
       0        0        0     1 PROVIDE(__rc6 = __rc5 + 1)
       0        0        0     1 __rc7 = __rc6 + 1
       0        0        0     1 PROVIDE(__rc8 = __rc7 + 1)
       0        0        0     1 __rc9 = __rc8 + 1
       0        0        0     1 PROVIDE(__rc10 = __rc9 + 1)
       0        0        0     1 __rc11 = __rc10 + 1
       0        0        0     1 PROVIDE(__rc12 = __rc11 + 1)
       0        0        0     1 __rc13 = __rc12 + 1
       0        0        0     1 PROVIDE(__rc14 = __rc13 + 1)
       0        0        0     1 __rc15 = __rc14 + 1
       0        0        0     1 PROVIDE(__rc16 = __rc15 + 1)
       0        0        0     1 __rc17 = __rc16 + 1
       0        0        0     1 PROVIDE(__rc18 = __rc17 + 1)
       0        0        0     1 __rc19 = __rc18 + 1
       0        0        0     1 PROVIDE(__rc20 = __rc19 + 1)
       0        0        0     1 __rc21 = __rc20 + 1
       0        0        0     1 PROVIDE(__rc22 = __rc21 + 1)
       0        0        0     1 __rc23 = __rc22 + 1
       0        0        0     1 PROVIDE(__rc24 = __rc23 + 1)
       0        0        0     1 __rc25 = __rc24 + 1
       0        0        0     1 PROVIDE(__rc26 = __rc25 + 1)
       0        0        0     1 __rc27 = __rc26 + 1
       0        0        0     1 PROVIDE(__rc28 = __rc27 + 1)
       0        0        0     1 __rc29 = __rc28 + 1
       0        0        0     1 PROVIDE(__rc30 = __rc29 + 1)
       0        0        0     1 __rc31 = __rc30 + 1
       0        0        0     1 
       0        0        0     1 
       0        0        0     1 __block8_lma = ( 8<<24)|__SLOT_ADDR
       0        0        0     1 __block9_lma = ( 9<<24)|__SLOT_ADDR
       0        0        0     1 __block10_lma = (10<<24)|__SLOT_ADDR
       0        0        0     1 __block11_lma = (11<<24)|__SLOT_ADDR
       0        0        0     1 __block12_lma = (12<<24)|__SLOT_ADDR
       0        0        0     1 __block13_lma = (13<<24)|__SLOT_ADDR
       0        0        0     1 __block14_lma = (14<<24)|__SLOT_ADDR
       0        0        0     1 __block15_lma = (15<<24)|__SLOT_ADDR
       0        0        0     1 __block16_lma = (16<<24)|__SLOT_ADDR
       0        0        0     1 __block17_lma = (17<<24)|__SLOT_ADDR
       0        0        0     1 __block18_lma = (18<<24)|__SLOT_ADDR
       0        0        0     1 __block19_lma = (19<<24)|__SLOT_ADDR
       0        0        0     1 __block20_lma = (20<<24)|__SLOT_ADDR
       0        0        0     1 __block21_lma = (21<<24)|__SLOT_ADDR
       0        0        0     1 __block22_lma = (22<<24)|__SLOT_ADDR
       0        0        0     1 __block23_lma = (23<<24)|__SLOT_ADDR
       0        0        0     1 __pianopal_lma = 0x10000
       0        0        0     1 __pianopal_size = 0x3fc
       0        0        0     1 __keys_lma = 0x10400
       0        0        0     1 __keys_size = 0x12c00
       0        0        0     1 __lcdimg_lma = 0x40000
       0        0        0     1 __lcdimg_size = 0x20d00
      30      300       13     1 .zp.data
      30      300        0     1         __zp_data_start = .
      30      300       13     1         vgmplayer2.lto.o:(.zp.data)
      30      300        1     1                 _ccolor
      31      301       12     1                 selectableChan
      43      313        0     1 __zp_data_load_start = LOADADDR(.zp.data)
      43      313        0     1 __zp_data_size = SIZEOF(.zp.data)
      43       43       38     1 .zp.bss
      43       43        0     1         __zp_bss_start = .
      43       43       38     1         vgmplayer2.lto.o:(.zp.bss)
      43       43        1     1                 chipAct.0
      44       44       12     1                 polyOPL3Buffer
      56       56        4     1                 tooBigWait
      5a       5a        4     1                 gd3Location
      5e       5e        4     1                 needle
      62       62        7     1                 kernelEventData
      69       69        1     1                 kernelError
      6a       6a        1     1                 _col
      6b       6b        1     1                 _row
      6c       6c        2     1                 __putchar.s
      6e       6e        7     1                 gMID
      75       75        1     1                 playChan
      76       76        1     1                 chip_VT_PERC
      77       77        1     1                 chip_OPL3_PAIRS
      78       78        2     1                 theFile
      7a       7a        1     1                 comeRightTrough
      7b       7b        0     1 __zp_bss_size = SIZEOF(.zp.bss)
      7b       7b       75     1 .zp
      7b       7b       75     1         vgmplayer2.lto.o:(.zp.noinit)
     314      314     97a9     2 .text
     314      314        0     1         _init = .
     314      314        0     1         _start = .
     314      314        8     1         D:\F256\llvm-mos\f256dev\llvm-mos\bin/../mos-platform/f256/lib\libcrt0.a(init-stack.S.obj):(.init.100)
     314      314        0     1                 __do_init_stack
     31c      31c        3     1         D:\F256\llvm-mos\f256dev\llvm-mos\bin/../mos-platform/f256/lib\libcrt0.a(zero-bss.c.obj):(.init.200)
     31c      31c        0     1                 __do_zero_bss
     31f      31f        3     1         D:\F256\llvm-mos\f256dev\llvm-mos\bin/../mos-platform/f256/lib\libcrt0.a(zero-zp-bss.c.obj):(.init.200)
     31f      31f        0     1                 __do_zero_zp_bss
     322      322        3     1         D:\F256\llvm-mos\f256dev\llvm-mos\bin/../mos-platform/f256/lib\libcrt0.a(copy-zp-data.c.obj):(.init.200)
     322      322        0     1                 __do_copy_zp_data
     325      325        3     1         D:\F256\llvm-mos\f256dev\llvm-mos\bin/../mos-platform/common/lib\crt0.o:(.call_main)
     328      328        3     1         D:\F256\llvm-mos\f256dev\llvm-mos\bin/../mos-platform/f256/lib\libcrt0.a(exit-custom.S.obj):(.after_main)
     328      328        0     1                 __after_main
     32b      32b        0     1         _fini = .
     32b      32b        1     1         D:\F256\llvm-mos\f256dev\llvm-mos\bin/../mos-platform/common/lib\crt0.o:(.fini_rts)
     32c      32c      153     2         vgmplayer2.lto.o:(.text._ZN12_GLOBAL__N_19FreeChunk6insertEPvj)
     32c      32c      153     1                 (anonymous namespace)::FreeChunk::insert(void*, unsigned int)
     480      480       f0     2         vgmplayer2.lto.o:(.text._ZN12_GLOBAL__N_19FreeChunk6removeEv)
     480      480       f0     1                 (anonymous namespace)::FreeChunk::remove()
     570      570       13     1         D:\F256\llvm-mos\f256dev\llvm-mos\bin/../mos-platform/f256/lib\libcrt0.a(zero-bss.c.obj):(.text.__zero_bss)
     570      570       13     1                 __zero_bss
     583      583       13     1         D:\F256\llvm-mos\f256dev\llvm-mos\bin/../mos-platform/f256/lib\libcrt0.a(zero-zp-bss.c.obj):(.text.__zero_zp_bss)
     583      583       13     1                 __zero_zp_bss
     596      596       17     1         D:\F256\llvm-mos\f256dev\llvm-mos\bin/../mos-platform/f256/lib\libcrt0.a(copy-zp-data.c.obj):(.text.__copy_zp_data)
     596      596       17     1                 __copy_zp_data
     5ad      5ad       46     1         vgmplayer2.lto.o:(.text)
     5ad      5ad        0     1                 PEEK24
     5cf      5cf        0     1                 POKE24
     5f3      5f3      5da     1         vgmplayer2.lto.o:(.text.readDirectory_far)
     5f3      5f3      5da     1                 readDirectory_far
     bcd      bcd      5b7     1         vgmplayer2.lto.o:(.text.sortFileList_far)
     bcd      bcd      5b7     1                 sortFileList_far
    1184     1184      4dc     1         vgmplayer2.lto.o:(.text.displayFileList_far)
    1184     1184      4dc     1                 displayFileList_far
    1660     1660     1029     1         vgmplayer2.lto.o:(.text.pickFile_far)
    1660     1660     1029     1                 pickFile_far
    2689     2689      122     1         vgmplayer2.lto.o:(.text.reprepFPR_far)
    2689     2689      122     1                 reprepFPR_far
    27ab     27ab      13a     1         vgmplayer2.lto.o:(.text.endsWithExt)
    27ab     27ab      13a     1                 endsWithExt
    28e5     28e5      4a4     1         vgmplayer2.lto.o:(.text.displayImage)
    28e5     28e5      4a4     1                 displayImage
    2d89     2d89      1bf     1         vgmplayer2.lto.o:(.text.opl3_initialize)
    2d89     2d89      1bf     1                 opl3_initialize
    2f48     2f48      423     1         vgmplayer2.lto.o:(.text.opl3_setInstrumentAllChannels)
    2f48     2f48      423     1                 opl3_setInstrumentAllChannels
    336b     336b      83e     1         vgmplayer2.lto.o:(.text.opl3_set4OPS)
    336b     336b      83e     1                 opl3_set4OPS
    3ba9     3ba9      5cc     1         vgmplayer2.lto.o:(.text.opl3_shadow)
    3ba9     3ba9      5cc     1                 opl3_shadow
    4175     4175      1f4     1         vgmplayer2.lto.o:(.text.copyToRAM)
    4175     4175      1f4     1                 copyToRAM
    4369     4369       a8     1         vgmplayer2.lto.o:(.text.textUI)
    4369     4369       a8     1                 textUI
    4411     4411      3db     1         vgmplayer2.lto.o:(.text.axes_info)
    4411     4411      3db     1                 axes_info
    47ec     47ec      31b     1         vgmplayer2.lto.o:(.text.wipe_inst)
    47ec     47ec      31b     1                 wipe_inst
    4b07     4b07      13f     1         vgmplayer2.lto.o:(.text.show_all_inst)
    4b07     4b07      13f     1                 show_all_inst
    4c46     4c46      3cd     1         vgmplayer2.lto.o:(.text.show_inst)
    4c46     4c46      3cd     1                 show_inst
    5013     5013       21     1         vgmplayer2.lto.o:(.text.FAR_PEEK)
    5013     5013       21     1                 FAR_PEEK
    5034     5034       2a     1         vgmplayer2.lto.o:(.text.FAR_PEEKW)
    5034     5034       2a     1                 FAR_PEEKW
    505e     505e       23     1         vgmplayer2.lto.o:(.text.FAR_POKE)
    505e     505e       23     1                 FAR_POKE
    5081     5081       1c     1         vgmplayer2.lto.o:(.text.FAR_POKEW)
    5081     5081       1c     1                 FAR_POKEW
    509d     509d      48d     1         vgmplayer2.lto.o:(.text.main)
    509d     509d      48d     1                 main
    552a     552a     2b4d     1         vgmplayer2.lto.o:(.text.f256main)
    552a     552a     2b4d     1                 f256main
    8077     8077      179     1         vgmplayer2.lto.o:(.text.fileRead)
    8077     8077      179     1                 fileRead
    81f0     81f0      134     1         vgmplayer2.lto.o:(.text.fileOpen)
    81f0     81f0      134     1                 fileOpen
    8324     8324       11     1         vgmplayer2.lto.o:(.text.textGotoXY)
    8324     8324       11     1                 textGotoXY
    8335     8335      1f9     1         vgmplayer2.lto.o:(.text.textPrint)
    8335     8335      1f9     1                 textPrint
    852e     852e       f3     1         vgmplayer2.lto.o:(.text.fileReadDir)
    852e     852e       f3     1                 fileReadDir
    8621     8621        5     1         vgmplayer2.lto.o:(.text.exit)
    8621     8621        5     1                 exit
    8626     8626      b76     1         vgmplayer2.lto.o:(.text._ZN12_GLOBAL__N_15printEPKcP6Status)
    8626     8626      b76     1                 (anonymous namespace)::print(char const*, Status*)
    919c     919c       df     1         vgmplayer2.lto.o:(.text._ZN12_GLOBAL__N_13putEcP6Status)
    919c     919c       df     1                 (anonymous namespace)::put(char, Status*)
    927b     927b      10f     1         vgmplayer2.lto.o:(.text._ZN12_GLOBAL__N_112print_stringEPKcP6Status)
    927b     927b      10f     1                 (anonymous namespace)::print_string(char const*, Status*)
    938a     938a       90     1         vgmplayer2.lto.o:(.text.printf)
    938a     938a       90     1                 printf
    941a     941a       e2     1         vgmplayer2.lto.o:(.text.sprintf)
    941a     941a       e2     1                 sprintf
    94fc     94fc      1e8     1         vgmplayer2.lto.o:(.text.malloc)
    94fc     94fc      1e8     1                 malloc
    96e4     96e4      18d     1         vgmplayer2.lto.o:(.text.free)
    96e4     96e4      18d     1                 free
    9871     9871       2c     1         vgmplayer2.lto.o:(.text.memcpy)
    9871     9871       2c     1                 memcpy
    989d     989d       20     1         vgmplayer2.lto.o:(.text.__memset)
    989d     989d       20     1                 __memset
    98bd     98bd       b9     1         vgmplayer2.lto.o:(.text.__udivhi3)
    98bd     98bd       b9     1                 __udivhi3
    9976     9976       d7     1         vgmplayer2.lto.o:(.text.__udivmodhi4)
    9976     9976       d7     1                 __udivmodhi4
    9a4d     9a4d       70     1         vgmplayer2.lto.o:(.text.__mulsi3)
    9a4d     9a4d       70     1                 __mulsi3
    9abd     9abd        0     1         __init_array_start = .
    9abd     9abd        0     1         __init_array_end = .
    9abd     9abd        0     1         __fini_array_start = .
    9abd     9abd        0     1         __fini_array_end = .
    9abd     9abd      772     1 .rodata
    9abd     9abd       50     1         vgmplayer2.lto.o:(.rodata.pickFile_far)
    9b0d     9b0d      1ec     1         vgmplayer2.lto.o:(.rodata.opl3_shadow)
    9cf9     9cf9      1c6     1         vgmplayer2.lto.o:(.rodata.f256main)
    9ebf     9ebf       16     1         vgmplayer2.lto.o:(.rodata.fileReadDir)
    9ed5     9ed5       3a     1         vgmplayer2.lto.o:(.rodata._ZN12_GLOBAL__N_15printEPKcP6Status)
    9f0f     9f0f      280     1         <internal>:(.rodata.str1.1)
    a18f     a18f       58     1         vgmplayer2.lto.o:(.rodata.noteColors)
    a18f     a18f       58     1                 noteColors
    a1e7     a1e7       18     1         vgmplayer2.lto.o:(.rodata.opl3_fnums)
    a1e7     a1e7       18     1                 opl3_fnums
    a1ff     a1ff       30     1         vgmplayer2.lto.o:(.rodata.textColors)
    a1ff     a1ff       30     1                 textColors
    a22f     a22f        0     1 .data
    a22f     a22f        0     1         __data_start = .
    a22f     a22f        0     1         __data_end = .
    a22f     a22f        0     1 __data_load_start = LOADADDR(.data)
    a22f     a22f        0     1 __data_size = SIZEOF(.data)
    a22f     a22f      2a9     1 .bss
    a22f     a22f        0     1         __bss_start = .
    a22f     a22f        1     1         vgmplayer2.lto.o:(.bss.oneLoop)
    a22f     a22f        1     1                 oneLoop
    a230     a230        4     1         vgmplayer2.lto.o:(.bss.totalWait)
    a230     a230        4     1                 totalWait
    a234     a234        4     1         vgmplayer2.lto.o:(.bss.loopBackTo)
    a234     a234        4     1                 loopBackTo
    a238     a238        4     1         vgmplayer2.lto.o:(.bss.samplesSoFar)
    a238     a238        4     1                 samplesSoFar
    a23c     a23c        1     1         vgmplayer2.lto.o:(.bss.chip_enable)
    a23c     a23c        1     1                 chip_enable
    a23d     a23d        1     1         vgmplayer2.lto.o:(.bss.chip_NOTESEL)
    a23d     a23d        1     1                 chip_NOTESEL
    a23e     a23e        4     1         vgmplayer2.lto.o:(.bss._BITMAP_BASE.0)
    a23e     a23e        4     1                 _BITMAP_BASE.0
    a242     a242        8     1         vgmplayer2.lto.o:(.bss._dirStream)
    a242     a242        8     1                 _dirStream
    a24a     a24a      102     1         vgmplayer2.lto.o:(.bss.fileReadDir.fileDirEntS)
    a24a     a24a      102     1                 fileReadDir.fileDirEntS
    a34c     a34c      10e     1         vgmplayer2.lto.o:(.bss.opl3_instrument_defs)
    a34c     a34c      10e     1                 opl3_instrument_defs
    a45a     a45a       78     1         vgmplayer2.lto.o:(.bss.name)
    a45a     a45a       78     1                 name
    a4d2     a4d2        1     1         vgmplayer2.lto.o:(.bss._ZN12_GLOBAL__N_111initializedE)
    a4d2     a4d2        1     1                 (anonymous namespace)::initialized
    a4d3     a4d3        1     1         vgmplayer2.lto.o:(.bss._ZN12_GLOBAL__N_19last_freeE)
    a4d3     a4d3        1     1                 (anonymous namespace)::last_free
    a4d4     a4d4        2     1         vgmplayer2.lto.o:(.bss._ZN12_GLOBAL__N_19free_sizeE)
    a4d4     a4d4        2     1                 (anonymous namespace)::free_size
    a4d6     a4d6        2     1         vgmplayer2.lto.o:(.bss._ZN12_GLOBAL__N_19free_listE)
    a4d6     a4d6        2     1                 (anonymous namespace)::free_list
    a4d8     a4d8        0     1         __bss_end = .
    a4d8     a4d8        0     1 __bss_size = SIZEOF(.bss)
    a4d8     a4d8        0     1 .noinit
    a4d8     a4d8        0     1         __heap_start = ALIGN(., 2)
    a4d8     a4d8        0     1 end_block8 = .
    a4d8     a4d8        0     1 end_block9 = .
    a4d8     a4d8        0     1 end_block10 = .
    a4d8     a4d8        0     1 end_block11 = .
    a4d8     a4d8        0     1 end_block12 = .
    a4d8     a4d8        0     1 end_block13 = .
    a4d8     a4d8        0     1 end_block14 = .
    a4d8     a4d8        0     1 end_block15 = .
    a4d8     a4d8        0     1 end_block16 = .
    a4d8     a4d8        0     1 end_block17 = .
    a4d8     a4d8        0     1 end_block18 = .
    a4d8     a4d8        0     1 end_block19 = .
    a4d8     a4d8        0     1 end_block20 = .
    a4d8     a4d8        0     1 end_block21 = .
    a4d8     a4d8        0     1 end_block22 = .
    a4d8     a4d8        0     1 end_block23 = .
   10000    10000      3fc    16 .pianopal
   10000    10000      3fc    16         vgmplayer2.lto.o:(.pianopal)
   10000    10000        0     1                 pianopal_start
   103fc    103fc        0     1                 pianopal_end
   103fc    103fc        0     1 end_pianopal = .
   10400    10400    12c00    16 .keys
   10400    10400    12c00    16         vgmplayer2.lto.o:(.keys)
   10400    10400        0     1                 keys_start
   23000    23000        0     1                 keys_end
   23000    23000        0     1 end_keys = .
   40000    40000    20d00    16 .lcdimg
   40000    40000    20d00    16         vgmplayer2.lto.o:(.lcdimg)
   40000    40000        0     1                 lcdimg_start
   60d00    60d00        0     1                 lcdimg_end
   60d00    60d00        0     1 end_lcdimg = .
       0        0      138     1 .comment
       0        0      138     1         <internal>:(.comment)
       0        0      c60     4 .symtab
       0        0      c60     4         <internal>:(.symtab)
       0        0       72     1 .shstrtab
       0        0       72     1         <internal>:(.shstrtab)
       0        0      982     1 .strtab
       0        0      982     1         <internal>:(.strtab)
