     VMA      LMA     Size Align Out     In      Symbol
       0        0        0     1 PROVIDE(__stack = 0xA000)
       0        0        0     1 PROVIDE(__f256_start = 0x300)
       0        0        0     1 PROVIDE(__BLOCK_SIZE = 0x2000)
       0        0        0     1 PROVIDE(__SLOT_ADDR = 0xA000)
       0        0        0     1 __rc0 = 0x10
       0        0        0     1 __rc1 = __rc0 + 1
       0        0        0     1 PROVIDE(__rc2 = __rc1 + 1)
       0        0        0     1 __rc3 = __rc2 + 1
       0        0        0     1 PROVIDE(__rc4 = __rc3 + 1)
       0        0        0     1 __rc5 = __rc4 + 1
       0        0        0     1 PROVIDE(__rc6 = __rc5 + 1)
       0        0        0     1 __rc7 = __rc6 + 1
       0        0        0     1 PROVIDE(__rc8 = __rc7 + 1)
       0        0        0     1 __rc9 = __rc8 + 1
       0        0        0     1 PROVIDE(__rc10 = __rc9 + 1)
       0        0        0     1 __rc11 = __rc10 + 1
       0        0        0     1 PROVIDE(__rc12 = __rc11 + 1)
       0        0        0     1 __rc13 = __rc12 + 1
       0        0        0     1 PROVIDE(__rc14 = __rc13 + 1)
       0        0        0     1 __rc15 = __rc14 + 1
       0        0        0     1 PROVIDE(__rc16 = __rc15 + 1)
       0        0        0     1 __rc17 = __rc16 + 1
       0        0        0     1 PROVIDE(__rc18 = __rc17 + 1)
       0        0        0     1 __rc19 = __rc18 + 1
       0        0        0     1 PROVIDE(__rc20 = __rc19 + 1)
       0        0        0     1 __rc21 = __rc20 + 1
       0        0        0     1 PROVIDE(__rc22 = __rc21 + 1)
       0        0        0     1 __rc23 = __rc22 + 1
       0        0        0     1 PROVIDE(__rc24 = __rc23 + 1)
       0        0        0     1 __rc25 = __rc24 + 1
       0        0        0     1 PROVIDE(__rc26 = __rc25 + 1)
       0        0        0     1 __rc27 = __rc26 + 1
       0        0        0     1 PROVIDE(__rc28 = __rc27 + 1)
       0        0        0     1 __rc29 = __rc28 + 1
       0        0        0     1 PROVIDE(__rc30 = __rc29 + 1)
       0        0        0     1 __rc31 = __rc30 + 1
       0        0        0     1 
       0        0        0     1 
       0        0        0     1 __block8_lma = ( 8<<24)|__SLOT_ADDR
       0        0        0     1 __block9_lma = ( 9<<24)|__SLOT_ADDR
       0        0        0     1 __block10_lma = (10<<24)|__SLOT_ADDR
       0        0        0     1 __block11_lma = (11<<24)|__SLOT_ADDR
       0        0        0     1 __block12_lma = (12<<24)|__SLOT_ADDR
       0        0        0     1 __block13_lma = (13<<24)|__SLOT_ADDR
       0        0        0     1 __block14_lma = (14<<24)|__SLOT_ADDR
       0        0        0     1 __block15_lma = (15<<24)|__SLOT_ADDR
       0        0        0     1 __block16_lma = (16<<24)|__SLOT_ADDR
       0        0        0     1 __block17_lma = (17<<24)|__SLOT_ADDR
       0        0        0     1 __block18_lma = (18<<24)|__SLOT_ADDR
       0        0        0     1 __block19_lma = (19<<24)|__SLOT_ADDR
       0        0        0     1 __block20_lma = (20<<24)|__SLOT_ADDR
       0        0        0     1 __block21_lma = (21<<24)|__SLOT_ADDR
       0        0        0     1 __block22_lma = (22<<24)|__SLOT_ADDR
       0        0        0     1 __block23_lma = (23<<24)|__SLOT_ADDR
       0        0        0     1 __camera_lma = 0x10000
       0        0        0     1 __camera_size = 0x16fc
       0        0        0     1 __bong_lma = 0x20000
       0        0        0     1 __bong_size = 0x184c
      30      300       34     1 .zp.data
      30      300        0     1         __zp_data_start = .
      30      300       34     1         sfx.lto.o:(.zp.data)
      30      300       30     1                 textColors
      60      330        4     1                 sfxPtr01
      64      334        0     1 __zp_data_load_start = LOADADDR(.zp.data)
      64      334        0     1 __zp_data_size = SIZEOF(.zp.data)
      64       64       1a     1 .zp.bss
      64       64        0     1         __zp_bss_start = .
      64       64       1a     1         sfx.lto.o:(.zp.bss)
      64       64        7     1                 kernelEventData
      6b       6b        1     1                 _col
      6c       6c        1     1                 _row
      6d       6d        4     1                 _BITMAP_BASE.0
      71       71        4     1                 _BITMAP_BASE.1
      75       75        4     1                 _BITMAP_BASE.2
      79       79        2     1                 __putchar.s
      7b       7b        1     1                 nearingEnd
      7c       7c        1     1                 hasEnded
      7d       7d        1     1                 isPlaying
      7e       7e        0     1 __zp_bss_size = SIZEOF(.zp.bss)
      7e       7e       5d     1 .zp
      7e       7e       5d     1         sfx.lto.o:(.zp.noinit)
     334      334     1c21     1 .text
     334      334        0     1         _init = .
     334      334        0     1         _start = .
     334      334        8     1         D:\F256\llvm-mos\f256dev\llvm-mos\bin/../mos-platform/f256/lib\libcrt0.a(init-stack.S.obj):(.init.100)
     334      334        0     1                 __do_init_stack
     33c      33c        3     1         D:\F256\llvm-mos\f256dev\llvm-mos\bin/../mos-platform/f256/lib\libcrt0.a(zero-bss.c.obj):(.init.200)
     33c      33c        0     1                 __do_zero_bss
     33f      33f        3     1         D:\F256\llvm-mos\f256dev\llvm-mos\bin/../mos-platform/f256/lib\libcrt0.a(zero-zp-bss.c.obj):(.init.200)
     33f      33f        0     1                 __do_zero_zp_bss
     342      342        3     1         D:\F256\llvm-mos\f256dev\llvm-mos\bin/../mos-platform/f256/lib\libcrt0.a(copy-zp-data.c.obj):(.init.200)
     342      342        0     1                 __do_copy_zp_data
     345      345        3     1         D:\F256\llvm-mos\f256dev\llvm-mos\bin/../mos-platform/common/lib\crt0.o:(.call_main)
     348      348        3     1         D:\F256\llvm-mos\f256dev\llvm-mos\bin/../mos-platform/f256/lib\libcrt0.a(exit-custom.S.obj):(.after_main)
     348      348        0     1                 __after_main
     34b      34b        0     1         _fini = .
     34b      34b        1     1         D:\F256\llvm-mos\f256dev\llvm-mos\bin/../mos-platform/common/lib\crt0.o:(.fini_rts)
     34c      34c       13     1         D:\F256\llvm-mos\f256dev\llvm-mos\bin/../mos-platform/f256/lib\libcrt0.a(zero-bss.c.obj):(.text.__zero_bss)
     34c      34c       13     1                 __zero_bss
     35f      35f       13     1         D:\F256\llvm-mos\f256dev\llvm-mos\bin/../mos-platform/f256/lib\libcrt0.a(zero-zp-bss.c.obj):(.text.__zero_zp_bss)
     35f      35f       13     1                 __zero_zp_bss
     372      372       17     1         D:\F256\llvm-mos\f256dev\llvm-mos\bin/../mos-platform/f256/lib\libcrt0.a(copy-zp-data.c.obj):(.text.__copy_zp_data)
     372      372       17     1                 __copy_zp_data
     389      389       17     1         sfx.lto.o:(.text.openAllCODEC)
     389      389       17     1                 openAllCODEC
     3a0      3a0       1e     1         sfx.lto.o:(.text.boostVSClock)
     3a0      3a0       1e     1                 boostVSClock
     3be      3be       1e     1         sfx.lto.o:(.text.lowVol)
     3be      3be       1e     1                 lowVol
     3dc      3dc       1c     1         sfx.lto.o:(.text.highVol)
     3dc      3dc       1c     1                 highVol
     3f8      3f8       21     1         sfx.lto.o:(.text.FAR_PEEK)
     3f8      3f8       21     1                 FAR_PEEK
     419      419      492     1         sfx.lto.o:(.text.main)
     419      419      492     1                 main
     8ab      8ab       f7     1         sfx.lto.o:(.text.f256main)
     8ab      8ab       f7     1                 f256main
     9a2      9a2      448     1         sfx.lto.o:(.text.read2KChunk)
     9a2      9a2      448     1                 read2KChunk
     dea      dea        5     1         sfx.lto.o:(.text.exit)
     dea      dea        5     1                 exit
     def      def       d7     1         sfx.lto.o:(.text._ZN12_GLOBAL__N_13putEcP6Status)
     def      def       d7     1                 (anonymous namespace)::put(char, Status*)
     ec6      ec6      10f     1         sfx.lto.o:(.text._ZN12_GLOBAL__N_112print_stringEPKcP6Status)
     ec6      ec6      10f     1                 (anonymous namespace)::print_string(char const*, Status*)
     fd5      fd5      d31     1         sfx.lto.o:(.text.printf)
     fd5      fd5      d31     1                 printf
    1d06     1d06      203     1         sfx.lto.o:(.text.putchar)
    1d06     1d06      203     1                 putchar
    1f09     1f09       2c     1         sfx.lto.o:(.text.memcpy)
    1f09     1f09       2c     1                 memcpy
    1f35     1f35       20     1         sfx.lto.o:(.text.__memset)
    1f35     1f35       20     1                 __memset
    1f55     1f55        0     1         __init_array_start = .
    1f55     1f55        0     1         __init_array_end = .
    1f55     1f55        0     1         __fini_array_start = .
    1f55     1f55        0     1         __fini_array_end = .
    1f55     1f55       53     1 .rodata
    1f55     1f55       3a     1         sfx.lto.o:(.rodata.printf)
    1f8f     1f8f       19     1         <internal>:(.rodata.str1.1)
    1fa8     1fa8        0     1 .data
    1fa8     1fa8        0     1         __data_start = .
    1fa8     1fa8        0     1         __data_end = .
    1fa8     1fa8        0     1 __data_load_start = LOADADDR(.data)
    1fa8     1fa8        0     1 __data_size = SIZEOF(.data)
    1fa8     1fa8        1     1 .bss
    1fa8     1fa8        0     1         __bss_start = .
    1fa8     1fa8        1     1         sfx.lto.o:(.bss.kernelError)
    1fa8     1fa8        1     1                 kernelError
    1fa9     1fa9        0     1         __bss_end = .
    1fa9     1fa9        0     1 __bss_size = SIZEOF(.bss)
    1fa9     1fa9        0     1 .noinit
    1fa9     1fa9        0     1         __heap_start = ALIGN(., 2)
    1fa9     1fa9        0     1 end_block8 = .
    1fa9     1fa9        0     1 end_block9 = .
    1fa9     1fa9        0     1 end_block10 = .
    1fa9     1fa9        0     1 end_block11 = .
    1fa9     1fa9        0     1 end_block12 = .
    1fa9     1fa9        0     1 end_block13 = .
    1fa9     1fa9        0     1 end_block14 = .
    1fa9     1fa9        0     1 end_block15 = .
    1fa9     1fa9        0     1 end_block16 = .
    1fa9     1fa9        0     1 end_block17 = .
    1fa9     1fa9        0     1 end_block18 = .
    1fa9     1fa9        0     1 end_block19 = .
    1fa9     1fa9        0     1 end_block20 = .
    1fa9     1fa9        0     1 end_block21 = .
    1fa9     1fa9        0     1 end_block22 = .
    1fa9     1fa9        0     1 end_block23 = .
   10000    10000     16fc    16 .camera
   10000    10000     16fc    16         sfx.lto.o:(.camera)
   10000    10000        0     1                 camera_start
   116fc    116fc        0     1                 camera_end
   116fc    116fc        0     1 end_camera = .
   20000    20000     184c    16 .bong
   20000    20000     184c    16         sfx.lto.o:(.bong)
   20000    20000        0     1                 bong_start
   2184c    2184c        0     1                 bong_end
   2184c    2184c        0     1 end_bong = .
       0        0      138     1 .comment
       0        0      138     1         <internal>:(.comment)
       0        0      8c0     4 .symtab
       0        0      8c0     4         <internal>:(.symtab)
       0        0       68     1 .shstrtab
       0        0       68     1         <internal>:(.shstrtab)
       0        0      62d     1 .strtab
       0        0      62d     1         <internal>:(.strtab)
